04-24 11:31:31.134   963 16193 E PxrConfigServiceClient: PROPERTY String8(proptery).string(): =======0
04-24 11:31:31.134   963 16193 I PvrTrackingService: getConfig, name pxr.tobsettings.allowresetcoordinate, value 
04-24 11:31:31.134   963 16193 I PvrTrackingService: getEnableResetTracking, ret 1
04-24 11:31:31.134   963 16193 I PvrTrackingService: startAlgorithm enable reset tracking status 1
04-24 11:31:31.134   963 16193 I PvrTrackingService: open camera
04-24 11:31:31.134   975  1125 E Stationservice: L1:GetServiceStatus, status=1
04-24 11:31:31.134   963 16193 E Stationclient: L1:GetServiceStatus, status=1
04-24 11:31:31.136   975 16192 E Stationservice: L1:force40:bb 01 01 55 01 50 52 30 32 39 36 02 00 01 aa 00 01 3f e7 63 ba bb 00 00 00 00 10 02 01 00 10 02 01 00 03 00 00 0f 00 86 
04-24 11:31:31.136   975 16192 E Stationservice: L1:station support new still
04-24 11:31:31.136   975 16192 E Stationservice: L1:SOTA_dev_insert, dev:2, PR0296, support:1, ready:0, A0B1:-1, type:1
04-24 11:31:31.136   975 16192 E Stationservice: KEYLOG:MCUCallBackDataProcess:get DEVINFO:PR0296
04-24 11:31:31.136   975  1125 E Stationservice: L1:GetCameraResolution, camera res = 1
04-24 11:31:31.136   963 16193 E Stationclient: L1:GetCameraResolution, res=1
04-24 11:31:31.136   975  1125 E Stationservice: L1:in IsExposureAtFirstRow
04-24 11:31:31.136   975  1125 E Stationservice: L1:in IsExposureAtFirstRow,  support
04-24 11:31:31.136   963 16193 E Stationclient: L1:IsExposureAtFirstRow, status=1
04-24 11:31:31.138   975 16192 E Stationservice: L1:force40:bb 01 01 55 01 50 52 30 32 39 36 02 00 01 aa 00 01 3f e7 63 ba bb 00 00 00 00 10 02 01 00 10 02 01 00 00 00 00 10 00 3c 
04-24 11:31:31.138   975 16192 E Stationservice: L1:station support new still
04-24 11:31:31.138   975 16192 E Stationservice: L1:SOTA_dev_insert, dev:2, PR0296, support:1, ready:0, A0B1:-1, type:1
04-24 11:31:31.138   975 16192 E Stationservice: KEYLOG:MCUCallBackDataProcess:get DEVINFO:PR0296
04-24 11:31:31.138   975  1125 E Stationservice: L1:GetCameraSupport4323, camera support 4323 = 1
04-24 11:31:31.138   963 16193 E Stationclient: L1:GetCameraSupport4323, res=1
04-24 11:31:31.138   963 16193 I PvrTrackingService: is4323Supported, GetCameraSupport4323 1, supported 1
04-24 11:31:31.138   957  1133 E gd32ipdservice: L1:79 2b 1a 61 06 2f 
04-24 11:31:31.138   957  1133 E gd32ipdservice: L1:retry_cnt=7 ret=6 callingUid=0
04-24 11:31:31.138   967  1025 I pxrhmdservice : Debug <getParameter> - GetIPDPosition client=[0x7a5f16c750] ipd_position=[6699]
04-24 11:31:31.138   975  1125 E Stationservice: L1:GetServiceStatus, status=1
04-24 11:31:31.138   963 16193 E Stationclient: L1:GetServiceStatus, status=1
04-24 11:31:31.138   975  1125 E Stationservice: L1:in GetServiceFps, mCameraFpsConfig=1, mStationProtocolVersion=1
04-24 11:31:31.138   963 16193 E Stationclient: L1:GetServiceFps, status=1
04-24 11:31:31.138   963 16193 I PvrTrackingService: getTrackingCameraFPS, GetServiceFps fps 1
04-24 11:31:31.138   963 16193 I PvrTrackingService: openCamera, fps 50
04-24 11:31:31.138   963 16193 I PvrTrackingService: openCamera type 6, cameraNewaArch: 1
04-24 11:31:31.138   963 16193 I PvrTrackingService: [openCamera] cam 6, callingPid 963, state 0
04-24 11:31:31.138   963 16193 I PvrTrackingCamera: func: PvrCameraClient, line: 10, camera id: 99, create PvrQuickCamera.
04-24 11:31:31.138   963 16193 I PvrTrackingCamera: func: PvrQuickCamera, line: 15, get quick camera module, camera id: 99
04-24 11:31:31.139   963 16193 I PvrTrackingCamera: func: setPvrImageListener, line: 142, camera id: 99.
04-24 11:31:31.139   963 16193 I PvrTrackingCamera: func: openCamera, line: 45, camera id: 99.
04-24 11:31:31.139  3408 13101 I CamQuick: QuickCameraDeviceHidlWrapper QuickCameraDeviceHidlWrapper 0
04-24 11:31:31.139  3408 13101 I CamQuick: RegisterCamera:  camera ID 0 pid 963 in m_BusyCamerasMap
04-24 11:31:31.139  1340  6072 I BatteryServiceExt: shouldShutdownLocked mIsScreenOn=true no need shutdown
04-24 11:31:31.139   963 16193 I PvrTrackingCamera: func: openCamera, line: 85, open quick camera 0.
04-24 11:31:31.139   963 16193 E libc    : Access denied finding property "persist.vendor.camera.monoImageClientDump"
04-24 11:31:31.139  3408 13101 I CamQuick: QuickCameraDeviceHidlWrapper 0 SetCallback
04-24 11:31:31.139  3408  6202 I CamQuick: QuickCameraDeviceHidlWrapper QuickCameraDeviceHidlWrapper 1
04-24 11:31:31.139  3408  6202 I CamQuick: RegisterCamera:  camera ID 1 pid 963 in m_BusyCamerasMap
04-24 11:31:31.139   963 16193 I PvrTrackingCamera: func: openCamera, line: 85, open quick camera 1.
04-24 11:31:31.139   963 16193 E libc    : Access denied finding property "persist.vendor.camera.monoImageClientDump"
04-24 11:31:31.139  3408  6202 I CamQuick: QuickCameraDeviceHidlWrapper 1 SetCallback
04-24 11:31:31.140  3408 13101 I CamQuick: QuickCameraDeviceHidlWrapper QuickCameraDeviceHidlWrapper 2
04-24 11:31:31.140  3408 13101 I CamQuick: RegisterCamera:  camera ID 2 pid 963 in m_BusyCamerasMap
04-24 11:31:31.140   963 16193 I PvrTrackingCamera: func: openCamera, line: 85, open quick camera 2.
04-24 11:31:31.140  1340  1570 I AUTO_FREEZE: makeQuickJudgment, uid:10117 to freeze for totalState:0 |isFrozen:false |procState:11 |reason:check start perform not hasTimeout broadcast for action = android.intent.action.BATTERY_CHANGED
04-24 11:31:31.140   963 16193 E libc    : Access denied finding property "persist.vendor.camera.monoImageClientDump"
04-24 11:31:31.140  3408 13101 I CamQuick: QuickCameraDeviceHidlWrapper 2 SetCallback
04-24 11:31:31.140  3408  3504 I CamQuick: QuickCameraDeviceHidlWrapper QuickCameraDeviceHidlWrapper 3
04-24 11:31:31.140  3408  3504 I CamQuick: RegisterCamera:  camera ID 3 pid 963 in m_BusyCamerasMap
04-24 11:31:31.140   963 16193 I PvrTrackingCamera: func: openCamera, line: 85, open quick camera 3.
04-24 11:31:31.140   963 16193 E libc    : Access denied finding property "persist.vendor.camera.monoImageClientDump"
04-24 11:31:31.140  1340  1570 I AUTO_FREEZE: makeQuickJudgment, uid:10129 to do nothing for totalState:64 |isFrozen:false |procState:2 |reason:check start perform not hasTimeout broadcast for action = android.intent.action.BATTERY_CHANGED
04-24 11:31:31.140  3408  3504 I CamQuick: QuickCameraDeviceHidlWrapper 3 SetCallback
04-24 11:31:31.140   963 16193 I PvrTrackingService: startPreview 6, state 1, camera new arch: 1, fps: 50.,size 640x481
04-24 11:31:31.140   963 16193 I PvrTrackingCamera: func: startPreview, line: 68, camera id: 99.
04-24 11:31:31.141   963 16193 I PvrTrackingCamera: func: startPreview, line: 74, camera id: 0, start preview begin.
04-24 11:31:31.141  3408  3504 E CamQuick: [ERROR][SENSOR ] DataProvider.cpp:159 GetSensorInfo() camera 0 has 5 resolutionData
04-24 11:31:31.141  3408  3504 E CamQuick: [ERROR][SENSOR ] DataProvider.cpp:164 GetSensorInfo() camera 0 resolutionData[0] has 1 streamConfiguration
04-24 11:31:31.141  3408  3504 E CamQuick: [ERROR][SENSOR ] DataProvider.cpp:175 GetSensorInfo() wxh=[640*481] frameRate:60.000000 bitWidth:8
04-24 11:31:31.141  3408  3504 E CamQuick: [ERROR][SENSOR ] DataProvider.cpp:164 GetSensorInfo() camera 0 resolutionData[1] has 1 streamConfiguration
04-24 11:31:31.142  3408  3504 E CamQuick: [ERROR][SENSOR ] DataProvider.cpp:175 GetSensorInfo() wxh=[640*481] frameRate:60.000000 bitWidth:10
04-24 11:31:31.142  3408  3504 E CamQuick: [ERROR][SENSOR ] DataProvider.cpp:164 GetSensorInfo() camera 0 resolutionData[2] has 1 streamConfiguration
04-24 11:31:31.142  3408  3504 E CamQuick: [ERROR][SENSOR ] DataProvider.cpp:175 GetSensorInfo() wxh=[640*481] frameRate:50.000000 bitWidth:10
04-24 11:31:31.142   971  1178 I PxrMRService: [###:2967]: value1=sdk_lens_lensSeparation:0.066990 value2=1 ext=ext
04-24 11:31:31.142  3408  3504 E CamQuick: [ERROR][SENSOR ] quicksensornode_dummy.cpp:327 GetSubDevice() cameraId=0 Subdevice=0 acquire: 0
04-24 11:31:31.142  3408  3504 E CamQuick: [ERROR][SENSOR ] quicksensornode_dummy.cpp:327 GetSubDevice() cameraId=0 Subdevice=1 acquire: 0
04-24 11:31:31.142  3408  3504 E CamQuick: [ERROR][SENSOR ] quicksensornode_dummy.cpp:327 GetSubDevice() cameraId=0 Subdevice=0 acquire: 0
04-24 11:31:31.142  3408  3504 E CamQuick: [ERROR][SENSOR ] quicksensornode_dummy.cpp:327 GetSubDevice() cameraId=0 Subdevice=1 acquire: 0
04-24 11:31:31.143  3408  3504 E CamQuick: [ERROR][SENSOR ] DataProvider.cpp:330 GetSensorCmdsize() size mismatch : 0 != 8
04-24 11:31:31.143  3408  3504 E CamQuick: [ERROR][SENSOR ] quicksensornode_dummy.cpp:327 GetSubDevice() cameraId=0 Subdevice=0 acquire: 0
04-24 11:31:31.143  3408  3504 E CamQuick: [ERROR][SENSOR ] quicksensornode_dummy.cpp:327 GetSubDevice() cameraId=0 Subdevice=1 acquire: 0
04-24 11:31:31.143  1883 13098 I PxrNotificationService: sendPxrMessage callingPid:1881 action action.configure.change.notify.all ,value1:sdk_lens_lensSeparation:0.066990 ,value2:1 ,ext:ext ,mPvrCallbacks.size():14
04-24 11:31:31.144   965   965 I EyeTrackingService: pxrNotifyCallback: sdk_lens_lensSeparation:0.066990, 1, ext
04-24 11:31:31.155   975  2400 E Stationservice: L1:update_SilentOTA_support_config, getConfigProperty support:1
04-24 11:31:31.155   975  2400 E Stationservice: L1:enter json_parse.
04-24 11:31:31.155   975  2400 E Stationservice: L1:sota csjon left:0, right:0, station:0, tracker1:0, tracker2:0, trackek3:0
04-24 11:31:31.160   965  1150 I EyeTrackingService: pxrNotifyCallback: Success, 2, sdk_lens_lensSeparation:0.066990
04-24 11:31:31.160   971  1178 I PxrMRService: [###:2967]: value1=Success value2=2 ext=sdk_lens_lensSeparation:0.066990
04-24 11:31:31.161  1883 13098 I PxrNotificationService: sendPxrMessage callingPid:1881 action action.configure.change.notify.all ,value1:Success ,value2:2 ,ext:sdk_lens_lensSeparation:0.066990 ,mPvrCallbacks.size():14
04-24 11:31:31.161   967  1025 I PxrNotificationClient: sendPxrNotification,action:com.pxr.ipdstatus.change id:0,value1:changed value2:66990,ext:changed
04-24 11:31:31.162  1883 13098 I PxrNotificationService: sendPxrMessage callingPid:967 action com.pxr.ipdstatus.change ,value1:changed ,value2:66990 ,ext:changed ,mPvrCallbacks.size():14
04-24 11:31:31.162   967  1025 I pxrhmdservice : Call <IPDMoveCallback> - IPD_MOVE_FINISHED ipd_position=[6699] [6699 0.066990 0.066990]
04-24 11:31:31.162   967  1025 E pxrhmdservice : Error <servicecore_status_cb> - g_eyetracking_support=[0].
04-24 11:31:31.185  3408  3504 E CamQuick: [ERROR][SENSOR ] quicksensornode_dummy.cpp:327 GetSubDevice() cameraId=0 Subdevice=1 acquire: 0
04-24 11:31:31.185  3408  3504 E CamQuick: [ERROR][SENSOR ] quicksensornode_dummy.cpp:327 GetSubDevice() cameraId=0 Subdevice=1 acquire: 0
04-24 11:31:31.186   975  2400 E Stationservice: L1:update_SilentOTA_support_config, getConfigProperty support:1
04-24 11:31:31.186   975  2400 E Stationservice: L1:enter json_parse.
04-24 11:31:31.186   975  2400 E Stationservice: L1:sota csjon left:0, right:0, station:0, tracker1:0, tracker2:0, trackek3:0
04-24 11:31:31.188  3408  3504 I CamQuick: QuickCameraDeviceHidlWrapper ConfigAndAllocBuffers
04-24 11:31:31.188   963 16193 I PvrTrackingCamera: buf_size 615680, stride 1280, num_hdls 8
04-24 11:31:31.188   963 16193 I CamComm1.0-QuickClient: VideoQueueUtil:open  m_virtualMonoSub name :/dev/v4l-subdev9 
04-24 11:31:31.188  3408  3504 I CamQuick: QuickCameraDeviceHidlWrapper StreamOn
04-24 11:31:31.191  1878  2792 I PxrCompositor:   xrLensDistortionSeparate 1
04-24 11:31:31.191  1878  2792 I PxrCompositor: hard ipd notify msg.hardipd.ipd = 0.066990
04-24 11:31:31.191  1878  2792 I PxrCompositor: hard ipd notify isChangeIPD 1 ipd 0.066990
04-24 11:31:31.194   965  1150 I EyeTrackingService: pxrNotifyCallback: sdk_left_lens_center_pixelsX:587.851379, 1, ext
04-24 11:31:31.194   971  1178 I PxrMRService: [###:2967]: value1=sdk_left_lens_center_pixelsX:587.851379 value2=1 ext=ext
04-24 11:31:31.195  1883 13098 I PxrNotificationService: sendPxrMessage callingPid:1881 action action.configure.change.notify.all ,value1:sdk_left_lens_center_pixelsX:587.851379 ,value2:1 ,ext:ext ,mPvrCallbacks.size():14
04-24 11:31:31.203   963 16193 I PvrTrackingCamera: func: startPreview, line: 74, camera id: 1, start preview begin.
04-24 11:31:31.203  3408  3504 E CamQuick: [ERROR][SENSOR ] DataProvider.cpp:159 GetSensorInfo() camera 1 has 5 resolutionData
04-24 11:31:31.203  3408  3504 E CamQuick: [ERROR][SENSOR ] DataProvider.cpp:164 GetSensorInfo() camera 1 resolutionData[0] has 1 streamConfiguration
04-24 11:31:31.203  3408  3504 E CamQuick: [ERROR][SENSOR ] DataProvider.cpp:175 GetSensorInfo() wxh=[640*481] frameRate:60.000000 bitWidth:8
04-24 11:31:31.203  3408  3504 E CamQuick: [ERROR][SENSOR ] DataProvider.cpp:164 GetSensorInfo() camera 1 resolutionData[1] has 1 streamConfiguration
04-24 11:31:31.203  3408  3504 E CamQuick: [ERROR][SENSOR ] DataProvider.cpp:175 GetSensorInfo() wxh=[640*481] frameRate:60.000000 bitWidth:10
04-24 11:31:31.203  3408  3504 E CamQuick: [ERROR][SENSOR ] DataProvider.cpp:164 GetSensorInfo() camera 1 resolutionData[2] has 1 streamConfiguration
04-24 11:31:31.203  3408  3504 E CamQuick: [ERROR][SENSOR ] DataProvider.cpp:175 GetSensorInfo() wxh=[640*481] frameRate:50.000000 bitWidth:10
04-24 11:31:31.204  3408  3504 E CamQuick: [ERROR][SENSOR ] quicksensornode_dummy.cpp:327 GetSubDevice() cameraId=1 Subdevice=0 acquire: 0
04-24 11:31:31.204  3408  3504 E CamQuick: [ERROR][SENSOR ] quicksensornode_dummy.cpp:327 GetSubDevice() cameraId=1 Subdevice=1 acquire: 0
04-24 11:31:31.204  3408  3504 E CamQuick: [ERROR][SENSOR ] quicksensornode_dummy.cpp:327 GetSubDevice() cameraId=1 Subdevice=0 acquire: 0
04-24 11:31:31.204  3408  3504 E CamQuick: [ERROR][SENSOR ] quicksensornode_dummy.cpp:327 GetSubDevice() cameraId=1 Subdevice=1 acquire: 0
04-24 11:31:31.205  3408  3504 E CamQuick: [ERROR][SENSOR ] DataProvider.cpp:330 GetSensorCmdsize() size mismatch : 0 != 8
04-24 11:31:31.205  3408  3504 E CamQuick: [ERROR][SENSOR ] quicksensornode_dummy.cpp:327 GetSubDevice() cameraId=1 Subdevice=0 acquire: 0
04-24 11:31:31.205  3408  3504 E CamQuick: [ERROR][SENSOR ] quicksensornode_dummy.cpp:327 GetSubDevice() cameraId=1 Subdevice=1 acquire: 0
04-24 11:31:31.212   967   967 I pxrhmdservice : Call <pxrConfigurationChangeAllCallBack> - sdk lens center key= value=587.851379
04-24 11:31:31.212   971  1178 I PxrMRService: [###:2967]: value1=Success value2=2 ext=sdk_left_lens_center_pixelsX:587.851379
04-24 11:31:31.213  1883 13098 I PxrNotificationService: sendPxrMessage callingPid:1881 action action.configure.change.notify.all ,value1:Success ,value2:2 ,ext:sdk_left_lens_center_pixelsX:587.851379 ,mPvrCallbacks.size():14
04-24 11:31:31.213   965  4871 I EyeTrackingService: pxrNotifyCallback: Success, 2, sdk_left_lens_center_pixelsX:587.851379
04-24 11:31:31.217   965  1150 I EyeTrackingService: pxrNotifyCallback: sdk_left_lens_center_pixelsY:1073.547241, 1, ext
04-24 11:31:31.217   971  1178 I PxrMRService: [###:2967]: value1=sdk_left_lens_center_pixelsY:1073.547241 value2=1 ext=ext
04-24 11:31:31.218  1883 13098 I PxrNotificationService: sendPxrMessage callingPid:1881 action action.configure.change.notify.all ,value1:sdk_left_lens_center_pixelsY:1073.547241 ,value2:1 ,ext:ext ,mPvrCallbacks.size():14
04-24 11:31:31.230  6140 12637 I PxrPlugin: IPD Event  ipd=0.066990
04-24 11:31:31.230  6140 12637 E MRService:: mr render fps = 12
04-24 11:31:31.235   975  2400 E Stationservice: L1:update_SilentOTA_support_config, getConfigProperty support:1
04-24 11:31:31.239  2122  2662 I PxrPlugin: IPD Event  ipd=0.066990
04-24 11:31:31.240   975   975 I PxrConfigServiceClient: PROPERTY String8(property).string():{"CFG_VER":"1.0","CFG_HASH_ALG":"sha256","OUT_DIR":"\/mnt\/vendor\/pvr\/firmwareupdate\/asset_100004009_20260410","BASE_FW_DIR_CONTROLLER":"\/system\/etc\/ctlbin","BASE_FW_DIR_TRACKER":"\/system\/etc\/trackerbin","UPDATED_FW_DIR_CONTROLLER":"\/mnt\/vendor\/pvr\/firmwareupdate\/asset_100004009_20260410\/controller","FW_HASH_SparrowCtrl_sv1.36_PR_tv01_20241012_b136_app.bin":"ebe7333af3d6b25fcccd86afbfe7b3d816e0e5e7f6dc4819f722ba3a6b9f3bd1"} =======443
04-24 11:31:31.243   971  1178 I PxrMRService: [###:2967]: value1=Success value2=2 ext=sdk_left_lens_center_pixelsY:1073.547241
04-24 11:31:31.243   965  4871 I EyeTrackingService: pxrNotifyCallback: Success, 2, sdk_left_lens_center_pixelsY:1073.547241
04-24 11:31:31.243   967   967 I pxrhmdservice : Call <pxrConfigurationChangeAllCallBack> - sdk lens center key= value=1073.547241
04-24 11:31:31.244  1883 13098 I PxrNotificationService: sendPxrMessage callingPid:1881 action action.configure.change.notify.all ,value1:Success ,value2:2 ,ext:sdk_left_lens_center_pixelsY:1073.547241 ,mPvrCallbacks.size():14
04-24 11:31:31.245  6137 12672 W APxrRuntime: PXRSDK_PM ENGINE FPS: 65, 3502677063298
04-24 11:31:31.246  3408  3504 E CamQuick: [ERROR][SENSOR ] quicksensornode_dummy.cpp:327 GetSubDevice() cameraId=1 Subdevice=1 acquire: 0
04-24 11:31:31.246  3408  3504 E CamQuick: [ERROR][SENSOR ] quicksensornode_dummy.cpp:327 GetSubDevice() cameraId=1 Subdevice=1 acquire: 0
04-24 11:31:31.246   965  1150 I EyeTrackingService: pxrNotifyCallback: sdk_right_lens_center_pixelsX:3735.785400, 1, ext
04-24 11:31:31.246  6137 12722 I PxrMetric: FPS=0/72,MTP=35.75ms,AppSW=off,FrmEarly=17,FrmLate=1,FrmCpu=1.59ms,FrmGpu=0.63ms,FrmTime=3.00ms,ATWGPU=0.95ms,VsyncDelay=1,GPU=11%/441Mhz,GPUTemp=41.0C,LayerCnt=1,Pkg=com.Sysmo.BeaVR.beta,FrmId=227
04-24 11:31:31.246   971  1178 I PxrMRService: [###:2967]: value1=sdk_right_lens_center_pixelsX:3735.785400 value2=1 ext=ext
04-24 11:31:31.247  1883 13098 I PxrNotificationService: sendPxrMessage callingPid:1881 action action.configure.change.notify.all ,value1:sdk_right_lens_center_pixelsX:3735.785400 ,value2:1 ,ext:ext ,mPvrCallbacks.size():14
04-24 11:31:31.248  3408  3504 I CamQuick: QuickCameraDeviceHidlWrapper ConfigAndAllocBuffers
04-24 11:31:31.248   963 16193 I PvrTrackingCamera: buf_size 615680, stride 1280, num_hdls 8
04-24 11:31:31.248   963 16193 I CamComm1.0-QuickClient: VideoQueueUtil:open  m_virtualMonoSub name :/dev/v4l-subdev11 
04-24 11:31:31.249  3408  3504 I CamQuick: QuickCameraDeviceHidlWrapper StreamOn
04-24 11:31:31.259   963 16193 I PvrTrackingCamera: func: startPreview, line: 74, camera id: 2, start preview begin.
04-24 11:31:31.259  3408  3504 E CamQuick: [ERROR][SENSOR ] DataProvider.cpp:159 GetSensorInfo() camera 2 has 5 resolutionData
04-24 11:31:31.259   975 16198 E Stationservice: L1:SetServiceReady, mServiceStatus already set
04-24 11:31:31.259  3408  3504 E CamQuick: [ERROR][SENSOR ] DataProvider.cpp:164 GetSensorInfo() camera 2 resolutionData[0] has 1 streamConfiguration
04-24 11:31:31.259  3408  3504 E CamQuick: [ERROR][SENSOR ] DataProvider.cpp:175 GetSensorInfo() wxh=[640*481] frameRate:60.000000 bitWidth:8
04-24 11:31:31.259  3408  3504 E CamQuick: [ERROR][SENSOR ] DataProvider.cpp:164 GetSensorInfo() camera 2 resolutionData[1] has 1 streamConfiguration
04-24 11:31:31.259  3408  3504 E CamQuick: [ERROR][SENSOR ] DataProvider.cpp:175 GetSensorInfo() wxh=[640*481] frameRate:60.000000 bitWidth:10
04-24 11:31:31.259  3408  3504 E CamQuick: [ERROR][SENSOR ] DataProvider.cpp:164 GetSensorInfo() camera 2 resolutionData[2] has 1 streamConfiguration
04-24 11:31:31.259  3408  3504 E CamQuick: [ERROR][SENSOR ] DataProvider.cpp:175 GetSensorInfo() wxh=[640*481] frameRate:50.000000 bitWidth:10
04-24 11:31:31.260   975 16192 E Stationservice: KEYLOG:MCUCallBackDataProcess:get GET_STATION_CRASH_INFO
04-24 11:31:31.260   975 16192 E Stationservice: L1:force40:bb 01 29 00 00 00 00 00 00 00 00 00 00 00 00 00 00 00 00 00 00 00 00 00 00 00 00 00 00 00 00 00 00 00 00 00 00 11 00 6c 
04-24 11:31:31.260   975 16198 E Stationservice: L1:_GetTrackerWhiteList:enter
04-24 11:31:31.260  3408  3504 E CamQuick: [ERROR][SENSOR ] quicksensornode_dummy.cpp:327 GetSubDevice() cameraId=2 Subdevice=0 acquire: 0
04-24 11:31:31.260  3408  3504 E CamQuick: [ERROR][SENSOR ] quicksensornode_dummy.cpp:327 GetSubDevice() cameraId=2 Subdevice=1 acquire: 0
04-24 11:31:31.260  3408  3504 E CamQuick: [ERROR][SENSOR ] quicksensornode_dummy.cpp:327 GetSubDevice() cameraId=2 Subdevice=0 acquire: 0
04-24 11:31:31.260  3408  3504 E CamQuick: [ERROR][SENSOR ] quicksensornode_dummy.cpp:327 GetSubDevice() cameraId=2 Subdevice=1 acquire: 0
04-24 11:31:31.260  3408  3504 E CamQuick: [ERROR][SENSOR ] DataProvider.cpp:330 GetSensorCmdsize() size mismatch : 0 != 8
04-24 11:31:31.261   965  4871 I EyeTrackingService: pxrNotifyCallback: Success, 2, sdk_right_lens_center_pixelsX:3735.785400
04-24 11:31:31.261  3408  3504 E CamQuick: [ERROR][SENSOR ] quicksensornode_dummy.cpp:327 GetSubDevice() cameraId=2 Subdevice=0 acquire: 0
04-24 11:31:31.261  3408  3504 E CamQuick: [ERROR][SENSOR ] quicksensornode_dummy.cpp:327 GetSubDevice() cameraId=2 Subdevice=1 acquire: 0
04-24 11:31:31.261   967  2581 I pxrhmdservice : Call <pxrConfigurationChangeAllCallBack> - sdk lens center key= value=3735.785400
04-24 11:31:31.261   971  1178 I PxrMRService: [###:2967]: value1=Success value2=2 ext=sdk_right_lens_center_pixelsX:3735.785400
04-24 11:31:31.261  1883 13098 I PxrNotificationService: sendPxrMessage callingPid:1881 action action.configure.change.notify.all ,value1:Success ,value2:2 ,ext:sdk_right_lens_center_pixelsX:3735.785400 ,mPvrCallbacks.size():14
04-24 11:31:31.262   975 16192 E Stationservice: KEYLOG:MCUCallBackDataProcess:get GET_TRACKER_WHITE_LIST
04-24 11:31:31.262   975 16192 E Stationservice: L1:force40:bb 01 30 01 01 00 02 00 03 00 00 00 00 00 00 00 00 00 00 00 00 00 00 00 00 00 00 00 00 00 00 00 00 00 00 00 00 12 00 36 
04-24 11:31:31.262   975 16198 E Stationservice: L1:enter json_parse.
04-24 11:31:31.262   975 16198 E Stationservice: L1:The Json::Value object is empty.
04-24 11:31:31.262   975 16198 E Stationservice: L1:The Json::Value object trackerid:1 bond_status:0
04-24 11:31:31.262   975 16198 E Stationservice: L1:enter json_parse.
04-24 11:31:31.262   975 16198 E Stationservice: L1:The Json::Value object is empty.
04-24 11:31:31.262   975 16198 E Stationservice: L1:The Json::Value object trackerid:2 bond_status:0
04-24 11:31:31.262   975 16198 E Stationservice: L1:enter json_parse.
04-24 11:31:31.262   975 16198 E Stationservice: L1:The Json::Value object is empty.
04-24 11:31:31.262   975 16198 E Stationservice: L1:The Json::Value object trackerid:3 bond_status:0
04-24 11:31:31.264   965  1150 I EyeTrackingService: pxrNotifyCallback: sdk_right_lens_center_pixelsY:1080.659546, 1, ext
04-24 11:31:31.264   971  1178 I PxrMRService: [###:2967]: value1=sdk_right_lens_center_pixelsY:1080.659546 value2=1 ext=ext
04-24 11:31:31.264  1883 13098 I PxrNotificationService: sendPxrMessage callingPid:1881 action action.configure.change.notify.all ,value1:sdk_right_lens_center_pixelsY:1080.659546 ,value2:1 ,ext:ext ,mPvrCallbacks.size():14
04-24 11:31:31.273  6137 12672 E APxrRuntime: PassthroughFB-submit_passthrough_layer_effect passthrough layer count is illegal!
04-24 11:31:31.277   965  4871 I EyeTrackingService: pxrNotifyCallback: Success, 2, sdk_right_lens_center_pixelsY:1080.659546
04-24 11:31:31.277   967  2581 I pxrhmdservice : Call <pxrConfigurationChangeAllCallBack> - sdk lens center key= value=1080.659546
04-24 11:31:31.277   971  1178 I PxrMRService: [###:2967]: value1=Success value2=2 ext=sdk_right_lens_center_pixelsY:1080.659546
04-24 11:31:31.278  1883 13098 I PxrNotificationService: sendPxrMessage callingPid:1881 action action.configure.change.notify.all ,value1:Success ,value2:2 ,ext:sdk_right_lens_center_pixelsY:1080.659546 ,mPvrCallbacks.size():14
04-24 11:31:31.301  3408  3504 E CamQuick: [ERROR][SENSOR ] quicksensornode_dummy.cpp:327 GetSubDevice() cameraId=2 Subdevice=1 acquire: 0
04-24 11:31:31.301  3408  3504 E CamQuick: [ERROR][SENSOR ] quicksensornode_dummy.cpp:327 GetSubDevice() cameraId=2 Subdevice=1 acquire: 0
04-24 11:31:31.304  3408  3504 I CamQuick: QuickCameraDeviceHidlWrapper ConfigAndAllocBuffers
04-24 11:31:31.304   963 16193 I PvrTrackingCamera: buf_size 615680, stride 1280, num_hdls 8
04-24 11:31:31.304   963 16193 I CamComm1.0-QuickClient: VideoQueueUtil:open  m_virtualMonoSub name :/dev/v4l-subdev13 
04-24 11:31:31.304  3408  3504 I CamQuick: QuickCameraDeviceHidlWrapper StreamOn
04-24 11:31:31.306   963 16193 I PvrTrackingCamera: func: startPreview, line: 74, camera id: 3, start preview begin.
04-24 11:31:31.306  3408  3504 E CamQuick: [ERROR][SENSOR ] DataProvider.cpp:159 GetSensorInfo() camera 3 has 5 resolutionData
04-24 11:31:31.306  3408  3504 E CamQuick: [ERROR][SENSOR ] DataProvider.cpp:164 GetSensorInfo() camera 3 resolutionData[0] has 1 streamConfiguration
04-24 11:31:31.306  3408  3504 E CamQuick: [ERROR][SENSOR ] DataProvider.cpp:175 GetSensorInfo() wxh=[640*481] frameRate:60.000000 bitWidth:8
04-24 11:31:31.306  3408  3504 E CamQuick: [ERROR][SENSOR ] DataProvider.cpp:164 GetSensorInfo() camera 3 resolutionData[1] has 1 streamConfiguration
04-24 11:31:31.306  3408  3504 E CamQuick: [ERROR][SENSOR ] DataProvider.cpp:175 GetSensorInfo() wxh=[640*481] frameRate:60.000000 bitWidth:10
04-24 11:31:31.306  3408  3504 E CamQuick: [ERROR][SENSOR ] DataProvider.cpp:164 GetSensorInfo() camera 3 resolutionData[2] has 1 streamConfiguration
04-24 11:31:31.306  3408  3504 E CamQuick: [ERROR][SENSOR ] DataProvider.cpp:175 GetSensorInfo() wxh=[640*481] frameRate:50.000000 bitWidth:10
04-24 11:31:31.307  3408  3504 E CamQuick: [ERROR][SENSOR ] quicksensornode_dummy.cpp:327 GetSubDevice() cameraId=3 Subdevice=0 acquire: 0
04-24 11:31:31.307  3408  3504 E CamQuick: [ERROR][SENSOR ] quicksensornode_dummy.cpp:327 GetSubDevice() cameraId=3 Subdevice=1 acquire: 0
04-24 11:31:31.307  3408  3504 E CamQuick: [ERROR][SENSOR ] quicksensornode_dummy.cpp:327 GetSubDevice() cameraId=3 Subdevice=0 acquire: 0
04-24 11:31:31.307  3408  3504 E CamQuick: [ERROR][SENSOR ] quicksensornode_dummy.cpp:327 GetSubDevice() cameraId=3 Subdevice=1 acquire: 0
04-24 11:31:31.307  3408  3504 E CamQuick: [ERROR][SENSOR ] DataProvider.cpp:330 GetSensorCmdsize() size mismatch : 0 != 8
04-24 11:31:31.307  3408  3504 E CamQuick: [ERROR][SENSOR ] quicksensornode_dummy.cpp:327 GetSubDevice() cameraId=3 Subdevice=0 acquire: 0
04-24 11:31:31.307  3408  3504 E CamQuick: [ERROR][SENSOR ] quicksensornode_dummy.cpp:327 GetSubDevice() cameraId=3 Subdevice=1 acquire: 0
04-24 11:31:31.348  3408  3504 I chatty  : uid=1047(cameraserver) HwBinder:3408_1 identical 1 line
04-24 11:31:31.348  3408  3504 E CamQuick: [ERROR][SENSOR ] quicksensornode_dummy.cpp:327 GetSubDevice() cameraId=3 Subdevice=1 acquire: 0
04-24 11:31:31.348  3408  3504 E CamQuick: [ERROR][SENSOR ] QuickSensorNode.cpp:1862 DoMcuIint() MCU Camera init sync En
04-24 11:31:31.348  3408  3504 I CamQuick: 1353 init() Camera init
04-24 11:31:31.348  3408  3504 E Stationclient: L1:in StationClient, CameraInitWithPara, para[0] = 2, length = 1
04-24 11:31:31.348   975  1125 E Stationservice: L1:CameraInitWithReg4323
04-24 11:31:31.348   975  1125 E Stationservice: L1:_CameraInit, CameraInit, delay=1500, exposure_at_firstRow_flag=2, mCameraResolution=1
04-24 11:31:31.445   963 16232 I PvrTrackingService: station time is 0
04-24 11:31:31.445   963 16232 I chatty  : uid=0(root) conThreadReader identical 1 line
04-24 11:31:31.445   963 16232 I PvrTrackingService: station time is 0
04-24 11:31:31.445   963 16232 I PxrNotificationClient: sendPxrNotification,action:teatracker_controller_event_action id:0,value1:miss_imu_message value2:0,ext:{
04-24 11:31:31.445   963 16232 I PxrNotificationClient:    "controller_battery" : 3,
04-24 11:31:31.445   963 16232 I PxrNotificationClient:    "controller_sn" : "PC1810MGGA223753W",
04-24 11:31:31.445   963 16232 I PxrNotificationClient:    "controller_type" : "phoenix",
04-24 11:31:31.445   963 16232 I PxrNotificationClient:    "firmware_version" : "PR0326",
04-24 11:31:31.445   963 16232 I PxrNotificationClient:    "ir_visible" : 0,
04-24 11:31:31.445   963 16232 I PxrNotificationClient:    "key_extended_data_by_sys" : 3,
04-24 11:31:31.445   963 16232 I PxrNotificationClient:    "left_right" : "right",
04-24 11:31:31.445   963 16232 I PxrNotificationClient:    "miss_imu_percent" : 0
04-24 11:31:31.445   963 16232 I PxrNotificationClient: }
04-24 11:31:31.446  1883 13098 I PxrNotificationService: sendPxrMessage callingPid:963 action teatracker_controller_event_action ,value1:miss_imu_message ,value2:0 ,ext:{   "controller_battery" : 3,   "controller_sn" : "PC1810MGGA223753W",   "controller_type" : "phoenix",   "firmware_version" : "PR0326",   "ir_visible" : 0,   "key_extended_data_by_sys" : 3,   "left_right" : "right",   "miss_imu_percent" : 0} ,mPvrCallbacks.size():14
04-24 11:31:31.446   963 16232 I PvrTrackingService: station time is 0
04-24 11:31:31.449   963 16232 I chatty  : uid=0(root) conThreadReader identical 5 lines
04-24 11:31:31.452   963 16232 I PvrTrackingService: station time is 0
04-24 11:31:31.452   963  1173 I PvrTrackingService: onControllerBatteryEvent: hand 2, battery 5
04-24 11:31:31.452   963  1173 I PvrTrackingService: onControllerBatteryEvent, mRightControllerBattery: 5
04-24 11:31:31.452   964   964 I PxrControllerService: handleControllerBatteryChange hand 2 battery 5
04-24 11:31:31.510  6137 12672 E APxrRuntime: PassthroughFB-submit_passthrough_layer_effect passthrough layer count is illegal!
04-24 11:31:31.536   975 16192 E Stationservice: L1:force40:bb 01 04 01 01 00 00 00 00 00 00 00 00 00 00 00 00 00 00 00 00 00 00 00 00 00 00 00 00 00 00 00 00 00 00 00 00 13 00 f1 
04-24 11:31:31.536   975 16192 E Stationservice: KEYLOG:MCUCallBackDataProcess:get CAMERA_INIT:0x00
04-24 11:31:31.536   975  1125 E Stationservice: KEYLOG:_CameraInit:result:0x00
04-24 11:31:31.537  3408  3504 I CamQuick: 1356 init() out: 0 rc: 0
04-24 11:31:31.537  3408  3504 E CamQuick: [ERROR][SENSOR ] QuickSensorNode.cpp:1864 DoMcuIint() MCU Camera init sync Ex
04-24 11:31:31.537   975  1125 E Stationservice: L1:in GetServiceFps, mCameraFpsConfig=1, mStationProtocolVersion=1
04-24 11:31:31.537  3408  3504 E Stationclient: L1:GetServiceFps, status=1
04-24 11:31:31.537  3408  3504 I CamQuick: 1526 GetFps() Get Fps out: 1
04-24 11:31:31.537  3408  3504 E CamQuick: [ERROR][CORE   ] AutoTimer.h:76 ~AutoTimer() m_McuCtrl->init DoMcuIint Sync Mode: cost: 188 ms
04-24 11:31:31.539   975 16192 E Stationservice: L1:force40:a5 02 02 50 52 30 33 32 36 11 30 33 06 50 43 31 38 31 30 4d 47 47 41 32 32 33 37 35 33 57 ac 16 17 fe 03 60 00 14 00 c6 
04-24 11:31:31.539   975 16192 E Stationservice: L1:controller connect, mStationProtocolVersion=1, protocol_ver=1
04-24 11:31:31.539   975 16192 E Stationservice: L1:right connect1
04-24 11:31:31.539   975 16192 E Stationservice: KEYLOG:[CAgingTest]right controller connected, status:1
04-24 11:31:31.539   975 16192 E Stationservice: L1:MCUCallBackDataProcess:get a connect data,mStationProtocolVersion=1 generation=1
04-24 11:31:31.539   975 16192 E Stationservice: KEYLOG:right controller support new still
04-24 11:31:31.539   975 16192 E Stationservice: KEYLOG:right station support new still
04-24 11:31:31.539   975 16192 E Stationservice: KEYLOG:in ClearControllerStillStatus, clear right current status
04-24 11:31:31.539   975 16192 E Stationservice: KEYLOG:in ClearControllerStillStatus, clear right target status
04-24 11:31:31.539   975 16192 E Stationservice: L1:reportStaTrackPoint, event_id:306, event_page:0, des:sw:PR0326 flag: 0x0 right controller reset normal!
04-24 11:31:31.539   975 16192 E Stationservice: KEYLOG:sota_support controller hand:2 support:1
04-24 11:31:31.539   975 16192 E Stationservice: KEYLOG:sota_firmware controller:1 ready:1
04-24 11:31:31.539   975 16192 E Stationservice: L1:SOTA_enable, _sota_prop[1].upgrade_enable:1!
04-24 11:31:31.539   975 16192 E Stationservice: L1:SOTA_dev_insert, dev:1, PR0326, support:1, ready:1, A0B1:-1, type:1
04-24 11:31:31.539   975 16192 E Stationservice: KEYLOG:SOTA_dev_insert, dev:1, PR0326, support:1, ready:1, A0B1:-1, type:1 insert success
04-24 11:31:31.539   975  2401 E Stationservice: L1:SOTA_check_upgrade, _l_sota_dev size:1
04-24 11:31:31.539   975  2401 E Stationservice: L1:-----sota sys_dir:/system/etc/ctlbin
04-24 11:31:31.539   975  2400 E Stationservice: L1:enter json_parse.
04-24 11:31:31.539   975  2400 E Stationservice: L1:sota csjon left:0, right:0, station:0, tracker1:0, tracker2:0, trackek3:0
04-24 11:31:31.539   975  2401 E Stationservice: L1:SOTA file:PhoenixCtrl_sv3.26_PR_tv01_20240621_b326_app.bin
04-24 11:31:31.539   975  2401 E Stationservice: L1:SOTA:---new version:326 name:/system/etc/ctlbin/PhoenixCtrl_sv3.26_PR_tv01_20240621_b326_app.bin
04-24 11:31:31.539   975  2401 E Stationservice: L1:SOTA file:PhoenixSta_sv2.96_PR_20250805_b296_app.bin
04-24 11:31:31.539   975  2401 E Stationservice: L1:SOTA:---new version:296 name:/system/etc/ctlbin/PhoenixSta_sv2.96_PR_20250805_b296_app.bin
04-24 11:31:31.539   975  2401 E Stationservice: L1:-----sota test_dir:/sdcard/sotabin
04-24 11:31:31.539   975 16253 E Stationservice: L1:GetControllerCalibration, in
04-24 11:31:31.539   975 16253 E Stationservice: KEYLOG:controller info:2 Phoenix online, sn: PC1810MGGA223753W, sw:PR0326, hw:03, touch_sw:0, addr:ac:16:17:fe:00:00,icm42688
04-24 11:31:31.539   975  2401 E Stationservice: L1:path:/sdcard/sotabin is NULL, return
04-24 11:31:31.539   975  2401 E Stationservice: L1:-----sota tracker_dir:/sdcard/sotabin
04-24 11:31:31.539   975  2401 E Stationservice: L1:SOTA file:Swift2.0_sv1.89_20241213_b189_app.bin
04-24 11:31:31.539   975  2401 E Stationservice: L1:SOTA:---new version:189 name:/system/etc/trackerbin/Swift2.0_sv1.89_20241213_b189_app.bin
04-24 11:31:31.539   975  2401 E Stationservice: L1:SOTA file:Swift_hm01_20230707_b97.bin
04-24 11:31:31.539   975  2401 E Stationservice: L1:Swift_hm01_20230707_b97.bin parse not satisfy
04-24 11:31:31.539   975  2401 E Stationservice: L1:SOTA file:public.pem
04-24 11:31:31.539   975  2401 E Stationservice: L1:public.pem parse not satisfy
04-24 11:31:31.540  3408  3504 I CamQuick: QuickCameraDeviceHidlWrapper ConfigAndAllocBuffers
04-24 11:31:31.540   963 16193 I PvrTrackingCamera: buf_size 615680, stride 1280, num_hdls 8
04-24 11:31:31.540   963 16193 I CamComm1.0-QuickClient: VideoQueueUtil:open  m_virtualMonoSub name :/dev/v4l-subdev15 
04-24 11:31:31.540  3408  3504 I CamQuick: QuickCameraDeviceHidlWrapper StreamOn
04-24 11:31:31.542   975 16192 E Stationservice: KEYLOG:MCUCallBackDataProcess:get GET_CONTROLLER_BATTERY
04-24 11:31:31.542   975 16192 E Stationservice: L1:force40:bb 01 34 01 02 05 00 00 00 00 00 00 00 00 00 00 00 00 00 00 00 00 00 00 00 00 00 00 00 00 00 00 00 00 00 00 00 17 00 27 
04-24 11:31:31.542   975 16252 E Stationservice: L1:_GetControllerBattery, get recv:1
04-24 11:31:31.542   975  1123 E Stationservice: L1:onMessageReceived, ControllerNotificationHandler msg 2
04-24 11:31:31.542   975  1123 E Stationservice: L1:TrackerNotificationHandler kSendNotification event connect_controller params {
04-24 11:31:31.542   975  1123 E Stationservice:    "abnormal_unconnect" : 0,
04-24 11:31:31.542   975  1123 E Stationservice:    "button" : "reserve",
04-24 11:31:31.542   975  1123 E Stationservice:    "connect_type" : "other",
04-24 11:31:31.542   975  1123 E Stationservice:    "controller_battery" : 5,
04-24 11:31:31.542   975  1123 E Stationservice:    "cont
04-24 11:31:31.542   975  1123 E Stationservice: KEYLOG:sendTeaTrackerControllerEvent, send report message connect_controller,param {
04-24 11:31:31.542   975  1123 E Stationservice:    "abnormal_unconnect" : 0,
04-24 11:31:31.542   975  1123 E Stationservice:    "button" : "reserve",
04-24 11:31:31.542   975  1123 E Stationservice:    "connect_type" : "other",
04-24 11:31:31.542   975  1123 E Stationservice:    "controller_battery" : 5,
04-24 11:31:31.542   975  1123 E Stationservice:    "contr
04-24 11:31:31.542   975  1123 I PxrNotificationClient: sendPxrNotification,action:teatracker_controller_event_action id:0,value1:connect_controller value2:0,ext:{
04-24 11:31:31.542   975  1123 I PxrNotificationClient:    "abnormal_unconnect" : 0,
04-24 11:31:31.542   975  1123 I PxrNotificationClient:    "button" : "reserve",
04-24 11:31:31.542   975  1123 I PxrNotificationClient:    "connect_type" : "other",
04-24 11:31:31.542   975  1123 I PxrNotificationClient:    "controller_battery" : 5,
04-24 11:31:31.542   975  1123 I PxrNotificationClient:    "controller_sn" : "PC1810MGGA223753W",
04-24 11:31:31.542   975  1123 I PxrNotificationClient:    "controller_type" : "phoenix",
04-24 11:31:31.542   975  1123 I PxrNotificationClient:    "firmware_version" : "PR0326",
04-24 11:31:31.542   975  1123 I PxrNotificationClient:    "left_right" : "right",
04-24 11:31:31.542   975  1123 I PxrNotificationClient:    "local_time_ms" : "1777001491542"
04-24 11:31:31.542   975  1123 I PxrNotificationClient: }
04-24 11:31:31.543  1883 13098 I PxrNotificationService: sendPxrMessage callingPid:975 action teatracker_controller_event_action ,value1:connect_controller ,value2:0 ,ext:{   "abnormal_unconnect" : 0,   "button" : "reserve",   "connect_type" : "other",   "controller_battery" : 5,   "controller_sn" : "PC1810MGGA223753W",   "controller_type" : "phoenix",   "firmware_version" : "PR0326",   "left_right" : "right",   "local_time_ms" : "1777001491542"} ,mPvrCallbacks.size():14
04-24 11:31:31.547   975 16190 E Stationservice: KEYLOG:STLOG<F> app: 1 controller reset flag 0, reset reason 0x0000
04-24 11:31:31.548   963  1411 W PvrTrackingService: watchCommandLoop,pid 963, startAlgorithmByWakeup,3501574233350,0,1405.178589
04-24 11:31:31.548   971  2698 I PxrMRService: [###:673]: statistics - mono_status=[0] rgb_status=[0] mr_mode=[1] mr_auto_capture=[0] total_cnt=[234]
04-24 11:31:31.551  3408  3504 E CamQuick: [ERROR][SENSOR ] QuickSensorNode.cpp:1910 DoMcuStreamOn() MCU streamon sync  En
04-24 11:31:31.551   975  1125 E Stationservice: KEYLOG:CameraStreamCtrl camerastream:on, mCameraStreamFlag = 0xf
04-24 11:31:31.556   975  2401 I PxrConfigServiceClient: PROPERTY String8(property).string():{"CFG_VER":"1.0","CFG_HASH_ALG":"sha256","OUT_DIR":"\/mnt\/vendor\/pvr\/firmwareupdate\/asset_100004009_20260410","BASE_FW_DIR_CONTROLLER":"\/system\/etc\/ctlbin","BASE_FW_DIR_TRACKER":"\/system\/etc\/trackerbin","UPDATED_FW_DIR_CONTROLLER":"\/mnt\/vendor\/pvr\/firmwareupdate\/asset_100004009_20260410\/controller","FW_HASH_SparrowCtrl_sv1.36_PR_tv01_20241012_b136_app.bin":"ebe7333af3d6b25fcccd86afbfe7b3d816e0e5e7f6dc4819f722ba3a6b9f3bd1"} =======443
04-24 11:31:31.556   975  2401 E Stationservice: L1:-----sota online dir:/mnt/vendor/pvr/firmwareupdate/asset_100004009_20260410/controller
04-24 11:31:31.556   975  2401 E Stationservice: L1:SOTA file:SparrowCtrl_sv1.36_PR_tv01_20241012_b136_app.bin
04-24 11:31:31.556   975  2401 E Stationservice: L1:online_file_verify, key:FW_HASH_SparrowCtrl_sv1.36_PR_tv01_20241012_b136_app.bin
04-24 11:31:31.556   975 16253 E Stationservice: L1:get ctrl_motor_vibration_amplitude:75, 75
04-24 11:31:31.556   975 16253 E Stationservice: KEYLOG:onConnectEventNotify0000000000
04-24 11:31:31.556   964   964 I PxrControllerService: connect_callback_t, controller 2 online 1 sn PC1810MGGA223753W
04-24 11:31:31.556   964   964 I PxrControllerService: setControllerBindState,  index 1 state 1
04-24 11:31:31.556   964   964 I PxrControllerService: handleControllerStatusChange, onControllerStatusChange controller 2 online 1 sn PC1810MGGA223753W
04-24 11:31:31.556   964   964 I PxrControllerService: onControllerStatusChange: observed 1 pid 1878 handle 2 status 1
04-24 11:31:31.556   975  2401 E Stationservice: L1:online_file_verify, sha256 comare success!
04-24 11:31:31.556   975  2401 E Stationservice: L1:SparrowCtrl_sv1.36_PR_tv01_20241012_b136_app.bin parse not satisfy
04-24 11:31:31.556   975  2401 E Stationservice: L1:-----sota end-----
04-24 11:31:31.556   975  2401 E Stationservice: KEYLOG:SOTA_check_upgrade, _sota_enabled:1!
04-24 11:31:31.556   975  2401 E Stationservice: L1:SOTA_find_dev, dev:1, now:1777001491, old:1777001491, diff:0
04-24 11:31:31.556   975  2401 E Stationservice: KEYLOG:SOTA_find_dev, dev:1 failed, local ver:326, big or equal to upgrade version:326
04-24 11:31:31.556   975  2401 E Stationservice: KEYLOG:SOTA_check_upgrade, _sota_enabled:1, exit!
04-24 11:31:31.556   975  2401 E Stationservice: L1:SOTA_check_upgrade, _l_sota_dev size:0
04-24 11:31:31.556   975  2401 E Stationservice: L1:SOTA_check_upgrade, _l_sota_dev is empty
04-24 11:31:31.556   964   964 I PxrControllerService: onControllerStatusChange: observed 1 pid 2334 handle 2 status 1
04-24 11:31:31.556   964   964 I PxrControllerService: onControllerStatusChange: observed 0 pid 2122 handle 2 status 1
04-24 11:31:31.556   964   964 I PxrControllerService: onControllerStatusChange: observed 1 pid 3966 handle 2 status 1
04-24 11:31:31.556   975 16253 E Stationservice: KEYLOG:onConnectEventNotify111111
04-24 11:31:31.556   975 16253 E Stationservice: KEYLOG:PrepareCalibrationData, get from json failed, retry from station
04-24 11:31:31.556   963  3526 I PvrTrackingService: connect_callback controller 2,PR032603,03,PC1810MGGA223753W
04-24 11:31:31.556   963  3526 I PvrTrackingService: right controller connected
04-24 11:31:31.556   963  3526 I PvrTrackingService: handleControllerConnectEvent, right controller connected,sn PC1810MGGA223753W
04-24 11:31:31.556   963  3526 I PvrTrackingService: connect controller 2,1
04-24 11:31:31.556   963  3526 I PvrTrackingService: alg_controller_reset_right_controller_with_kind,1
04-24 11:31:31.556   963  3526 I SENSOR  : Reset_tracking_status_right:1
04-24 11:31:31.556  2334  2955 I PxrControllerServiceClient: [onControllerStatusChange]  conroller handle 2  status 1 sn PC1810MGGA223753W
04-24 11:31:31.556  3966  4366 I PxrControllerServiceClient: [onControllerStatusChange]  conroller handle 2  status 1 sn PC1810MGGA223753W
04-24 11:31:31.556  2334  2955 I DeviceSdkJni: onConnectCallback, controller: 2
04-24 11:31:31.556  3966  4366 I DeviceSdkJni: onConnectCallback, controller: 2
04-24 11:31:31.556   963  3526 I SENSOR  : CentaurEngine controller init, congfig_path: /system/etc/pxr/sensor/config/phx_controller_online.json.cpt
04-24 11:31:31.557   963  3526 I SENSOR  : [I 04/24 11:31:31.557 963 3526] PKCS#7 padding size: 1
04-24 11:31:31.557   963  3526 E SENSOR  : CameraCalib::CameraCalib FAIL!!!!!!!!!!!!!!!! /data/misc/user/0/onlineCalibrationNew/cam0/sensor.yaml 0 
04-24 11:31:31.557   963  3526 E SENSOR  : CameraCalib::CameraCalib FAIL!!!!!!!!!!!!!!!! /data/misc/user/0/onlineCalibrationNew/cam1/sensor.yaml 1 
04-24 11:31:31.557   963  3526 E SENSOR  : CameraCalib::CameraCalib FAIL!!!!!!!!!!!!!!!! /data/misc/user/0/onlineCalibrationNew/cam2/sensor.yaml 2 
04-24 11:31:31.557   963  3526 E SENSOR  : CameraCalib::CameraCalib FAIL!!!!!!!!!!!!!!!! /data/misc/user/0/onlineCalibrationNew/cam3/sensor.yaml 3 
04-24 11:31:31.557   963  3526 E SENSOR  : CameraCalib::CameraCalib FAIL!!!!!!!!!!!!!!!! /mnt/vendor/factory/pvr/mav0/cam0/sensor.yaml 0 
04-24 11:31:31.557   963  3526 E SENSOR  : CameraCalib::CameraCalib FAIL!!!!!!!!!!!!!!!! /mnt/vendor/factory/pvr/mav0/cam1/sensor.yaml 1 
04-24 11:31:31.557   963  3526 E SENSOR  : CameraCalib::CameraCalib FAIL!!!!!!!!!!!!!!!! /mnt/vendor/factory/pvr/mav0/cam2/sensor.yaml 2 
04-24 11:31:31.557   963  3526 E SENSOR  : CameraCalib::CameraCalib FAIL!!!!!!!!!!!!!!!! /mnt/vendor/factory/pvr/mav0/cam3/sensor.yaml 3 
04-24 11:31:31.557   963  3526 W SENSOR  : PCLog_Camera01_Have_No_CalibData
04-24 11:31:31.557   963  3526 I SENSOR  : CameraCalib::CameraCalib OK /mnt/vendor/persist/pvr/mav0/cam0/sensor.yaml 0 
04-24 11:31:31.557   963  3526 I SENSOR  : CameraCalib::CameraCalib OK /mnt/vendor/persist/pvr/mav0/cam1/sensor.yaml 1 
04-24 11:31:31.557   963  3526 I SENSOR  : CameraCalib::CameraCalib OK /mnt/vendor/persist/pvr/mav0/cam2/sensor.yaml 2 
04-24 11:31:31.557   963  3526 I SENSOR  : CameraCalib::CameraCalib OK /mnt/vendor/persist/pvr/mav0/cam3/sensor.yaml 3 
04-24 11:31:31.557   963  3526 E SENSOR  : CameraCalib  Omnidirectional 
04-24 11:31:31.557  2334  2955 I HandleUpgrade: [Binder:2334_2]|HandleService-->ServiceEventListener, onEvent, [102, , ConnectState(device=1, state=1)]
04-24 11:31:31.557   963  3526 E SENSOR  : CameraCalib  Omnidirectional 
04-24 11:31:31.557   963 16232 I PvrTrackingService: hand:left update loss rate state
04-24 11:31:31.557   963  3526 E SENSOR  : CameraCalib  Omnidirectional 
04-24 11:31:31.557   963  3526 E SENSOR  : CameraCalib  Omnidirectional 
04-24 11:31:31.557   963  3526 I SENSOR  : Device Type: Phoenix 
04-24 11:31:31.558   963  3526 I SENSOR  : Device Type: Phoenix 
04-24 11:31:31.558   963  3526 I SENSOR  : Head Config Sucess : 3 ,-0.018740,0.050570,0.043090
04-24 11:31:31.558   975 16192 E Stationservice: L1:force40:bb 01 04 02 01 00 00 00 00 00 00 00 00 00 00 00 00 00 00 00 00 00 00 00 00 00 00 00 00 00 00 00 00 00 00 00 00 18 00 f0 
04-24 11:31:31.558   975 16192 E Stationservice: L1:MCUCallBackDataProcess:get CAMERA_STREAM:0x00
04-24 11:31:31.558   975  1125 E Stationservice: KEYLOG:CameraStreamCtrl:result:0x00
04-24 11:31:31.558  3408  3504 I CamQuick: 1397 streamonOff() stream on interface out: 0, onoff: 1
04-24 11:31:31.558  3408  3504 E CamQuick: [ERROR][SENSOR ] QuickSensorNode.cpp:1913 DoMcuStreamOn() MCU streamon sync Ex
04-24 11:31:31.559  1878  2790 I PxrControllerServiceClient: [onControllerStatusChange]  conroller handle 2  status 1 sn PC1810MGGA223753W
04-24 11:31:31.559  1878  2790 E InputDeviceManager: connect_callback controller:1 status:1
04-24 11:31:31.559  1878  2790 E InputDeviceManager: maincontroller SetControllerHandness is called 0 right
04-24 11:31:31.559   963 16193 I PvrTrackingCamera: func: initCameraParam, line: 230, camera id: 0, exposure: 0, gain: 0.
04-24 11:31:31.559  1878  2790 E InputDeviceManager: maincontroller SetPhyControllerMainInputHandle maincontroller is 1 right
04-24 11:31:31.560   963 16193 I PvrTrackingService: set4CamSyncState, fpsInfo 50, vendor 9,9,9,9, mFirstExposureCalibrated 1
04-24 11:31:31.560   963 16193 I PvrTrackingService: openCamera takes 426.351301 ms
04-24 11:31:31.560   963 16193 I PvrTrackingService: open camera is complete
04-24 11:31:31.560   963 16193 I PvrTrackingService: onVRModeChanged 1, new 3
04-24 11:31:31.560   963 16193 I PvrTrackingService: setAlgorithmParameters, start6DOF, 6
04-24 11:31:31.561  1878  2790 W APxrRuntime: ipc_server_status_updater_on_device_event On event=0, controller=1, status=1
04-24 11:31:31.561  1878  2790 E InputDeviceManager: maincontroller GetPhyControllerMainInputHandle maincontroller is  1 right
04-24 11:31:31.561  1878  2790 E APxrRuntime: maincontroller ipc_server_status_updater_on_device_event main_controller = 1
04-24 11:31:31.562   963 16193 I PvrTrackingService: sendAlgStateMessage, send message sys_tracking_alg_state_change, value 0
04-24 11:31:31.562   963 16193 I PxrNotificationClient: sendPxrNotification,action:sys_tracking_alg_state_change id:0,value1: value2:0,ext:
04-24 11:31:31.562   967  2581 I pxrhmdservice : PxrHmdServiceCore <trackingAlgStateCallback> value1= value2=0 ext=
04-24 11:31:31.562   971  1178 I PxrMRService: [###:2897]: value1= value2=0 ext=
04-24 11:31:31.562   971  1178 I PxrMRService: [###:2905]: prop[persist.pxr.mr.6dof.autorecovery.enable]=[0]
04-24 11:31:31.562   971  1178 I PxrMRService-Anchor: [###:1212]: mr engine set 6dof status=[3]
04-24 11:31:31.562   971  1178 I PxrMRService: [###:3075]: status=[3]
04-24 11:31:31.562   971  1178 I PxrMRService: [###:2943]: 6DOF init, mr engine set 6dof status=[3].
04-24 11:31:31.562  1878  2790 E APxrRuntime: pxr_alg_state_callback, event = , type = 0, ext_event =  s_algstate = 0
04-24 11:31:31.562  2122  5336 E Guardian:: onSystem6DofStatusChanged value1=, value2=0, ext=
04-24 11:31:31.562  6140 12623 E MRService:: onSystem6DofStatusChanged value1=, value2=0, ext=
04-24 11:31:31.562  1883 13098 I PxrNotificationService: sendPxrMessage callingPid:963 action sys_tracking_alg_state_change ,value1: ,value2:0 ,ext: ,mPvrCallbacks.size():14
04-24 11:31:31.563   963 16193 I PICO_SLAM: SLAM start6DoF begin 52817956
04-24 11:31:31.563   963 16193 I PICO_SLAM: IsCustomModeLast custom_mode:1
04-24 11:31:31.563   963 16193 I PvrTrackingService: setAlgorithmParameters, start6DOF, 6 end
04-24 11:31:31.563   963 16193 I PvrTrackingService: Call <getConfig> key sys_tracking_service_big_room
04-24 11:31:31.564   963 16201 I PvrTrackingService: checkRelocState ,start reloc
04-24 11:31:31.564   963  1173 I PvrTrackingService: enterFence, status 1
04-24 11:31:31.564   963 16201 I PvrTrackingService: [wzs]confidence or error type change [1,32=>0,32]
04-24 11:31:31.565  2047  2374 I XRShell-Native: XR_DEVICE_CONNECTCHANGED, controller is 1, state is 1
04-24 11:31:31.566  6137 12564 I [PxrUnityNative]: [OpenXrProgram.cpp][PollEvent][478]: handtrackinghandtracking type: 1200006064
04-24 11:31:31.566  6137 12564 I [PxrUnityNative]: [Display.cpp][onEvent][1361]: IProgramEvent type=1200006064
04-24 11:31:31.566  6137 12564 I [PxrUnityNative]: [Input.cpp][onEvent][850]: IProgramEvent type=1200006064
04-24 11:31:31.566  6137 12564 I [PxrUnityNative]: [Input.cpp][onEvent][854]: IProgramEvent eventDataPerfSettingsEXT.eventtype=0
04-24 11:31:31.566  6137 12564 I [PxrUnityNative]: [Input.cpp][onEvent][858]:  Update controller connect = 1,1
04-24 11:31:31.566   975 16253 E Stationservice: L1:GetCalibration start,hand:2, sn:PC1810MGGA223753W, 1
04-24 11:31:31.567   975 16192 E Stationservice: L1:vendor/picovr/services/StationService-new/service/calibrationdata/CalibrationData.cpp:match, match, ret = 0
04-24 11:31:31.567   975 16192 E Stationservice: L1:CalibrationData::call, get cali data start
04-24 11:31:31.567   975 16192 E Stationservice: L1:CalibrationData::call, get cali data end
04-24 11:31:31.568   963  1173 W PvrTrackingService: enterFence, call enterFence
