04-20 21:04:03.528 I/chatty  ( 7849): uid=1000(system) identical 1626 lines
04-20 21:04:03.528 E/APxrRuntime( 7849): (handTracker == NULL)
04-20 21:04:03.529 I/SeethroughSetting( 7849): Keep runing WatchDog
04-20 21:04:03.530 E/APxrRuntime( 7849): (handTracker == NULL)
04-20 21:04:03.645 I/chatty  ( 7849): uid=1000(system) identical 391 lines
04-20 21:04:03.649 E/APxrRuntime( 7849): (handTracker == NULL)
04-20 21:04:03.649 I/pxrhmdservice (  961): Call <getCommonDataThread> - boot_completed=[1] ------------------------
04-20 21:04:03.649 E/APxrRuntime( 7849): (handTracker == NULL)
04-20 21:04:03.897 I/chatty  ( 7849): uid=1000(system) identical 773 lines
04-20 21:04:03.897 E/APxrRuntime( 7849): (handTracker == NULL)
04-20 21:04:03.899 W/ServiceManagement(  651): Waited one second for vendor.qti.hardware.radio.uim_remote_client@1.0::IUimRemoteServiceClient/uimRemoteClient0
04-20 21:04:03.899 E/APxrRuntime( 7849): (handTracker == NULL)
04-20 21:04:03.900 I/chatty  ( 7849): uid=1000(system) identical 4 lines
04-20 21:04:03.900 E/APxrRuntime( 7849): (handTracker == NULL)
04-20 21:04:03.900 I/ServiceManagement(  651): getService: Trying again for vendor.qti.hardware.radio.uim_remote_client@1.0::IUimRemoteServiceClient/uimRemoteClient0...
04-20 21:04:03.900 E/APxrRuntime( 7849): (handTracker == NULL)
04-20 21:04:04.031 I/chatty  ( 7849): uid=1000(system) identical 432 lines
04-20 21:04:04.031 E/APxrRuntime( 7849): (handTracker == NULL)
04-20 21:04:04.031 I/PxrConfigServiceClient(  967): PROPERTY String8(property).string():{"CFG_VER":"1.0","CFG_HASH_ALG":"sha256","OUT_DIR":"\/mnt\/vendor\/pvr\/firmwareupdate\/asset_100004009_20260410","BASE_FW_DIR_CONTROLLER":"\/system\/etc\/ctlbin","BASE_FW_DIR_TRACKER":"\/system\/etc\/trackerbin","UPDATED_FW_DIR_CONTROLLER":"\/mnt\/vendor\/pvr\/firmwareupdate\/asset_100004009_20260410\/controller","FW_HASH_SparrowCtrl_sv1.36_PR_tv01_20241012_b136_app.bin":"ebe7333af3d6b25fcccd86afbfe7b3d816e0e5e7f6dc4819f722ba3a6b9f3bd1"} =======443
04-20 21:04:04.033 E/APxrRuntime( 7849): (handTracker == NULL)
04-20 21:04:04.033 I/chatty  ( 7849): uid=1000(system) identical 6 lines
04-20 21:04:04.033 E/APxrRuntime( 7849): (handTracker == NULL)
04-20 21:04:04.034 I/MediaCodec( 7849): kWhatCodecPerformanceNotify, fps: 25, avgLatencyMs: -1
04-20 21:04:04.035 E/APxrRuntime( 7849): (handTracker == NULL)
04-20 21:04:04.192 I/chatty  ( 7849): uid=1000(system) identical 482 lines
04-20 21:04:04.192 E/gd32ipdservice(  948): L1:AddServiceListener: Add listener 0x743f5014c0, 1
04-20 21:04:04.192 E/APxrRuntime( 7849): (handTracker == NULL)
04-20 21:04:04.192 E/APxrRuntime( 7849): (handTracker == NULL)
04-20 21:04:04.192 E/APxrRuntime( 7849): (handTracker == NULL)
04-20 21:04:04.192 E/gd32ipdservice(  948): L1:a0 0f 00 00 00 af 
04-20 21:04:04.192 E/APxrRuntime( 7849): (handTracker == NULL)
04-20 21:04:04.192 E/APxrRuntime( 7849): (handTracker == NULL)
04-20 21:04:04.192 E/gd32ipdservice(  948): L1:uart_open = 9
04-20 21:04:04.195 E/APxrRuntime( 7849): (handTracker == NULL)
04-20 21:04:04.199 I/chatty  ( 7849): uid=1000(system) identical 22 lines
04-20 21:04:04.199 E/APxrRuntime( 7849): (handTracker == NULL)
04-20 21:04:04.200 E/gd32ipdservice(  948): L1:Uart_Close fd 9
04-20 21:04:04.200 E/gd32ipdservice(  948): L1:79 00 00 79 
04-20 21:04:04.200 E/gd32ipdservice(  948): L1:retry_cnt=3 ret=4 callingUid=0
04-20 21:04:04.201 E/APxrRuntime( 7849): (handTracker == NULL)
04-20 21:04:04.202 I/chatty  ( 7849): uid=1000(system) identical 6 lines
04-20 21:04:04.202 E/APxrRuntime( 7849): (handTracker == NULL)
04-20 21:04:04.202 E/gd32ipdservice(  948): L1:a0 10 00 00 00 b0 
04-20 21:04:04.203 E/gd32ipdservice(  948): L1:uart_open = 9
04-20 21:04:04.203 E/APxrRuntime( 7849): (handTracker == NULL)
04-20 21:04:04.206 I/chatty  ( 7849): uid=1000(system) identical 14 lines
04-20 21:04:04.206 E/APxrRuntime( 7849): (handTracker == NULL)
04-20 21:04:04.209 E/gd32ipdservice(  948): L1:Uart_Close fd 9
04-20 21:04:04.209 E/gd32ipdservice(  948): L1:79 00 00 79 
04-20 21:04:04.209 E/gd32ipdservice(  948): L1:retry_cnt=2 ret=4 callingUid=0
04-20 21:04:04.211 E/APxrRuntime( 7849): (handTracker == NULL)
04-20 21:04:04.211 I/chatty  ( 7849): uid=1000(system) identical 6 lines
04-20 21:04:04.211 E/APxrRuntime( 7849): (handTracker == NULL)
04-20 21:04:04.213 I/UidCpuTracker( 1345): small cpu total = 3922 ; idle = 2233 ; ratio = 43 ; mCpuUsageRatio = 21
04-20 21:04:04.213 I/UidCpuTracker( 1345): larger cpu total = 2991 ; idle = 2979 ; ratio = 0 ; mCpuUsageRatio = 21
04-20 21:04:04.213 I/UidCpuTracker( 1345): super cpu total = 999 ; idle = 994 ; ratio = 0 ; mCpuUsageRatio = 21
04-20 21:04:04.213 E/APxrRuntime( 7849): (handTracker == NULL)
04-20 21:04:04.539 I/chatty  ( 7849): uid=1000(system) identical 1086 lines
04-20 21:04:04.539 E/APxrRuntime( 7849): (handTracker == NULL)
04-20 21:04:04.540 I/SeethroughSetting( 7849): Keep runing WatchDog
04-20 21:04:04.541 E/APxrRuntime( 7849): (handTracker == NULL)
04-20 21:04:04.646 I/chatty  ( 7849): uid=1000(system) identical 342 lines
04-20 21:04:04.646 E/APxrRuntime( 7849): (handTracker == NULL)
04-20 21:04:04.649 I/pxrhmdservice (  961): Call <getCommonDataThread> - boot_completed=[1] ------------------------
04-20 21:04:04.650 E/APxrRuntime( 7849): (handTracker == NULL)
04-20 21:04:04.898 I/chatty  ( 7849): uid=1000(system) identical 806 lines
04-20 21:04:04.898 E/APxrRuntime( 7849): (handTracker == NULL)
04-20 21:04:04.900 W/ServiceManagement(  651): Waited one second for vendor.qti.hardware.radio.uim_remote_client@1.0::IUimRemoteServiceClient/uimRemoteClient0
04-20 21:04:04.900 E/APxrRuntime( 7849): (handTracker == NULL)
04-20 21:04:04.900 I/chatty  ( 7849): uid=1000(system) identical 6 lines
04-20 21:04:04.901 E/APxrRuntime( 7849): (handTracker == NULL)
04-20 21:04:04.901 I/ServiceManagement(  651): getService: Trying again for vendor.qti.hardware.radio.uim_remote_client@1.0::IUimRemoteServiceClient/uimRemoteClient0...
04-20 21:04:04.902 E/APxrRuntime( 7849): (handTracker == NULL)
04-20 21:04:05.033 I/chatty  ( 7849): uid=1000(system) identical 438 lines
04-20 21:04:05.033 E/APxrRuntime( 7849): (handTracker == NULL)
04-20 21:04:05.034 I/MediaCodec( 7849): kWhatCodecPerformanceNotify, fps: 25, avgLatencyMs: -1
04-20 21:04:05.035 E/APxrRuntime( 7849): (handTracker == NULL)
04-20 21:04:05.046 I/chatty  ( 7849): uid=1000(system) identical 38 lines
04-20 21:04:05.046 E/APxrRuntime( 7849): (handTracker == NULL)
04-20 21:04:05.047 I/PxrConfigServiceClient(  967): PROPERTY String8(property).string():{"CFG_VER":"1.0","CFG_HASH_ALG":"sha256","OUT_DIR":"\/mnt\/vendor\/pvr\/firmwareupdate\/asset_100004009_20260410","BASE_FW_DIR_CONTROLLER":"\/system\/etc\/ctlbin","BASE_FW_DIR_TRACKER":"\/system\/etc\/trackerbin","UPDATED_FW_DIR_CONTROLLER":"\/mnt\/vendor\/pvr\/firmwareupdate\/asset_100004009_20260410\/controller","FW_HASH_SparrowCtrl_sv1.36_PR_tv01_20241012_b136_app.bin":"ebe7333af3d6b25fcccd86afbfe7b3d816e0e5e7f6dc4819f722ba3a6b9f3bd1"} =======443
04-20 21:04:05.050 E/APxrRuntime( 7849): (handTracker == NULL)
04-20 21:04:05.545 I/chatty  ( 7849): uid=1000(system) identical 1614 lines
04-20 21:04:05.545 E/APxrRuntime( 7849): (handTracker == NULL)
04-20 21:04:05.546 I/ProximityPowerPolicyController( 1889): psensor mPsensorGotoSleep for far2,PSENSOR_FAR_LOCKED_TIME = 10 second(s)
04-20 21:04:05.547 E/APxrRuntime( 7849): (handTracker == NULL)
04-20 21:04:05.559 I/chatty  ( 7849): uid=1000(system) identical 38 lines
04-20 21:04:05.559 E/APxrRuntime( 7849): (handTracker == NULL)
04-20 21:04:05.560 I/SeethroughSetting( 7849): Keep runing WatchDog
04-20 21:04:05.561 E/APxrRuntime( 7849): (handTracker == NULL)
04-20 21:04:05.649 I/chatty  ( 7849): uid=1000(system) identical 286 lines
04-20 21:04:05.649 E/APxrRuntime( 7849): (handTracker == NULL)
04-20 21:04:05.650 I/pxrhmdservice (  961): Call <getCommonDataThread> - boot_completed=[1] ------------------------
04-20 21:04:05.652 E/APxrRuntime( 7849): (handTracker == NULL)
04-20 21:04:05.900 I/chatty  ( 7849): uid=1000(system) identical 782 lines
04-20 21:04:05.900 E/APxrRuntime( 7849): (handTracker == NULL)
04-20 21:04:05.902 W/ServiceManagement(  651): Waited one second for vendor.qti.hardware.radio.uim_remote_client@1.0::IUimRemoteServiceClient/uimRemoteClient0
04-20 21:04:05.903 I/ServiceManagement(  651): getService: Trying again for vendor.qti.hardware.radio.uim_remote_client@1.0::IUimRemoteServiceClient/uimRemoteClient0...
04-20 21:04:05.906 E/APxrRuntime( 7849): (handTracker == NULL)
04-20 21:04:06.034 I/chatty  ( 7849): uid=1000(system) identical 430 lines
04-20 21:04:06.034 E/APxrRuntime( 7849): (handTracker == NULL)
04-20 21:04:06.034 I/MediaCodec( 7849): kWhatCodecPerformanceNotify, fps: 25, avgLatencyMs: -1
04-20 21:04:06.036 E/APxrRuntime( 7849): (handTracker == NULL)
04-20 21:04:06.064 I/chatty  ( 7849): uid=1000(system) identical 90 lines
04-20 21:04:06.064 E/APxrRuntime( 7849): (handTracker == NULL)
04-20 21:04:06.064 I/PxrConfigServiceClient(  967): PROPERTY String8(property).string():{"CFG_VER":"1.0","CFG_HASH_ALG":"sha256","OUT_DIR":"\/mnt\/vendor\/pvr\/firmwareupdate\/asset_100004009_20260410","BASE_FW_DIR_CONTROLLER":"\/system\/etc\/ctlbin","BASE_FW_DIR_TRACKER":"\/system\/etc\/trackerbin","UPDATED_FW_DIR_CONTROLLER":"\/mnt\/vendor\/pvr\/firmwareupdate\/asset_100004009_20260410\/controller","FW_HASH_SparrowCtrl_sv1.36_PR_tv01_20241012_b136_app.bin":"ebe7333af3d6b25fcccd86afbfe7b3d816e0e5e7f6dc4819f722ba3a6b9f3bd1"} =======443
04-20 21:04:06.064 E/APxrRuntime( 7849): (handTracker == NULL)
04-20 21:04:06.435 I/chatty  ( 7849): uid=1000(system) identical 1195 lines
04-20 21:04:06.436 E/APxrRuntime( 7849): (handTracker == NULL)
04-20 21:04:06.436 I/TcpSocketTracker( 1345): DataStall result: fail percent: 0 sent: 2 receive: 2 last received count 2 retrans: 0 lost: 0 sent since last recv: 0 sockcnt: 8
04-20 21:04:06.436 E/APxrRuntime( 7849): (handTracker == NULL)
04-20 21:04:06.566 I/chatty  ( 7849): uid=1000(system) identical 389 lines
04-20 21:04:06.566 E/APxrRuntime( 7849): (handTracker == NULL)
04-20 21:04:06.569 I/SeethroughSetting( 7849): Keep runing WatchDog
04-20 21:04:06.570 E/APxrRuntime( 7849): (handTracker == NULL)
04-20 21:04:06.649 I/chatty  ( 7849): uid=1000(system) identical 270 lines
04-20 21:04:06.649 E/APxrRuntime( 7849): (handTracker == NULL)
04-20 21:04:06.650 I/pxrhmdservice (  961): Call <getCommonDataThread> - boot_completed=[1] ------------------------
04-20 21:04:06.651 E/APxrRuntime( 7849): (handTracker == NULL)
04-20 21:04:06.773 I/chatty  ( 7849): uid=1000(system) identical 384 lines
04-20 21:04:06.773 I/OMX-VDEC-1080P( 1381): We discard down scaler when omx not in execute state
04-20 21:04:06.773 E/APxrRuntime( 7849): (handTracker == NULL)
04-20 21:04:06.773 E/APxrRuntime( 7849): (handTracker == NULL)
04-20 21:04:06.902 I/chatty  ( 7849): uid=1000(system) identical 380 lines
04-20 21:04:06.902 E/APxrRuntime( 7849): (handTracker == NULL)
04-20 21:04:06.903 W/ServiceManagement(  651): Waited one second for vendor.qti.hardware.radio.uim_remote_client@1.0::IUimRemoteServiceClient/uimRemoteClient0
04-20 21:04:06.903 I/ServiceManagement(  651): getService: Trying again for vendor.qti.hardware.radio.uim_remote_client@1.0::IUimRemoteServiceClient/uimRemoteClient0...
04-20 21:04:06.904 E/APxrRuntime( 7849): (handTracker == NULL)
04-20 21:04:07.034 I/chatty  ( 7849): uid=1000(system) identical 406 lines
04-20 21:04:07.034 E/APxrRuntime( 7849): (handTracker == NULL)
04-20 21:04:07.035 I/MediaCodec( 7849): kWhatCodecPerformanceNotify, fps: 25, avgLatencyMs: -1
04-20 21:04:07.036 E/APxrRuntime( 7849): (handTracker == NULL)
04-20 21:04:07.078 I/chatty  ( 7849): uid=1000(system) identical 140 lines
04-20 21:04:07.078 I/PxrConfigServiceClient(  967): PROPERTY String8(property).string():{"CFG_VER":"1.0","CFG_HASH_ALG":"sha256","OUT_DIR":"\/mnt\/vendor\/pvr\/firmwareupdate\/asset_100004009_20260410","BASE_FW_DIR_CONTROLLER":"\/system\/etc\/ctlbin","BASE_FW_DIR_TRACKER":"\/system\/etc\/trackerbin","UPDATED_FW_DIR_CONTROLLER":"\/mnt\/vendor\/pvr\/firmwareupdate\/asset_100004009_20260410\/controller","FW_HASH_SparrowCtrl_sv1.36_PR_tv01_20241012_b136_app.bin":"ebe7333af3d6b25fcccd86afbfe7b3d816e0e5e7f6dc4819f722ba3a6b9f3bd1"} =======443
04-20 21:04:07.078 E/APxrRuntime( 7849): (handTracker == NULL)
04-20 21:04:07.078 E/APxrRuntime( 7849): (handTracker == NULL)
04-20 21:04:07.414 I/chatty  ( 7849): uid=1000(system) identical 1032 lines
04-20 21:04:07.414 E/APxrRuntime( 7849): (handTracker == NULL)
04-20 21:04:07.414 I/OMX-VDEC-1080P( 1381): We discard down scaler when omx not in execute state
04-20 21:04:07.414 I/OMX-VDEC-1080P( 1381): We discard down scaler when omx not in execute state
04-20 21:04:07.415 E/APxrRuntime( 7849): (handTracker == NULL)
04-20 21:04:07.422 I/chatty  ( 7849): uid=1000(system) identical 30 lines
04-20 21:04:07.422 E/APxrRuntime( 7849): (handTracker == NULL)
04-20 21:04:07.423 W/PxrEventUploader( 1372): codec_name: OMX.google.aac.decoder
04-20 21:04:07.423 I/PxrNotificationClient( 1372): sendPxrNotification,action:teatracker_event_action id:0,value1:media_codec_codec_stop value2:0,ext:{"caller_package_name":"com.pvr.seethrough.setting","channel_count":2,"codec_name":"OMX.google.aac.decoder","is_protected":0,"low_latency_mode":0,"metrics_session_id":70,"sample_rate":48000}
04-20 21:04:07.423 E/PxrNotificationUtils( 1886): non system uid checkSendPxrMessagePermissionWithAction:teatracker_event_action permission granted.
04-20 21:04:07.424 I/PxrNotificationService( 1886): sendPxrMessage callingPid:1372 action teatracker_event_action ,value1:media_codec_codec_stop ,value2:0 ,ext:{"caller_package_name":"com.pvr.seethrough.setting","channel_count":2,"codec_name":"OMX.google.aac.decoder","is_protected":0,"low_latency_mode":0,"metrics_session_id":70,"sample_rate":48000} ,mPvrCallbacks.size():17
04-20 21:04:07.424 E/APxrRuntime( 7849): (handTracker == NULL)
04-20 21:04:07.424 I/chatty  ( 7849): uid=1000(system) identical 6 lines
04-20 21:04:07.424 E/APxrRuntime( 7849): (handTracker == NULL)
04-20 21:04:07.424 W/SceneManagerHelper( 1372): submitMediaItemToSceneManager: null value for kEventCodecWidth
04-20 21:04:07.424 W/SceneManagerHelper( 1372): submitMediaItemToSceneManager: null value for kEventCodecHeight
04-20 21:04:07.424 W/SceneManagerHelper( 1372): submitMediaItemToSceneManager: null value for kEventCodecRenderFrameRate
04-20 21:04:07.424 W/SceneManagerHelper( 1372): submitMediaItemToSceneManager: null value for kEventCodecVideoVRType
04-20 21:04:07.424 E/SceneManagerHelper( 1372): submitMediaItemToSceneManager: null value for kEventCodecBufferQueueName
04-20 21:04:07.424 W/PxrMediaAnalyticsService( 1372): submitMediaItemToSceneManager fail
04-20 21:04:07.424 W/PerformanceTrackerHelper( 1372): submitMediaItemToProtoBuffer_l: null value for kEventCodecUseSurface
04-20 21:04:07.424 W/PxrMediaAnalyticsService( 1372): submitMediaItemToProtoBuffer fail
04-20 21:04:07.426 E/APxrRuntime( 7849): (handTracker == NULL)
04-20 21:04:07.429 I/chatty  ( 7849): uid=1000(system) identical 14 lines
04-20 21:04:07.429 E/APxrRuntime( 7849): (handTracker == NULL)
04-20 21:04:07.430 I/OMXClient( 7849): IOmx service obtained
04-20 21:04:07.430 I/OMXMaster( 1381): makeComponentInstance(OMX.google.aac.decoder) in android.hardwar process
04-20 21:04:07.431 E/APxrRuntime( 7849): (handTracker == NULL)
04-20 21:04:07.432 I/chatty  ( 7849): uid=1000(system) identical 6 lines
04-20 21:04:07.432 E/APxrRuntime( 7849): (handTracker == NULL)
04-20 21:04:07.433 E/OMXNodeInstance( 1381): getConfig(0xe625b9c0:google.aac.decoder, ConfigAndroidVendorExtension(0x6f100004)) ERROR: Undefined(0x80001001)
04-20 21:04:07.433 E/APxrRuntime( 7849): (handTracker == NULL)
04-20 21:04:07.434 W/ExtendedACodec( 7849): Failed to get extension for extradata parameter
04-20 21:04:07.434 E/APxrRuntime( 7849): (handTracker == NULL)
04-20 21:04:07.434 I/chatty  ( 7849): uid=1000(system) identical 5 lines
04-20 21:04:07.434 E/APxrRuntime( 7849): (handTracker == NULL)
04-20 21:04:07.434 W/PxrEventUploader( 1372): codec_name: OMX.google.aac.decoder
04-20 21:04:07.434 I/PxrNotificationClient( 1372): sendPxrNotification,action:teatracker_event_action id:0,value1:media_codec_configure value2:0,ext:{"caller_package_name":"com.pvr.seethrough.setting","channel_count":2,"codec_name":"OMX.google.aac.decoder","is_protected":0,"low_latency_mode":0,"metrics_session_id":71,"sample_rate":48000}
04-20 21:04:07.434 E/PxrNotificationUtils( 1886): non system uid checkSendPxrMessagePermissionWithAction:teatracker_event_action permission granted.
04-20 21:04:07.435 I/PxrNotificationService( 1886): sendPxrMessage callingPid:1372 action teatracker_event_action ,value1:media_codec_configure ,value2:0 ,ext:{"caller_package_name":"com.pvr.seethrough.setting","channel_count":2,"codec_name":"OMX.google.aac.decoder","is_protected":0,"low_latency_mode":0,"metrics_session_id":71,"sample_rate":48000} ,mPvrCallbacks.size():17
04-20 21:04:07.435 W/SceneManagerHelper( 1372): submitMediaItemToSceneManager: discrad invailed keyEvent: media_codec_configure
04-20 21:04:07.435 W/PxrMediaAnalyticsService( 1372): submitMediaItemToSceneManager fail
04-20 21:04:07.435 W/PerformanceTrackerHelper( 1372): submitMediaItemToProtoBuffer_l: null value for kEventCodecUseSurface
04-20 21:04:07.435 W/PxrMediaAnalyticsService( 1372): submitMediaItemToProtoBuffer fail
04-20 21:04:07.436 E/APxrRuntime( 7849): (handTracker == NULL)
04-20 21:04:07.609 I/chatty  ( 7849): uid=1000(system) identical 526 lines
04-20 21:04:07.609 E/APxrRuntime( 7849): (handTracker == NULL)
04-20 21:04:07.610 I/SeethroughSetting( 7849): Keep runing WatchDog
04-20 21:04:07.612 E/APxrRuntime( 7849): (handTracker == NULL)
04-20 21:04:07.649 I/chatty  ( 7849): uid=1000(system) identical 126 lines
04-20 21:04:07.649 E/APxrRuntime( 7849): (handTracker == NULL)
04-20 21:04:07.650 I/pxrhmdservice (  961): Call <getCommonDataThread> - boot_completed=[1] ------------------------
04-20 21:04:07.651 E/APxrRuntime( 7849): (handTracker == NULL)
04-20 21:04:07.903 I/chatty  ( 7849): uid=1000(system) identical 846 lines
04-20 21:04:07.903 E/APxrRuntime( 7849): (handTracker == NULL)
04-20 21:04:07.904 W/ServiceManagement(  651): Waited one second for vendor.qti.hardware.radio.uim_remote_client@1.0::IUimRemoteServiceClient/uimRemoteClient0
04-20 21:04:07.905 I/ServiceManagement(  651): getService: Trying again for vendor.qti.hardware.radio.uim_remote_client@1.0::IUimRemoteServiceClient/uimRemoteClient0...
04-20 21:04:07.905 E/APxrRuntime( 7849): (handTracker == NULL)
04-20 21:04:08.035 I/chatty  ( 7849): uid=1000(system) identical 427 lines
04-20 21:04:08.035 E/APxrRuntime( 7849): (handTracker == NULL)
04-20 21:04:08.035 I/MediaCodec( 7849): kWhatCodecPerformanceNotify, fps: 26, avgLatencyMs: -1
04-20 21:04:08.035 E/APxrRuntime( 7849): (handTracker == NULL)
04-20 21:04:08.092 I/chatty  ( 7849): uid=1000(system) identical 187 lines
04-20 21:04:08.092 E/APxrRuntime( 7849): (handTracker == NULL)
04-20 21:04:08.092 I/PxrConfigServiceClient(  967): PROPERTY String8(property).string():{"CFG_VER":"1.0","CFG_HASH_ALG":"sha256","OUT_DIR":"\/mnt\/vendor\/pvr\/firmwareupdate\/asset_100004009_20260410","BASE_FW_DIR_CONTROLLER":"\/system\/etc\/ctlbin","BASE_FW_DIR_TRACKER":"\/system\/etc\/trackerbin","UPDATED_FW_DIR_CONTROLLER":"\/mnt\/vendor\/pvr\/firmwareupdate\/asset_100004009_20260410\/controller","FW_HASH_SparrowCtrl_sv1.36_PR_tv01_20241012_b136_app.bin":"ebe7333af3d6b25fcccd86afbfe7b3d816e0e5e7f6dc4819f722ba3a6b9f3bd1"} =======443
04-20 21:04:08.092 E/APxrRuntime( 7849): (handTracker == NULL)
04-20 21:04:08.621 I/chatty  ( 7849): uid=1000(system) identical 1612 lines
04-20 21:04:08.622 E/APxrRuntime( 7849): (handTracker == NULL)
04-20 21:04:08.622 I/SeethroughSetting( 7849): Keep runing WatchDog
04-20 21:04:08.623 E/APxrRuntime( 7849): (handTracker == NULL)
04-20 21:04:08.649 I/chatty  ( 7849): uid=1000(system) identical 86 lines
04-20 21:04:08.649 E/APxrRuntime( 7849): (handTracker == NULL)
04-20 21:04:08.650 I/pxrhmdservice (  961): Call <getCommonDataThread> - boot_completed=[1] ------------------------
04-20 21:04:08.651 E/APxrRuntime( 7849): (handTracker == NULL)
04-20 21:04:08.903 I/chatty  ( 7849): uid=1000(system) identical 822 lines
04-20 21:04:08.903 E/APxrRuntime( 7849): (handTracker == NULL)
04-20 21:04:08.906 W/ServiceManagement(  651): Waited one second for vendor.qti.hardware.radio.uim_remote_client@1.0::IUimRemoteServiceClient/uimRemoteClient0
04-20 21:04:08.906 E/APxrRuntime( 7849): (handTracker == NULL)
04-20 21:04:08.906 I/chatty  ( 7849): uid=1000(system) identical 3 lines
04-20 21:04:08.906 E/APxrRuntime( 7849): (handTracker == NULL)
04-20 21:04:08.906 I/ServiceManagement(  651): getService: Trying again for vendor.qti.hardware.radio.uim_remote_client@1.0::IUimRemoteServiceClient/uimRemoteClient0...
04-20 21:04:08.906 E/APxrRuntime( 7849): (handTracker == NULL)
04-20 21:04:09.034 I/chatty  ( 7849): uid=1000(system) identical 409 lines
04-20 21:04:09.034 E/APxrRuntime( 7849): (handTracker == NULL)
04-20 21:04:09.035 I/MediaCodec( 7849): kWhatCodecPerformanceNotify, fps: 25, avgLatencyMs: -1
04-20 21:04:09.036 E/APxrRuntime( 7849): (handTracker == NULL)
04-20 21:04:09.109 I/chatty  ( 7849): uid=1000(system) identical 238 lines
04-20 21:04:09.109 E/APxrRuntime( 7849): (handTracker == NULL)
04-20 21:04:09.111 I/PxrConfigServiceClient(  967): PROPERTY String8(property).string():{"CFG_VER":"1.0","CFG_HASH_ALG":"sha256","OUT_DIR":"\/mnt\/vendor\/pvr\/firmwareupdate\/asset_100004009_20260410","BASE_FW_DIR_CONTROLLER":"\/system\/etc\/ctlbin","BASE_FW_DIR_TRACKER":"\/system\/etc\/trackerbin","UPDATED_FW_DIR_CONTROLLER":"\/mnt\/vendor\/pvr\/firmwareupdate\/asset_100004009_20260410\/controller","FW_HASH_SparrowCtrl_sv1.36_PR_tv01_20241012_b136_app.bin":"ebe7333af3d6b25fcccd86afbfe7b3d816e0e5e7f6dc4819f722ba3a6b9f3bd1"} =======443
04-20 21:04:09.111 E/APxrRuntime( 7849): (handTracker == NULL)
04-20 21:04:09.228 I/chatty  ( 7849): uid=1000(system) identical 359 lines
04-20 21:04:09.230 I/PxrFanService(  960): FanControlSetDriver changed settings - [1562751590965]	[1552736231594] 
04-20 21:04:09.230 E/APxrRuntime( 7849): (handTracker == NULL)
04-20 21:04:09.230 E/APxrRuntime( 7849): (handTracker == NULL)
04-20 21:04:09.650 I/chatty  ( 7849): uid=1000(system) identical 1347 lines
04-20 21:04:09.650 I/pxrhmdservice (  961): Call <getCommonDataThread> - boot_completed=[1] ------------------------
04-20 21:04:09.650 E/APxrRuntime( 7849): (handTracker == NULL)
04-20 21:04:09.650 E/APxrRuntime( 7849): (handTracker == NULL)
04-20 21:04:09.662 I/chatty  ( 7849): uid=1000(system) identical 37 lines
04-20 21:04:09.662 E/APxrRuntime( 7849): (handTracker == NULL)
04-20 21:04:09.662 I/SeethroughSetting( 7849): Keep runing WatchDog
04-20 21:04:09.662 E/APxrRuntime( 7849): (handTracker == NULL)
04-20 21:04:09.906 I/chatty  ( 7849): uid=1000(system) identical 809 lines
04-20 21:04:09.906 E/APxrRuntime( 7849): (handTracker == NULL)
04-20 21:04:09.907 W/ServiceManagement(  651): Waited one second for vendor.qti.hardware.radio.uim_remote_client@1.0::IUimRemoteServiceClient/uimRemoteClient0
04-20 21:04:09.908 I/ServiceManagement(  651): getService: Trying again for vendor.qti.hardware.radio.uim_remote_client@1.0::IUimRemoteServiceClient/uimRemoteClient0...
04-20 21:04:09.908 E/APxrRuntime( 7849): (handTracker == NULL)
04-20 21:04:10.035 I/chatty  ( 7849): uid=1000(system) identical 426 lines
04-20 21:04:10.035 E/APxrRuntime( 7849): (handTracker == NULL)
04-20 21:04:10.035 I/MediaCodec( 7849): kWhatCodecPerformanceNotify, fps: 25, avgLatencyMs: -1
04-20 21:04:10.035 E/APxrRuntime( 7849): (handTracker == NULL)
04-20 21:04:10.125 I/chatty  ( 7849): uid=1000(system) identical 282 lines
04-20 21:04:10.125 E/APxrRuntime( 7849): (handTracker == NULL)
04-20 21:04:10.126 I/PxrConfigServiceClient(  967): PROPERTY String8(property).string():{"CFG_VER":"1.0","CFG_HASH_ALG":"sha256","OUT_DIR":"\/mnt\/vendor\/pvr\/firmwareupdate\/asset_100004009_20260410","BASE_FW_DIR_CONTROLLER":"\/system\/etc\/ctlbin","BASE_FW_DIR_TRACKER":"\/system\/etc\/trackerbin","UPDATED_FW_DIR_CONTROLLER":"\/mnt\/vendor\/pvr\/firmwareupdate\/asset_100004009_20260410\/controller","FW_HASH_SparrowCtrl_sv1.36_PR_tv01_20241012_b136_app.bin":"ebe7333af3d6b25fcccd86afbfe7b3d816e0e5e7f6dc4819f722ba3a6b9f3bd1"} =======443
04-20 21:04:10.127 E/APxrRuntime( 7849): (handTracker == NULL)
04-20 21:04:10.256 I/BatteryServiceExt( 1345): shouldShutdownLocked batteryLevel=100,mOffBatteryLevel=100 no need shutdown
04-20 21:04:10.448 I/BatteryServiceExt( 1345): shouldShutdownLocked batteryLevel=100,mOffBatteryLevel=100 no need shutdown
04-20 21:04:10.648 I/chatty  ( 7849): uid=1000(system) identical 1614 lines
04-20 21:04:10.648 E/APxrRuntime( 7849): (handTracker == NULL)
04-20 21:04:10.651 I/pxrhmdservice (  961): Call <getCommonDataThread> - boot_completed=[1] ------------------------
04-20 21:04:10.651 E/APxrRuntime( 7849): (handTracker == NULL)
04-20 21:04:10.679 I/chatty  ( 7849): uid=1000(system) identical 94 lines
04-20 21:04:10.679 E/APxrRuntime( 7849): (handTracker == NULL)
04-20 21:04:10.680 I/SeethroughSetting( 7849): Keep runing WatchDog
04-20 21:04:10.681 E/APxrRuntime( 7849): (handTracker == NULL)
04-20 21:04:10.906 I/chatty  ( 7849): uid=1000(system) identical 694 lines
04-20 21:04:10.906 E/APxrRuntime( 7849): (handTracker == NULL)
04-20 21:04:10.909 W/ServiceManagement(  651): Waited one second for vendor.qti.hardware.radio.uim_remote_client@1.0::IUimRemoteServiceClient/uimRemoteClient0
04-20 21:04:10.909 I/ServiceManagement(  651): getService: Trying again for vendor.qti.hardware.radio.uim_remote_client@1.0::IUimRemoteServiceClient/uimRemoteClient0...
04-20 21:04:10.909 E/APxrRuntime( 7849): (handTracker == NULL)
04-20 21:04:11.034 I/chatty  ( 7849): uid=1000(system) identical 342 lines
04-20 21:04:11.034 E/APxrRuntime( 7849): (handTracker == NULL)
04-20 21:04:11.035 I/MediaCodec( 7849): kWhatCodecPerformanceNotify, fps: 25, avgLatencyMs: -1
04-20 21:04:11.036 E/APxrRuntime( 7849): (handTracker == NULL)
04-20 21:04:11.143 I/chatty  ( 7849): uid=1000(system) identical 302 lines
04-20 21:04:11.143 E/APxrRuntime( 7849): (handTracker == NULL)
04-20 21:04:11.146 I/PxrConfigServiceClient(  967): PROPERTY String8(property).string():{"CFG_VER":"1.0","CFG_HASH_ALG":"sha256","OUT_DIR":"\/mnt\/vendor\/pvr\/firmwareupdate\/asset_100004009_20260410","BASE_FW_DIR_CONTROLLER":"\/system\/etc\/ctlbin","BASE_FW_DIR_TRACKER":"\/system\/etc\/trackerbin","UPDATED_FW_DIR_CONTROLLER":"\/mnt\/vendor\/pvr\/firmwareupdate\/asset_100004009_20260410\/controller","FW_HASH_SparrowCtrl_sv1.36_PR_tv01_20241012_b136_app.bin":"ebe7333af3d6b25fcccd86afbfe7b3d816e0e5e7f6dc4819f722ba3a6b9f3bd1"} =======443
04-20 21:04:11.146 E/APxrRuntime( 7849): (handTracker == NULL)
04-20 21:04:11.279 I/chatty  ( 7849): uid=1000(system) identical 342 lines
04-20 21:04:11.279 E/APxrRuntime( 7849): (handTracker == NULL)
04-20 21:04:11.280 I/pxrhmdservice (  961): thermal monitor: item[0] - sum:25683600, count:460, avg:55833
04-20 21:04:11.280 I/pxrhmdservice (  961): thermal monitor: Check temp[55833] timer[219]
04-20 21:04:11.280 I/pxrhmdservice (  961): thermal monitor: item[1] - sum:25376500, count:460, avg:55166
04-20 21:04:11.280 I/pxrhmdservice (  961): thermal monitor: Check temp[55166] timer[219]
04-20 21:04:11.280 I/pxrhmdservice (  961): thermal monitor: item[2] - sum:24840900, count:460, avg:54001
04-20 21:04:11.280 I/pxrhmdservice (  961): thermal monitor: Check temp[54001] timer[219]
04-20 21:04:11.280 I/pxrhmdservice (  961): thermal monitor: item[3] - sum:24958100, count:460, avg:54256
04-20 21:04:11.280 I/pxrhmdservice (  961): thermal monitor: Check temp[54256] timer[219]
04-20 21:04:11.280 I/pxrhmdservice (  961): thermal monitor: item[4] - sum:25290300, count:460, avg:54978
04-20 21:04:11.280 I/pxrhmdservice (  961): thermal monitor: Check temp[54978] timer[219]
04-20 21:04:11.280 I/pxrhmdservice (  961): thermal monitor: item[5] - sum:25720200, count:460, avg:55913
04-20 21:04:11.280 I/pxrhmdservice (  961): thermal monitor: Check temp[55913] timer[219]
04-20 21:04:11.280 I/pxrhmdservice (  961): thermal monitor: item[6] - sum:25837900, count:460, avg:56169
04-20 21:04:11.280 I/pxrhmdservice (  961): thermal monitor: Check temp[56169] timer[219]
04-20 21:04:11.280 I/pxrhmdservice (  961): thermal monitor: item[7] - sum:26604000, count:460, avg:57834
04-20 21:04:11.280 I/pxrhmdservice (  961): thermal monitor: Check temp[57834] timer[219]
04-20 21:04:11.280 I/pxrhmdservice (  961): thermal monitor: item[8] - sum:25370100, count:460, avg:55152
04-20 21:04:11.280 I/pxrhmdservice (  961): thermal monitor: Check temp[55152] timer[219]
04-20 21:04:11.280 I/pxrhmdservice (  961): thermal monitor: item[9] - sum:25824600, count:460, avg:56140
04-20 21:04:11.280 I/pxrhmdservice (  961): thermal monitor: Check temp[56140] timer[219]
04-20 21:04:11.280 I/pxrhmdservice (  961): thermal monitor: item[10] - sum:25794900, count:460, avg:56075
04-20 21:04:11.280 I/pxrhmdservice (  961): thermal monitor: Check temp[56075] timer[219]
04-20 21:04:11.280 I/pxrhmdservice (  961): thermal monitor: item[11] - sum:26383900, count:460, avg:57356
04-20 21:04:11.280 I/pxrhmdservice (  961): thermal monitor: Check temp[57356] timer[219]
04-20 21:04:11.280 I/pxrhmdservice (  961): thermal monitor: item[12] - sum:24116300, count:460, avg:52426
04-20 21:04:11.280 I/pxrhmdservice (  961): thermal monitor: Check temp[52426] timer[219]
04-20 21:04:11.280 I/pxrhmdservice (  961): thermal monitor: item[13] - sum:24637200, count:460, avg:53559
04-20 21:04:11.280 I/pxrhmdservice (  961): thermal monitor: Check temp[53559] timer[219]
04-20 21:04:11.281 E/APxrRuntime( 7849): (handTracker == NULL)
04-20 21:04:11.649 I/chatty  ( 7849): uid=1000(system) identical 974 lines
04-20 21:04:11.649 E/APxrRuntime( 7849): (handTracker == NULL)
04-20 21:04:11.651 I/pxrhmdservice (  961): Call <getCommonDataThread> - boot_completed=[1] ------------------------
04-20 21:04:11.652 E/APxrRuntime( 7849): (handTracker == NULL)
04-20 21:04:11.698 I/chatty  ( 7849): uid=1000(system) identical 134 lines
04-20 21:04:11.698 E/APxrRuntime( 7849): (handTracker == NULL)
04-20 21:04:11.699 I/SeethroughSetting( 7849): Keep runing WatchDog
04-20 21:04:11.702 E/APxrRuntime( 7849): (handTracker == NULL)
04-20 21:04:11.908 I/chatty  ( 7849): uid=1000(system) identical 662 lines
04-20 21:04:11.908 E/APxrRuntime( 7849): (handTracker == NULL)
04-20 21:04:11.910 W/ServiceManagement(  651): Waited one second for vendor.qti.hardware.radio.uim_remote_client@1.0::IUimRemoteServiceClient/uimRemoteClient0
04-20 21:04:11.910 E/APxrRuntime( 7849): (handTracker == NULL)
04-20 21:04:11.910 E/APxrRuntime( 7849): (handTracker == NULL)
04-20 21:04:11.910 I/ServiceManagement(  651): getService: Trying again for vendor.qti.hardware.radio.uim_remote_client@1.0::IUimRemoteServiceClient/uimRemoteClient0...
04-20 21:04:11.910 E/APxrRuntime( 7849): (handTracker == NULL)
04-20 21:04:12.035 I/chatty  ( 7849): uid=1000(system) identical 428 lines
04-20 21:04:12.035 E/APxrRuntime( 7849): (handTracker == NULL)
04-20 21:04:12.035 I/MediaCodec( 7849): kWhatCodecPerformanceNotify, fps: 25, avgLatencyMs: -1
04-20 21:04:12.037 E/APxrRuntime( 7849): (handTracker == NULL)
04-20 21:04:12.160 I/chatty  ( 7849): uid=1000(system) identical 422 lines
04-20 21:04:12.160 E/APxrRuntime( 7849): (handTracker == NULL)
04-20 21:04:12.160 I/PxrConfigServiceClient(  967): PROPERTY String8(property).string():{"CFG_VER":"1.0","CFG_HASH_ALG":"sha256","OUT_DIR":"\/mnt\/vendor\/pvr\/firmwareupdate\/asset_100004009_20260410","BASE_FW_DIR_CONTROLLER":"\/system\/etc\/ctlbin","BASE_FW_DIR_TRACKER":"\/system\/etc\/trackerbin","UPDATED_FW_DIR_CONTROLLER":"\/mnt\/vendor\/pvr\/firmwareupdate\/asset_100004009_20260410\/controller","FW_HASH_SparrowCtrl_sv1.36_PR_tv01_20241012_b136_app.bin":"ebe7333af3d6b25fcccd86afbfe7b3d816e0e5e7f6dc4819f722ba3a6b9f3bd1"} =======443
04-20 21:04:12.161 E/APxrRuntime( 7849): (handTracker == NULL)
04-20 21:04:12.650 I/chatty  ( 7849): uid=1000(system) identical 1558 lines
04-20 21:04:12.650 E/APxrRuntime( 7849): (handTracker == NULL)
04-20 21:04:12.651 I/pxrhmdservice (  961): Call <getCommonDataThread> - boot_completed=[1] ------------------------
04-20 21:04:12.653 E/APxrRuntime( 7849): (handTracker == NULL)
04-20 21:04:12.702 I/chatty  ( 7849): uid=1000(system) identical 158 lines
04-20 21:04:12.702 E/APxrRuntime( 7849): (handTracker == NULL)
04-20 21:04:12.703 I/SeethroughSetting( 7849): Keep runing WatchDog
04-20 21:04:12.704 E/APxrRuntime( 7849): (handTracker == NULL)
04-20 21:04:12.910 I/chatty  ( 7849): uid=1000(system) identical 654 lines
04-20 21:04:12.910 E/APxrRuntime( 7849): (handTracker == NULL)
04-20 21:04:12.911 W/ServiceManagement(  651): Waited one second for vendor.qti.hardware.radio.uim_remote_client@1.0::IUimRemoteServiceClient/uimRemoteClient0
04-20 21:04:12.912 E/APxrRuntime( 7849): (handTracker == NULL)
04-20 21:04:12.912 I/chatty  ( 7849): uid=1000(system) identical 4 lines
04-20 21:04:12.912 I/ServiceManagement(  651): getService: Trying again for vendor.qti.hardware.radio.uim_remote_client@1.0::IUimRemoteServiceClient/uimRemoteClient0...
04-20 21:04:12.912 E/APxrRuntime( 7849): (handTracker == NULL)
04-20 21:04:12.912 E/APxrRuntime( 7849): (handTracker == NULL)
04-20 21:04:13.035 I/chatty  ( 7849): uid=1000(system) identical 400 lines
04-20 21:04:13.035 E/APxrRuntime( 7849): (handTracker == NULL)
04-20 21:04:13.036 I/MediaCodec( 7849): kWhatCodecPerformanceNotify, fps: 25, avgLatencyMs: -1
04-20 21:04:13.037 E/APxrRuntime( 7849): (handTracker == NULL)
04-20 21:04:13.175 I/chatty  ( 7849): uid=1000(system) identical 446 lines
04-20 21:04:13.175 E/APxrRuntime( 7849): (handTracker == NULL)
04-20 21:04:13.175 I/PxrConfigServiceClient(  967): PROPERTY String8(property).string():{"CFG_VER":"1.0","CFG_HASH_ALG":"sha256","OUT_DIR":"\/mnt\/vendor\/pvr\/firmwareupdate\/asset_100004009_20260410","BASE_FW_DIR_CONTROLLER":"\/system\/etc\/ctlbin","BASE_FW_DIR_TRACKER":"\/system\/etc\/trackerbin","UPDATED_FW_DIR_CONTROLLER":"\/mnt\/vendor\/pvr\/firmwareupdate\/asset_100004009_20260410\/controller","FW_HASH_SparrowCtrl_sv1.36_PR_tv01_20241012_b136_app.bin":"ebe7333af3d6b25fcccd86afbfe7b3d816e0e5e7f6dc4819f722ba3a6b9f3bd1"} =======443
04-20 21:04:13.176 E/APxrRuntime( 7849): (handTracker == NULL)
04-20 21:04:13.651 I/chatty  ( 7849): uid=1000(system) identical 1546 lines
04-20 21:04:13.651 E/APxrRuntime( 7849): (handTracker == NULL)
04-20 21:04:13.651 I/pxrhmdservice (  961): Call <getCommonDataThread> - boot_completed=[1] ------------------------
04-20 21:04:13.651 E/APxrRuntime( 7849): (handTracker == NULL)
04-20 21:04:13.705 I/chatty  ( 7849): uid=1000(system) identical 194 lines
04-20 21:04:13.705 E/APxrRuntime( 7849): (handTracker == NULL)
04-20 21:04:13.706 I/SeethroughSetting( 7849): Keep runing WatchDog
04-20 21:04:13.708 E/APxrRuntime( 7849): (handTracker == NULL)
04-20 21:04:13.912 I/chatty  ( 7849): uid=1000(system) identical 654 lines
04-20 21:04:13.912 E/APxrRuntime( 7849): (handTracker == NULL)
04-20 21:04:13.913 W/ServiceManagement(  651): Waited one second for vendor.qti.hardware.radio.uim_remote_client@1.0::IUimRemoteServiceClient/uimRemoteClient0
04-20 21:04:13.913 I/ServiceManagement(  651): getService: Trying again for vendor.qti.hardware.radio.uim_remote_client@1.0::IUimRemoteServiceClient/uimRemoteClient0...
04-20 21:04:13.914 E/APxrRuntime( 7849): (handTracker == NULL)
04-20 21:04:14.034 I/chatty  ( 7849): uid=1000(system) identical 422 lines
04-20 21:04:14.034 E/APxrRuntime( 7849): (handTracker == NULL)
04-20 21:04:14.036 I/MediaCodec( 7849): kWhatCodecPerformanceNotify, fps: 25, avgLatencyMs: -1
04-20 21:04:14.036 E/APxrRuntime( 7849): (handTracker == NULL)
04-20 21:04:14.191 I/chatty  ( 7849): uid=1000(system) identical 502 lines
04-20 21:04:14.191 E/APxrRuntime( 7849): (handTracker == NULL)
04-20 21:04:14.193 I/PxrConfigServiceClient(  967): PROPERTY String8(property).string():{"CFG_VER":"1.0","CFG_HASH_ALG":"sha256","OUT_DIR":"\/mnt\/vendor\/pvr\/firmwareupdate\/asset_100004009_20260410","BASE_FW_DIR_CONTROLLER":"\/system\/etc\/ctlbin","BASE_FW_DIR_TRACKER":"\/system\/etc\/trackerbin","UPDATED_FW_DIR_CONTROLLER":"\/mnt\/vendor\/pvr\/firmwareupdate\/asset_100004009_20260410\/controller","FW_HASH_SparrowCtrl_sv1.36_PR_tv01_20241012_b136_app.bin":"ebe7333af3d6b25fcccd86afbfe7b3d816e0e5e7f6dc4819f722ba3a6b9f3bd1"} =======443
04-20 21:04:14.193 E/APxrRuntime( 7849): (handTracker == NULL)
04-20 21:04:14.193 I/chatty  ( 7849): uid=1000(system) identical 6 lines
04-20 21:04:14.193 E/APxrRuntime( 7849): (handTracker == NULL)
04-20 21:04:14.194 E/gd32ipdservice(  948): L1:AddServiceListener: Add listener 0x743f5014c0, 1
04-20 21:04:14.194 E/gd32ipdservice(  948): L1:a0 0f 00 00 00 af 
04-20 21:04:14.195 E/gd32ipdservice(  948): L1:uart_open = 9
04-20 21:04:14.195 E/APxrRuntime( 7849): (handTracker == NULL)
04-20 21:04:14.200 I/chatty  ( 7849): uid=1000(system) identical 22 lines
04-20 21:04:14.200 E/APxrRuntime( 7849): (handTracker == NULL)
04-20 21:04:14.202 E/gd32ipdservice(  948): L1:Uart_Close fd 9
04-20 21:04:14.202 E/gd32ipdservice(  948): L1:79 00 00 79 
04-20 21:04:14.202 E/gd32ipdservice(  948): L1:retry_cnt=3 ret=4 callingUid=0
04-20 21:04:14.202 E/APxrRuntime( 7849): (handTracker == NULL)
04-20 21:04:14.203 I/chatty  ( 7849): uid=1000(system) identical 6 lines
04-20 21:04:14.203 E/APxrRuntime( 7849): (handTracker == NULL)
04-20 21:04:14.204 E/gd32ipdservice(  948): L1:a0 10 00 00 00 b0 
04-20 21:04:14.204 E/APxrRuntime( 7849): (handTracker == NULL)
04-20 21:04:14.205 I/chatty  ( 7849): uid=1000(system) identical 3 lines
04-20 21:04:14.205 E/APxrRuntime( 7849): (handTracker == NULL)
04-20 21:04:14.205 E/gd32ipdservice(  948): L1:uart_open = 9
04-20 21:04:14.205 E/APxrRuntime( 7849): (handTracker == NULL)
04-20 21:04:14.212 I/chatty  ( 7849): uid=1000(system) identical 17 lines
04-20 21:04:14.212 E/APxrRuntime( 7849): (handTracker == NULL)
04-20 21:04:14.212 E/gd32ipdservice(  948): L1:Uart_Close fd 9
04-20 21:04:14.212 E/gd32ipdservice(  948): L1:79 00 00 79 
04-20 21:04:14.212 E/gd32ipdservice(  948): L1:retry_cnt=3 ret=4 callingUid=0
04-20 21:04:14.214 E/APxrRuntime( 7849): (handTracker == NULL)
04-20 21:04:14.216 I/chatty  ( 7849): uid=1000(system) identical 13 lines
04-20 21:04:14.216 E/APxrRuntime( 7849): (handTracker == NULL)
04-20 21:04:14.216 I/UidCpuTracker( 1345): small cpu total = 3937 ; idle = 2246 ; ratio = 42 ; mCpuUsageRatio = 21
04-20 21:04:14.216 E/APxrRuntime( 7849): (handTracker == NULL)
04-20 21:04:14.216 I/UidCpuTracker( 1345): larger cpu total = 2987 ; idle = 2976 ; ratio = 0 ; mCpuUsageRatio = 21
04-20 21:04:14.216 I/UidCpuTracker( 1345): super cpu total = 998 ; idle = 994 ; ratio = 0 ; mCpuUsageRatio = 21
04-20 21:04:14.218 E/APxrRuntime( 7849): (handTracker == NULL)
04-20 21:04:14.487 I/fileavg (  910): vecRecords.size= 0
04-20 21:04:14.651 I/chatty  ( 7849): uid=1000(system) identical 1462 lines
04-20 21:04:14.651 I/pxrhmdservice (  961): Call <getCommonDataThread> - boot_completed=[1] ------------------------
04-20 21:04:14.651 E/APxrRuntime( 7849): (handTracker == NULL)
04-20 21:04:14.653 E/APxrRuntime( 7849): (handTracker == NULL)
04-20 21:04:14.719 I/chatty  ( 7849): uid=1000(system) identical 222 lines
04-20 21:04:14.719 E/APxrRuntime( 7849): (handTracker == NULL)
04-20 21:04:14.720 I/SeethroughSetting( 7849): Keep runing WatchDog
04-20 21:04:14.721 E/APxrRuntime( 7849): (handTracker == NULL)
04-20 21:04:14.877 I/chatty  ( 7849): uid=1000(system) identical 462 lines
04-20 21:04:14.877 E/APxrRuntime( 7849): (handTracker == NULL)
04-20 21:04:14.877 I/UidCpuTracker( 1345): small cpu total = 5895 ; idle = 3345 ; ratio = 43 ; mCpuUsageRatio = 21
04-20 21:04:14.878 E/PrefetchManagerService( 1345): onCpuState state = CPU_NORMAL
04-20 21:04:14.879 W/PrefetchManagerService( 1345): packname com.ss.android.ttvr version is 3.2.9 ,is support this version  -1
04-20 21:04:14.879 E/APxrRuntime( 7849): (handTracker == NULL)
04-20 21:04:14.914 I/chatty  ( 7849): uid=1000(system) identical 126 lines
04-20 21:04:14.914 E/APxrRuntime( 7849): (handTracker == NULL)
04-20 21:04:14.914 W/ServiceManagement(  651): Waited one second for vendor.qti.hardware.radio.uim_remote_client@1.0::IUimRemoteServiceClient/uimRemoteClient0
04-20 21:04:14.915 I/ServiceManagement(  651): getService: Trying again for vendor.qti.hardware.radio.uim_remote_client@1.0::IUimRemoteServiceClient/uimRemoteClient0...
04-20 21:04:14.916 E/APxrRuntime( 7849): (handTracker == NULL)
04-20 21:04:15.034 I/chatty  ( 7849): uid=1000(system) identical 350 lines
04-20 21:04:15.034 E/APxrRuntime( 7849): (handTracker == NULL)
04-20 21:04:15.036 I/MediaCodec( 7849): kWhatCodecPerformanceNotify, fps: 25, avgLatencyMs: -1
04-20 21:04:15.036 E/APxrRuntime( 7849): (handTracker == NULL)
04-20 21:04:15.207 I/chatty  ( 7849): uid=1000(system) identical 586 lines
04-20 21:04:15.207 E/APxrRuntime( 7849): (handTracker == NULL)
04-20 21:04:15.208 I/PxrConfigServiceClient(  967): PROPERTY String8(property).string():{"CFG_VER":"1.0","CFG_HASH_ALG":"sha256","OUT_DIR":"\/mnt\/vendor\/pvr\/firmwareupdate\/asset_100004009_20260410","BASE_FW_DIR_CONTROLLER":"\/system\/etc\/ctlbin","BASE_FW_DIR_TRACKER":"\/system\/etc\/trackerbin","UPDATED_FW_DIR_CONTROLLER":"\/mnt\/vendor\/pvr\/firmwareupdate\/asset_100004009_20260410\/controller","FW_HASH_SparrowCtrl_sv1.36_PR_tv01_20241012_b136_app.bin":"ebe7333af3d6b25fcccd86afbfe7b3d816e0e5e7f6dc4819f722ba3a6b9f3bd1"} =======443
04-20 21:04:15.208 E/APxrRuntime( 7849): (handTracker == NULL)
04-20 21:04:15.651 I/chatty  ( 7849): uid=1000(system) identical 1365 lines
04-20 21:04:15.652 I/pxrhmdservice (  961): Call <getCommonDataThread> - boot_completed=[1] ------------------------
04-20 21:04:15.652 E/APxrRuntime( 7849): (handTracker == NULL)
04-20 21:04:15.652 E/APxrRuntime( 7849): (handTracker == NULL)
04-20 21:04:15.731 I/chatty  ( 7849): uid=1000(system) identical 251 lines
04-20 21:04:15.731 E/APxrRuntime( 7849): (handTracker == NULL)
04-20 21:04:15.733 I/OMX-VDEC-1080P( 1381): We discard down scaler when omx not in execute state
04-20 21:04:15.733 E/APxrRuntime( 7849): (handTracker == NULL)
04-20 21:04:15.757 I/chatty  ( 7849): uid=1000(system) identical 86 lines
04-20 21:04:15.757 E/APxrRuntime( 7849): (handTracker == NULL)
04-20 21:04:15.759 I/SeethroughSetting( 7849): Keep runing WatchDog
04-20 21:04:15.760 E/APxrRuntime( 7849): (handTracker == NULL)
04-20 21:04:15.915 I/chatty  ( 7849): uid=1000(system) identical 494 lines
04-20 21:04:15.915 E/APxrRuntime( 7849): (handTracker == NULL)
04-20 21:04:15.915 W/ServiceManagement(  651): Waited one second for vendor.qti.hardware.radio.uim_remote_client@1.0::IUimRemoteServiceClient/uimRemoteClient0
04-20 21:04:15.916 I/ServiceManagement(  651): getService: Trying again for vendor.qti.hardware.radio.uim_remote_client@1.0::IUimRemoteServiceClient/uimRemoteClient0...
04-20 21:04:15.917 E/APxrRuntime( 7849): (handTracker == NULL)
04-20 21:04:16.035 I/chatty  ( 7849): uid=1000(system) identical 382 lines
04-20 21:04:16.035 E/APxrRuntime( 7849): (handTracker == NULL)
04-20 21:04:16.036 I/MediaCodec( 7849): kWhatCodecPerformanceNotify, fps: 25, avgLatencyMs: -1
04-20 21:04:16.037 E/APxrRuntime( 7849): (handTracker == NULL)
04-20 21:04:16.050 I/chatty  ( 7849): uid=1000(system) identical 39 lines
04-20 21:04:16.052 E/APxrRuntime( 7849): (handTracker == NULL)
04-20 21:04:16.052 I/ProximityPowerPolicyController( 1889): psensor mPsensorGotoSleep for far2,PSENSOR_FAR_LOCKED_TIME = 10 second(s)
04-20 21:04:16.052 E/APxrRuntime( 7849): (handTracker == NULL)
04-20 21:04:16.222 I/chatty  ( 7849): uid=1000(system) identical 525 lines
04-20 21:04:16.222 E/APxrRuntime( 7849): (handTracker == NULL)
04-20 21:04:16.223 I/PxrConfigServiceClient(  967): PROPERTY String8(property).string():{"CFG_VER":"1.0","CFG_HASH_ALG":"sha256","OUT_DIR":"\/mnt\/vendor\/pvr\/firmwareupdate\/asset_100004009_20260410","BASE_FW_DIR_CONTROLLER":"\/system\/etc\/ctlbin","BASE_FW_DIR_TRACKER":"\/system\/etc\/trackerbin","UPDATED_FW_DIR_CONTROLLER":"\/mnt\/vendor\/pvr\/firmwareupdate\/asset_100004009_20260410\/controller","FW_HASH_SparrowCtrl_sv1.36_PR_tv01_20241012_b136_app.bin":"ebe7333af3d6b25fcccd86afbfe7b3d816e0e5e7f6dc4819f722ba3a6b9f3bd1"} =======443
04-20 21:04:16.224 E/APxrRuntime( 7849): (handTracker == NULL)
04-20 21:04:16.375 I/chatty  ( 7849): uid=1000(system) identical 478 lines
04-20 21:04:16.375 E/APxrRuntime( 7849): (handTracker == NULL)
04-20 21:04:16.375 I/OMX-VDEC-1080P( 1381): We discard down scaler when omx not in execute state
04-20 21:04:16.375 I/OMX-VDEC-1080P( 1381): We discard down scaler when omx not in execute state
04-20 21:04:16.377 E/APxrRuntime( 7849): (handTracker == NULL)
04-20 21:04:16.384 I/chatty  ( 7849): uid=1000(system) identical 30 lines
04-20 21:04:16.384 E/APxrRuntime( 7849): (handTracker == NULL)
04-20 21:04:16.385 W/PxrEventUploader( 1372): codec_name: OMX.google.aac.decoder
04-20 21:04:16.385 I/PxrNotificationClient( 1372): sendPxrNotification,action:teatracker_event_action id:0,value1:media_codec_codec_stop value2:0,ext:{"caller_package_name":"com.pvr.seethrough.setting","channel_count":2,"codec_name":"OMX.google.aac.decoder","is_protected":0,"low_latency_mode":0,"metrics_session_id":71,"sample_rate":48000}
04-20 21:04:16.385 E/APxrRuntime( 7849): (handTracker == NULL)
04-20 21:04:16.386 E/APxrRuntime( 7849): (handTracker == NULL)
04-20 21:04:16.386 E/PxrNotificationUtils( 1886): non system uid checkSendPxrMessagePermissionWithAction:teatracker_event_action permission granted.
04-20 21:04:16.386 E/APxrRuntime( 7849): (handTracker == NULL)
04-20 21:04:16.386 I/chatty  ( 7849): uid=1000(system) identical 1 line
04-20 21:04:16.386 E/APxrRuntime( 7849): (handTracker == NULL)
04-20 21:04:16.386 I/PxrNotificationService( 1886): sendPxrMessage callingPid:1372 action teatracker_event_action ,value1:media_codec_codec_stop ,value2:0 ,ext:{"caller_package_name":"com.pvr.seethrough.setting","channel_count":2,"codec_name":"OMX.google.aac.decoder","is_protected":0,"low_latency_mode":0,"metrics_session_id":71,"sample_rate":48000} ,mPvrCallbacks.size():17
04-20 21:04:16.387 W/SceneManagerHelper( 1372): submitMediaItemToSceneManager: null value for kEventCodecWidth
04-20 21:04:16.387 W/SceneManagerHelper( 1372): submitMediaItemToSceneManager: null value for kEventCodecHeight
04-20 21:04:16.387 W/SceneManagerHelper( 1372): submitMediaItemToSceneManager: null value for kEventCodecRenderFrameRate
04-20 21:04:16.387 W/SceneManagerHelper( 1372): submitMediaItemToSceneManager: null value for kEventCodecVideoVRType
04-20 21:04:16.387 E/SceneManagerHelper( 1372): submitMediaItemToSceneManager: null value for kEventCodecBufferQueueName
04-20 21:04:16.387 W/PxrMediaAnalyticsService( 1372): submitMediaItemToSceneManager fail
04-20 21:04:16.387 W/PerformanceTrackerHelper( 1372): submitMediaItemToProtoBuffer_l: null value for kEventCodecUseSurface
04-20 21:04:16.387 W/PxrMediaAnalyticsService( 1372): submitMediaItemToProtoBuffer fail
04-20 21:04:16.389 E/APxrRuntime( 7849): (handTracker == NULL)
04-20 21:04:16.392 I/chatty  ( 7849): uid=1000(system) identical 9 lines
04-20 21:04:16.392 E/APxrRuntime( 7849): (handTracker == NULL)
04-20 21:04:16.393 I/OMXClient( 7849): IOmx service obtained
04-20 21:04:16.393 I/OMXMaster( 1381): makeComponentInstance(OMX.google.aac.decoder) in android.hardwar process
04-20 21:04:16.394 E/APxrRuntime( 7849): (handTracker == NULL)
04-20 21:04:16.395 I/chatty  ( 7849): uid=1000(system) identical 6 lines
04-20 21:04:16.395 E/APxrRuntime( 7849): (handTracker == NULL)
04-20 21:04:16.396 E/OMXNodeInstance( 1381): getConfig(0xe625b9c0:google.aac.decoder, ConfigAndroidVendorExtension(0x6f100004)) ERROR: Undefined(0x80001001)
04-20 21:04:16.397 W/ExtendedACodec( 7849): Failed to get extension for extradata parameter
04-20 21:04:16.397 E/APxrRuntime( 7849): (handTracker == NULL)
04-20 21:04:16.397 I/chatty  ( 7849): uid=1000(system) identical 3 lines
04-20 21:04:16.397 E/APxrRuntime( 7849): (handTracker == NULL)
04-20 21:04:16.397 W/PxrEventUploader( 1372): codec_name: OMX.google.aac.decoder
04-20 21:04:16.397 E/APxrRuntime( 7849): (handTracker == NULL)
04-20 21:04:16.397 E/APxrRuntime( 7849): (handTracker == NULL)
04-20 21:04:16.397 I/PxrNotificationClient( 1372): sendPxrNotification,action:teatracker_event_action id:0,value1:media_codec_configure value2:0,ext:{"caller_package_name":"com.pvr.seethrough.setting","channel_count":2,"codec_name":"OMX.google.aac.decoder","is_protected":0,"low_latency_mode":0,"metrics_session_id":72,"sample_rate":48000}
04-20 21:04:16.397 E/APxrRuntime( 7849): (handTracker == NULL)
04-20 21:04:16.397 E/PxrNotificationUtils( 1886): non system uid checkSendPxrMessagePermissionWithAction:teatracker_event_action permission granted.
04-20 21:04:16.398 I/PxrNotificationService( 1886): sendPxrMessage callingPid:1372 action teatracker_event_action ,value1:media_codec_configure ,value2:0 ,ext:{"caller_package_name":"com.pvr.seethrough.setting","channel_count":2,"codec_name":"OMX.google.aac.decoder","is_protected":0,"low_latency_mode":0,"metrics_session_id":72,"sample_rate":48000} ,mPvrCallbacks.size():17
04-20 21:04:16.398 W/SceneManagerHelper( 1372): submitMediaItemToSceneManager: discrad invailed keyEvent: media_codec_configure
04-20 21:04:16.398 W/PxrMediaAnalyticsService( 1372): submitMediaItemToSceneManager fail
04-20 21:04:16.398 W/PerformanceTrackerHelper( 1372): submitMediaItemToProtoBuffer_l: null value for kEventCodecUseSurface
04-20 21:04:16.398 W/PxrMediaAnalyticsService( 1372): submitMediaItemToProtoBuffer fail
04-20 21:04:16.400 E/APxrRuntime( 7849): (handTracker == NULL)
04-20 21:04:16.650 I/chatty  ( 7849): uid=1000(system) identical 822 lines
04-20 21:04:16.651 E/APxrRuntime( 7849): (handTracker == NULL)
