04-21 19:56:15.758 21046 26213 I Unity   : UnityEngine.DebugLogHandler:Internal_Log(LogType, LogOption, String, Object)
04-21 19:56:15.758 21046 26213 I Unity   : UnityEngine.DebugLogHandler:LogFormat(LogType, Object, String, Object[])
04-21 19:56:15.758 21046 26213 I Unity   : UnityEngine.Logger:Log(LogType, Object)
04-21 19:56:15.758 21046 26213 I Unity   : UnityEngine.Debug:Log(Object)
04-21 19:56:15.758 21046 26213 I Unity   : NetMQController:SendMessage(String, String) (at /home/likunwei/dataCollection/BeaVR-app/BeaVR-Unity/Assets/Scripts/Network/NetMQController.cs:335)
04-21 19:56:15.758 21046 26213 I Unity   : GestureDetectorXR:SendPauseStatusThroughController() (at /home/likunwei/dataCollection/BeaVR-app/BeaVR-Unity/Assets/Scripts/Gesture Detection/GestureDetectorXR.cs:525)
04-21 19:56:15.758 21046 26213 I Unity   : GestureDetectorXR:Update() (at /home/likunwei/dataCollection/BeaVR-app/BeaVR-Unity/Assets/Scripts/Gesture Detection/GestureDetectorXR.cs:204)
04-21 19:56:15.758 21046 26213 I Unity   : 
04-21 19:56:15.758 21046 26213 I Unity   : [App→Bot] RightHand 转发频率: 71.3 Hz
04-21 19:56:15.758 21046 26213 I Unity   : UnityEngine.DebugLogHandler:Internal_Log(LogType, LogOption, String, Object)
04-21 19:56:15.758 21046 26213 I Unity   : UnityEngine.DebugLogHandler:LogFormat(LogType, Object, String, Object[])
04-21 19:56:15.758 21046 26213 I Unity   : UnityEngine.Logger:Log(LogType, Object)
04-21 19:56:15.758 21046 26213 I Unity   : UnityEngine.Debug:Log(Object)
04-21 19:56:15.758 21046 26213 I Unity   : NetMQController:SendMessage(String, String) (at /home/likunwei/dataCollection/BeaVR-app/BeaVR-Unity/Assets/Scripts/Network/NetMQController.cs:335)
04-21 19:56:15.758 21046 26213 I Unity   : GestureDetectorXR:SendHandDataThroughController(String) (at /home/likunwei/dataCollection/BeaVR-app/BeaVR-Unity/Assets/Scripts/Gesture Detection/GestureDetectorXR.cs:341)
04-21 19:56:15.758 21046 26213 I Unity   : GestureDetectorXR:Update() (at /home/likunwei/dataCollection/BeaVR-app/BeaVR-Unity/Assets/Scripts/Gesture Detection/GestureDetectorXR.cs:214)
04-21 19:56:15.758 21046 26213 I Unity   : 
04-21 19:56:15.758 21046 26213 I Unity   : [App→Bot] LeftHand 转发频率: 71.3 Hz
04-21 19:56:15.758 21046 26213 I Unity   : UnityEngine.DebugLogHandler:Internal_Log(LogType, LogOption, String, Object)
04-21 19:56:15.758 21046 26213 I Unity   : UnityEngine.DebugLogHandler:LogFormat(LogType, Object, String, Object[])
04-21 19:56:15.758 21046 26213 I Unity   : UnityEngine.Logger:Log(LogType, Object)
04-21 19:56:15.758 21046 26213 I Unity   : UnityEngine.Debug:Log(Object)
04-21 19:56:15.758 21046 26213 I Unity   : NetMQController:SendMessage(String, String) (at /home/likunwei/dataCollection/BeaVR-app/BeaVR-Unity/Assets/Scripts/Network/NetMQController.cs:335)
04-21 19:56:15.758 21046 26213 I Unity   : GestureDetectorXR:SendHandDataThroughController(String) (at /home/likunwei/dataCollection/BeaVR-app/BeaVR-Unity/Assets/Scripts/Gesture Detection/GestureDetectorXR.cs:348)
04-21 19:56:15.758 21046 26213 I Unity   : GestureDetectorXR:Update() (at /home/likunwei/dataCollection/BeaVR-app/BeaVR-Unity/Assets/Scripts/Gesture Detection/GestureDetectorXR.cs:214)
04-21 19:56:15.758 21046 26213 I Unity   : 
04-21 19:56:15.758 21046 26213 I Unity   : [PICO→App] 右手发送频率: 71.3 Hz
04-21 19:56:15.758 21046 26213 I Unity   : UnityEngine.DebugLogHandler:Internal_Log(LogType, LogOption, String, Object)
04-21 19:56:15.758 21046 26213 I Unity   : UnityEngine.DebugLogHandler:LogFormat(LogType, Object, String, Object[])
04-21 19:56:15.758 21046 26213 I Unity   : UnityEngine.Logger:Log(LogType, Object)
04-21 19:56:15.758 21046 26213 I Unity   : UnityEngine.Debug:Log(Object)
04-21 19:56:15.758 21046 26213 I Unity   : GestureDetectorXR:SendHandDataThroughController(String) (at /home/likunwei/dataCollection/BeaVR-app/BeaVR-Unity/Assets/Scripts/Gesture Detection/GestureDetectorXR.cs:362)
04-21 19:56:15.758 21046 26213 I Unity   : GestureDetectorXR:Update() (at /home/likunwei/dataCollection/BeaVR-app/BeaVR-Unity/Assets/Scripts/Gesture Detection/GestureDetectorXR.cs:214)
04-21 19:56:15.758 21046 26213 I Unity   : 
04-21 19:56:15.759 21046 26213 I Unity   : [PICO→App] 左手发送频率: 71.3 Hz
04-21 19:56:15.759 21046 26213 I Unity   : UnityEngine.DebugLogHandler:Internal_Log(LogType, LogOption, String, Object)
04-21 19:56:15.759 21046 26213 I Unity   : UnityEngine.DebugLogHandler:LogFormat(LogType, Object, String, Object[])
04-21 19:56:15.759 21046 26213 I Unity   : UnityEngine.Logger:Log(LogType, Object)
04-21 19:56:15.759 21046 26213 I Unity   : UnityEngine.Debug:Log(Object)
04-21 19:56:15.759 21046 26213 I Unity   : GestureDetectorXR:SendHandDataThroughController(String) (at /home/likunwei/dataCollection/BeaVR-app/BeaVR-Unity/Assets/Scripts/Gesture Detection/GestureDetectorXR.cs:370)
04-21 19:56:15.759 21046 26213 I Unity   : GestureDetectorXR:Update() (at /home/likunwei/dataCollection/BeaVR-app/BeaVR-Unity/Assets/Scripts/Gesture Detection/GestureDetectorXR.cs:214)
04-21 19:56:15.759 21046 26213 I Unity   : 
04-21 19:56:15.941  4365 25094 I ByteCast: cybergarageDevice:deviceSearchResponse, ssdpPacket:/192.168.1.45 ssdpST urn:schemas-upnp-org:device:InternetGatewayDevice:1
04-21 19:56:16.008   925   925 E android.hardware.wifi@1.0-service: cyx convertHidlNanEnableReque 9394 contentavg=1564
04-21 19:56:16.093  1392  1525 I BatteryServiceExt: shouldShutdownLocked mIsScreenOn=true no need shutdown
04-21 19:56:16.096  1392  1529 I AUTO_FREEZE: makeQuickJudgment, uid:10127 to do nothing for totalState:64 |isFrozen:false |procState:2 |reason:check start perform not hasTimeout broadcast for action = android.intent.action.BATTERY_CHANGED
04-21 19:56:16.177 21046 26314 W APxrRuntime: PXRSDK_PM ENGINE FPS: 72, 5397780955805
04-21 19:56:16.209 21046 26365 I PxrMetric: FPS=59/72,MTP=38.79ms,AppSW=off,FrmEarly=17,FrmLate=0,FrmCpu=2.00ms,FrmGpu=1.72ms,FrmTime=6.11ms,ATWGPU=2.26ms,VsyncDelay=1,GPU=30%/441Mhz,GPUTemp=59.8C,LayerCnt=2,Pkg=com.Sysmo.BeaVR.beta,FrmId=3130
04-21 19:56:16.697 21046 26213 I Unity   : GestureDetectorXR: 发送 relative | 右手 关节=26 追踪=26 示例=(0.275,0.693,0.382) | 左手 关节=26 追踪=26 示例=(0.088,0.583,0.054)
04-21 19:56:16.697 21046 26213 I Unity   : UnityEngine.DebugLogHandler:Internal_Log(LogType, LogOption, String, Object)
04-21 19:56:16.697 21046 26213 I Unity   : UnityEngine.DebugLogHandler:LogFormat(LogType, Object, String, Object[])
04-21 19:56:16.697 21046 26213 I Unity   : UnityEngine.Logger:Log(LogType, Object)
04-21 19:56:16.697 21046 26213 I Unity   : UnityEngine.Debug:Log(Object)
04-21 19:56:16.697 21046 26213 I Unity   : GestureDetectorXR:SendHandDataThroughController(String) (at /home/likunwei/dataCollection/BeaVR-app/BeaVR-Unity/Assets/Scripts/Gesture Detection/GestureDetectorXR.cs:431)
04-21 19:56:16.697 21046 26213 I Unity   : GestureDetectorXR:Update() (at /home/likunwei/dataCollection/BeaVR-app/BeaVR-Unity/Assets/Scripts/Gesture Detection/GestureDetectorXR.cs:214)
04-21 19:56:16.697 21046 26213 I Unity   : 
04-21 19:56:16.711 21046 26213 I Unity   : [App→Bot] RightHand 26关节数据: 0:0.266616,0.6630276,0.253037 1:0.280739,0.6994982,0.2917341 2:0.2487193,0.6735582,0.2870634 3:0.2464441,0.6793615,0.3159347 4:0.2516629,0.6824753,0.3445364 5:0.2635803,0.682981,0.3718789 6:0.2573301,0.6792061,0.2765332 7:0.2673114,0.7244552,0.3203907 8:0.277427,0.7291534,0.358766 9:0.2775512,0.7132288,0.3737543 10:0.2749256,0.6927245,0.3813337 11:0.2723686,0.6781611,0.2704524 12:0.2891095,0.7208354,0.3130158 13:0.3087619,0.7335775,0.3542534 14:0.308429,0.7173498,0.3741449 15:0.3035396,0.6956224,0.3877558 16:0.2844985,0.6746163,0.2661831 17:0.3066446,0.710336,0.30633 18:0.3257573,0.7181802,0.345998 19:0.3240313,0.7043135,0.3622271 20:0.3196112,0.6874172,0.3757732 21:0.2954205,0.6672214,0.2622584 22:0.3244617,0.694828,0.3041294 23:0.3373032,0.6965054,0.3289557 24:0.3367188,0.6865003,0.3433177 25:0.3334175,0.6727298,0.3577414
04-21 19:56:16.711 21046 26213 I Unity   : UnityEngine.DebugLogHandler:Internal_Log(LogType, LogOption, String, Object)
04-21 19:56:16.711 21046 26213 I Unity   : UnityEngine.DebugLogHandler:LogFormat(LogType, Object, String, Object[])
04-21 19:56:16.712 21046 26213 I Unity   : [PICO获取] 右手26关节: 0:(0.267,0.663,0.253) 1:(0.281,0.699,0.292) 2:(0.249,0.674,0.287) 3:(0.246,0.679,0.316) 4:(0.252,0.682,0.345) 5:(0.264,0.683,0.372) 6:(0.257,0.679,0.277) 7:(0.267,0.724,0.320) 8:(0.277,0.729,0.359) 9:(0.278,0.713,0.374) 10:(0.275,0.693,0.381) 11:(0.272,0.678,0.270) 12:(0.289,0.721,0.313) 13:(0.309,0.734,0.354) 14:(0.308,0.717,0.374) 15:(0.304,0.696,0.388) 16:(0.284,0.675,0.266) 17:(0.307,0.710,0.306) 18:(0.326,0.718,0.346) 19:(0.324,0.704,0.362) 20:(0.320,0.687,0.376) 21:(0.295,0.667,0.262) 22:(0.324,0.695,0.304) 23:(0.337,0.697,0.329) 24:(0.337,0.687,0.343) 25:(0.333,0.673,0.358)
04-21 19:56:16.712 21046 26213 I Unity   : UnityEngine.DebugLogHandler:Internal_Log(LogType, LogOption, String, Object)
04-21 19:56:16.712 21046 26213 I Unity   : UnityEngine.DebugLogHandler:LogFormat(LogType, Object, String, Object[])
04-21 19:56:16.712 21046 26213 I Unity   : UnityEngine.Logger:Log(LogType, Object)
04-21 19:56:16.712 21046 26213 I Unity   : UnityEngine.Debug:Log(Object)
04-21 19:56:16.712 21046 26213 I Unity   : GestureDetectorXR:SendHandDataThroughController(String) (at /home/likunwei/dataCollection/BeaVR-app/BeaVR-Unity/Assets/Scripts/Gesture Detection/GestureDetectorXR.cs:411)
04-21 19:56:16.712 21046 26213 I Unity   : GestureDetector
04-21 19:56:16.712 21046 26213 I Unity   : [PICO获取] 左手26关节: 0:(0.040,0.739,0.075) 1:(0.047,0.689,0.054) 2:(0.042,0.703,0.093) 3:(0.055,0.677,0.096) 4:(0.074,0.655,0.091) 5:(0.097,0.642,0.078) 6:(0.038,0.710,0.081) 7:(0.039,0.649,0.060) 8:(0.057,0.615,0.051) 9:(0.072,0.599,0.052) 10:(0.088,0.583,0.054) 11:(0.044,0.717,0.067) 12:(0.051,0.661,0.041) 13:(0.072,0.621,0.025) 14:(0.089,0.602,0.023) 15:(0.107,0.584,0.023) 16:(0.050,0.724,0.058) 17:(0.060,0.674,0.031) 18:(0.085,0.640,0.016) 19:(0.102,0.626,0.016) 20:(0.118,0.611,0.017) 21:(0.059,0.733,0.052) 22:(0.076,0.688,0.020) 23:(0.093,0.666,0.014) 24:(0.105,0.654,0.012) 25:(0.121,0.641,0.014)
04-21 19:56:16.712 21046 26213 I Unity   : UnityEngine.DebugLogHandler:Internal_Log(LogType, LogOption, String, Object)
04-21 19:56:16.712 21046 26213 I Unity   : UnityEngine.DebugLogHandler:LogFormat(LogType, Object, String, Object[])
04-21 19:56:16.712 21046 26213 I Unity   : UnityEngine.Logger:Log(LogType, Object)
04-21 19:56:16.712 21046 26213 I Unity   : UnityEngine.Debug:Log(Object)
04-21 19:56:16.712 21046 26213 I Unity   : GestureDetectorXR:SendHandDataThroughController(String) (at /home/likunwei/dataCollection/BeaVR-app/BeaVR-Unity/Assets/Scripts/Gesture Detection/GestureDetectorXR.cs:412)
04-21 19:56:16.712 21046 26213 I Unity   : GestureDetector
04-21 19:56:16.766 21046 26213 I Unity   : [App→Bot] Resolution 转发频率: 71.5 Hz
04-21 19:56:16.766 21046 26213 I Unity   : UnityEngine.DebugLogHandler:Internal_Log(LogType, LogOption, String, Object)
04-21 19:56:16.766 21046 26213 I Unity   : UnityEngine.DebugLogHandler:LogFormat(LogType, Object, String, Object[])
04-21 19:56:16.766 21046 26213 I Unity   : UnityEngine.Logger:Log(LogType, Object)
04-21 19:56:16.766 21046 26213 I Unity   : UnityEngine.Debug:Log(Object)
04-21 19:56:16.766 21046 26213 I Unity   : NetMQController:SendMessage(String, String) (at /home/likunwei/dataCollection/BeaVR-app/BeaVR-Unity/Assets/Scripts/Network/NetMQController.cs:335)
04-21 19:56:16.766 21046 26213 I Unity   : GestureDetectorXR:SendResolutionThroughController() (at /home/likunwei/dataCollection/BeaVR-app/BeaVR-Unity/Assets/Scripts/Gesture Detection/GestureDetectorXR.cs:509)
04-21 19:56:16.766 21046 26213 I Unity   : GestureDetectorXR:Update() (at /home/likunwei/dataCollection/BeaVR-app/BeaVR-Unity/Assets/Scripts/Gesture Detection/GestureDetectorXR.cs:203)
04-21 19:56:16.766 21046 26213 I Unity   : 
04-21 19:56:16.766 21046 26213 I Unity   : [App→Bot] Pause 转发频率: 71.5 Hz
04-21 19:56:16.766 21046 26213 I Unity   : UnityEngine.DebugLogHandler:Internal_Log(LogType, LogOption, String, Object)
04-21 19:56:16.766 21046 26213 I Unity   : UnityEngine.DebugLogHandler:LogFormat(LogType, Object, String, Object[])
04-21 19:56:16.766 21046 26213 I Unity   : UnityEngine.Logger:Log(LogType, Object)
04-21 19:56:16.766 21046 26213 I Unity   : UnityEngine.Debug:Log(Object)
04-21 19:56:16.766 21046 26213 I Unity   : NetMQController:SendMessage(String, String) (at /home/likunwei/dataCollection/BeaVR-app/BeaVR-Unity/Assets/Scripts/Network/NetMQController.cs:335)
04-21 19:56:16.766 21046 26213 I Unity   : GestureDetectorXR:SendPauseStatusThroughController() (at /home/likunwei/dataCollection/BeaVR-app/BeaVR-Unity/Assets/Scripts/Gesture Detection/GestureDetectorXR.cs:525)
04-21 19:56:16.766 21046 26213 I Unity   : GestureDetectorXR:Update() (at /home/likunwei/dataCollection/BeaVR-app/BeaVR-Unity/Assets/Scripts/Gesture Detection/GestureDetectorXR.cs:204)
04-21 19:56:16.766 21046 26213 I Unity   : 
04-21 19:56:16.767 21046 26213 I Unity   : [App→Bot] RightHand 转发频率: 71.5 Hz
04-21 19:56:16.767 21046 26213 I Unity   : UnityEngine.DebugLogHandler:Internal_Log(LogType, LogOption, String, Object)
04-21 19:56:16.767 21046 26213 I Unity   : UnityEngine.DebugLogHandler:LogFormat(LogType, Object, String, Object[])
04-21 19:56:16.767 21046 26213 I Unity   : UnityEngine.Logger:Log(LogType, Object)
04-21 19:56:16.767 21046 26213 I Unity   : UnityEngine.Debug:Log(Object)
04-21 19:56:16.767 21046 26213 I Unity   : NetMQController:SendMessage(String, String) (at /home/likunwei/dataCollection/BeaVR-app/BeaVR-Unity/Assets/Scripts/Network/NetMQController.cs:335)
04-21 19:56:16.767 21046 26213 I Unity   : GestureDetectorXR:SendHandDataThroughController(String) (at /home/likunwei/dataCollection/BeaVR-app/BeaVR-Unity/Assets/Scripts/Gesture Detection/GestureDetectorXR.cs:341)
04-21 19:56:16.767 21046 26213 I Unity   : GestureDetectorXR:Update() (at /home/likunwei/dataCollection/BeaVR-app/BeaVR-Unity/Assets/Scripts/Gesture Detection/GestureDetectorXR.cs:214)
04-21 19:56:16.767 21046 26213 I Unity   : 
04-21 19:56:16.767 21046 26213 I Unity   : [App→Bot] LeftHand 转发频率: 71.5 Hz
04-21 19:56:16.767 21046 26213 I Unity   : UnityEngine.DebugLogHandler:Internal_Log(LogType, LogOption, String, Object)
04-21 19:56:16.767 21046 26213 I Unity   : UnityEngine.DebugLogHandler:LogFormat(LogType, Object, String, Object[])
04-21 19:56:16.767 21046 26213 I Unity   : UnityEngine.Logger:Log(LogType, Object)
04-21 19:56:16.767 21046 26213 I Unity   : UnityEngine.Debug:Log(Object)
04-21 19:56:16.767 21046 26213 I Unity   : NetMQController:SendMessage(String, String) (at /home/likunwei/dataCollection/BeaVR-app/BeaVR-Unity/Assets/Scripts/Network/NetMQController.cs:335)
04-21 19:56:16.767 21046 26213 I Unity   : GestureDetectorXR:SendHandDataThroughController(String) (at /home/likunwei/dataCollection/BeaVR-app/BeaVR-Unity/Assets/Scripts/Gesture Detection/GestureDetectorXR.cs:348)
04-21 19:56:16.767 21046 26213 I Unity   : GestureDetectorXR:Update() (at /home/likunwei/dataCollection/BeaVR-app/BeaVR-Unity/Assets/Scripts/Gesture Detection/GestureDetectorXR.cs:214)
04-21 19:56:16.767 21046 26213 I Unity   : 
04-21 19:56:16.767 21046 26213 I Unity   : [PICO→App] 右手发送频率: 71.5 Hz
04-21 19:56:16.767 21046 26213 I Unity   : UnityEngine.DebugLogHandler:Internal_Log(LogType, LogOption, String, Object)
04-21 19:56:16.767 21046 26213 I Unity   : UnityEngine.DebugLogHandler:LogFormat(LogType, Object, String, Object[])
04-21 19:56:16.767 21046 26213 I Unity   : UnityEngine.Logger:Log(LogType, Object)
04-21 19:56:16.767 21046 26213 I Unity   : UnityEngine.Debug:Log(Object)
04-21 19:56:16.767 21046 26213 I Unity   : GestureDetectorXR:SendHandDataThroughController(String) (at /home/likunwei/dataCollection/BeaVR-app/BeaVR-Unity/Assets/Scripts/Gesture Detection/GestureDetectorXR.cs:362)
04-21 19:56:16.767 21046 26213 I Unity   : GestureDetectorXR:Update() (at /home/likunwei/dataCollection/BeaVR-app/BeaVR-Unity/Assets/Scripts/Gesture Detection/GestureDetectorXR.cs:214)
04-21 19:56:16.767 21046 26213 I Unity   : 
04-21 19:56:16.768 21046 26213 I Unity   : [PICO→App] 左手发送频率: 71.5 Hz
04-21 19:56:16.768 21046 26213 I Unity   : UnityEngine.DebugLogHandler:Internal_Log(LogType, LogOption, String, Object)
04-21 19:56:16.768 21046 26213 I Unity   : UnityEngine.DebugLogHandler:LogFormat(LogType, Object, String, Object[])
04-21 19:56:16.768 21046 26213 I Unity   : UnityEngine.Logger:Log(LogType, Object)
04-21 19:56:16.768 21046 26213 I Unity   : UnityEngine.Debug:Log(Object)
04-21 19:56:16.768 21046 26213 I Unity   : GestureDetectorXR:SendHandDataThroughController(String) (at /home/likunwei/dataCollection/BeaVR-app/BeaVR-Unity/Assets/Scripts/Gesture Detection/GestureDetectorXR.cs:370)
04-21 19:56:16.768 21046 26213 I Unity   : GestureDetectorXR:Update() (at /home/likunwei/dataCollection/BeaVR-app/BeaVR-Unity/Assets/Scripts/Gesture Detection/GestureDetectorXR.cs:214)
04-21 19:56:16.768 21046 26213 I Unity   : 
04-21 19:56:17.067  4365 25094 I ByteCast: cybergarageDevice:deviceSearchResponse, ssdpPacket:/192.168.1.54 ssdpST urn:dial-multiscreen-org:service:dial:1
04-21 19:56:17.187 21046 26314 W APxrRuntime: PXRSDK_PM ENGINE FPS: 72, 5398790781742
04-21 19:56:17.215 21046 26365 I PxrMetric: FPS=72/72,MTP=32.18ms,AppSW=off,FrmEarly=3,FrmLate=0,FrmCpu=1.95ms,FrmGpu=0.61ms,FrmTime=4.75ms,ATWGPU=2.20ms,VsyncDelay=1,GPU=28%/441Mhz,GPUTemp=60.2C,LayerCnt=2,Pkg=com.Sysmo.BeaVR.beta,FrmId=3202
04-21 19:56:17.700 21046 26213 I Unity   : GestureDetectorXR: 发送 relative | 右手 关节=26 追踪=26 示例=(0.144,1.023,0.136) | 左手 关节=26 追踪=26 示例=(0.088,0.583,0.054)
04-21 19:56:17.700 21046 26213 I Unity   : UnityEngine.DebugLogHandler:Internal_Log(LogType, LogOption, String, Object)
04-21 19:56:17.700 21046 26213 I Unity   : UnityEngine.DebugLogHandler:LogFormat(LogType, Object, String, Object[])
04-21 19:56:17.700 21046 26213 I Unity   : UnityEngine.Logger:Log(LogType, Object)
04-21 19:56:17.700 21046 26213 I Unity   : UnityEngine.Debug:Log(Object)
04-21 19:56:17.700 21046 26213 I Unity   : GestureDetectorXR:SendHandDataThroughController(String) (at /home/likunwei/dataCollection/BeaVR-app/BeaVR-Unity/Assets/Scripts/Gesture Detection/GestureDetectorXR.cs:431)
04-21 19:56:17.700 21046 26213 I Unity   : GestureDetectorXR:Update() (at /home/likunwei/dataCollection/BeaVR-app/BeaVR-Unity/Assets/Scripts/Gesture Detection/GestureDetectorXR.cs:214)
04-21 19:56:17.700 21046 26213 I Unity   : 
04-21 19:56:17.737   961 26968 I chatty  : uid=0(root) Binder:961_2 expire 1 line
04-21 19:56:17.741   961 26969 I chatty  : uid=0(root) Binder:961_2 expire 1 line
04-21 19:56:17.754 21046 26213 I Unity   : [App→Bot] Resolution 转发数据: None
04-21 19:56:17.754 21046 26213 I Unity   : UnityEngine.DebugLogHandler:Internal_Log(LogType, LogOption, String, Object)
04-21 19:56:17.754 21046 26213 I Unity   : UnityEngine.DebugLogHandler:LogFormat(LogType, Object, String, Object[])
04-21 19:56:17.754 21046 26213 I Unity   : UnityEngine.Logger:Log(LogType, Object)
04-21 19:56:17.754 21046 26213 I Unity   : UnityEngine.Debug:Log(Object)
04-21 19:56:17.754 21046 26213 I Unity   : NetMQController:SendMessage(String, String) (at /home/likunwei/dataCollection/BeaVR-app/BeaVR-Unity/Assets/Scripts/Network/NetMQController.cs:343)
04-21 19:56:17.754 21046 26213 I Unity   : GestureDetectorXR:SendResolutionThroughController() (at /home/likunwei/dataCollection/BeaVR-app/BeaVR-Unity/Assets/Scripts/Gesture Detection/GestureDetectorXR.cs:509)
04-21 19:56:17.754 21046 26213 I Unity   : GestureDetectorXR:Update() (at /home/likunwei/dataCollection/BeaVR-app/BeaVR-Unity/Assets/Scripts/Gesture Detection/GestureDetectorXR.cs:203)
04-21 19:56:17.754 21046 26213 I Unity   : 
04-21 19:56:17.754 21046 26213 I Unity   : [App→Bot] RightHand 手腕数据: 手腕=0.1888849,0.909076,0.07932103 手掌=0.1907894,0.9640303,0.08126169
04-21 19:56:17.754 21046 26213 I Unity   : UnityEngine.DebugLogHandler:Internal_Log(LogType, LogOption, String, Object)
04-21 19:56:17.754 21046 26213 I Unity   : UnityEngine.DebugLogHandler:LogFormat(LogType, Object, String, Object[])
04-21 19:56:17.754 21046 26213 I Unity   : UnityEngine.Logger:Log(LogType, Object)
04-21 19:56:17.754 21046 26213 I Unity   : UnityEngine.Debug:Log(Object)
04-21 19:56:17.754 21046 26213 I Unity   : NetMQController:SendMessage(String, String) (at /home/likunwei/dataCollection/BeaVR-app/BeaVR-Unity/Assets/Scripts/Network/NetMQController.cs:352)
04-21 19:56:17.754 21046 26213 I Unity   : GestureDetectorXR:SendHandDataThroughController(String) (at /home/likunwei/dataCollection/BeaVR-app/BeaVR-Unity/Assets/Scripts/Gesture Detection/GestureDetectorXR.cs:341)
04-21 19:56:17.754 21046 26213 I Unity   : GestureDetectorXR:Update() (at /home/likunwei/dataCollection/BeaVR-app/BeaVR-Unity/Assets/Scripts/Gesture Detection/GestureDetectorXR.cs:214)
04-21 19:56:17.754 21046 26213 I Unity   : 
04-21 19:56:17.754 21046 26213 I Unity   : [PICO获取] 右手腕=(0.189,0.909,0.079) 右手掌=(0.191,0.964,0.081) | 左手腕=(0.040,0.739,0.075) 左手掌=(0.047,0.689,0.054)
04-21 19:56:17.754 21046 26213 I Unity   : UnityEngine.DebugLogHandler:Internal_Log(LogType, LogOption, String, Object)
04-21 19:56:17.754 21046 26213 I Unity   : UnityEngine.DebugLogHandler:LogFormat(LogType, Object, String, Object[])
04-21 19:56:17.754 21046 26213 I Unity   : UnityEngine.Logger:Log(LogType, Object)
04-21 19:56:17.754 21046 26213 I Unity   : UnityEngine.Debug:Log(Object)
04-21 19:56:17.754 21046 26213 I Unity   : GestureDetectorXR:SendHandDataThroughController(String) (at /home/likunwei/dataCollection/BeaVR-app/BeaVR-Unity/Assets/Scripts/Gesture Detection/GestureDetectorXR.cs:385)
04-21 19:56:17.754 21046 26213 I Unity   : GestureDetectorXR:Update() (at /home/likunwei/dataCollection/BeaVR-app/BeaVR-Unity/Assets/Scripts/Gesture Detection/GestureDetectorXR.cs:214)
04-21 19:56:17.754 21046 26213 I Unity   : 
04-21 19:56:17.768 21046 26213 I Unity   : [App→Bot] Resolution 转发频率: 71.8 Hz
04-21 19:56:17.768 21046 26213 I Unity   : UnityEngine.DebugLogHandler:Internal_Log(LogType, LogOption, String, Object)
04-21 19:56:17.768 21046 26213 I Unity   : UnityEngine.DebugLogHandler:LogFormat(LogType, Object, String, Object[])
04-21 19:56:17.768 21046 26213 I Unity   : UnityEngine.Logger:Log(LogType, Object)
04-21 19:56:17.768 21046 26213 I Unity   : UnityEngine.Debug:Log(Object)
04-21 19:56:17.768 21046 26213 I Unity   : NetMQController:SendMessage(String, String) (at /home/likunwei/dataCollection/BeaVR-app/BeaVR-Unity/Assets/Scripts/Network/NetMQController.cs:335)
04-21 19:56:17.768 21046 26213 I Unity   : GestureDetectorXR:SendResolutionThroughController() (at /home/likunwei/dataCollection/BeaVR-app/BeaVR-Unity/Assets/Scripts/Gesture Detection/GestureDetectorXR.cs:509)
04-21 19:56:17.768 21046 26213 I Unity   : GestureDetectorXR:Update() (at /home/likunwei/dataCollection/BeaVR-app/BeaVR-Unity/Assets/Scripts/Gesture Detection/GestureDetectorXR.cs:203)
04-21 19:56:17.768 21046 26213 I Unity   : 
04-21 19:56:17.769 21046 26213 I Unity   : [App→Bot] Pause 转发频率: 71.8 Hz
04-21 19:56:17.769 21046 26213 I Unity   : UnityEngine.DebugLogHandler:Internal_Log(LogType, LogOption, String, Object)
04-21 19:56:17.769 21046 26213 I Unity   : UnityEngine.DebugLogHandler:LogFormat(LogType, Object, String, Object[])
04-21 19:56:17.769 21046 26213 I Unity   : UnityEngine.Logger:Log(LogType, Object)
04-21 19:56:17.769 21046 26213 I Unity   : UnityEngine.Debug:Log(Object)
04-21 19:56:17.769 21046 26213 I Unity   : NetMQController:SendMessage(String, String) (at /home/likunwei/dataCollection/BeaVR-app/BeaVR-Unity/Assets/Scripts/Network/NetMQController.cs:335)
04-21 19:56:17.769 21046 26213 I Unity   : GestureDetectorXR:SendPauseStatusThroughController() (at /home/likunwei/dataCollection/BeaVR-app/BeaVR-Unity/Assets/Scripts/Gesture Detection/GestureDetectorXR.cs:525)
04-21 19:56:17.769 21046 26213 I Unity   : GestureDetectorXR:Update() (at /home/likunwei/dataCollection/BeaVR-app/BeaVR-Unity/Assets/Scripts/Gesture Detection/GestureDetectorXR.cs:204)
04-21 19:56:17.769 21046 26213 I Unity   : 
04-21 19:56:17.769 21046 26213 I Unity   : [App→Bot] RightHand 转发频率: 71.8 Hz
04-21 19:56:17.769 21046 26213 I Unity   : UnityEngine.DebugLogHandler:Internal_Log(LogType, LogOption, String, Object)
04-21 19:56:17.769 21046 26213 I Unity   : UnityEngine.DebugLogHandler:LogFormat(LogType, Object, String, Object[])
04-21 19:56:17.769 21046 26213 I Unity   : UnityEngine.Logger:Log(LogType, Object)
04-21 19:56:17.769 21046 26213 I Unity   : UnityEngine.Debug:Log(Object)
04-21 19:56:17.769 21046 26213 I Unity   : NetMQController:SendMessage(String, String) (at /home/likunwei/dataCollection/BeaVR-app/BeaVR-Unity/Assets/Scripts/Network/NetMQController.cs:335)
04-21 19:56:17.769 21046 26213 I Unity   : GestureDetectorXR:SendHandDataThroughController(String) (at /home/likunwei/dataCollection/BeaVR-app/BeaVR-Unity/Assets/Scripts/Gesture Detection/GestureDetectorXR.cs:341)
04-21 19:56:17.769 21046 26213 I Unity   : GestureDetectorXR:Update() (at /home/likunwei/dataCollection/BeaVR-app/BeaVR-Unity/Assets/Scripts/Gesture Detection/GestureDetectorXR.cs:214)
04-21 19:56:17.769 21046 26213 I Unity   : 
04-21 19:56:17.770 21046 26213 I Unity   : [App→Bot] LeftHand 转发频率: 71.8 Hz
04-21 19:56:17.770 21046 26213 I Unity   : UnityEngine.DebugLogHandler:Internal_Log(LogType, LogOption, String, Object)
04-21 19:56:17.770 21046 26213 I Unity   : UnityEngine.DebugLogHandler:LogFormat(LogType, Object, String, Object[])
04-21 19:56:17.770 21046 26213 I Unity   : UnityEngine.Logger:Log(LogType, Object)
04-21 19:56:17.770 21046 26213 I Unity   : UnityEngine.Debug:Log(Object)
04-21 19:56:17.770 21046 26213 I Unity   : NetMQController:SendMessage(String, String) (at /home/likunwei/dataCollection/BeaVR-app/BeaVR-Unity/Assets/Scripts/Network/NetMQController.cs:335)
04-21 19:56:17.770 21046 26213 I Unity   : GestureDetectorXR:SendHandDataThroughController(String) (at /home/likunwei/dataCollection/BeaVR-app/BeaVR-Unity/Assets/Scripts/Gesture Detection/GestureDetectorXR.cs:348)
04-21 19:56:17.770 21046 26213 I Unity   : GestureDetectorXR:Update() (at /home/likunwei/dataCollection/BeaVR-app/BeaVR-Unity/Assets/Scripts/Gesture Detection/GestureDetectorXR.cs:214)
04-21 19:56:17.770 21046 26213 I Unity   : 
04-21 19:56:17.770 21046 26213 I Unity   : [PICO→App] 右手发送频率: 71.8 Hz
04-21 19:56:17.770 21046 26213 I Unity   : UnityEngine.DebugLogHandler:Internal_Log(LogType, LogOption, String, Object)
04-21 19:56:17.770 21046 26213 I Unity   : UnityEngine.DebugLogHandler:LogFormat(LogType, Object, String, Object[])
04-21 19:56:17.770 21046 26213 I Unity   : UnityEngine.Logger:Log(LogType, Object)
04-21 19:56:17.770 21046 26213 I Unity   : UnityEngine.Debug:Log(Object)
04-21 19:56:17.770 21046 26213 I Unity   : GestureDetectorXR:SendHandDataThroughController(String) (at /home/likunwei/dataCollection/BeaVR-app/BeaVR-Unity/Assets/Scripts/Gesture Detection/GestureDetectorXR.cs:362)
04-21 19:56:17.770 21046 26213 I Unity   : GestureDetectorXR:Update() (at /home/likunwei/dataCollection/BeaVR-app/BeaVR-Unity/Assets/Scripts/Gesture Detection/GestureDetectorXR.cs:214)
04-21 19:56:17.770 21046 26213 I Unity   : 
04-21 19:56:17.770 21046 26213 I Unity   : [PICO→App] 左手发送频率: 71.8 Hz
04-21 19:56:17.770 21046 26213 I Unity   : UnityEngine.DebugLogHandler:Internal_Log(LogType, LogOption, String, Object)
04-21 19:56:17.770 21046 26213 I Unity   : UnityEngine.DebugLogHandler:LogFormat(LogType, Object, String, Object[])
04-21 19:56:17.770 21046 26213 I Unity   : UnityEngine.Logger:Log(LogType, Object)
04-21 19:56:17.770 21046 26213 I Unity   : UnityEngine.Debug:Log(Object)
04-21 19:56:17.770 21046 26213 I Unity   : GestureDetectorXR:SendHandDataThroughController(String) (at /home/likunwei/dataCollection/BeaVR-app/BeaVR-Unity/Assets/Scripts/Gesture Detection/GestureDetectorXR.cs:370)
04-21 19:56:17.770 21046 26213 I Unity   : GestureDetectorXR:Update() (at /home/likunwei/dataCollection/BeaVR-app/BeaVR-Unity/Assets/Scripts/Gesture Detection/GestureDetectorXR.cs:214)
04-21 19:56:17.770 21046 26213 I Unity   : 
04-21 19:56:17.777   961 26966 I chatty  : uid=0(root) Binder:961_2 expire 1 line
04-21 19:56:17.777  4365 25094 I ByteCast: cybergarageDevice:deviceSearchResponse, ssdpPacket:/192.168.1.45 ssdpST urn:schemas-upnp-org:device:InternetGatewayDevice:1
04-21 19:56:17.780   961 26967 I chatty  : uid=0(root) Binder:961_2 expire 1 line
04-21 19:56:17.808   961 27014 I chatty  : uid=0(root) Binder:961_2 expire 1 line
04-21 19:56:17.808   961 27015 I chatty  : uid=0(root) Binder:961_2 expire 1 line
04-21 19:56:17.812   961 27016 I chatty  : uid=0(root) Binder:961_2 expire 1 line
04-21 19:56:18.084  4365 25094 I ByteCast: cybergarageDevice:deviceSearchResponse, ssdpPacket:/192.168.1.54 ssdpST urn:dial-multiscreen-org:service:dial:1
04-21 19:56:18.188 21046 26314 W APxrRuntime: PXRSDK_PM ENGINE FPS: 72, 5399792019606
04-21 19:56:18.217 21046 26365 I PxrMetric: FPS=72/72,MTP=33.10ms,AppSW=off,FrmEarly=0,FrmLate=0,FrmCpu=2.06ms,FrmGpu=0.64ms,FrmTime=4.13ms,ATWGPU=2.23ms,VsyncDelay=1,GPU=28%/441Mhz,GPUTemp=59.8C,LayerCnt=2,Pkg=com.Sysmo.BeaVR.beta,FrmId=3274
04-21 19:56:18.437   925   925 E android.hardware.wifi@1.0-service: cyx convertHidlNanEnableReque 9449 contentavg=2565
04-21 19:56:18.437  1392  1534 E BatteryExternalStatsWorker: no controller energy info supplied for bluetooth
04-21 19:56:18.438  1392  1534 E BatteryExternalStatsWorker: no controller energy info supplied for telephony
04-21 19:56:18.517  2138  2658 E SafetyArea: GSABoundaryDetector out[397,358,-220], and distance[845.352713]
04-21 19:56:18.702 21046 26213 I Unity   : GestureDetectorXR: 发送 relative | 右手 关节=26 追踪=26 示例=(0.144,1.023,0.136) | 左手 关节=26 追踪=26 示例=(0.088,0.583,0.054)
04-21 19:56:18.702 21046 26213 I Unity   : UnityEngine.DebugLogHandler:Internal_Log(LogType, LogOption, String, Object)
04-21 19:56:18.702 21046 26213 I Unity   : UnityEngine.DebugLogHandler:LogFormat(LogType, Object, String, Object[])
04-21 19:56:18.702 21046 26213 I Unity   : UnityEngine.Logger:Log(LogType, Object)
04-21 19:56:18.702 21046 26213 I Unity   : UnityEngine.Debug:Log(Object)
04-21 19:56:18.702 21046 26213 I Unity   : GestureDetectorXR:SendHandDataThroughController(String) (at /home/likunwei/dataCollection/BeaVR-app/BeaVR-Unity/Assets/Scripts/Gesture Detection/GestureDetectorXR.cs:431)
04-21 19:56:18.702 21046 26213 I Unity   : GestureDetectorXR:Update() (at /home/likunwei/dataCollection/BeaVR-app/BeaVR-Unity/Assets/Scripts/Gesture Detection/GestureDetectorXR.cs:214)
04-21 19:56:18.702 21046 26213 I Unity   : 
04-21 19:56:18.771 21046 26213 I Unity   : [App→Bot] Resolution 转发频率: 71.8 Hz
04-21 19:56:18.771 21046 26213 I Unity   : UnityEngine.DebugLogHandler:Internal_Log(LogType, LogOption, String, Object)
04-21 19:56:18.771 21046 26213 I Unity   : UnityEngine.DebugLogHandler:LogFormat(LogType, Object, String, Object[])
04-21 19:56:18.771 21046 26213 I Unity   : UnityEngine.Logger:Log(LogType, Object)
04-21 19:56:18.771 21046 26213 I Unity   : UnityEngine.Debug:Log(Object)
04-21 19:56:18.771 21046 26213 I Unity   : NetMQController:SendMessage(String, String) (at /home/likunwei/dataCollection/BeaVR-app/BeaVR-Unity/Assets/Scripts/Network/NetMQController.cs:335)
04-21 19:56:18.771 21046 26213 I Unity   : GestureDetectorXR:SendResolutionThroughController() (at /home/likunwei/dataCollection/BeaVR-app/BeaVR-Unity/Assets/Scripts/Gesture Detection/GestureDetectorXR.cs:509)
04-21 19:56:18.771 21046 26213 I Unity   : GestureDetectorXR:Update() (at /home/likunwei/dataCollection/BeaVR-app/BeaVR-Unity/Assets/Scripts/Gesture Detection/GestureDetectorXR.cs:203)
04-21 19:56:18.771 21046 26213 I Unity   : 
04-21 19:56:18.771 21046 26213 I Unity   : [App→Bot] Pause 转发频率: 71.8 Hz
04-21 19:56:18.771 21046 26213 I Unity   : UnityEngine.DebugLogHandler:Internal_Log(LogType, LogOption, String, Object)
04-21 19:56:18.771 21046 26213 I Unity   : UnityEngine.DebugLogHandler:LogFormat(LogType, Object, String, Object[])
04-21 19:56:18.771 21046 26213 I Unity   : UnityEngine.Logger:Log(LogType, Object)
04-21 19:56:18.771 21046 26213 I Unity   : UnityEngine.Debug:Log(Object)
04-21 19:56:18.771 21046 26213 I Unity   : NetMQController:SendMessage(String, String) (at /home/likunwei/dataCollection/BeaVR-app/BeaVR-Unity/Assets/Scripts/Network/NetMQController.cs:335)
04-21 19:56:18.771 21046 26213 I Unity   : GestureDetectorXR:SendPauseStatusThroughController() (at /home/likunwei/dataCollection/BeaVR-app/BeaVR-Unity/Assets/Scripts/Gesture Detection/GestureDetectorXR.cs:525)
04-21 19:56:18.771 21046 26213 I Unity   : GestureDetectorXR:Update() (at /home/likunwei/dataCollection/BeaVR-app/BeaVR-Unity/Assets/Scripts/Gesture Detection/GestureDetectorXR.cs:204)
04-21 19:56:18.771 21046 26213 I Unity   : 
04-21 19:56:18.779 21046 26213 I Unity   : [App→Bot] RightHand 转发频率: 71.8 Hz
04-21 19:56:18.779 21046 26213 I Unity   : UnityEngine.DebugLogHandler:Internal_Log(LogType, LogOption, String, Object)
04-21 19:56:18.779 21046 26213 I Unity   : UnityEngine.DebugLogHandler:LogFormat(LogType, Object, String, Object[])
04-21 19:56:18.779 21046 26213 I Unity   : UnityEngine.Logger:Log(LogType, Object)
04-21 19:56:18.779 21046 26213 I Unity   : UnityEngine.Debug:Log(Object)
04-21 19:56:18.779 21046 26213 I Unity   : NetMQController:SendMessage(String, String) (at /home/likunwei/dataCollection/BeaVR-app/BeaVR-Unity/Assets/Scripts/Network/NetMQController.cs:335)
04-21 19:56:18.779 21046 26213 I Unity   : GestureDetectorXR:SendHandDataThroughController(String) (at /home/likunwei/dataCollection/BeaVR-app/BeaVR-Unity/Assets/Scripts/Gesture Detection/GestureDetectorXR.cs:341)
04-21 19:56:18.779 21046 26213 I Unity   : GestureDetectorXR:Update() (at /home/likunwei/dataCollection/BeaVR-app/BeaVR-Unity/Assets/Scripts/Gesture Detection/GestureDetectorXR.cs:214)
04-21 19:56:18.779 21046 26213 I Unity   : 
04-21 19:56:18.780 21046 26213 I Unity   : [App→Bot] LeftHand 转发频率: 71.8 Hz
04-21 19:56:18.780 21046 26213 I Unity   : UnityEngine.DebugLogHandler:Internal_Log(LogType, LogOption, String, Object)
04-21 19:56:18.780 21046 26213 I Unity   : UnityEngine.DebugLogHandler:LogFormat(LogType, Object, String, Object[])
04-21 19:56:18.780 21046 26213 I Unity   : UnityEngine.Logger:Log(LogType, Object)
04-21 19:56:18.780 21046 26213 I Unity   : UnityEngine.Debug:Log(Object)
04-21 19:56:18.780 21046 26213 I Unity   : NetMQController:SendMessage(String, String) (at /home/likunwei/dataCollection/BeaVR-app/BeaVR-Unity/Assets/Scripts/Network/NetMQController.cs:335)
04-21 19:56:18.780 21046 26213 I Unity   : GestureDetectorXR:SendHandDataThroughController(String) (at /home/likunwei/dataCollection/BeaVR-app/BeaVR-Unity/Assets/Scripts/Gesture Detection/GestureDetectorXR.cs:348)
04-21 19:56:18.780 21046 26213 I Unity   : GestureDetectorXR:Update() (at /home/likunwei/dataCollection/BeaVR-app/BeaVR-Unity/Assets/Scripts/Gesture Detection/GestureDetectorXR.cs:214)
04-21 19:56:18.780 21046 26213 I Unity   : 
04-21 19:56:18.780 21046 26213 I Unity   : [PICO→App] 右手发送频率: 71.8 Hz
04-21 19:56:18.780 21046 26213 I Unity   : UnityEngine.DebugLogHandler:Internal_Log(LogType, LogOption, String, Object)
04-21 19:56:18.780 21046 26213 I Unity   : UnityEngine.DebugLogHandler:LogFormat(LogType, Object, String, Object[])
04-21 19:56:18.780 21046 26213 I Unity   : UnityEngine.Logger:Log(LogType, Object)
04-21 19:56:18.780 21046 26213 I Unity   : UnityEngine.Debug:Log(Object)
04-21 19:56:18.780 21046 26213 I Unity   : GestureDetectorXR:SendHandDataThroughController(String) (at /home/likunwei/dataCollection/BeaVR-app/BeaVR-Unity/Assets/Scripts/Gesture Detection/GestureDetectorXR.cs:362)
04-21 19:56:18.780 21046 26213 I Unity   : GestureDetectorXR:Update() (at /home/likunwei/dataCollection/BeaVR-app/BeaVR-Unity/Assets/Scripts/Gesture Detection/GestureDetectorXR.cs:214)
04-21 19:56:18.780 21046 26213 I Unity   : 
04-21 19:56:18.780 21046 26213 I Unity   : [PICO→App] 左手发送频率: 71.8 Hz
04-21 19:56:18.780 21046 26213 I Unity   : UnityEngine.DebugLogHandler:Internal_Log(LogType, LogOption, String, Object)
04-21 19:56:18.780 21046 26213 I Unity   : UnityEngine.DebugLogHandler:LogFormat(LogType, Object, String, Object[])
04-21 19:56:18.780 21046 26213 I Unity   : UnityEngine.Logger:Log(LogType, Object)
04-21 19:56:18.780 21046 26213 I Unity   : UnityEngine.Debug:Log(Object)
04-21 19:56:18.780 21046 26213 I Unity   : GestureDetectorXR:SendHandDataThroughController(String) (at /home/likunwei/dataCollection/BeaVR-app/BeaVR-Unity/Assets/Scripts/Gesture Detection/GestureDetectorXR.cs:370)
04-21 19:56:18.780 21046 26213 I Unity   : GestureDetectorXR:Update() (at /home/likunwei/dataCollection/BeaVR-app/BeaVR-Unity/Assets/Scripts/Gesture Detection/GestureDetectorXR.cs:214)
04-21 19:56:18.780 21046 26213 I Unity   : 
04-21 19:56:19.007  4365 25094 I ByteCast: cybergarageDevice:deviceSearchResponse, ssdpPacket:/192.168.1.45 ssdpST urn:schemas-upnp-org:device:InternetGatewayDevice:1
04-21 19:56:19.013   925   925 E android.hardware.wifi@1.0-service: cyx convertHidlNanEnableReque 9462 contentavg=2158
04-21 19:56:19.073   961 26327 I chatty  : uid=0(root) Binder:961_2 expire 39 lines
04-21 19:56:19.110  4365 25094 I ByteCast: cybergarageDevice:deviceSearchResponse, ssdpPacket:/192.168.1.54 ssdpST urn:dial-multiscreen-org:service:dial:1
04-21 19:56:19.125   922  2472 E sensors-hal: handle_sns_client_event:70, prox_event: ts=13928265705464, raw_adc=105, near_far=0, distance=5.000000
04-21 19:56:19.125   967  1049 I chatty  : uid=0(root) /system/bin/pxrhmdservice expire 11 lines
04-21 19:56:19.126  1890  1890 I ProximityPowerPolicyController: 1:5.0
04-21 19:56:19.126  1883  1883 I chatty  : uid=1000(system) com.pico.xr.openxr_runtime expire 11 lines
04-21 19:56:19.127  2138 23604 E Guardian:: onSystemPSensorStatusChanged value1=, value2=2, ext=far
04-21 19:56:19.127  1890  1890 I ProximityPowerPolicyController: get new mSleepDelayTimeout 15000
04-21 19:56:19.128  1890  1890 I ProximityPowerPolicyController: psensor mGotoSleep for far0,PSENSOR_FAR_LOCKED_TIME = 10 second(s)
04-21 19:56:19.147   967  2608 I chatty  : uid=0(root) /system/bin/pxrhmdservice expire 21 lines
04-21 19:56:19.188  1890  2474 I ProximityPowerPolicyController: psensor mPsensorGotoSleep for far3,PSENSOR_FAR_LOCKED_TIME = 10 second(s)
04-21 19:56:19.188  1890  2474 I ProximityPowerPolicyController: get new mSleepDelayTimeout 15000
04-21 19:56:19.190 21046 26314 W APxrRuntime: PXRSDK_PM ENGINE FPS: 72, 5400794267887
04-21 19:56:19.211   972   972 I chatty  : uid=0(root) send_thread expire 20 lines
04-21 19:56:19.219 21046 26365 I PxrMetric: FPS=72/72,MTP=33.32ms,AppSW=off,FrmEarly=0,FrmLate=2,FrmCpu=2.13ms,FrmGpu=0.62ms,FrmTime=4.60ms,ATWGPU=2.46ms,VsyncDelay=1,GPU=29%/441Mhz,GPUTemp=60.2C,LayerCnt=2,Pkg=com.Sysmo.BeaVR.beta,FrmId=3346
04-21 19:56:19.718 21046 26213 I Unity   : GestureDetectorXR: 发送 relative | 右手 关节=26 追踪=26 示例=(0.144,1.023,0.136) | 左手 关节=26 追踪=26 示例=(0.088,0.583,0.054)
04-21 19:56:19.718 21046 26213 I Unity   : UnityEngine.DebugLogHandler:Internal_Log(LogType, LogOption, String, Object)
04-21 19:56:19.718 21046 26213 I Unity   : UnityEngine.DebugLogHandler:LogFormat(LogType, Object, String, Object[])
04-21 19:56:19.718 21046 26213 I Unity   : UnityEngine.Logger:Log(LogType, Object)
04-21 19:56:19.718 21046 26213 I Unity   : UnityEngine.Debug:Log(Object)
04-21 19:56:19.718 21046 26213 I Unity   : GestureDetectorXR:SendHandDataThroughController(String) (at /home/likunwei/dataCollection/BeaVR-app/BeaVR-Unity/Assets/Scripts/Gesture Detection/GestureDetectorXR.cs:431)
04-21 19:56:19.718 21046 26213 I Unity   : GestureDetectorXR:Update() (at /home/likunwei/dataCollection/BeaVR-app/BeaVR-Unity/Assets/Scripts/Gesture Detection/GestureDetectorXR.cs:214)
04-21 19:56:19.718 21046 26213 I Unity   : 
04-21 19:56:19.730   970  2701 I chatty  : uid=0(root) pxrmrsystemserv expire 19 lines
04-21 19:56:19.760 21046 26213 I Unity   : [App→Bot] Resolution 转发数据: None
04-21 19:56:19.760 21046 26213 I Unity   : UnityEngine.DebugLogHandler:Internal_Log(LogType, LogOption, String, Object)
04-21 19:56:19.760 21046 26213 I Unity   : UnityEngine.DebugLogHandler:LogFormat(LogType, Object, String, Object[])
04-21 19:56:19.760 21046 26213 I Unity   : UnityEngine.Logger:Log(LogType, Object)
04-21 19:56:19.760 21046 26213 I Unity   : UnityEngine.Debug:Log(Object)
04-21 19:56:19.760 21046 26213 I Unity   : NetMQController:SendMessage(String, String) (at /home/likunwei/dataCollection/BeaVR-app/BeaVR-Unity/Assets/Scripts/Network/NetMQController.cs:343)
04-21 19:56:19.760 21046 26213 I Unity   : GestureDetectorXR:SendResolutionThroughController() (at /home/likunwei/dataCollection/BeaVR-app/BeaVR-Unity/Assets/Scripts/Gesture Detection/GestureDetectorXR.cs:509)
04-21 19:56:19.760 21046 26213 I Unity   : GestureDetectorXR:Update() (at /home/likunwei/dataCollection/BeaVR-app/BeaVR-Unity/Assets/Scripts/Gesture Detection/GestureDetectorXR.cs:203)
04-21 19:56:19.760 21046 26213 I Unity   : 
04-21 19:56:19.760 21046 26213 I Unity   : [App→Bot] RightHand 手腕数据: 手腕=0.1888849,0.909076,0.07932103 手掌=0.1907894,0.9640303,0.08126169
04-21 19:56:19.760 21046 26213 I Unity   : UnityEngine.DebugLogHandler:Internal_Log(LogType, LogOption, String, Object)
04-21 19:56:19.760 21046 26213 I Unity   : UnityEngine.DebugLogHandler:LogFormat(LogType, Object, String, Object[])
04-21 19:56:19.760 21046 26213 I Unity   : UnityEngine.Logger:Log(LogType, Object)
04-21 19:56:19.760 21046 26213 I Unity   : UnityEngine.Debug:Log(Object)
04-21 19:56:19.760 21046 26213 I Unity   : NetMQController:SendMessage(String, String) (at /home/likunwei/dataCollection/BeaVR-app/BeaVR-Unity/Assets/Scripts/Network/NetMQController.cs:352)
04-21 19:56:19.760 21046 26213 I Unity   : GestureDetectorXR:SendHandDataThroughController(String) (at /home/likunwei/dataCollection/BeaVR-app/BeaVR-Unity/Assets/Scripts/Gesture Detection/GestureDetectorXR.cs:341)
04-21 19:56:19.760 21046 26213 I Unity   : GestureDetectorXR:Update() (at /home/likunwei/dataCollection/BeaVR-app/BeaVR-Unity/Assets/Scripts/Gesture Detection/GestureDetectorXR.cs:214)
04-21 19:56:19.760 21046 26213 I Unity   : 
04-21 19:56:19.761 21046 26213 I Unity   : [PICO获取] 右手腕=(0.189,0.909,0.079) 右手掌=(0.191,0.964,0.081) | 左手腕=(0.040,0.739,0.075) 左手掌=(0.047,0.689,0.054)
04-21 19:56:19.761 21046 26213 I Unity   : UnityEngine.DebugLogHandler:Internal_Log(LogType, LogOption, String, Object)
04-21 19:56:19.761 21046 26213 I Unity   : UnityEngine.DebugLogHandler:LogFormat(LogType, Object, String, Object[])
04-21 19:56:19.761 21046 26213 I Unity   : UnityEngine.Logger:Log(LogType, Object)
04-21 19:56:19.761 21046 26213 I Unity   : UnityEngine.Debug:Log(Object)
04-21 19:56:19.761 21046 26213 I Unity   : GestureDetectorXR:SendHandDataThroughController(String) (at /home/likunwei/dataCollection/BeaVR-app/BeaVR-Unity/Assets/Scripts/Gesture Detection/GestureDetectorXR.cs:385)
04-21 19:56:19.761 21046 26213 I Unity   : GestureDetectorXR:Update() (at /home/likunwei/dataCollection/BeaVR-app/BeaVR-Unity/Assets/Scripts/Gesture Detection/GestureDetectorXR.cs:214)
04-21 19:56:19.761 21046 26213 I Unity   : 
04-21 19:56:19.773 21046 26213 I Unity   : [App→Bot] Resolution 转发频率: 71.7 Hz
04-21 19:56:19.773 21046 26213 I Unity   : UnityEngine.DebugLogHandler:Internal_Log(LogType, LogOption, String, Object)
04-21 19:56:19.773 21046 26213 I Unity   : UnityEngine.DebugLogHandler:LogFormat(LogType, Object, String, Object[])
04-21 19:56:19.773 21046 26213 I Unity   : UnityEngine.Logger:Log(LogType, Object)
04-21 19:56:19.773 21046 26213 I Unity   : UnityEngine.Debug:Log(Object)
04-21 19:56:19.773 21046 26213 I Unity   : NetMQController:SendMessage(String, String) (at /home/likunwei/dataCollection/BeaVR-app/BeaVR-Unity/Assets/Scripts/Network/NetMQController.cs:335)
04-21 19:56:19.773 21046 26213 I Unity   : GestureDetectorXR:SendResolutionThroughController() (at /home/likunwei/dataCollection/BeaVR-app/BeaVR-Unity/Assets/Scripts/Gesture Detection/GestureDetectorXR.cs:509)
04-21 19:56:19.773 21046 26213 I Unity   : GestureDetectorXR:Update() (at /home/likunwei/dataCollection/BeaVR-app/BeaVR-Unity/Assets/Scripts/Gesture Detection/GestureDetectorXR.cs:203)
04-21 19:56:19.773 21046 26213 I Unity   : 
04-21 19:56:19.774 21046 26213 I Unity   : [App→Bot] Pause 转发频率: 71.7 Hz
04-21 19:56:19.774 21046 26213 I Unity   : UnityEngine.DebugLogHandler:Internal_Log(LogType, LogOption, String, Object)
04-21 19:56:19.774 21046 26213 I Unity   : UnityEngine.DebugLogHandler:LogFormat(LogType, Object, String, Object[])
04-21 19:56:19.774 21046 26213 I Unity   : UnityEngine.Logger:Log(LogType, Object)
04-21 19:56:19.774 21046 26213 I Unity   : UnityEngine.Debug:Log(Object)
04-21 19:56:19.774 21046 26213 I Unity   : NetMQController:SendMessage(String, String) (at /home/likunwei/dataCollection/BeaVR-app/BeaVR-Unity/Assets/Scripts/Network/NetMQController.cs:335)
04-21 19:56:19.774 21046 26213 I Unity   : GestureDetectorXR:SendPauseStatusThroughController() (at /home/likunwei/dataCollection/BeaVR-app/BeaVR-Unity/Assets/Scripts/Gesture Detection/GestureDetectorXR.cs:525)
04-21 19:56:19.774 21046 26213 I Unity   : GestureDetectorXR:Update() (at /home/likunwei/dataCollection/BeaVR-app/BeaVR-Unity/Assets/Scripts/Gesture Detection/GestureDetectorXR.cs:204)
04-21 19:56:19.774 21046 26213 I Unity   : 
04-21 19:56:19.774 21046 26213 I Unity   : [App→Bot] RightHand 转发频率: 71.7 Hz
04-21 19:56:19.774 21046 26213 I Unity   : UnityEngine.DebugLogHandler:Internal_Log(LogType, LogOption, String, Object)
04-21 19:56:19.774 21046 26213 I Unity   : UnityEngine.DebugLogHandler:LogFormat(LogType, Object, String, Object[])
04-21 19:56:19.774 21046 26213 I Unity   : UnityEngine.Logger:Log(LogType, Object)
04-21 19:56:19.774 21046 26213 I Unity   : UnityEngine.Debug:Log(Object)
04-21 19:56:19.774 21046 26213 I Unity   : NetMQController:SendMessage(String, String) (at /home/likunwei/dataCollection/BeaVR-app/BeaVR-Unity/Assets/Scripts/Network/NetMQController.cs:335)
04-21 19:56:19.774 21046 26213 I Unity   : GestureDetectorXR:SendHandDataThroughController(String) (at /home/likunwei/dataCollection/BeaVR-app/BeaVR-Unity/Assets/Scripts/Gesture Detection/GestureDetectorXR.cs:341)
04-21 19:56:19.774 21046 26213 I Unity   : GestureDetectorXR:Update() (at /home/likunwei/dataCollection/BeaVR-app/BeaVR-Unity/Assets/Scripts/Gesture Detection/GestureDetectorXR.cs:214)
04-21 19:56:19.774 21046 26213 I Unity   : 
04-21 19:56:19.774 21046 26213 I Unity   : [App→Bot] LeftHand 转发频率: 71.7 Hz
04-21 19:56:19.774 21046 26213 I Unity   : UnityEngine.DebugLogHandler:Internal_Log(LogType, LogOption, String, Object)
04-21 19:56:19.774 21046 26213 I Unity   : UnityEngine.DebugLogHandler:LogFormat(LogType, Object, String, Object[])
04-21 19:56:19.774 21046 26213 I Unity   : UnityEngine.Logger:Log(LogType, Object)
04-21 19:56:19.774 21046 26213 I Unity   : UnityEngine.Debug:Log(Object)
04-21 19:56:19.774 21046 26213 I Unity   : NetMQController:SendMessage(String, String) (at /home/likunwei/dataCollection/BeaVR-app/BeaVR-Unity/Assets/Scripts/Network/NetMQController.cs:335)
04-21 19:56:19.774 21046 26213 I Unity   : GestureDetectorXR:SendHandDataThroughController(String) (at /home/likunwei/dataCollection/BeaVR-app/BeaVR-Unity/Assets/Scripts/Gesture Detection/GestureDetectorXR.cs:348)
04-21 19:56:19.774 21046 26213 I Unity   : GestureDetectorXR:Update() (at /home/likunwei/dataCollection/BeaVR-app/BeaVR-Unity/Assets/Scripts/Gesture Detection/GestureDetectorXR.cs:214)
04-21 19:56:19.774 21046 26213 I Unity   : 
04-21 19:56:19.775 21046 26213 I Unity   : [PICO→App] 右手发送频率: 71.7 Hz
04-21 19:56:19.775 21046 26213 I Unity   : UnityEngine.DebugLogHandler:Internal_Log(LogType, LogOption, String, Object)
04-21 19:56:19.775 21046 26213 I Unity   : UnityEngine.DebugLogHandler:LogFormat(LogType, Object, String, Object[])
04-21 19:56:19.775 21046 26213 I Unity   : UnityEngine.Logger:Log(LogType, Object)
04-21 19:56:19.775 21046 26213 I Unity   : UnityEngine.Debug:Log(Object)
04-21 19:56:19.775 21046 26213 I Unity   : GestureDetectorXR:SendHandDataThroughController(String) (at /home/likunwei/dataCollection/BeaVR-app/BeaVR-Unity/Assets/Scripts/Gesture Detection/GestureDetectorXR.cs:362)
04-21 19:56:19.775 21046 26213 I Unity   : GestureDetectorXR:Update() (at /home/likunwei/dataCollection/BeaVR-app/BeaVR-Unity/Assets/Scripts/Gesture Detection/GestureDetectorXR.cs:214)
04-21 19:56:19.775 21046 26213 I Unity   : 
04-21 19:56:19.775 21046 26213 I Unity   : [PICO→App] 左手发送频率: 71.7 Hz
04-21 19:56:19.775 21046 26213 I Unity   : UnityEngine.DebugLogHandler:Internal_Log(LogType, LogOption, String, Object)
04-21 19:56:19.775 21046 26213 I Unity   : UnityEngine.DebugLogHandler:LogFormat(LogType, Object, String, Object[])
04-21 19:56:19.775 21046 26213 I Unity   : UnityEngine.Logger:Log(LogType, Object)
04-21 19:56:19.775 21046 26213 I Unity   : UnityEngine.Debug:Log(Object)
04-21 19:56:19.775 21046 26213 I Unity   : GestureDetectorXR:SendHandDataThroughController(String) (at /home/likunwei/dataCollection/BeaVR-app/BeaVR-Unity/Assets/Scripts/Gesture Detection/GestureDetectorXR.cs:370)
04-21 19:56:19.775 21046 26213 I Unity   : GestureDetectorXR:Update() (at /home/likunwei/dataCollection/BeaVR-app/BeaVR-Unity/Assets/Scripts/Gesture Detection/GestureDetectorXR.cs:214)
04-21 19:56:19.775 21046 26213 I Unity   : 
04-21 19:56:20.193 21046 26314 W APxrRuntime: PXRSDK_PM ENGINE FPS: 72, 5401796692730
04-21 19:56:20.222 21046 26365 I PxrMetric: FPS=72/72,MTP=32.44ms,AppSW=off,FrmEarly=0,FrmLate=0,FrmCpu=2.10ms,FrmGpu=0.71ms,FrmTime=4.25ms,ATWGPU=2.23ms,VsyncDelay=1,GPU=31%/441Mhz,GPUTemp=60.2C,LayerCnt=2,Pkg=com.Sysmo.BeaVR.beta,FrmId=3418
04-21 19:56:20.649   961  1156 I chatty  : uid=0(root) command_looper expire 615 lines
04-21 19:56:20.655  1883  2723 I chatty  : uid=1000(system) main_loop expire 33 lines
04-21 19:56:20.661  2138  2658 E Guardian:: GsDialog::mDialogAccumulatedNumber >= 5
