04-24 11:31:34.352  6149  6149 W ViewRootImpl: Will skip draw vr actvity :com.pvr.seethrough.setting/com.pvr.seethrough.setting.MainActivity
04-24 11:31:34.352  6149  6149 I TeaLog  : Tea service connected...
04-24 11:31:34.353   963 16194 I PICO_SLAM: FLSHYI RESULT_SUCCESS
04-24 11:31:34.353   963 16194 I PICO_SLAM: SLAM start6DoF(new) end 52820746, [228,204]
04-24 11:31:34.353   965  4871 I EyeTrackingService: pxrNotifyCallback: enable_ipd_init:1, 1, ext
04-24 11:31:34.353   971  1178 I PxrMRService: [###:2967]: value1=enable_ipd_init:1 value2=1 ext=ext
04-24 11:31:34.354  1883 13098 I PxrNotificationService: sendPxrMessage callingPid:1881 action action.configure.change.notify.all ,value1:enable_ipd_init:1 ,value2:1 ,ext:ext ,mPvrCallbacks.size():15
04-24 11:31:34.355  6140 12635 E MRService:: process event 29
04-24 11:31:34.356  1340  1545 E system_server: Dex checksum does not match for dex: /system/priv-app/seethroughsetting/seethroughsetting.apk.Expected: 3593843393, actual: 2142969445
04-24 11:31:34.359   971   971 I PxrMRService: [###:2967]: value1=Success value2=2 ext=enable_ipd_init:1
04-24 11:31:34.359  1883 13098 I PxrNotificationService: sendPxrMessage callingPid:1881 action action.configure.change.notify.all ,value1:Success ,value2:2 ,ext:enable_ipd_init:1 ,mPvrCallbacks.size():15
04-24 11:31:34.360   965  1150 I EyeTrackingService: pxrNotifyCallback: Success, 2, enable_ipd_init:1
04-24 11:31:34.360  1340  1545 I ActivityTaskManager: Displayed com.pvr.seethrough.setting/.MainActivity: +116ms   systype : 10
04-24 11:31:34.361  1340  1545 I BpfServerUtils: BpfServer>> set pid of BpfInstance (funcslower) successfully !
04-24 11:31:34.361  1340  1545 I BpfServerUtils: BpfServer>> set pid of BpfInstance (fileavg) successfully !
04-24 11:31:34.362  1340  1545 I BpfServerUtils: BpfServer>> set pid of BpfInstance (fileslower) successfully !
04-24 11:31:34.362  1340  1545 I BpfServerUtils: BpfServer>> set pid of BpfInstance (funcslower) successfully !
04-24 11:31:34.362  1340  1545 I BpfServerUtils: BpfServer>> set pid of BpfInstance (fileavg) successfully !
04-24 11:31:34.362  1340  1545 I BpfServerUtils: BpfServer>> set pid of BpfInstance (fileslower) successfully !
04-24 11:31:34.363  1340  1545 I BpfServerUtils: BpfServer>> set pid of BpfInstance (funcslower) successfully !
04-24 11:31:34.363  1340  1545 I BpfServerUtils: BpfServer>> set pid of BpfInstance (fileavg) successfully !
04-24 11:31:34.363  1340  1545 I BpfServerUtils: BpfServer>> set pid of BpfInstance (fileslower) successfully !
04-24 11:31:34.367  6149  6149 W ViewRootImpl: Will skip draw vr actvity :com.pvr.seethrough.setting/com.pvr.seethrough.setting.MainActivity
04-24 11:31:34.368  1340  5647 W WindowManager: onImeVisibleChanged, imeTargetWindow [null]
04-24 11:31:34.368   600   600 I hwservicemanager: getTransport: Cannot find entry vendor.qti.hardware.servicetracker@1.0::IServicetracker/default in either framework or device manifest.
04-24 11:31:34.371   600   600 I chatty  : uid=1000(system) hwservicemanage identical 2 lines
04-24 11:31:34.373   600   600 I hwservicemanager: getTransport: Cannot find entry vendor.qti.hardware.servicetracker@1.0::IServicetracker/default in either framework or device manifest.
04-24 11:31:34.373  1340  1539 I FrozenObject: target process is frozen, client name:system_server pid:1340 uid:1000
04-24 11:31:34.373  1340  1539 I addErrorToDropBox: Ready to get DropboxManagerService!
04-24 11:31:34.373  1340  1539 I addErrorToDropBox: It has been written five times in 10 seconds, so return
04-24 11:31:34.374  6149 16348 I Unity   : MemoryManager: Using 'Dynamic Heap' Allocator.
04-24 11:31:34.379  6149  6149 W ViewRootImpl: Will skip draw vr actvity :com.pvr.seethrough.setting/com.pvr.seethrough.setting.MainActivity
04-24 11:31:34.384  6149 16348 I Unity   : SystemInfo CPU = ARM64 FP ASIMD AES, Cores = 8, Memory = 7773mb
04-24 11:31:34.384  6149 16348 I Unity   : SystemInfo ARM big.LITTLE configuration: 4 big (mask: 0xf0), 4 little (mask: 0xf)
04-24 11:31:34.385  6149 16348 I Unity   : ApplicationInfo com.pvr.seethrough.setting version 2.1.17
04-24 11:31:34.385  6149 16348 I Unity   : Built from '2021.3/staging' branch, Version '2021.3.5f1 (40eb3a945986)', Build type 'Release', Scripting Backend 'il2cpp', CPU 'arm64-v8a', Stripping 'Enabled'
04-24 11:31:34.385  2892  9551 W MtpStorageManager: Id 506 doesn't exist
04-24 11:31:34.385  6137 12849 W OpenGLRenderer: Surface doesn't have any previously queued frames, nothing to readback from
04-24 11:31:34.385  2892  9551 W MtpServer: [MTP] got response 0x2009 in command MTP_OPERATION_GET_OBJECT_INFO (1008)
04-24 11:31:34.390  6137  6137 I EngineListener: EngineListener SurfaceView's surface destroyed
04-24 11:31:34.392  2892  9551 W MtpStorageManager: Id 507 doesn't exist
04-24 11:31:34.392  2892  9551 W MtpServer: [MTP] got response 0x2009 in command MTP_OPERATION_GET_OBJECT_INFO (1008)
04-24 11:31:34.393   963 16201 I PvrTrackingService: [wzs]confidence or error type change [0,32=>1,512]
04-24 11:31:34.393   963  1173 I PvrTrackingService: onMessageReceived,setprop sys.pxr.trackingservice.alg_confidence,1
04-24 11:31:34.394   963  1173 I PvrTrackingService: onMessageReceived,setprop end
04-24 11:31:34.395  6149  6149 W ViewRootImpl: Will skip draw vr actvity :com.pvr.seethrough.setting/com.pvr.seethrough.setting.MainActivity
04-24 11:31:34.409  6137  6137 I pico-ipc-client: onActivityStopped activity:com.unity3d.player.UnityPlayerActivity@9dab655
04-24 11:31:34.409  2318  2318 E InputMethodPrivilegedOperations: reportFullscreenMode is ignored. Call it within attachToken() and InputMethodService.onDestroy()
04-24 11:31:34.409  6149  6149 W ViewRootImpl: Will skip draw vr actvity :com.pvr.seethrough.setting/com.pvr.seethrough.setting.MainActivity
04-24 11:31:34.410  6137  6137 I pico-ipc-client: onActivitySaveInstanceState activity:com.unity3d.player.UnityPlayerActivity@9dab655
04-24 11:31:34.412  2318  2318 I FlyIME  : onBindInput: 
04-24 11:31:34.434  1340  1537 I AUTO_FREEZE: makeQuickJudgment, uid:10129 to do nothing for totalState:60 |isFrozen:false |procState:16 |reason:check process state change processState:16
04-24 11:31:34.434  1340  1782 I AUTO_FREEZE: makeQuickJudgment, uid:10129 to do nothing for totalState:20 |isFrozen:false |procState:16 |reason:check inUse event change:false
04-24 11:31:34.441   932   932 W /vendor/bin/hw/vendor.qti.hardware.perf@2.1-service: type=1400 audit(0.0:1564): avc: denied { search } for comm=41646170744C61756E636820566D name="599" dev="proc" ino=412129 scontext=u:r:hal_perf_default:s0 tcontext=u:r:servicemanager:s0 tclass=dir permissive=0
04-24 11:31:34.441   932   932 W /vendor/bin/hw/vendor.qti.hardware.perf@2.1-service: type=1400 audit(0.0:1565): avc: denied { search } for comm=41646170744C61756E636820566D name="600" dev="proc" ino=324416 scontext=u:r:hal_perf_default:s0 tcontext=u:r:hwservicemanager:s0 tclass=dir permissive=0
04-24 11:31:34.441   932   932 W /vendor/bin/hw/vendor.qti.hardware.perf@2.1-service: type=1400 audit(0.0:1566): avc: denied { search } for comm=41646170744C61756E636820566D name="1762" dev="proc" ino=666796 scontext=u:r:hal_perf_default:s0 tcontext=u:r:audioserver:s0 tclass=dir permissive=0
04-24 11:31:34.441   932   932 W /vendor/bin/hw/vendor.qti.hardware.perf@2.1-service: type=1400 audit(0.0:1567): avc: denied { search } for comm=41646170744C61756E636820566D name="599" dev="proc" ino=412129 scontext=u:r:hal_perf_default:s0 tcontext=u:r:servicemanager:s0 tclass=dir permissive=0
04-24 11:31:34.441   932   932 W /vendor/bin/hw/vendor.qti.hardware.perf@2.1-service: type=1400 audit(0.0:1568): avc: denied { search } for comm=41646170744C61756E636820566D name="600" dev="proc" ino=324416 scontext=u:r:hal_perf_default:s0 tcontext=u:r:hwservicemanager:s0 tclass=dir permissive=0
04-24 11:31:34.441   932   932 W /vendor/bin/hw/vendor.qti.hardware.perf@2.1-service: type=1400 audit(0.0:1569): avc: denied { search } for comm=41646170744C61756E636820566D name="1762" dev="proc" ino=666796 scontext=u:r:hal_perf_default:s0 tcontext=u:r:audioserver:s0 tclass=dir permissive=0
04-24 11:31:34.446  6140 12637 E MRService:: mr render fps = 11
04-24 11:31:34.446   963 16256 I SENSOR  : PClog_interface_get_imagewith, g_screen_status:1,g_sys_hand_run:0, g_camera_status:1
04-24 11:31:34.451  6149 16348 E libprocessgroup: set_timerslack_ns write failed: Operation not permitted
04-24 11:31:34.451  6149 16348 I chatty  : uid=1000(system) identical 14 lines
04-24 11:31:34.451  6149 16348 E libprocessgroup: set_timerslack_ns write failed: Operation not permitted
04-24 11:31:34.455  6149  6149 W ViewRootImpl: Will skip draw vr actvity :com.pvr.seethrough.setting/com.pvr.seethrough.setting.MainActivity
04-24 11:31:34.457  6149 16348 I Unity   : Company Name: Pico
04-24 11:31:34.457  6149 16348 I Unity   : Product Name: seethroughsetting
04-24 11:31:34.460  6149 16348 I [PxrUnity]: PicoJNIContext JNI_OnLoad ++++++++++++++++++ Started.
04-24 11:31:34.460  6149 16348 I [PxrUnity]: PicoJNIContext JNI_OnLoad PicoUnityJavaObject: 0x2a06.
04-24 11:31:34.460  6149 16348 I [PxrUnity]: PluginDllMain XRSDKPreInit Started.
04-24 11:31:34.460  6149 16348 I [PxrUnity]: PicoJNIContext getCurrentActivity Started.
04-24 11:31:34.460  6149 16348 E PxrAPI  : Pxr_SetInitializeData in
04-24 11:31:34.461  6149 16348 W PicoXR  : context addr is 0x789258d6b8.
04-24 11:31:34.463  6149 16348 E through.settin: Dex checksum does not match for dex: /system/priv-app/XRRuntime/XRRuntime.apk.Expected: 3758650099, actual: 2405259872
04-24 11:31:34.464  6149 16348 I through.settin: The ClassLoaderContext is a special shared library.
04-24 11:31:34.467  6149 16348 I PxrPlugin: JNI_OnLoad() called!
04-24 11:31:34.468  6149 16348 I PxrPlugin: PxrPlugin JNI_OnLoad() called!
04-24 11:31:34.468  6149 16348 E PxrPlugin: PxrPlugin xrVersion 2.0.5.0xd(0x200050d)
04-24 11:31:34.469  6149 16348 E PxrAPI  : PxrApplication is nullptr or keyEventDistpatch is nullptr.
04-24 11:31:34.469  6149 16348 E PxrPlugin:  Pxr_SetSysActivity()  set sysactivity class 0x29e2
04-24 11:31:34.469  6149 16348 I PxrPlugin: Pxr_SetPlatformOption called ,PxrPlatformOption =0
04-24 11:31:34.469  6149 16348 I [PxrUnity]: PluginDllMain XRSDKPreInit Ended.
04-24 11:31:34.469  6149 16348 I AdrenoGLES-0: QUALCOMM build                   : 76b617b5a7, I2d63e0ecd9
04-24 11:31:34.469  6149 16348 I AdrenoGLES-0: Build Date                       : 10/31/22
04-24 11:31:34.469  6149 16348 I AdrenoGLES-0: OpenGL ES Shader Compiler Version: E031.41.05.00
04-24 11:31:34.469  6149 16348 I AdrenoGLES-0: Local Branch                     : 
04-24 11:31:34.469  6149 16348 I AdrenoGLES-0: Remote Branch                    : refs/tags/AU_LINUX_ANDROID_LA.UM.8.12.C3.10.00.00.670.284
04-24 11:31:34.469  6149 16348 I AdrenoGLES-0: Remote Branch                    : NONE
04-24 11:31:34.469  6149 16348 I AdrenoGLES-0: Reconstruct Branch               : NOTHING
04-24 11:31:34.469  6149 16348 I AdrenoGLES-0: Build Config                     : S P 8.0.12 AArch64
04-24 11:31:34.469  6149 16348 I AdrenoGLES-0: Driver Path                      : /vendor/lib64/egl/libGLESv2_adreno.so
04-24 11:31:34.469  6149 16348 I AdrenoGLES-0: Driver Version                   : 0682.0
04-24 11:31:34.472  6149 16348 I AdrenoGLES-0: PFP: 0x016dd109, ME: 0x00000000
04-24 11:31:34.477  6149 16348 I [PxrUnity]: PluginDllMain GetPreInitFlags Started.
04-24 11:31:34.477  6149 16348 I [PxrUnity]: PluginDllMain GetPreInitFlags s_EnableLateLatching:false.
04-24 11:31:34.484  6149 16348 E libEGL  : eglGetFrameTimestampSupportedANDROIDImpl:2539 error 300d (EGL_BAD_SURFACE)
04-24 11:31:34.488  2892  9551 W MtpStorageManager: Id 508 doesn't exist
04-24 11:31:34.488  2892  9551 W MtpServer: [MTP] got response 0x2009 in command MTP_OPERATION_GET_OBJECT_INFO (1008)
04-24 11:31:34.489  1885 16132 I SlardarOS_Uploader: executeRequestInner success upload {"msg":"","code":0,"data":{"status":0,"content":""}}
04-24 11:31:34.490  1340  2062 W XrAppIorapServer: update appinfo: failed to query the AppInfo of app = com.pvr.seethrough.setting ret = 2
04-24 11:31:34.495  1340  1340 I WindowManagerExt: we doKeyTapAction 902 , resume false
04-24 11:31:34.496  1340  1340 W WindowManagerExt: dispatchHomeToNS
04-24 11:31:34.496  1340  1340 W ContextImpl: Calling a method in the system process without a qualified user: android.app.ContextImpl.startService:1570 com.android.server.policy.ExtPhoneWindowManagerImpl.dispatchHomeToNS:1678 com.android.server.policy.ExtPhoneWindowManagerImpl.access$900:54 com.android.server.policy.ExtPhoneWindowManagerImpl$SystemKeyAction.launchShortcutCheck:996 com.android.server.policy.ExtPhoneWindowManagerImpl$SystemKeyAction.doKeyActionReal:1062 
04-24 11:31:34.496  2892  9551 W MtpStorageManager: Id 509 doesn't exist
04-24 11:31:34.497  2892  9551 W MtpServer: [MTP] got response 0x2009 in command MTP_OPERATION_GET_OBJECT_INFO (1008)
04-24 11:31:34.497  1882  2201 W SYSTEM_EXT: onStartCommand [picovr.system_ext.action.HOME]
04-24 11:31:34.498  1882  2201 W SYSTEM_EXT: handleHomeAction !!!
04-24 11:31:34.499  1882  2201 W SYSTEM_EXT: handleHomeAction mTopTaskOnDefaultDisplay [ComponentInfo{com.pvr.seethrough.setting/com.pvr.seethrough.setting.MainActivity}]
04-24 11:31:34.499  1882  2201 W SYSTEM_EXT: abandon update visible by seethrough for AppContainer 0x4f17893[clientId: 2, displayId: 3, size (2250, 205), type: 2003, density: 560, 4f17893, ComponentInfo{com.pvr.shortcut/}, AppContainer 0xe3242ec[clientId: -1, displayId: -1, size (0, 0), type: 0, density: 200, e3242ec, null, null]]
04-24 11:31:34.520   966  2188 I PxrFanService: FanControlSetDriver changed settings - [52820913386899]	[52810905754142] 
04-24 11:31:34.522  6149 16348 W Unity   : OnLevelWasLoaded was found on DOTweenComponent
04-24 11:31:34.522  6149 16348 W Unity   : This message has been deprecated and will be removed in a later version of Unity.
04-24 11:31:34.522  6149 16348 W Unity   : Add a delegate to SceneManager.sceneLoaded instead to get notifications after scene loading has completed
04-24 11:31:34.530  1882  2220 W SYSTEM_EXT: dispatchRunningAppState [[{"clientId":2,"displayId":3,"type":2003,"visible":false,"createTime":1776948683533,"lastActiveTime":0}]]
04-24 11:31:34.532   956  1760 I PxrNotificationClient: sendPxrNotification,action:teatracker_event_action id:0,value1:audio_output_end value2:0,ext:{"channel_mask":3,"content_type":2,"duration":4534,"flags":260,"foreground_package_name_far":"","foreground_package_name_near":"","format":5,"is_spatial":0,"mixer_channel_mask":63,"output_type":"speaker","package_name":"com.Sysmo.BeaVR.beta","request_spatial_type":"default","sample_rate":24000,"stream_type":3,"usage":1,"volume_ui":11}
04-24 11:31:34.532  1883 13098 E PxrNotificationUtils: non system uid checkSendPxrMessagePermissionWithAction:teatracker_event_action permission granted.
04-24 11:31:34.533  1883 13098 I PxrNotificationService: sendPxrMessage callingPid:956 action teatracker_event_action ,value1:audio_output_end ,value2:0 ,ext:{"channel_mask":3,"content_type":2,"duration":4534,"flags":260,"foreground_package_name_far":"","foreground_package_name_near":"","format":5,"is_spatial":0,"mixer_channel_mask":63,"output_type":"speaker","package_name":"com.Sysmo.BeaVR.beta","request_spatial_type":"default","sample_rate":24000,"stream_type":3,"usage":1,"volume_ui":11} ,mPvrCallbacks.size():15
04-24 11:31:34.542  6149 16348 I Unity   : XRGeneral Settings awakening...
04-24 11:31:34.543  6140 12637 I PxrNotificationClient: sendPxrNotification,action:com.pxr.guardian.seethrough_state id:0,value1:state value2:3,ext:successed
04-24 11:31:34.544  1878  2790 I PxrCompositor: notification_callback_onSeethroughState,state,3
04-24 11:31:34.544  1878  2790 I PxrCompositor: notifySeethroughState = 3
04-24 11:31:34.544  1878  2790 I PxrCompositor: notifySeethroughState = 3
04-24 11:31:34.544  1883 13098 I PxrNotificationService: sendPxrMessage callingPid:6140 action com.pxr.guardian.seethrough_state ,value1:state ,value2:3 ,ext:successed ,mPvrCallbacks.size():15
04-24 11:31:34.544  2122 16345 E Guardian:: onVstStatusChanged value1=state, value2=3, ext=successed
04-24 11:31:34.544  6140 12637 I PxrNotificationClient: sendPxrNotification,action:com.pico.pxr_seethrough_isshow id:0,value1:state value2:3,ext:successed
04-24 11:31:34.544  6149 16348 I IL2CPP  : Locale zh-Hans-CN
04-24 11:31:34.544  1883 13098 I PxrNotificationService: sendPxrMessage callingPid:6140 action com.pico.pxr_seethrough_isshow ,value1:state ,value2:3 ,ext:successed ,mPvrCallbacks.size():15
04-24 11:31:34.544   967  2581 I pxrhmdservice : PxrHmdServiceCore <seethroughCallBack> value1=state value2=3 ext=successed
04-24 11:31:34.544  6140 12637 I PxrNotificationClient: sendPxrNotification,action:com.pxr.mrservice.vst_state id:0,value1:state value2:3,ext:successed
04-24 11:31:34.544   967  2581 I pxrhmdservice : AutoIPDManager <isSupportEyetracking> isSupportEyetracking=0
04-24 11:31:34.544  1883 13098 I PxrNotificationService: sendPxrMessage callingPid:6140 action com.pxr.mrservice.vst_state ,value1:state ,value2:3 ,ext:successed ,mPvrCallbacks.size():15
04-24 11:31:34.544  1340 13095 I PowerAdvisor: [FEAT_SCENE_ADJUST_FREQ][0] onEventChanged, value1: state, value2: 3, ext: successed
04-24 11:31:34.544  6140 12637 I PxrSeethroughServiceClient: [###:1327]: Call <###> -.mode=[3]
04-24 11:31:34.544   972  2550 I PxrSeethroughService: [###:4501]: Call <###> with mode=[3]
04-24 11:31:34.544  1340  2131 I ScenePowerInfo: [FEAT_POWER_MONITOR_COMMON][0] vst scene change, state: 3, screen_on, null
04-24 11:31:34.544  1340  2131 I ScenePowerInfo: [FEAT_POWER_MONITOR_COMMON][0] vst scene change, state: 3, app_front, null
04-24 11:31:34.544   972  2550 I Photoid : [I 04/24 11:31:34.544 ] VSTPriority curr_vst_mode=0, mode=3, curr_vst_mode_update_flag=1
04-24 11:31:34.544   972  2550 I Photoid : [I 04/24 11:31:34.544 ] VSTPriority curr_vst_mode=3
04-24 11:31:34.544  6140 12637 E MRService:: GsCameraClientRGB begin to start frame...
04-24 11:31:34.544  6140 12637 I NDK-CAMERA: [CreateCamera][90]: RGBCameraAHB::CreateCamera called
04-24 11:31:34.546   972  2550 I PxrSeethroughService: Call <###> - start, pid=[6140],rgbCameraStatus=[1].
04-24 11:31:34.546   972  2550 I PxrSeethroughService: Call <###> - i=[0],rgbCamera=[0],serviceMode=[0],Started=[-1].
04-24 11:31:34.546   972  2550 I PxrSeethroughService: Call <###> - i=[1],rgbCamera=[1],serviceMode=[0],Started=[-1].
04-24 11:31:34.546   972  2550 I PxrSeethroughService: Call <###> - rgb_status=[1].
04-24 11:31:34.546   972  2550 I PxrSeethroughService: Call <###> - mPrevServiceMode=[0],serviceMode=[1]
04-24 11:31:34.546   972  2550 I PxrSeethroughService: Call <###> - serviceMode=[1].
04-24 11:31:34.546   972  2550 I PxrSeethroughService: Call <###> - end, pid=[6140],rgbCameraStatus=[1].
04-24 11:31:34.546   972  2556 I TrackingClient: AttachCamera,561:S, mLoglevel 0
04-24 11:31:34.546   963  2611 I PvrTrackingService: openCamera type 4, cameraNewaArch: 1
04-24 11:31:34.546   972  2550 I PxrSeethroughService: [###:4057]: Debug <###> - startPreview ret=[0]
04-24 11:31:34.546  6140 12637 I NDK-CAMERA: [CreateCamera][102]: OpenRGBCamera successfully
04-24 11:31:34.546   972  2556 E DataBuffer: map fd(71) fdSize(1540150) getSize(1540150) address(0x7e6600f000)
04-24 11:31:34.546   972  2556 E DataBuffer: free fd(23) fdSize(1540150)
04-24 11:31:34.546   972  2556 I TrackingClient: [OpenCamera]:340,ret 0
04-24 11:31:34.546   972  2556 I TrackingClient: [StartPreview]:346
04-24 11:31:34.546   972  2556 I TrackingClient: AttachCamera,567:E
04-24 11:31:34.546   972  2556 I TrackingClient: AttachCamera,561:S, mLoglevel 0
04-24 11:31:34.546   963   963 I PvrTrackingService: openCamera type 5, cameraNewaArch: 1
04-24 11:31:34.547   972  2556 E DataBuffer: map fd(23) fdSize(1540150) getSize(1540150) address(0x7e6e3c2000)
04-24 11:31:34.547   972  2556 E DataBuffer: free fd(44) fdSize(1540150)
04-24 11:31:34.547   972  2556 I TrackingClient: [OpenCamera]:340,ret 0
04-24 11:31:34.547   972  2556 I TrackingClient: [StartPreview]:346
04-24 11:31:34.547   972  2556 I TrackingClient: AttachCamera,567:E
04-24 11:31:34.547   972  2556 I PxrSeethroughService: [###:999]: Info <###> - AttachCamera done, ret=[0,0].
04-24 11:31:34.547   972  2556 I PxrSeethroughService: [###:1002]: Info <###> - SetCameraFrameCallbacks done, ret=[0,0].
04-24 11:31:34.547   972  2556 I PxrSeethroughService: [###:3682]: Info <###> - station[0xf4d9d7d1a68bff 0x7e8f8d9480 0x7e8dfc4038 0x7e8dfc476c 0x7e8dfc42a0]
04-24 11:31:34.547   975  1130 E Stationservice: L1:in GetServiceFps, mCameraFpsConfig=1, mStationProtocolVersion=1
04-24 11:31:34.547   972  2556 E Stationclient: L1:GetServiceFps, status=1
04-24 11:31:34.547   972  2556 I PxrSeethroughService: [###:3706]: Debug <###> - GetServiceFps fps=[1]
04-24 11:31:34.547   975  1130 E Stationservice: L1:in GetServiceFps, mCameraFpsConfig=1, mStationProtocolVersion=1
04-24 11:31:34.547   972  2556 E Stationclient: L1:GetServiceFps, status=1
04-24 11:31:34.547   972  2556 I PxrSeethroughService: [###:4617]: Debug <###> - GetServiceFps fps=[1]
04-24 11:31:34.548   972  2556 I PxrSeethroughService: func: ###, line: 3757, open rgb camera begin.
04-24 11:31:34.548   972  2556 I PvrTrackingCamera: disconnect: Camera 4 E, mStatus 1.
04-24 11:31:34.548   972  2556 W PvrTrackingCamera: initialize: Camera 4 waited provider for 0 ms
04-24 11:31:34.549   971  2698 I PxrMRService: [###:673]: statistics - mono_status=[0] rgb_status=[0] mr_mode=[1] mr_auto_capture=[0] total_cnt=[237]
04-24 11:31:34.549   930  1328 I SDM     : ResourceImpl::SetMaxBandwidthMode: new bandwidth mode=1
04-24 11:31:34.552   972  2556 I PvrTrackingCamera: [startPreview,72] Camera, 4, mNumPartialResults 1, mUsePartialResult:0
04-24 11:31:34.552   972  2556 I PvrTrackingCamera: createBuffer format:35, width:2328, height:1748
04-24 11:31:34.552   972  2556 I PvrTrackingCamera: createBuffer,71:cam 4, phisical camera count 1
04-24 11:31:34.552   972  2556 I PvrTrackingCamera: startPreview, stream count 1
04-24 11:31:34.552   972  2556 I PvrTrackingCamera: Camera 4: Creating new stream 0: 2328 x 1748, format 35, dataspace 146931712 rotation 0 consumer usage 3, physicalCameraId 
04-24 11:31:34.552   972  2556 I PvrTrackingCamera: startPreview, stream id 0
04-24 11:31:34.552   972  2556 I PvrTrackingCamera: updateRequestTemplate,cam-4, update request template
04-24 11:31:34.552   972  2556 I PvrTrackingCamera: updateRequestTemplate,513: tag1: 1
04-24 11:31:34.552   972  2556 I PvrTrackingCamera: updateRequestTemplate,516: tag2: 1
04-24 11:31:34.552   972  2556 I PvrTrackingCamera: updateRequestTemplate, exposure 3000000
04-24 11:31:34.552   972  2556 I PvrTrackingCamera: updateRequestTemplate, gain 1200
04-24 11:31:34.558  2047  2374 E APxrRuntime:  oxr_session_poll:XRT_COMPOSITOR_EVENT_SEETHROUGH_CHANGE-------:3
04-24 11:31:34.558  2047  2374 I XRShell-Native: XR_TYPE_EVENT_SEETHROUGH_STATE_CHANGED, state is 3
04-24 11:31:34.559  2047  3592 I XRShell : EventDispatcher , dispatchKeyEvent2Ext , Event{clientId=-1, displayId=0, action=3, keyCode=-1000, buttonId=-1, deviceId=-1, isMotion=false, x=0.0, y=0.0, eventTime=3136, null}
04-24 11:31:34.559  1882  2201 W SYSTEM_EXT: seethrough status changed [3]
04-24 11:31:34.559  1882  2201 W SYSTEM_EXT: seethroughVisibleChanged [true]
04-24 11:31:34.559  1882  2201 W SYSTEM_EXT: already enter seethrough, ignore hide all [enter seethrough]
04-24 11:31:34.559  1882  2201 W SYSTEM_EXT: CALL CODE_SEETHROUGH_STATE inSeethrough :true
04-24 11:31:34.559  2047  3892 I XRShell : CODE_SEETHROUGH_STATE state :1
04-24 11:31:34.561   911   911 E CHIUSECASE: [ERROR  ] chxsensorselectmode.cpp:677 FindBestSensorMode() seletedSensorModeIndex value is NULL
04-24 11:31:34.561   911   911 E CHIUSECASE: [ERROR  ] chxsensorselectmode.cpp:682 FindBestSensorMode() seleted_sensormode_index is -1
04-24 11:31:34.561   911   911 I CHIUSECASE: Selected Usecase: 7, SelectedMode W=2328, H=1748, FPS:50, NumBatchedFrames:1, modeIndex:5, op_mode: 0x8002
04-24 11:31:34.572  2047  2374 I XRShell-Native: nativeSendSeeThroughStateToEngine, state=1
04-24 11:31:34.575   911   911 I CVP     : File: vendor/qcom/proprietary/cv-noship/cvp2/src/cpu/platform/android/cvpSession.cpp Line: 173 Function: cvpGetDebugEnable() Msg:  CVP Debug Logs Disabled 
04-24 11:31:34.575   972  3648 I Photoid : [I 04/24 11:31:34.575 ] VSTPriority changed the priority type=1, level=14
04-24 11:31:34.577   911   911 I CVP     : File: vendor/qcom/proprietary/cv-noship/cvp2/src/cpu/cvpPower.cpp Line: 621 Function: cvpEstimatePowerDme() Msg: DME Voting
04-24 11:31:34.577   911   911 I CVP     : File: vendor/qcom/proprietary/cv-noship/cvp2/src/cpu/cvpPower.cpp Line: 1573 Function: cvpAggreatePower() Msg: After aggregation
04-24 11:31:34.577   911   911 I CVP     : File: vendor/qcom/proprietary/cv-noship/cvp2/src/cpu/cvpPower.cpp Line: 85 Function: cvpPrintPower() Msg: Actual      Clock: Fdu 19991460, Ica 7464960, Od 0, Mpu 0, Fw 50400000
04-24 11:31:34.577   911   911 I CVP     : File: vendor/qcom/proprietary/cv-noship/cvp2/src/cpu/cvpPower.cpp Line: 89 Function: cvpPrintPower() Msg: Operational Clock: Fdu 19991460, Ica 7464960, Od 0, Mpu 0, Fw 50400000
04-24 11:31:34.577   911   911 I CVP     : File: vendor/qcom/proprietary/cv-noship/cvp2/src/cpu/cvpPower.cpp Line: 91 Function: cvpPrintPower() Msg: Actual     Bw: Ddr 94684470, SysCache 0
04-24 11:31:34.577   911   911 I CVP     : File: vendor/qcom/proprietary/cv-noship/cvp2/src/cpu/cvpPower.cpp Line: 93 Function: cvpPrintPower() Msg: Opeational Bw: Ddr 94684470, SysCache 0
04-24 11:31:34.577   911   911 I CVP     : File: vendor/qcom/proprietary/cv-noship/cvp2/src/cpu/cvpPvtUtils.cpp Line: 163 Function: cvpSetPower() Msg: Update power to KMD
04-24 11:31:34.577   911   911 I CVP     : File: vendor/qcom/proprietary/cv-noship/cvp2/src/cpu/cvpPower.cpp Line: 85 Function: cvpPrintPower() Msg: Actual      Clock: Fdu 19991460, Ica 7464960, Od 0, Mpu 0, Fw 50400000
04-24 11:31:34.577   911   911 I CVP     : File: vendor/qcom/proprietary/cv-noship/cvp2/src/cpu/cvpPower.cpp Line: 89 Function: cvpPrintPower() Msg: Operational Clock: Fdu 19991460, Ica 7464960, Od 0, Mpu 0, Fw 50400000
04-24 11:31:34.577   911   911 I CVP     : File: vendor/qcom/proprietary/cv-noship/cvp2/src/cpu/cvpPower.cpp Line: 91 Function: cvpPrintPower() Msg: Actual     Bw: Ddr 94684470, SysCache 0
04-24 11:31:34.577   911   911 I CVP     : File: vendor/qcom/proprietary/cv-noship/cvp2/src/cpu/cvpPower.cpp Line: 93 Function: cvpPrintPower() Msg: Opeational Bw: Ddr 94684470, SysCache 0
04-24 11:31:34.580  6149 16348 I [PxrUnity]: PluginDllMain UnityPluginLoad Started.
04-24 11:31:34.581  6149 16348 W PicoXR  : context addr is 0x789258c758.
04-24 11:31:34.584  6149 16348 E APxrRuntime: Java_com_pico_xr_openxr_1runtime_DriverLoader_nativeGetProcAddr: InitializeLoaderKHR!
04-24 11:31:34.584  6149 16348 W Runtime_API: VrDriver::getProcAddr RuntimeInterface::LoadRuntime PFN_xrInitializeLoaderKHR is null!():513964163740.
04-24 11:31:34.584  6149 16348 E APxrRuntime: abel, xrInitializeLoaderKHR
04-24 11:31:34.584  6149 16348 E APxrRuntime: Java_com_pico_xr_openxr_1runtime_DriverLoader_nativeGetProcAddr: NegotiateLoaderRuntimeInterface!
04-24 11:31:34.584  6149 16348 W Runtime_API: VrDriver::getProcAddr RuntimeInterface::LoadRuntime PFN_xrInitializeLoaderKHR is null!():513964218880.
04-24 11:31:34.584  6149 16348 E PxrRuntime: xrNegotiateLoaderRuntimeInterface
04-24 11:31:34.584  6149 16348 I OpenXR-Loader: Info [GENERAL | xrEnumerateInstanceExtensionProperties | OpenXR-Loader] : RuntimeInterface::LoadRuntime forwarding xrInitializeLoaderKHR call to runtime after calling xrNegotiateLoaderRuntimeInterface.
04-24 11:31:34.584  6149 16348 E APxrRuntime: abel, oxr_xrInitializeLoaderKHR
04-24 11:31:34.584  6149 16348 I OpenXR-Loader: Info [GENERAL | xrEnumerateInstanceExtensionProperties | OpenXR-Loader] : RuntimeInterface::LoadRuntime succeeded loading runtime defined in manifest file  using interface version 1 and OpenXR API version 1.1
04-24 11:31:34.584  6149 16348 E APxrRuntime: add pico only extensions
04-24 11:31:34.584  6149 16348 E APxrRuntime: add private extensions
04-24 11:31:34.584  6149 16348 E APxrRuntime: add third party public extensions
04-24 11:31:34.584  6149 16348 E APxrRuntime: add hidden extensions
04-24 11:31:34.584  6149 16348 E PxrPlugin: up.mPlatformOption is Unity.
04-24 11:31:34.585  6149 16348 E PxrPlugin: isSupportXrHandtrackerFunction:isSupportXrHandtrackerFunction = true,Runtime support XR_EXT_hand_tracking
04-24 11:31:34.586  6149 16348 E PxrPlugin: Overall MR function control is not Enabled by developer
04-24 11:31:34.586  6149 16348 I PxrPlugin: isSupportGetMrcPoseEXT enter
04-24 11:31:34.586  6149 16348 I PxrPlugin: isSupportHumanOcclusionEXT = true,Runtime support XR_BD_HUMAN_OCCLUSION_EXT_EXTENSION_NAME
04-24 11:31:34.587  6149 16348 E PxrConfigServiceClient: getConfigurationServiceBinder binder is not null
04-24 11:31:34.588  6149 16348 W PxrConfigServiceClient:  open getConfigPropertyDirectAccess type:3 configName:sdk token:(null) 
04-24 11:31:34.623  6149 16348 W PxrConfigServiceClient:  open getConfigPropertyDirectAccess type:0 configName:sdk_powerlevel token:(null) 
04-24 11:31:34.637  6149 16348 W PxrConfigServiceClient:  open getConfigPropertyDirectAccess type:0 configName:os_eyebuffer_width token:(null) 
04-24 11:31:34.641  6140 12637 E APxrRuntime:  oxr_session_poll:XRT_COMPOSITOR_EVENT_SEETHROUGH_CHANGE-------:3
04-24 11:31:34.649   972  2556 I BufferQueueProducer: [ImageReader-2328x1748f23u3m5-972-6] connect: api 4, w*h = 2328 * 1748
04-24 11:31:34.649   972  2556 I PvrTrackingCamera: configureConsumerQueue,0
04-24 11:31:34.649   972  2556 I PvrTrackingCamera: startPreview,103: endConfigure mRepeating 1
04-24 11:31:34.649   972  2556 I PvrTrackingCamera: startPreview reader 4, running 1
04-24 11:31:34.649   972  2556 I PxrSeethroughService: func: ###, line: 3760, open rgb camera end.
04-24 11:31:34.649   972  2556 I PxrSeethroughService: [###:3764]: Debug <###> - see_start_preview
04-24 11:31:34.649   972  2556 I PxrSeethroughService: [###:3771]: Debug <###> - rgb_camera_waittime=[300] ----------------------------------------------------
04-24 11:31:34.649   972  2556 I PxrSeethroughService: [###:3774]: Debug <###> - rgb_have_synced=[1] ----------------------------------------------------
04-24 11:31:34.650   972 16413 I PvrTrackingCamera: processFrame-4 start
04-24 11:31:34.650   972 16413 E PvrTrackingCamera: processFrame, sched_setaffinity failed, err -1
04-24 11:31:34.650  2122  2662 E APxrRuntime:  oxr_session_poll:XRT_COMPOSITOR_EVENT_SEETHROUGH_CHANGE-------:3
04-24 11:31:34.655  6149 16348 W PxrConfigServiceClient:  open getConfigPropertyDirectAccess type:0 configName:os_eyebuffer_height token:(null) 
04-24 11:31:34.656   654  1338 W ServiceManagement: Waited one second for vendor.qti.hardware.radio.uim_remote_client@1.0::IUimRemoteServiceClient/uimRemoteClient0
04-24 11:31:34.656   654  1338 I ServiceManagement: getService: Trying again for vendor.qti.hardware.radio.uim_remote_client@1.0::IUimRemoteServiceClient/uimRemoteClient0...
04-24 11:31:34.661   975  1130 E Stationservice: L1:CameraRGBSyncSet, onoff = on, mCameraStreamFlag=f
04-24 11:31:34.663   975  1130 E Stationservice: KEYLOG:CameraRGBSyncSet:result:0x01
04-24 11:31:34.675  6149 16348 W PxrConfigServiceClient:  open getConfigPropertyDirectAccess type:0 configName:os_fov token:(null) 
04-24 11:31:34.690  6149 16348 E oxr_config: sdk_boundary_EnableSeethroughDelayLog=0
04-24 11:31:34.690  6149 16348 E oxr_config: sdk_boundary_ReportSeethroughDelayData=1
04-24 11:31:34.690  6149 16348 E oxr_config:   xrMrEngineSupport is 1
04-24 11:31:34.691  6149 16348 E APxrRuntime: getPackageManagerInfo : {"app_fps":0,"eyebufferHeight":0,"eyebufferWidth":0}
04-24 11:31:34.691  6149 16348 E APxrRuntime:  oxr_instance_create ,package_name com.pvr.seethrough.setting,eyebuffer (0,0),packageFps 0, isGLTileRender 0
04-24 11:31:34.691  6149 16348 W APxrRuntime: debug_get_log_option_persist.pxr.log_IPC_LOG raw:(null)
04-24 11:31:34.694  6149 16348 I pico-ipc-client: Client(long nativePointer)
04-24 11:31:34.694  6149 16348 W APxrRuntime: ipc_client_android start to initiate the guardian and persistence client object info
04-24 11:31:34.695  6149 16348 I PersistenceClient: Client(long nativePointer)
04-24 11:31:34.696  6149 16348 I XrPersistencePlugin: init persistence plugin
04-24 11:31:34.696  6149 16348 W ContextImpl: Calling a method in the system process without a qualified user: android.app.ContextImpl.startForegroundService:1576 android.content.ContextWrapper.startForegroundService:674 com.pico.guardian.GuardianPlugin.b:22 com.pico.guardian.GuardianPlugin.blockingConnect:61 com.unity3d.player.UnityPlayer.nativeRender:-2 
04-24 11:31:34.697  6149 16348 W ContextImpl: Calling a method in the system process without a qualified user: android.app.ContextImpl.bindService:1657 android.content.ContextWrapper.bindService:711 com.pico.guardian.GuardianPlugin.b:65 com.pico.guardian.GuardianPlugin.blockingConnect:61 com.unity3d.player.UnityPlayer.nativeRender:-2 
04-24 11:31:34.697  2122  2122 I VrGuardianService: onStartCommand
04-24 11:31:34.697   600   600 I hwservicemanager: getTransport: Cannot find entry vendor.qti.hardware.servicetracker@1.0::IServicetracker/default in either framework or device manifest.
04-24 11:31:34.700  6149 16348 W ContextImpl: Calling a method in the system process without a qualified user: android.app.ContextImpl.startForegroundService:1576 android.content.ContextWrapper.startForegroundService:674 com.pico.mrservice.MRServicePlugin.b:35 com.pico.mrservice.MRServicePlugin.blockingConnect:39 com.unity3d.player.UnityPlayer.nativeRender:-2 
04-24 11:31:34.701  6149 16348 W ContextImpl: Calling a method in the system process without a qualified user: android.app.ContextImpl.bindService:1657 android.content.ContextWrapper.bindService:711 com.pico.mrservice.MRServicePlugin.b:78 com.pico.mrservice.MRServicePlugin.blockingConnect:39 com.unity3d.player.UnityPlayer.nativeRender:-2 
04-24 11:31:34.702   600   600 I hwservicemanager: getTransport: Cannot find entry vendor.qti.hardware.servicetracker@1.0::IServicetracker/default in either framework or device manifest.
04-24 11:31:34.703  6149 16348 I pico-ipc-client: blockingConnect
04-24 11:31:34.703  6149 16348 I pico-ipc-client: bind
04-24 11:31:34.703  6149 16348 W ContextImpl: Calling a method in the system process without a qualified user: android.app.ContextImpl.startService:1570 android.content.ContextWrapper.startService:669 com.pico.picoopenxr.ipc.Client.bind:30 com.pico.picoopenxr.ipc.Client.blockingConnect:10 com.unity3d.player.UnityPlayer.nativeRender:-2 
04-24 11:31:34.704  6149 16348 W ContextImpl: Calling a method in the system process without a qualified user: android.app.ContextImpl.bindService:1657 android.content.ContextWrapper.bindService:711 com.pico.picoopenxr.ipc.Client.bindService:6 com.pico.picoopenxr.ipc.Client.bind:55 com.pico.picoopenxr.ipc.Client.blockingConnect:10 
04-24 11:31:34.704   600   600 I hwservicemanager: getTransport: Cannot find entry vendor.qti.hardware.servicetracker@1.0::IServicetracker/default in either framework or device manifest.
04-24 11:31:34.705  6149 16417 I pico-ipc-client: onServiceConnected
04-24 11:31:34.706  6149 16417 I pico-ipc-client: com.pvr.seethrough.setting,Runtime versionCode 200112252
04-24 11:31:34.707  1878  2790 W PicoOpenXRBinderStub: connect: given newFd 141, pid=6149
04-24 11:31:34.707  1878  2790 W APxrRuntime: ipc_server_mainloop_add_fd write new client fd 141
04-24 11:31:34.707  1878  2790 W APxrRuntime: ipc_server_mainloop_add_fd wait client connect
04-24 11:31:34.707  1878  2770 W APxrRuntime: On client connect, fd=141
04-24 11:31:34.707  1878  2790 I PicoOpenXRBinderStub: connect: fd ownership transferred
04-24 11:31:34.707  6149 16348 W APxrRuntime: Connect success, fd=84
04-24 11:31:34.707  6149 16348 E APxrRuntime: is_selabel_priv_app getline u:r:system_app:s0
04-24 11:31:34.709  6149 16348 I TrackingClient: [onFirstRef]
04-24 11:31:34.710  6149 16348 I TrackingClient: mLoglevel 0
04-24 11:31:34.710   963  2611 I PvrTrackingService: AddServiceListener: Add listener 0x7bb0cadc00, 6149
04-24 11:31:34.710  6149 16348 I TrackingClient: mmap success, 514016 size
04-24 11:31:34.710  6149 16348 I TrackingClient: setShareMemoryFD 82
04-24 11:31:34.710  6149 16348 I TrackingClient: initializeShareMemory start
04-24 11:31:34.710  6149 16348 E DataBuffer: map fd(83) fdSize(14920) getSize(14920) address(0x78fe2ee000)
04-24 11:31:34.710  6149 16348 E DataBuffer: map fd(85) fdSize(14920) getSize(14920) address(0x78fe1e8000)
04-24 11:31:34.710  6149 16348 E DataBuffer: map fd(86) fdSize(14920) getSize(14920) address(0x78fe0b3000)
04-24 11:31:34.710  6149 16348 I TrackingClient: initializeShareMemory, fake pose mode 0
04-24 11:31:34.711  6149 16348 E DataBuffer: map fd(87) fdSize(1880) getSize(1880) address(0x78fe905000)
04-24 11:31:34.711  6149 16348 E DataBuffer: map fd(89) fdSize(3720) getSize(3720) address(0x78fe82c000)
04-24 11:31:34.711  6149 16348 I TrackingClient: initializeShareMemory end
04-24 11:31:34.711   963  2611 I PvrTrackingService: [SetNotifyStatus], type 9, status 1
04-24 11:31:34.711  6149 16348 E TrackingClient: getSwiftTrackerExtDevInfo: cant do operation in tracker Mode: 0
04-24 11:31:34.711  6149 16348 E TrackingClient: wzl updateTrackerExtDevStatus: faild!
04-24 11:31:34.711  6149 16348 E APxrRuntime: ism->num_isdevs:5 
04-24 11:31:34.711  6149 16348 E APxrRuntime: ism->num_itracks:5 
04-24 11:31:34.715   963 16232 I SENSOR  : BODYPOSE version: 1.0.0.47 
04-24 11:31:34.715   963 16232 I SENSOR  : Centuar_Services: 20250903A_For_Centuar  SENSOR  
04-24 11:31:34.715   963 16232 I SENSOR  : PCLog_IMU_Data_1: 52825.699521,-0.212756,-0.061938,0.430011,9.849362,-0.635217,0.709082,9.895263,24.365942,Trackingmode:1
04-24 11:31:34.724  6149 16348 E APxrRuntime: controllertype  xrt_controller_device_set_name_str 465 deviceModel 6 xdev->name 5
04-24 11:31:34.738  6149 16348 E APxrRuntime: controllertype  xrt_controller_device_set_name_str 465 deviceModel 6 xdev->name 5
04-24 11:31:34.738  6149 16348 E APxrRuntime: ii->num_xtracks:5 
04-24 11:31:34.738  6149 16348 E APxrRuntime: ism->num_isdevs:5 
04-24 11:31:34.738  6149 16348 E APxrRuntime: isdev->name: 1
04-24 11:31:34.738  6149 16348 E APxrRuntime: XRT_DEVICE_GENERIC_HMD, 0
04-24 11:31:34.738  6149 16348 E APxrRuntime: isdev->name: 5
04-24 11:31:34.738  6149 16348 E APxrRuntime: XRT_DEVICE_GENERIC_DEVICE, 1
04-24 11:31:34.738  6149 16348 E APxrRuntime: isdev->name: 5
04-24 11:31:34.738  6149 16348 E APxrRuntime: XRT_DEVICE_GENERIC_DEVICE, 2
04-24 11:31:34.738  6149 16348 E APxrRuntime: isdev->name: 5
04-24 11:31:34.738  6149 16348 E APxrRuntime: XRT_DEVICE_GENERIC_DEVICE, 3
04-24 11:31:34.738  6149 16348 E APxrRuntime: isdev->name: 12
04-24 11:31:34.738  6149 16348 E APxrRuntime: XRT_DEVICE_GENERIC_DEVICE, 4
04-24 11:31:34.738  6149 16348 E APxrRuntime: openxrhandrebuild oxr_instance_create u_device_assign_xdev_roles sys->num_xdevs = 16,NUM_XDEVS  = 16
04-24 11:31:34.738  6149 16348 E APxrRuntime: runtime oxr_instance_create u_device_assign_xdev_roles sys->role.left = 1,sys->role.right  = 2
04-24 11:31:34.739  6149 16348 I PxrNotificationClient: sendPxrNotification,action:teatracker_event_action id:0,value1:power_runtime_info value2:0,ext:{"pkg_name":"com.pvr.seethrough.setting","type":"fov","value":"104","power_need":true}
04-24 11:31:34.739  1883 13098 I PxrNotificationService: sendPxrMessage callingPid:6149 action teatracker_event_action ,value1:power_runtime_info ,value2:0 ,ext:{"pkg_name":"com.pvr.seethrough.setting","type":"fov","value":"104","power_need":true} ,mPvrCallbacks.size():15
04-24 11:31:34.739  1340 13095 I PowerAdvisor: noteSystemState {"pkg_name":"com.pvr.seethrough.setting","type":"fov","value":"104","power_need":true}, 1000
04-24 11:31:34.739  6149 16348 E PCTP    : PCTP upload:{"pkg_name":"com.pvr.seethrough.setting","type":"fov","value":"104","power_need":true}
04-24 11:31:34.739  1340 13095 I PowerEvents: [FEAT_POWER_MONITOR_COMMON][0] noteSystemState com.pvr.seethrough.setting, fov, 104, null
04-24 11:31:34.740  6149 16348 W PxrConfigServiceClient:  open getConfigPropertyDirectAccess type:0 configName:key_et_enable token:(null) 
04-24 11:31:34.752  6149 16348 W oxr_config: from config service, et  enable 0
04-24 11:31:34.752  6149 16348 W PxrConfigServiceClient:  open getConfigPropertyDirectAccess type:0 configName:key_ft_enable token: 
04-24 11:31:34.764  6149 16348 W oxr_config: from config service, ft  enable 0
04-24 11:31:34.765  6149 16348 I OpenXR-Loader: Info [GENERAL | xrCreateInstance | OpenXR-Loader] : LoaderInstance::CreateInstance succeeded with 0 layers enabled and runtime interface - created instance = 0x00000077aaeea200
04-24 11:31:34.765  6149 16348 E PxrPlugin: Instance RuntimeName=Pico(XRT) by Pico et al '99d719953' RuntimeVersion=3.0.1
04-24 11:31:34.766  6149 16348 E PxrPlugin: isSupportXrHandtrackerFunction:isSupportXrHandtrackerFunction = true,Runtime support XR_EXT_hand_tracking
04-24 11:31:34.766  6149 16348 I PxrPlugin: CreateGlContext Start, next->context = 0x0,0x7874463280
04-24 11:31:34.766  6149 16348 I PxrPlugin: EGL vendor:Android
04-24 11:31:34.766  6149 16348 I PxrPlugin: EGL version:1.5 Android META-EGL
04-24 11:31:34.766  6149 16348 I PxrPlugin: EGL extensions:EGL_KHR_get_all_proc_addresses EGL_ANDROID_presentation_time EGL_KHR_swap_buffers_with_damage EGL_ANDROID_get_native_client_buffer EGL_ANDROID_front_buffer_auto_refresh EGL_ANDROID_get_frame_timestamps EGL_EXT_surface_SMPTE2086_metadata EGL_EXT_surface_CTA861_3_metadata EGL_EXT_gl_colorspace_scrgb EGL_EXT_gl_colorspace_scrgb_linear EGL_EXT_gl_colorspace_display_p3_linear EGL_EXT_gl_colorspace_display_p3 EGL_EXT_gl_colorspace_display_p3_passthrough EGL_EXT_gl_colorspace_bt2020_linear EGL_EXT_gl_colorspace_bt2020_pq EGL_KHR_image EGL_KHR_image_base EGL_EXT_image_gl_colorspace EGL_KHR_lock_surface EGL_KHR_gl_colorspace EGL_KHR_gl_texture_2D_image EGL_KHR_gl_texture_3D_image EGL_KHR_gl_texture_cubemap_image EGL_KHR_gl_renderbuffer_image EGL_KHR_reusable_sync EGL_KHR_fence_sync EGL_KHR_create_context EGL_KHR_surfaceless_context EGL_EXT_create_context_robustness EGL_ANDROID_image_native_buffer EGL_KHR_wait_sync EGL_ANDROID_recordable EGL_KHR_partial_update EGL_EXT_pixel_format_float EGL_KHR_create_c
04-24 11:31:34.766  6149 16348 I PxrPlugin: Configurations supported number: 72
04-24 11:31:34.766  6149 16348 I PxrPlugin: eglChooseConfig get config max number: 32
04-24 11:31:34.766  6149 16348 E PxrPlugin: eglChooseConfig get config number: 1
04-24 11:31:34.766  6149 16348 I PxrPlugin: CreateGlContext, next->context = 0x7874463280, next->display = 0x1, next->config = 0x0
04-24 11:31:34.766  6149 16348 W PxrConfigServiceClient:  open getConfigPropertyDirectAccess type:0 configName:sdk_basic_BodyTrackingSupport token:(null) 
04-24 11:31:34.776   972 16413 I PxrSeethroughService: [###:4694]: Debug <###> line <4694> - see_get_first_frame
04-24 11:31:34.780  6149 16348 E oxr_config: bodytrackingproperties oxr_get_body_tracking_enable 889 get config service compatible = 1
04-24 11:31:34.780  6149 16348 E oxr_config: bodytrackingproperties oxr_get_body_tracking_enable 894 BT enable result = 1
04-24 11:31:34.780  6149 16348 I PxrPlugin: handtrackingproperties plugin Pxr_Initialize  handTrackingSystemProperties.supportsHandTracking = 1
04-24 11:31:34.780  6149 16348 I PxrPlugin: bodytrackingproperties plugin Pxr_Initialize  bodyTrackingSystemProperties.supportsBodyTracking = 1
04-24 11:31:34.780  6149 16348 E PxrPlugin: bodytrackingproperties plugin Pxr_Initialize  occlusionProperties.supportsOcclusion = 0
04-24 11:31:34.780  6149 16348 I PxrPlugin: handtrackingproperties plugin xrGetSystemProperties XR_TYPE_SYSTEM_HAND_TRACKING_PROPERTIES_EXT OK - initiallizing hand tracking...
04-24 11:31:34.780  6149 16348 E APxrRuntime: ipc_guardian_android_blocking_connect unsupported
04-24 11:31:34.780  6149 16348 E APxrRuntime: ipc_mrservice_android_blocking_connect unsupported
04-24 11:31:34.780  1878  2770 E APxrRuntime: PxrRuntime MOL xrVersion: R2.1.12.0
04-24 11:31:34.781   967  2581 I pxrhmdservice : Debug <getParameter> - CreateGd32ipdClient client=[0x7a5f16c750] [0x79d3d2e038 0x79d3d2e220]
04-24 11:31:34.781   957  1133 E gd32ipdservice: L1:a0 08 00 00 00 a8 
04-24 11:31:34.788   957  1133 E gd32ipdservice: L1:79 2c 1a 60 06 29 
04-24 11:31:34.788   957  1133 E gd32ipdservice: L1:retry_cnt=7 ret=6 callingUid=0
04-24 11:31:34.788   967  2581 I pxrhmdservice : Debug <getParameter> - GetIPDPosition client=[0x7a5f16c750] ipd_position=[6700]
04-24 11:31:34.788  1878  2770 I pxrhmdservice : Call <getGD32IPDPosition> - pvrserviceclient=0x78f547c340.
04-24 11:31:34.788  6149 16348 E APxrRuntime: running_mode fixed latency found:0,set: 3.000000
04-24 11:31:34.788  6149 16348 E APxrRuntime: running_mode work_harder found:0, set: 0
04-24 11:31:34.788  6149 16348 E APxrRuntime: running_mode margin found:0, set: 0.000000s
04-24 11:31:34.788  6149 16348 E APxrRuntime: running_mode fix_fps found:0, set: 0.000000
04-24 11:31:34.788  6149 16348 E APxrRuntime: running_mode fix_padding found:0, set: 0.000000
04-24 11:31:34.788  6149 16348 E APxrRuntime: running_mode virtual_fetch found:0, set: 0
04-24 11:31:34.789  6149 16348 W APxrRuntime: debug_get_log_option_persist.pxr.log_EGL_LOG raw:(null)
04-24 11:31:34.789   967   967 I pxrhmdservice : Set Thread Priority: tid=16419, policy=1073741825, priority=9
04-24 11:31:34.789  1878  2770 I pxrhmdservice : Call <setThreadPriority> - pvrserviceclient=0x78f547c340.
04-24 11:31:34.789  1878  2770 W PxrCompositor: cpu Set thread priority 9 for tid 16419
04-24 11:31:34.795  6149 16348 W APxrRuntime: oxr_session_create newly_installed_app: 0
04-24 11:31:34.795  6149 16348 W xrt_session: oxr_session_manage_state, client: com.pvr.seethrough.setting, action=1, state=XR_SESSION_STATE_UNKNOWN
04-24 11:31:34.795  6149 16348 W xrt_session: oxr_session_change_state from 0 to 1
04-24 11:31:34.795   967  2581 I pxrhmdservice : Call <getRefreshRate> - sys.pvr.display.type=[72.000000] done.
04-24 11:31:34.796   967  2581 I pxrhmdservice : Call <getRefreshRate> - refreshRate=[72.000000 72.000000 72.000000].
04-24 11:31:34.796  1878  2770 I pxrhmdservice : Call <getRefreshRate> - pvrserviceclient=0x78f547c340.
04-24 11:31:34.796  1878  2770 I PxrCompositor: PXRSDK_FT getDisplayRate 72.000000
04-24 11:31:34.796  6149 16348 E APxrRuntime: oxr_session_create floor_height 1.670000
04-24 11:31:34.796  6149 16348 W pico-ipc-client: prefetch_app 0
04-24 11:31:34.797  6149  6149 W pico-ipc-client: prefetch_app 0
04-24 11:31:34.797  6149 16348 W PxrConfigServiceClient:  open getConfigPropertyDirectAccess type:0 configName:sys_tracking_enable_standalone_mode_tracker token: 
04-24 11:31:34.797  6149  6149 I pico-ipc-client: registerActivityLifecycleCallbacks activity:com.pvr.seethrough.setting.MainActivity@febd27, resume:true, preload:false
04-24 11:31:34.797  6149  6149 I SurfaceViewFinder: SurfaceViewFinder found SurfaceView of unity!
04-24 11:31:34.798  6149  6149 I EngineListener: Window Focus:true, Surface created:true, App preload:false
04-24 11:31:34.798  6149  6149 I EngineListener: Activity resume:true, Window Focus:true, Surface created:true, App preload:false, Achieved:true
04-24 11:31:34.798  6149  6149 E APxrRuntime: Native activity resumed name = com.pvr.seethrough.setting
04-24 11:31:34.798  6149  6149 W PxrConfigServiceClient:  open getConfigPropertyDirectAccess type:0 configName:key_et_enable token:(null) 
04-24 11:31:34.804  6149  6149 W oxr_config: from config service, et  enable 0
04-24 11:31:34.804  6149  6149 W PxrConfigServiceClient:  open getConfigPropertyDirectAccess type:0 configName:key_ft_enable token: 
04-24 11:31:34.813  6149 16348 W oxr_config: from config service, oxr_get_motion_tracking_enable  enable 0
04-24 11:31:34.813  6149 16348 I PxrPlugin: up.mPxrPluginLogLevel =4.000000
04-24 11:31:34.813  6149 16348 I PxrPlugin: up.mPxrUnityLogLevel =4.000000
04-24 11:31:34.813  6149 16348 I PxrPlugin: up.mFoveationSubsampledEnabled = 0
04-24 11:31:34.813  6149 16348 E APxrRuntime: set config start in runtime session, ConfigsSetEXT:6,0
04-24 11:31:34.815  6149  6149 W oxr_config: from config service, ft  enable 0
04-24 11:31:34.815  6149  6149 E APxrRuntime: session_on_foucus_changed 0 0 
04-24 11:31:34.815  6149  6149 W xrt_session: com.pvr.seethrough.setting, session_on_foucus_changed
04-24 11:31:34.815  2122 16345 E Guardian:: xrBSetUser,in_user = com.pvr.seethrough.setting
04-24 11:31:34.815  2122 16345 E Guardian:: xrBSetUser,mCurrentUser = com.pvr.seethrough.setting
04-24 11:31:34.816  2122 16345 E Guardian:: is system app
04-24 11:31:34.816  2122 16345 E Guardian:: xrBShutdownGuardianSystem,in_user = com.pvr.seethrough.setting
04-24 11:31:34.816  2122 16345 E Guardian:: is system app
04-24 11:31:34.816  1340 13095 I SmtResourceControl: [FEAT_PERF_RES_CONTROL][10] set process running cpuset pid :2122  cpusetLevel : 2  timeout-1
04-24 11:31:34.816  6140 12621 E MRService:: xrBSetUser,in_user = com.pvr.seethrough.setting
04-24 11:31:34.816  1340  1566 I SmtResourceControl: [FEAT_PERF_RES_CONTROL][20] find process :ProcessRecord{8503705 2122:com.pico.guardian/1000 PRSmt{46d8ca6 p:0 t:null sa:0 usps:0 sps:2 kt:0 fs:0 inSfile:false freezeBlockFlags:0 pendingInstallProviderCount:0}}
04-24 11:31:34.816  1340  1566 I SmtResourceControl: [FEAT_PERF_RES_CONTROL][30] process  :ProcessRecord{8503705 2122:com.pico.guardian/1000 PRSmt{46d8ca6 p:0 t:null sa:0 usps:0 sps:2 kt:0 fs:0 inSfile:false freezeBlockFlags:0 pendingInstallProviderCount:0}}  cpuset has been set to : 2  timeout-1   scenes : 2
