04-21 19:56:28.656 21046 26213 I Unity   : UnityEngine.DebugLogHandler:LogFormat(LogType, Object, String, Object[])
04-21 19:56:28.656 21046 26213 I Unity   : UnityEngine.Logger:Log(LogType, Object)
04-21 19:56:28.656 21046 26213 I Unity   : UnityEngine.Debug:Log(Object)
04-21 19:56:28.656 21046 26213 I Unity   : NetMQController:ReconnectSocket(String) (at /home/likunwei/dataCollection/BeaVR-app/BeaVR-Unity/Assets/Scripts/Network/NetMQController.cs:666)
04-21 19:56:28.656 21046 26213 I Unity   : NetMQController:SendMessage(String, String) (at /home/likunwei/dataCollection/BeaVR-app/BeaVR-Unity/Assets/Scripts/Network/NetMQController.cs:310)
04-21 19:56:28.656 21046 26213 I Unity   : GestureDetectorXR:SendResolutionThroughController() (at /home/likunwei/dataCollection/BeaVR-app/BeaVR-Unity/Assets/Scripts/Gesture Detection/GestureDetectorXR.cs:509)
04-21 19:56:28.656 21046 26213 I Unity   : GestureDetectorXR:Update() (at /home/likunwei/dataCollection/BeaVR-app/BeaVR-Unity/Assets/Scripts/Gesture Detection/GestureDetectorXR.cs:203)
04-21 19:56:28.656 21046 26213 I Unity   : 
04-21 19:56:28.658 21046 26213 I Unity   : 套接字 Resolution 已重新连接到 tcp://192.168.1.133:8095
04-21 19:56:28.658 21046 26213 I Unity   : UnityEngine.DebugLogHandler:Internal_Log(LogType, LogOption, String, Object)
04-21 19:56:28.658 21046 26213 I Unity   : UnityEngine.DebugLogHandler:LogFormat(LogType, Object, String, Object[])
04-21 19:56:28.658 21046 26213 I Unity   : UnityEngine.Logger:Log(LogType, Object)
04-21 19:56:28.658 21046 26213 I Unity   : UnityEngine.Debug:Log(Object)
04-21 19:56:28.658 21046 26213 I Unity   : NetMQController:ReconnectSocket(String) (at /home/likunwei/dataCollection/BeaVR-app/BeaVR-Unity/Assets/Scripts/Network/NetMQController.cs:705)
04-21 19:56:28.658 21046 26213 I Unity   : NetMQController:SendMessage(String, String) (at /home/likunwei/dataCollection/BeaVR-app/BeaVR-Unity/Assets/Scripts/Network/NetMQController.cs:310)
04-21 19:56:28.658 21046 26213 I Unity   : GestureDetectorXR:SendResolutionThroughController() (at /home/likunwei/dataCollection/BeaVR-app/BeaVR-Unity/Assets/Scripts/Gesture Detection/GestureDetectorXR.cs:509)
04-21 19:56:28.658 21046 26213 I Unity   : GestureDetectorXR:Update() (at /home/likunwei/dataCollection/BeaVR-app/BeaVR-Unity/Assets/Scripts/Gesture Detection/GestureDetectorXR.cs:203)
04-21 19:56:28.658 21046 26213 I Unity   : 
04-21 19:56:28.668 21046 26213 W Unity   : 套接字 Pause 多次失败。尝试重新连接...
04-21 19:56:28.668 21046 26213 W Unity   : UnityEngine.DebugLogHandler:Internal_Log(LogType, LogOption, String, Object)
04-21 19:56:28.668 21046 26213 W Unity   : UnityEngine.DebugLogHandler:LogFormat(LogType, Object, String, Object[])
04-21 19:56:28.668 21046 26213 W Unity   : UnityEngine.Logger:Log(LogType, Object)
04-21 19:56:28.668 21046 26213 W Unity   : UnityEngine.Debug:LogWarning(Object)
04-21 19:56:28.668 21046 26213 W Unity   : NetMQController:SendMessage(String, String) (at /home/likunwei/dataCollection/BeaVR-app/BeaVR-Unity/Assets/Scripts/Network/NetMQController.cs:309)
04-21 19:56:28.668 21046 26213 W Unity   : GestureDetectorXR:SendPauseStatusThroughController() (at /home/likunwei/dataCollection/BeaVR-app/BeaVR-Unity/Assets/Scripts/Gesture Detection/GestureDetectorXR.cs:525)
04-21 19:56:28.668 21046 26213 W Unity   : GestureDetectorXR:Update() (at /home/likunwei/dataCollection/BeaVR-app/BeaVR-Unity/Assets/Scripts/Gesture Detection/GestureDetectorXR.cs:204)
04-21 19:56:28.668 21046 26213 W Unity   : 
04-21 19:56:28.668 21046 26213 I Unity   : 尝试重新连接套接字: Pause
04-21 19:56:28.668 21046 26213 I Unity   : UnityEngine.DebugLogHandler:Internal_Log(LogType, LogOption, String, Object)
04-21 19:56:28.668 21046 26213 I Unity   : UnityEngine.DebugLogHandler:LogFormat(LogType, Object, String, Object[])
04-21 19:56:28.668 21046 26213 I Unity   : UnityEngine.Logger:Log(LogType, Object)
04-21 19:56:28.668 21046 26213 I Unity   : UnityEngine.Debug:Log(Object)
04-21 19:56:28.668 21046 26213 I Unity   : NetMQController:ReconnectSocket(String) (at /home/likunwei/dataCollection/BeaVR-app/BeaVR-Unity/Assets/Scripts/Network/NetMQController.cs:666)
04-21 19:56:28.668 21046 26213 I Unity   : NetMQController:SendMessage(String, String) (at /home/likunwei/dataCollection/BeaVR-app/BeaVR-Unity/Assets/Scripts/Network/NetMQController.cs:310)
04-21 19:56:28.668 21046 26213 I Unity   : GestureDetectorXR:SendPauseStatusThroughController() (at /home/likunwei/dataCollection/BeaVR-app/BeaVR-Unity/Assets/Scripts/Gesture Detection/GestureDetectorXR.cs:525)
04-21 19:56:28.668 21046 26213 I Unity   : GestureDetectorXR:Update() (at /home/likunwei/dataCollection/BeaVR-app/BeaVR-Unity/Assets/Scripts/Gesture Detection/GestureDetectorXR.cs:204)
04-21 19:56:28.668 21046 26213 I Unity   : 
04-21 19:56:28.670 21046 26213 I Unity   : 套接字 Pause 已重新连接到 tcp://192.168.1.133:8100
04-21 19:56:28.670 21046 26213 I Unity   : UnityEngine.DebugLogHandler:Internal_Log(LogType, LogOption, String, Object)
04-21 19:56:28.670 21046 26213 I Unity   : UnityEngine.DebugLogHandler:LogFormat(LogType, Object, String, Object[])
04-21 19:56:28.670 21046 26213 I Unity   : UnityEngine.Logger:Log(LogType, Object)
04-21 19:56:28.670 21046 26213 I Unity   : UnityEngine.Debug:Log(Object)
04-21 19:56:28.670 21046 26213 I Unity   : NetMQController:ReconnectSocket(String) (at /home/likunwei/dataCollection/BeaVR-app/BeaVR-Unity/Assets/Scripts/Network/NetMQController.cs:705)
04-21 19:56:28.670 21046 26213 I Unity   : NetMQController:SendMessage(String, String) (at /home/likunwei/dataCollection/BeaVR-app/BeaVR-Unity/Assets/Scripts/Network/NetMQController.cs:310)
04-21 19:56:28.670 21046 26213 I Unity   : GestureDetectorXR:SendPauseStatusThroughController() (at /home/likunwei/dataCollection/BeaVR-app/BeaVR-Unity/Assets/Scripts/Gesture Detection/GestureDetectorXR.cs:525)
04-21 19:56:28.670 21046 26213 I Unity   : GestureDetectorXR:Update() (at /home/likunwei/dataCollection/BeaVR-app/BeaVR-Unity/Assets/Scripts/Gesture Detection/GestureDetectorXR.cs:204)
04-21 19:56:28.670 21046 26213 I Unity   : 
04-21 19:56:28.681 21046 26213 W Unity   : 套接字 RightHand 多次失败。尝试重新连接...
04-21 19:56:28.681 21046 26213 W Unity   : UnityEngine.DebugLogHandler:Internal_Log(LogType, LogOption, String, Object)
04-21 19:56:28.681 21046 26213 W Unity   : UnityEngine.DebugLogHandler:LogFormat(LogType, Object, String, Object[])
04-21 19:56:28.681 21046 26213 W Unity   : UnityEngine.Logger:Log(LogType, Object)
04-21 19:56:28.681 21046 26213 W Unity   : UnityEngine.Debug:LogWarning(Object)
04-21 19:56:28.681 21046 26213 W Unity   : NetMQController:SendMessage(String, String) (at /home/likunwei/dataCollection/BeaVR-app/BeaVR-Unity/Assets/Scripts/Network/NetMQController.cs:309)
04-21 19:56:28.681 21046 26213 W Unity   : GestureDetectorXR:SendHandDataThroughController(String) (at /home/likunwei/dataCollection/BeaVR-app/BeaVR-Unity/Assets/Scripts/Gesture Detection/GestureDetectorXR.cs:341)
04-21 19:56:28.681 21046 26213 W Unity   : GestureDetectorXR:Update() (at /home/likunwei/dataCollection/BeaVR-app/BeaVR-Unity/Assets/Scripts/Gesture Detection/GestureDetectorXR.cs:214)
04-21 19:56:28.681 21046 26213 W Unity   : 
04-21 19:56:28.681 21046 26213 I Unity   : 尝试重新连接套接字: RightHand
04-21 19:56:28.681 21046 26213 I Unity   : UnityEngine.DebugLogHandler:Internal_Log(LogType, LogOption, String, Object)
04-21 19:56:28.681 21046 26213 I Unity   : UnityEngine.DebugLogHandler:LogFormat(LogType, Object, String, Object[])
04-21 19:56:28.681 21046 26213 I Unity   : UnityEngine.Logger:Log(LogType, Object)
04-21 19:56:28.681 21046 26213 I Unity   : UnityEngine.Debug:Log(Object)
04-21 19:56:28.681 21046 26213 I Unity   : NetMQController:ReconnectSocket(String) (at /home/likunwei/dataCollection/BeaVR-app/BeaVR-Unity/Assets/Scripts/Network/NetMQController.cs:666)
04-21 19:56:28.681 21046 26213 I Unity   : NetMQController:SendMessage(String, String) (at /home/likunwei/dataCollection/BeaVR-app/BeaVR-Unity/Assets/Scripts/Network/NetMQController.cs:310)
04-21 19:56:28.681 21046 26213 I Unity   : GestureDetectorXR:SendHandDataThroughController(String) (at /home/likunwei/dataCollection/BeaVR-app/BeaVR-Unity/Assets/Scripts/Gesture Detection/GestureDetectorXR.cs:341)
04-21 19:56:28.681 21046 26213 I Unity   : GestureDetectorXR:Update() (at /home/likunwei/dataCollection/BeaVR-app/BeaVR-Unity/Assets/Scripts/Gesture Detection/GestureDetectorXR.cs:214)
04-21 19:56:28.681 21046 26213 I Unity   : 
04-21 19:56:28.683 21046 26213 I Unity   : 套接字 RightHand 已重新连接到 tcp://192.168.1.133:8087
04-21 19:56:28.683 21046 26213 I Unity   : UnityEngine.DebugLogHandler:Internal_Log(LogType, LogOption, String, Object)
04-21 19:56:28.683 21046 26213 I Unity   : UnityEngine.DebugLogHandler:LogFormat(LogType, Object, String, Object[])
04-21 19:56:28.683 21046 26213 I Unity   : UnityEngine.Logger:Log(LogType, Object)
04-21 19:56:28.683 21046 26213 I Unity   : UnityEngine.Debug:Log(Object)
04-21 19:56:28.683 21046 26213 I Unity   : NetMQController:ReconnectSocket(String) (at /home/likunwei/dataCollection/BeaVR-app/BeaVR-Unity/Assets/Scripts/Network/NetMQController.cs:705)
04-21 19:56:28.683 21046 26213 I Unity   : NetMQController:SendMessage(String, String) (at /home/likunwei/dataCollection/BeaVR-app/BeaVR-Unity/Assets/Scripts/Network/NetMQController.cs:310)
04-21 19:56:28.683 21046 26213 I Unity   : GestureDetectorXR:SendHandDataThroughController(String) (at /home/likunwei/dataCollection/BeaVR-app/BeaVR-Unity/Assets/Scripts/Gesture Detection/GestureDetectorXR.cs:341)
04-21 19:56:28.683 21046 26213 I Unity   : GestureDetectorXR:Update() (at /home/likunwei/dataCollection/BeaVR-app/BeaVR-Unity/Assets/Scripts/Gesture Detection/GestureDetectorXR.cs:214)
04-21 19:56:28.683 21046 26213 I Unity   : 
04-21 19:56:28.753 21046 26213 I Unity   : GestureDetectorXR: 发送 relative | 右手 关节=26 追踪=26 示例=(-0.063,0.890,0.171) | 左手 关节=26 追踪=26 示例=(0.088,0.583,0.054)
04-21 19:56:28.753 21046 26213 I Unity   : UnityEngine.DebugLogHandler:Internal_Log(LogType, LogOption, String, Object)
04-21 19:56:28.753 21046 26213 I Unity   : UnityEngine.DebugLogHandler:LogFormat(LogType, Object, String, Object[])
04-21 19:56:28.753 21046 26213 I Unity   : UnityEngine.Logger:Log(LogType, Object)
04-21 19:56:28.753 21046 26213 I Unity   : UnityEngine.Debug:Log(Object)
04-21 19:56:28.753 21046 26213 I Unity   : GestureDetectorXR:SendHandDataThroughController(String) (at /home/likunwei/dataCollection/BeaVR-app/BeaVR-Unity/Assets/Scripts/Gesture Detection/GestureDetectorXR.cs:431)
04-21 19:56:28.753 21046 26213 I Unity   : GestureDetectorXR:Update() (at /home/likunwei/dataCollection/BeaVR-app/BeaVR-Unity/Assets/Scripts/Gesture Detection/GestureDetectorXR.cs:214)
04-21 19:56:28.753 21046 26213 I Unity   : 
04-21 19:56:28.766 21046 26213 W Unity   : 套接字 LeftHand 多次失败。尝试重新连接...
04-21 19:56:28.766 21046 26213 W Unity   : UnityEngine.DebugLogHandler:Internal_Log(LogType, LogOption, String, Object)
04-21 19:56:28.766 21046 26213 W Unity   : UnityEngine.DebugLogHandler:LogFormat(LogType, Object, String, Object[])
04-21 19:56:28.766 21046 26213 W Unity   : UnityEngine.Logger:Log(LogType, Object)
04-21 19:56:28.766 21046 26213 W Unity   : UnityEngine.Debug:LogWarning(Object)
04-21 19:56:28.766 21046 26213 W Unity   : NetMQController:SendMessage(String, String) (at /home/likunwei/dataCollection/BeaVR-app/BeaVR-Unity/Assets/Scripts/Network/NetMQController.cs:309)
04-21 19:56:28.766 21046 26213 W Unity   : GestureDetectorXR:SendHandDataThroughController(String) (at /home/likunwei/dataCollection/BeaVR-app/BeaVR-Unity/Assets/Scripts/Gesture Detection/GestureDetectorXR.cs:348)
04-21 19:56:28.766 21046 26213 W Unity   : GestureDetectorXR:Update() (at /home/likunwei/dataCollection/BeaVR-app/BeaVR-Unity/Assets/Scripts/Gesture Detection/GestureDetectorXR.cs:214)
04-21 19:56:28.766 21046 26213 W Unity   : 
04-21 19:56:28.767 21046 26213 I Unity   : 尝试重新连接套接字: LeftHand
04-21 19:56:28.767 21046 26213 I Unity   : UnityEngine.DebugLogHandler:Internal_Log(LogType, LogOption, String, Object)
04-21 19:56:28.767 21046 26213 I Unity   : UnityEngine.DebugLogHandler:LogFormat(LogType, Object, String, Object[])
04-21 19:56:28.767 21046 26213 I Unity   : UnityEngine.Logger:Log(LogType, Object)
04-21 19:56:28.767 21046 26213 I Unity   : UnityEngine.Debug:Log(Object)
04-21 19:56:28.767 21046 26213 I Unity   : NetMQController:ReconnectSocket(String) (at /home/likunwei/dataCollection/BeaVR-app/BeaVR-Unity/Assets/Scripts/Network/NetMQController.cs:666)
04-21 19:56:28.767 21046 26213 I Unity   : NetMQController:SendMessage(String, String) (at /home/likunwei/dataCollection/BeaVR-app/BeaVR-Unity/Assets/Scripts/Network/NetMQController.cs:310)
04-21 19:56:28.767 21046 26213 I Unity   : GestureDetectorXR:SendHandDataThroughController(String) (at /home/likunwei/dataCollection/BeaVR-app/BeaVR-Unity/Assets/Scripts/Gesture Detection/GestureDetectorXR.cs:348)
04-21 19:56:28.767 21046 26213 I Unity   : GestureDetectorXR:Update() (at /home/likunwei/dataCollection/BeaVR-app/BeaVR-Unity/Assets/Scripts/Gesture Detection/GestureDetectorXR.cs:214)
04-21 19:56:28.767 21046 26213 I Unity   : 
04-21 19:56:28.768 21046 26213 I Unity   : 套接字 LeftHand 已重新连接到 tcp://192.168.1.133:8110
04-21 19:56:28.768 21046 26213 I Unity   : UnityEngine.DebugLogHandler:Internal_Log(LogType, LogOption, String, Object)
04-21 19:56:28.768 21046 26213 I Unity   : UnityEngine.DebugLogHandler:LogFormat(LogType, Object, String, Object[])
04-21 19:56:28.768 21046 26213 I Unity   : UnityEngine.Logger:Log(LogType, Object)
04-21 19:56:28.768 21046 26213 I Unity   : UnityEngine.Debug:Log(Object)
04-21 19:56:28.768 21046 26213 I Unity   : NetMQController:ReconnectSocket(String) (at /home/likunwei/dataCollection/BeaVR-app/BeaVR-Unity/Assets/Scripts/Network/NetMQController.cs:705)
04-21 19:56:28.768 21046 26213 I Unity   : NetMQController:SendMessage(String, String) (at /home/likunwei/dataCollection/BeaVR-app/BeaVR-Unity/Assets/Scripts/Network/NetMQController.cs:310)
04-21 19:56:28.768 21046 26213 I Unity   : GestureDetectorXR:SendHandDataThroughController(String) (at /home/likunwei/dataCollection/BeaVR-app/BeaVR-Unity/Assets/Scripts/Gesture Detection/GestureDetectorXR.cs:348)
04-21 19:56:28.768 21046 26213 I Unity   : GestureDetectorXR:Update() (at /home/likunwei/dataCollection/BeaVR-app/BeaVR-Unity/Assets/Scripts/Gesture Detection/GestureDetectorXR.cs:214)
04-21 19:56:28.768 21046 26213 I Unity   : 
04-21 19:56:28.799 21046 26213 I Unity   : [App→Bot] Resolution 转发频率: 55.9 Hz
04-21 19:56:28.799 21046 26213 I Unity   : UnityEngine.DebugLogHandler:Internal_Log(LogType, LogOption, String, Object)
04-21 19:56:28.799 21046 26213 I Unity   : UnityEngine.DebugLogHandler:LogFormat(LogType, Object, String, Object[])
04-21 19:56:28.799 21046 26213 I Unity   : UnityEngine.Logger:Log(LogType, Object)
04-21 19:56:28.799 21046 26213 I Unity   : UnityEngine.Debug:Log(Object)
04-21 19:56:28.799 21046 26213 I Unity   : NetMQController:SendMessage(String, String) (at /home/likunwei/dataCollection/BeaVR-app/BeaVR-Unity/Assets/Scripts/Network/NetMQController.cs:335)
04-21 19:56:28.799 21046 26213 I Unity   : GestureDetectorXR:SendResolutionThroughController() (at /home/likunwei/dataCollection/BeaVR-app/BeaVR-Unity/Assets/Scripts/Gesture Detection/GestureDetectorXR.cs:509)
04-21 19:56:28.799 21046 26213 I Unity   : GestureDetectorXR:Update() (at /home/likunwei/dataCollection/BeaVR-app/BeaVR-Unity/Assets/Scripts/Gesture Detection/GestureDetectorXR.cs:203)
04-21 19:56:28.799 21046 26213 I Unity   : 
04-21 19:56:28.799 21046 26213 I Unity   : [App→Bot] Pause 转发频率: 55.9 Hz
04-21 19:56:28.799 21046 26213 I Unity   : UnityEngine.DebugLogHandler:Internal_Log(LogType, LogOption, String, Object)
04-21 19:56:28.799 21046 26213 I Unity   : UnityEngine.DebugLogHandler:LogFormat(LogType, Object, String, Object[])
04-21 19:56:28.799 21046 26213 I Unity   : UnityEngine.Logger:Log(LogType, Object)
04-21 19:56:28.799 21046 26213 I Unity   : UnityEngine.Debug:Log(Object)
04-21 19:56:28.799 21046 26213 I Unity   : NetMQController:SendMessage(String, String) (at /home/likunwei/dataCollection/BeaVR-app/BeaVR-Unity/Assets/Scripts/Network/NetMQController.cs:335)
04-21 19:56:28.799 21046 26213 I Unity   : GestureDetectorXR:SendPauseStatusThroughController() (at /home/likunwei/dataCollection/BeaVR-app/BeaVR-Unity/Assets/Scripts/Gesture Detection/GestureDetectorXR.cs:525)
04-21 19:56:28.799 21046 26213 I Unity   : GestureDetectorXR:Update() (at /home/likunwei/dataCollection/BeaVR-app/BeaVR-Unity/Assets/Scripts/Gesture Detection/GestureDetectorXR.cs:204)
04-21 19:56:28.799 21046 26213 I Unity   : 
04-21 19:56:28.799 21046 26213 I Unity   : [App→Bot] RightHand 转发频率: 55.9 Hz
04-21 19:56:28.799 21046 26213 I Unity   : UnityEngine.DebugLogHandler:Internal_Log(LogType, LogOption, String, Object)
04-21 19:56:28.799 21046 26213 I Unity   : UnityEngine.DebugLogHandler:LogFormat(LogType, Object, String, Object[])
04-21 19:56:28.799 21046 26213 I Unity   : UnityEngine.Logger:Log(LogType, Object)
04-21 19:56:28.799 21046 26213 I Unity   : UnityEngine.Debug:Log(Object)
04-21 19:56:28.799 21046 26213 I Unity   : NetMQController:SendMessage(String, String) (at /home/likunwei/dataCollection/BeaVR-app/BeaVR-Unity/Assets/Scripts/Network/NetMQController.cs:335)
04-21 19:56:28.799 21046 26213 I Unity   : GestureDetectorXR:SendHandDataThroughController(String) (at /home/likunwei/dataCollection/BeaVR-app/BeaVR-Unity/Assets/Scripts/Gesture Detection/GestureDetectorXR.cs:341)
04-21 19:56:28.799 21046 26213 I Unity   : GestureDetectorXR:Update() (at /home/likunwei/dataCollection/BeaVR-app/BeaVR-Unity/Assets/Scripts/Gesture Detection/GestureDetectorXR.cs:214)
04-21 19:56:28.799 21046 26213 I Unity   : 
04-21 19:56:28.800 21046 26213 I Unity   : [App→Bot] LeftHand 转发频率: 55.9 Hz
04-21 19:56:28.800 21046 26213 I Unity   : UnityEngine.DebugLogHandler:Internal_Log(LogType, LogOption, String, Object)
04-21 19:56:28.800 21046 26213 I Unity   : UnityEngine.DebugLogHandler:LogFormat(LogType, Object, String, Object[])
04-21 19:56:28.800 21046 26213 I Unity   : UnityEngine.Logger:Log(LogType, Object)
04-21 19:56:28.800 21046 26213 I Unity   : UnityEngine.Debug:Log(Object)
04-21 19:56:28.800 21046 26213 I Unity   : NetMQController:SendMessage(String, String) (at /home/likunwei/dataCollection/BeaVR-app/BeaVR-Unity/Assets/Scripts/Network/NetMQController.cs:335)
04-21 19:56:28.800 21046 26213 I Unity   : GestureDetectorXR:SendHandDataThroughController(String) (at /home/likunwei/dataCollection/BeaVR-app/BeaVR-Unity/Assets/Scripts/Gesture Detection/GestureDetectorXR.cs:348)
04-21 19:56:28.800 21046 26213 I Unity   : GestureDetectorXR:Update() (at /home/likunwei/dataCollection/BeaVR-app/BeaVR-Unity/Assets/Scripts/Gesture Detection/GestureDetectorXR.cs:214)
04-21 19:56:28.800 21046 26213 I Unity   : 
04-21 19:56:28.800 21046 26213 I Unity   : [PICO→App] 右手发送频率: 61.9 Hz
04-21 19:56:28.800 21046 26213 I Unity   : UnityEngine.DebugLogHandler:Internal_Log(LogType, LogOption, String, Object)
04-21 19:56:28.800 21046 26213 I Unity   : UnityEngine.DebugLogHandler:LogFormat(LogType, Object, String, Object[])
04-21 19:56:28.800 21046 26213 I Unity   : UnityEngine.Logger:Log(LogType, Object)
04-21 19:56:28.800 21046 26213 I Unity   : UnityEngine.Debug:Log(Object)
04-21 19:56:28.800 21046 26213 I Unity   : GestureDetectorXR:SendHandDataThroughController(String) (at /home/likunwei/dataCollection/BeaVR-app/BeaVR-Unity/Assets/Scripts/Gesture Detection/GestureDetectorXR.cs:362)
04-21 19:56:28.800 21046 26213 I Unity   : GestureDetectorXR:Update() (at /home/likunwei/dataCollection/BeaVR-app/BeaVR-Unity/Assets/Scripts/Gesture Detection/GestureDetectorXR.cs:214)
04-21 19:56:28.800 21046 26213 I Unity   : 
04-21 19:56:28.801 21046 26213 I Unity   : [PICO→App] 左手发送频率: 61.9 Hz
04-21 19:56:28.801 21046 26213 I Unity   : UnityEngine.DebugLogHandler:Internal_Log(LogType, LogOption, String, Object)
04-21 19:56:28.801 21046 26213 I Unity   : UnityEngine.DebugLogHandler:LogFormat(LogType, Object, String, Object[])
04-21 19:56:28.801 21046 26213 I Unity   : UnityEngine.Logger:Log(LogType, Object)
04-21 19:56:28.801 21046 26213 I Unity   : UnityEngine.Debug:Log(Object)
04-21 19:56:28.801 21046 26213 I Unity   : GestureDetectorXR:SendHandDataThroughController(String) (at /home/likunwei/dataCollection/BeaVR-app/BeaVR-Unity/Assets/Scripts/Gesture Detection/GestureDetectorXR.cs:370)
04-21 19:56:28.801 21046 26213 I Unity   : GestureDetectorXR:Update() (at /home/likunwei/dataCollection/BeaVR-app/BeaVR-Unity/Assets/Scripts/Gesture Detection/GestureDetectorXR.cs:214)
04-21 19:56:28.801 21046 26213 I Unity   : 
04-21 19:56:28.831 21046 26314 E APxrRuntime: PassthroughFB-submit_passthrough_layer_effect passthrough layer count is illegal!
04-21 19:56:28.978   961 26272 I chatty  : uid=0(root) Binder:961_2 expire 7 lines
04-21 19:56:29.083 21046 26314 E APxrRuntime: PassthroughFB-submit_passthrough_layer_effect passthrough layer count is illegal!
04-21 19:56:29.194  1392 26833 I PowerManagerService: Going to sleep due to sleep_button (uid 1000)...
04-21 19:56:29.194  1392 26833 I PowerManagerService: Sleeping (uid 1000)...
04-21 19:56:29.194  1890  2089 I PvrManagerService:  pvrmanager PermissionGrant check calling is 1000
04-21 19:56:29.194  1392  1392 W UsageStatsService: Event reported without a package name, eventType:16
04-21 19:56:29.195  1392  1548 I DisplayPowerController: Blocking screen off
04-21 19:56:29.195  1392  1548 I DisplayPowerController: Unblocked screen off after 0 ms
04-21 19:56:29.196  1883  2797 I chatty  : uid=1000(system) pvrmanager expire 3 lines
04-21 19:56:29.199  1884  1945 W KeyguardViewMediator: notifyScreenTurnedOff
04-21 19:56:29.199  1884  1884 E PicoKeyguard: KeyguardViewMediator#msg.what: 16
04-21 19:56:29.199 21046 21046 I pico-ipc-client: onActivityPaused activity:com.unity3d.player.UnityPlayerActivity@393571e
04-21 19:56:29.199 21046 21046 I pico-ipc-client: hideDialog -------------
04-21 19:56:29.203  1884  1945 W KeyguardViewMediator: onStartedGoingToSleep(2)
04-21 19:56:29.204 21046 21046 W APxrRuntime: breaking action after native activity pause
04-21 19:56:29.205 21046 21046 W xrt_session: com.Sysmo.BeaVR.beta, session_on_foucus_changed
04-21 19:56:29.205 21046 21046 W xrt_session: com.Sysmo.BeaVR.beta, session_on_activity_pause: in: 0x4
04-21 19:56:29.205 21046 21046 W APxrRuntime: Java_com_pico_picoopenxr_ipc_Client_NativeActivityPaused: 0x7041986500
04-21 19:56:29.206 21046 21046 I Unity   : onPause
04-21 19:56:29.208  1392  1516 W ProcessStats: Tracking association SourceState{a16298c com.Sysmo.BeaVR.beta/10127 Top #4414} whose proc state 1 is better than process ProcessState{7d433d2 com.pico.mrservice/1000 pkg=com.pico.mrservice} proc state 2 (1 skipped)
04-21 19:56:29.209  1884  1945 W KeyguardViewMediator: notifyStartedGoingToSleep
04-21 19:56:29.209  1884  1884 E PicoKeyguard: KeyguardViewMediator#msg.what: 17
04-21 19:56:29.209 21046 21046 I Unity   : pauseUnity
04-21 19:56:29.210  1392  1514 I AUTO_FREEZE: makeQuickJudgment, uid:10127 to do nothing for totalState:60 |isFrozen:false |procState:13 |reason:check process state change processState:13
04-21 19:56:29.211  1392  1548 I ActivityManagerService: clear all has not complete start activity when new Activity start complete
04-21 19:56:29.212  1392  1516 I DisplayManagerService: Display device changed state: "内置屏幕", OFF
04-21 19:56:29.213 21046 26213 I [PxrUnityNative]: [Input.cpp][Stop][239]: Started.
04-21 19:56:29.213 21046 26213 I [PxrUnityNative]: [Input.cpp][DisconnectAllDevices][835]: deviceId : 2, connected : false 
04-21 19:56:29.213 21046 26213 I [PxrUnityNative]: [Input.cpp][DisconnectAllDevices][835]: deviceId : 1, connected : false 
04-21 19:56:29.213 21046 26213 I [PxrUnityNative]: [Input.cpp][DisconnectAllDevices][835]: deviceId : 0, connected : false 
04-21 19:56:29.213 21046 26213 I [PxrUnityNative]: [Input.cpp][Stop][247]: Ended.
04-21 19:56:29.213 21046 26314 I [PxrUnityNative]: [Display.cpp][GfxThread_Stop][471]:  Started. m_IsRuning:true
04-21 19:56:29.213 21046 26314 I [PxrUnityNative]: [Display.cpp][DestroyEyeTextures][990]: Started.
04-21 19:56:29.213 21046 26314 I [PxrUnityNative]: [Display.cpp][DestroyEyeTextures][1007]: DestroyEyeTextures Ended.
04-21 19:56:29.214 21046 26314 I [PxrUnityNative]: [OpenXrProgram.cpp][DestroyLayer][840]: DestroyLayer layerId=0
04-21 19:56:29.214 21046 26314 I [PxrUnityNative]: [Display.cpp][GfxThread_Stop][497]: GfxThread_Stop Ended.
04-21 19:56:29.217  1392  1516 I AMS.Freeze: registerFrozenCallbackByPidOnce, add b=com.android.server.display.DisplayManagerServiceSmtBase$CallbackRecordSmtEx@f56734, pid=1900, uid=-1
04-21 19:56:29.218  2021  2387 E APxrRuntime: oxr_session_poll XRT_COMPOSITOR_EVENT_MAIN_SESSION_PACKAGE_CHANGE event, display_state: 6DOF_DIALOG, package_name: 
04-21 19:56:29.218  2021  2387 I XRShell-Native: XR_TYPE_EVENT_DATA_MAIN_SESSION_PACKAGE_CHANGED_PICO, packageName is , displayState is 4
04-21 19:56:29.220  1392  2117 I SceneFreqAdjust: [FEAT_SCENE_ADJUST_FREQ][0] handleScreenState: false
04-21 19:56:29.220  1392  2117 I StrategyVoteCenter: voteCpu, priority: 4, enable: true, policyId: 1, pos: 0, freq: 710400
04-21 19:56:29.220  1392  2117 I SmartPowerUtils: setCpuMinFreq, cpuType: 1 freq: 710400
04-21 19:56:29.220  1392  2117 I SceneFreqAdjust: [FEAT_SCENE_ADJUST_FREQ][0] notifyScreenStateInfo, policy: 4, pos: 0, freq: 710400
04-21 19:56:29.220  1392  2117 I StrategyVoteCenter: voteCpu, priority: 4, enable: true, policyId: 2, pos: 0, freq: 844800
04-21 19:56:29.220  1392  2117 I SmartPowerUtils: setCpuMinFreq, cpuType: 2 freq: 844800
04-21 19:56:29.221  1392  2117 I SceneFreqAdjust: [FEAT_SCENE_ADJUST_FREQ][0] notifyScreenStateInfo, policy: 7, pos: 0, freq: 844800
04-21 19:56:29.222  1392 20271 W ApiLayer: showing3dApp [], xrRuntimeState [4]
04-21 19:56:29.222  2149  2149 I [DA]    : onDisplayChanged:  start true
04-21 19:56:29.223  2149  2149 I [DA]    : : update field = false
04-21 19:56:29.223  2149  2149 I [DA]    : onDisplayChanged: end false
04-21 19:56:29.223  1392  1516 I FrozenObject: target process is frozen, client name:system_server pid:1392 uid:1000
04-21 19:56:29.223  1392  1516 I addErrorToDropBox: Ready to get DropboxManagerService!
04-21 19:56:29.224  1392  1516 I addErrorToDropBox: processName: system_server dropboxTag: system_server_customerror
04-21 19:56:29.224  1392  1516 I ActivityManager: endSchedPriorityLogd
04-21 19:56:29.224  1392  1516 I DropBoxManagerService: add tag=system_server_customerror isTagEnabled=true flags=0x2
04-21 19:56:29.226  1392  1516 I FrozenObject: target process is frozen, client name:system_server pid:1392 uid:1000
04-21 19:56:29.226  1392  1516 I addErrorToDropBox: Ready to get DropboxManagerService!
04-21 19:56:29.226  1392  1516 I addErrorToDropBox: processName: system_server dropboxTag: system_server_customerror
04-21 19:56:29.226  1392  1516 I ActivityManager: endSchedPriorityLogd
04-21 19:56:29.226  1392  1516 I DropBoxManagerService: add tag=system_server_customerror isTagEnabled=true flags=0x2
04-21 19:56:29.231 21046 26213 I [PxrUnityNative]: [Display.cpp][Stop][768]: Stop Started.
04-21 19:56:29.232 21046 26213 I [PxrUnityNative]: [Display.cpp][Stop][772]: Stop Ended.
04-21 19:56:29.238  1392 20271 W InputMethodManagerService: Window already focused, ignoring focus gain of: com.android.internal.view.IInputMethodClient$Stub$Proxy@aa4576 attribute=android.view.inputmethod.EditorInfo@3ae6011, token = android.os.BinderProxy@8feafa0
04-21 19:56:29.256 21046 26508 W OpenGLRenderer: Surface doesn't have any previously queued frames, nothing to readback from
04-21 19:56:29.259 21046 21046 I EngineListener: EngineListener SurfaceView's surface destroyed
04-21 19:56:29.263 21046 21046 I pico-ipc-client: onActivityStopped activity:com.unity3d.player.UnityPlayerActivity@393571e
04-21 19:56:29.265 21046 21046 I pico-ipc-client: onActivitySaveInstanceState activity:com.unity3d.player.UnityPlayerActivity@393571e
04-21 19:56:29.274  2021  2387 E APxrRuntime: oxr_session_poll XRT_COMPOSITOR_EVENT_MAIN_SESSION_PACKAGE_CHANGE event, display_state: LOADING, package_name: 
04-21 19:56:29.274  2021  2387 I XRShell-Native: XR_TYPE_EVENT_DATA_MAIN_SESSION_PACKAGE_CHANGED_PICO, packageName is , displayState is 0
04-21 19:56:29.274  1392 20271 W ApiLayer: showing3dApp [], xrRuntimeState [0]
04-21 19:56:29.353  2151  2877 I nce.pico.matri: Background concurrent copying GC freed 26727(2498KB) AllocSpace objects, 26(980KB) LOS objects, 49% free, 2539KB/5078KB, paused 111us total 107.726ms
04-21 19:56:29.498   950  1748 I PxrNotificationClient: sendPxrNotification,action:teatracker_event_action id:0,value1:audio_output_end value2:0,ext:{"channel_mask":3,"content_type":2,"duration":55887,"flags":260,"foreground_package_name_far":"","foreground_package_name_near":"","format":5,"is_spatial":0,"mixer_channel_mask":63,"output_type":"speaker","package_name":"com.Sysmo.BeaVR.beta","request_spatial_type":"default","sample_rate":24000,"stream_type":3,"usage":1,"volume_ui":10}
04-21 19:56:29.526   921   921 I QTI PowerHAL: Got set_interactive hint
04-21 19:56:29.528  1884  1945 W KeyguardViewMediator: onFinishedGoingToSleep(2), #mPendingLock=false, #mPendingReset=false
04-21 19:56:29.528  1884  1945 W KeyguardViewMediator: notifyFinishedGoingToSleep
04-21 19:56:29.529  1884  1884 E PicoKeyguard: KeyguardViewMediator#msg.what: 5
04-21 19:56:29.529  1884  1884 W KeyguardViewMediator: handleNotifyFinishedGoingToSleep
04-21 19:56:29.533  1889  2160 I AppStartReporter: screen non interactive
04-21 19:56:29.534  1392  1392 I BatteryServiceExt: checkLowPowerByScreenState batteryLevel=100,batteryStatus=2,isCharging=true
04-21 19:56:29.537  1392  1840 I chatty  : uid=1000(system) WigigStateMachi expire 2 lines
04-21 19:56:29.538   950  1180 I AudioDumpUtils: setParameters screen_state=off
04-21 19:56:29.544  1892  2191 I chatty  : uid=1000(system) UI expire 6 lines
04-21 19:56:29.544  2021  3622 I XRShell : CODE_ENGINE_PAUSE
04-21 19:56:29.544  2021  3622 I XRShell : XREngine ---> pauseFrame
04-21 19:56:29.545   967   967 I chatty  : uid=0(root) Binder:967_4 expire 10 lines
04-21 19:56:29.549  2021  2387 E XRShell-Native: XREngine::Pause
04-21 19:56:29.549  2021  2387 E XRShell-Native: XREngine Native ---> destroys projection SwapChain, layer_ptr: 0x704125b580
04-21 19:56:29.551  2021  2387 I XRShell-Native: EndSession start
04-21 19:56:29.552  2021  2387 W xrt_session: oxr_session_manage_state, client: com.picoxr.xrshell, action=9, state=XR_SESSION_STATE_FOCUSED
04-21 19:56:29.552  2021  2387 W xrt_session: oxr_session_change_state from 5 to 4
04-21 19:56:29.553  2021  2387 W xrt_session: oxr_session_change_state from 4 to 3
04-21 19:56:29.553  2021  2387 W xrt_session: oxr_session_change_state from 3 to 6
04-21 19:56:29.553  2021  2387 W xrt_session: oxr_session_change_state from 6 to 1
04-21 19:56:29.553  2021  2387 I XRShell-Native: EndSession end
04-21 19:56:29.553  2021  2387 E APxrRuntime: set config start in runtime session, ConfigsSetEXT:20000,0
04-21 19:56:29.553   960  1016 I chatty  : uid=0(root) Binder:960_1 expire 3 lines
04-21 19:56:29.555  1890  2182 I PvrManagerService:  pvrmanager PermissionGrant check calling is 1000
04-21 19:56:29.556   966  2140 I chatty  : uid=0(root) pvrmanager expire 8 lines
04-21 19:56:29.556   961  2546 I chatty  : uid=0(root) pvrmanager expire 13 lines
04-21 19:56:29.557   971  1190 I chatty  : uid=0(root) pvrmanager expire 6 lines
04-21 19:56:29.557   951  1140 I chatty  : uid=0(root) pvrmanager expire 14 lines
04-21 19:56:29.557   970  1200 I chatty  : uid=0(root) pvrmanager expire 6 lines
04-21 19:56:29.557   967  2614 I chatty  : uid=0(root) pvrmanager expire 26 lines
04-21 19:56:29.558  1890  2182 I GyroscopeSensorManager: Sampling period in us has no change.mCurrentSamplingPeriodUs=200000 desiredSamplingPeriodUs=200000
04-21 19:56:29.562   925   925 E android.hardware.wifi@1.0-service: cyx convertHidlNanEnableReque 9728 contentavg=1424
04-21 19:56:29.563 24943 24943 I wpa_hmdlib: Recv DRIVER command: SETSUSPENDMODE 1
04-21 19:56:29.563 24943 24943 E wpa_hmdlib: Unknown driver command received: SETSUSPENDMODE 1
04-21 19:56:29.569  1890 27085 I ProximityPowerPolicyController: writeBatteryFileThread start
04-21 19:56:29.570  2138  2138 I GsBroadcastReceiver: receive screen off:android.intent.action.SCREEN_OFF
04-21 19:56:29.570  2138  2647 E Guardian:: process event 1
04-21 19:56:29.570  1890 27085 I ProximityPowerPolicyController: writeBatteryFileThread end
04-21 19:56:29.583  2988  2988 I ProvisionApplication: ScreenStatusReceiver onReceive: null
04-21 19:56:29.583   967  2607 I chatty  : uid=0(root) /system/bin/pxrhmdservice expire 4 lines
04-21 19:56:29.584  2988  2988 I provision_ipd: ACTION_SCREEN_OFF,mNeedReCheckIpd: false
04-21 19:56:29.584  2988  2988 I ProvisionUtils: isCompleteProvision value: 1
04-21 19:56:29.584  2988  2988 I ProvisionUtils: isCompleteProvision value: 1
04-21 19:56:29.588  4175  4175 I SwiftService: onReceive android.intent.action.SCREEN_OFF
04-21 19:56:29.588  4175  4175 I KEVA.NATIVE: byte array is empty
04-21 19:56:29.588  4175  4175 I TrackingClient: get swift version 2
04-21 19:56:29.608  4175  4175 I Utils   : getConfig, sys_tracking_enable_standalone_mode_tracker 
04-21 19:56:29.609  4175  4175 I SwiftV2Event: Report Event end_find_mode-Params {"triggering_conditions":"screen_off","duration":61429,"tracker_version":2,"wifi_type":"5g","is_connect_bluetooth":0,"tracking_mode":"full_body_tracking"}
04-21 19:56:29.609   595   595 I hwservicemanager: getTransport: Cannot find entry vendor.qti.hardware.servicetracker@1.0::IServicetracker/default in either framework or device manifest.
04-21 19:56:29.613   595   595 I hwservicemanager: getTransport: Cannot find entry vendor.qti.hardware.servicetracker@1.0::IServicetracker/default in either framework or device manifest.
04-21 19:56:29.616  1392 26833 I SmartPowerMonitor: [FEAT_POWER_MONITOR_COMMON][0] noteJobStateChange uid: 10083, name: com.bytedance.pico.matrix/androidx.work.impl.background.systemjob.SystemJobService, state: 1
04-21 19:56:29.617  1392  1392 I WakelockPolicy: [FEAT_WAKELOCK_POLICY][0] wakelockCouldDisabled ws wakeLock disabled wakeLockTag: *job*/com.bytedance.pico.matrix/androidx.work.impl.background.systemjob.SystemJobService, callingUid: 1000, disableSizes: 1
04-21 19:56:29.619   961 26330 I chatty  : uid=0(root) Binder:961_2 expire 4 lines
04-21 19:56:29.624  4175  4175 I SwiftUtils: getConfig, com.pvr.swift.upper.limit 2
04-21 19:56:29.625  4175  4175 I TrackingClient: setDevDiscoverySwitch enable 0 tracker_num 2
04-21 19:56:29.625   961  2845 I chatty  : uid=0(root) Binder:961_4 expire 21 lines
04-21 19:56:29.628  4175  4175 I SwiftRepo: setSwiftDiscoverySwitch: 0 -> 0
04-21 19:56:29.628  2138  2658 E APxrRuntime: oxr_session_poll:XR_TYPE_EVENT_DATA_MAIN_SESSION_VISIBILITY_CHANGED_EXTT-------:0
04-21 19:56:29.628  2138  2658 I PxrNotificationClient: sendPxrNotification,action:com.pxr.dialog_ui.state id:0,value1:state value2:-1,ext:successed
04-21 19:56:29.629  2138  2658 E Guardian:: notify vr shell dialog state = -1
04-21 19:56:29.629  2138  2658 E PxrPlugin: up.pfnXrGetConnectDeviceMacPico interface has been deprecated
04-21 19:56:29.631  2138  2658 W xrt_session: oxr_session_manage_state, client: com.pico.guardian, action=9, state=XR_SESSION_STATE_VISIBLE
04-21 19:56:29.631  2138  2658 W xrt_session: oxr_session_change_state from 4 to 3
04-21 19:56:29.631  2138  2658 W xrt_session: oxr_session_change_state from 3 to 6
04-21 19:56:29.631  2138  2658 W xrt_session: oxr_session_change_state from 6 to 1
04-21 19:56:29.631  2138  2658 E APxrRuntime: ipc_client_device_stop_tracking!
04-21 19:56:29.631  2138  2658 E Guardian:: XR Sleep Cost = 2.98
04-21 19:56:29.632 21051 26261 I chatty  : uid=1000(system) expire 6 lines
04-21 19:56:29.632   972 26252 I chatty  : uid=0(root) send_thread expire 2 lines
04-21 19:56:29.633  2151 27095 I WM-WorkerWrapper: Worker result SUCCESS for Work [ id=bb060d36-df59-4c93-8594-ff2cc881ac2d, tags={ MR-ClearTempDirWorker, com.bytedance.pico.matrix.mr.polling.MrClearTempDirWorker } ]
04-21 19:56:29.635  1392 21717 I SmartPowerMonitor: [FEAT_POWER_MONITOR_COMMON][0] noteJobStateChange uid: 10083, name: com.bytedance.pico.matrix/androidx.work.impl.background.systemjob.SystemJobService, state: 0
04-21 19:56:29.643   595   595 I hwservicemanager: getTransport: Cannot find entry vendor.qti.hardware.servicetracker@1.0::IServicetracker/default in either framework or device manifest.
04-21 19:56:29.644   595   595 I hwservicemanager: getTransport: Cannot find entry vendor.qti.hardware.servicetracker@1.0::IServicetracker/default in either framework or device manifest.
04-21 19:56:29.646  2021  3622 I XRShell : CODE_WIN_DESTROY_SURFACE windowId :38
04-21 19:56:29.646  2021  3622 I XRShell : XREngine ---> destroyWindowSurface panelId : 38
04-21 19:56:29.646  2021  3622 I XRShell : CODE_WIN_DESTROY windowId :38
04-21 19:56:29.646  2021  2387 E XRShell-Native: XREngine Native ---> destroySurface , LayerType=1 , mAppSurfaceObj=0x25da
04-21 19:56:29.646  2021  3622 I XRShell : XREngine ---> destroyWindow panelId : 38
04-21 19:56:29.646  2021  2298 I XRShell : CODE_WIN_DESTROY windowId :38
04-21 19:56:29.647  2021  2298 I XRShell : XREngine ---> destroyWindow panelId : 38
04-21 19:56:29.674  1883  3309 I chatty  : uid=1000(system) swapchain_rls expire 10 lines
04-21 19:56:29.678   971  2593 I chatty  : uid=0(root) Binder:971_4 expire 33 lines
04-21 19:56:29.678   971  2525 I chatty  : uid=0(root) pxrseethroughse expire 15 lines
04-21 19:56:29.687   931  1106 I SDM     : ResourceImpl::SetMaxBandwidthMode: new bandwidth mode=0
04-21 19:56:29.694  1890  2474 I ProximityPowerPolicyController: psensor mPsensorGotoSleep for far2,PSENSOR_FAR_LOCKED_TIME = 10 second(s)
04-21 19:56:29.780   914  1567 I CVP     : File: vendor/qcom/proprietary/cv-noship/cvp2/src/cpu/cvpPvtUtils.cpp Line: 163 Function: cvpSetPower() Msg: Update power to KMD
04-21 19:56:29.780   914  1567 I CVP     : File: vendor/qcom/proprietary/cv-noship/cvp2/src/cpu/cvpPower.cpp Line: 85 Function: cvpPrintPower() Msg: Actual      Clock: Fdu 0, Ica 0, Od 0, Mpu 0, Fw 0
04-21 19:56:29.780   914  1567 I CVP     : File: vendor/qcom/proprietary/cv-noship/cvp2/src/cpu/cvpPower.cpp Line: 89 Function: cvpPrintPower() Msg: Operational Clock: Fdu 0, Ica 0, Od 0, Mpu 0, Fw 0
04-21 19:56:29.780   914  1567 I CVP     : File: vendor/qcom/proprietary/cv-noship/cvp2/src/cpu/cvpPower.cpp Line: 91 Function: cvpPrintPower() Msg: Actual     Bw: Ddr 0, SysCache 0
04-21 19:56:29.780   914  1567 I CVP     : File: vendor/qcom/proprietary/cv-noship/cvp2/src/cpu/cvpPower.cpp Line: 93 Function: cvpPrintPower() Msg: Opeational Bw: Ddr 0, SysCache 0
04-21 19:56:29.780   914  1567 I CVP     : File: vendor/qcom/proprietary/cv-noship/cvp2/src/cpu/cvpPower.cpp Line: 1636 Function: cvpDeaggreatePower() Msg: After deaggregation
04-21 19:56:29.780   914  1567 I CVP     : File: vendor/qcom/proprietary/cv-noship/cvp2/src/cpu/cvpPower.cpp Line: 85 Function: cvpPrintPower() Msg: Actual      Clock: Fdu 0, Ica 0, Od 0, Mpu 0, Fw 0
04-21 19:56:29.780   914  1567 I CVP     : File: vendor/qcom/proprietary/cv-noship/cvp2/src/cpu/cvpPower.cpp Line: 89 Function: cvpPrintPower() Msg: Operational Clock: Fdu 0, Ica 0, Od 0, Mpu 0, Fw 0
04-21 19:56:29.780   914  1567 I CVP     : File: vendor/qcom/proprietary/cv-noship/cvp2/src/cpu/cvpPower.cpp Line: 91 Function: cvpPrintPower() Msg: Actual     Bw: Ddr 0, SysCache 0
04-21 19:56:29.780   914  1567 I CVP     : File: vendor/qcom/proprietary/cv-noship/cvp2/src/cpu/cvpPower.cpp Line: 93 Function: cvpPrintPower() Msg: Opeational Bw: Ddr 0, SysCache 0
04-21 19:56:29.895   961   961 I chatty  : uid=0(root) Binder:961_2 expire 44 lines
04-21 19:56:30.650   961 27098 I chatty  : uid=0(root) Binder:961_2 expire 1 line
04-21 19:56:30.713  1392  1529 I ProcessStatsServiceOptEx: [FEAT_PROCSTATS_COLLECT][20] pendingCommit
04-21 19:56:30.992  4365 25094 I ByteCast: cybergarageDevice:deviceSearchResponse, ssdpPacket:/192.168.1.115 ssdpST urn:dial-multiscreen-org:service:dial:1
04-21 19:56:31.487   961 27099 I chatty  : uid=0(root) Binder:961_2 expire 1 line
04-21 19:56:31.487   961 27100 I chatty  : uid=0(root) Binder:961_2 expire 1 line
04-21 19:56:31.491   961 27101 I chatty  : uid=0(root) Binder:961_2 expire 1 line
04-21 19:56:31.692  1392  1523 I ProcessStatsServiceOptEx: [FEAT_PROCSTATS_COLLECT][20] saveData
04-21 19:56:31.698  1392  2142 I ProcessStatsServiceOptEx: [FEAT_PROCSTATS_COLLECT][50] writeToProto fileName: /data/syslog/monitor/procstats/procstats_5.13.7-202510300008-RELEASE-user-phoenix-b9650_PA8110MGGC110275G_2026_04_21_1776758655867
04-21 19:56:31.702  1392  1523 I ProcessStatsService: Pruning old procstats: /data/system/procstats/state-2026-04-16-14-37-19.bin
04-21 19:56:31.710  1392  2142 I ProcessStatsServiceOptEx: [FEAT_PROCSTATS_COLLECT][50] writeToProto fileName: /data/syslog/monitor/procstats/procstats_5.13.7-202510300008-RELEASE-user-phoenix-b9650_PA8110MGGC110275G_2026_04_21_1776758655867 done!
04-21 19:56:32.015  4365 25094 I ByteCast: cybergarageDevice:deviceSearchResponse, ssdpPacket:/192.168.1.115 ssdpST urn:dial-multiscreen-org:service:dial:1
04-21 19:56:32.376  1392  2358 I BatteryServiceExt: shouldShutdownLocked batteryLevel=100,mOffBatteryLevel=100 no need shutdown
04-21 19:56:32.544  2151  3424 I watson_assist: updateCpuSampleEnvironment:true, temp:27.2, level:100, powerSave:0
04-21 19:56:32.568   961 27104 I chatty  : uid=0(root) Binder:961_2 expire 1 line
04-21 19:56:32.568   961 27103 I chatty  : uid=0(root) Binder:961_2 expire 1 line
04-21 19:56:32.571   961 27105 I chatty  : uid=0(root) Binder:961_2 expire 1 line
04-21 19:56:32.602   908   908 I msm8974_platform: platform_get_custom_mtmx_params: no matching param with id 0 ip_ch 2 op_ch 2 uc_id 1 snd_dev 3
04-21 19:56:34.048   961 27112 I chatty  : uid=0(root) Binder:961_2 expire 1 line
04-21 19:56:34.048   961 27111 I chatty  : uid=0(root) Binder:961_2 expire 1 line
04-21 19:56:34.051   961 27113 I chatty  : uid=0(root) Binder:961_2 expire 1 line
04-21 19:56:35.185  1392  1528 I SysPerfMonitorService: setTimeInfoToKernel FIRST_RUNNING_FLAG /system/bin/echo 1 > /sys/tracepoint/trigger currentTime - SysEventSyncUtils.mLastMessageTime 5406788
04-21 19:56:35.202  1392  1528 I SysPerfMonitorService: getRTTaskExecNums line = 644908 38141 17761 1343 118 33 6 1 3 3
04-21 19:56:35.203  1392  1528 I SysPerfMonitorService: process com.pico.xr.openxr_runtime, tmpNums [556571, 32461, 15192, 1104, 102, 18, 1, 0, 0, 0]
04-21 19:56:35.203  1392  1528 I SysPerfMonitorService: getRTTaskExecNums line = 274755 9015 6626 2167 308 35 3 7 1 0
04-21 19:56:35.203  1392  1528 I SysPerfMonitorService: process /system/bin/pvrtrackingservice, tmpNums [269232, 8511, 5772, 1306, 153, 32, 2, 7, 1, 0]
04-21 19:56:35.203  1392  1528 I SysPerfMonitorService: getRTTaskExecNums line = 103001 8216 8240 400 6421 734 17 11 14 8
04-21 19:56:35.203  1392  1528 I SysPerfMonitorService: process /system/bin/pxrseethroughservice, tmpNums [86956, 7116, 7127, 362, 5643, 519, 13, 11, 14, 6]
04-21 19:56:35.203  1392  1528 I SysPerfMonitorService: getRTTaskExecNums line = 640133 69098 620 4 3 2 0 0 0 4
04-21 19:56:35.204  1392  1528 I SysPerfMonitorService: process /vendor/bin/hw/android.hardware.camera.provider@2.4-service_64, tmpNums [229562, 25152, 392, 0, 0, 0, 0, 0, 0, 0]
04-21 19:56:35.204  1392  1528 I SysPerfMonitorService: getRTTaskExecNums line = 501684 55811 3549 0 0 0 0 0 0 0
04-21 19:56:35.204  1392  1528 I SysPerfMonitorService: process /vendor/bin/hw/pico.camera.quickcamera.quickcameramodule@1.0-service_64, tmpNums [214536, 28343, 2422, 0, 0, 0, 0, 0, 0, 0]
04-21 19:56:35.224  1392  1528 I ProcStatsSmt: begin processCollect
04-21 19:56:35.225  1392  1528 I ProcStatsSmt: processCollect oomAdj data, keepAlive:3|native:141|system:4|persistProc:8|persistSer:0|foreground:5|visible:3|perceptible:1|perceptibleLow:0|backup:0|heavyWeight:0|serviceA:2|home:0|previous:1|serviceB:1|cached:19|unknown:1|total:189
04-21 19:56:35.225  1392  1528 I ProcStatsSmt: processCollect taskState data, R:0 S:189 D:0 T:0 t:0 X:0 Z:0 P:0 I:0
04-21 19:56:36.118  4365 25094 I ByteCast: cybergarageDevice:deviceSearchResponse, ssdpPacket:/192.168.1.122 ssdpST urn:dial-multiscreen-org:service:dial:1
04-21 19:56:37.133  4365 25094 I ByteCast: cybergarageDevice:deviceSearchResponse, ssdpPacket:/192.168.1.122 ssdpST urn:dial-multiscreen-org:service:dial:1
04-21 19:56:37.247   961 27116 I chatty  : uid=0(root) Binder:961_2 expire 1 line
04-21 19:56:37.247   961 27115 I chatty  : uid=0(root) Binder:961_2 expire 1 line
04-21 19:56:37.251   961 27117 I chatty  : uid=0(root) Binder:961_2 expire 1 line
04-21 19:56:38.154  4365 25094 I ByteCast: cybergarageDevice:deviceSearchResponse, ssdpPacket:/192.168.1.122 ssdpST urn:dial-multiscreen-org:service:dial:1
04-21 19:56:38.663   961 26327 I chatty  : uid=0(root) Binder:961_2 expire 13 lines
04-21 19:56:38.735   970  2701 I chatty  : uid=0(root) pxrmrsystemserv expire 17 lines
04-21 19:56:39.179  4365 25094 I ByteCast: cybergarageDevice:deviceSearchResponse, ssdpPacket:/192.168.1.122 ssdpST urn:dial-multiscreen-org:service:dial:1
04-21 19:56:39.530   972   972 I chatty  : uid=0(root) send_thread expire 17 lines
04-21 19:56:39.700  1890  2474 I ProximityPowerPolicyController: psensor mPsensorGotoSleep for far2,PSENSOR_FAR_LOCKED_TIME = 10 second(s)
04-21 19:56:39.847   961 27127 I chatty  : uid=0(root) Binder:961_2 expire 1 line
04-21 19:56:39.847   961 27128 I chatty  : uid=0(root) Binder:961_2 expire 1 line
04-21 19:56:39.851   961 27129 I chatty  : uid=0(root) Binder:961_2 expire 1 line
04-21 19:56:40.152   967  2608 I chatty  : uid=0(root) /system/bin/pxrhmdservice expire 17 lines
04-21 19:56:40.521  1392  5583 I BatteryServiceExt: shouldShutdownLocked batteryLevel=100,mOffBatteryLevel=100 no need shutdown
04-21 19:56:40.527   961 27139 I chatty  : uid=0(root) Binder:961_2 expire 1 line
04-21 19:56:40.527   961 27140 I chatty  : uid=0(root) Binder:961_2 expire 1 line
04-21 19:56:40.531   961 27141 I chatty  : uid=0(root) Binder:961_2 expire 1 line
04-21 19:56:41.967   961 27144 I chatty  : uid=0(root) Binder:961_2 expire 1 line
04-21 19:56:41.967   961 27143 I chatty  : uid=0(root) Binder:961_2 expire 1 line
04-21 19:56:41.971   961 27145 I chatty  : uid=0(root) Binder:961_2 expire 1 line
04-21 19:56:42.687   961 27150 I chatty  : uid=0(root) Binder:961_2 expire 1 line
04-21 19:56:42.687   961 27151 I chatty  : uid=0(root) Binder:961_2 expire 1 line
04-21 19:56:42.690   961 27152 I chatty  : uid=0(root) Binder:961_2 expire 1 line
04-21 19:56:42.802  1392  1543 E PrefetchManagerService: onCpuState state = CPU_NORMAL
04-21 19:56:42.803  1392  1543 W PrefetchManagerService: packname com.ss.android.ttvr version is 3.2.9 ,is support this version  -1
04-21 19:56:42.928   961 26933 I chatty  : uid=0(root) Binder:961_2 expire 1 line
04-21 19:56:42.968   961 26934 I chatty  : uid=0(root) Binder:961_2 expire 1 line
04-21 19:56:43.608   961 27155 I chatty  : uid=0(root) Binder:961_2 expire 1 line
04-21 19:56:43.608   961 27154 I chatty  : uid=0(root) Binder:961_2 expire 1 line
04-21 19:56:43.611   961 27156 I chatty  : uid=0(root) Binder:961_2 expire 1 line
04-21 19:56:43.774  1392  5583 I BatteryServiceExt: shouldShutdownLocked batteryLevel=100,mOffBatteryLevel=100 no need shutdown
04-21 19:56:44.731  1890  2215 I PvrManagerService:  pvrmanager PermissionGrant check calling is 1000
04-21 19:56:44.732   965  2500 I chatty  : uid=0(root) pvrmanager expire 6 lines
04-21 19:56:44.732  1890  2089 I PvrManagerService:  pvrmanager PermissionGrant check calling is 0
04-21 19:56:44.733  1890  2097 I PvrManagerService:  pvrmanager PermissionGrant check calling is 0
04-21 19:56:44.733   961  1155 I chatty  : uid=0(root) pvrtrackingserv expire 10 lines
04-21 19:56:44.733   951  1141 I chatty  : uid=0(root) Binder:951_1 expire 20 lines
04-21 19:56:44.735  1890  2087 I PvrManagerService:  pvrmanager PermissionGrant check calling is 0
04-21 19:56:44.736   962  1183 I chatty  : uid=0(root) MCUController expire 9 lines
04-21 19:56:44.736  2339  2968 I PxrControllerServiceClient: [onControllerStatusChange]  conroller handle 2  status 0 sn PC1810MGGA223753W
04-21 19:56:44.736  2339  2968 I DeviceSdkJni: onDisconnectCallback, controller: 2
04-21 19:56:44.736  3989  4836 I PxrControllerServiceClient: [onControllerStatusChange]  conroller handle 2  status 0 sn PC1810MGGA223753W
04-21 19:56:44.736  3989  4836 I DeviceSdkJni: onDisconnectCallback, controller: 2
04-21 19:56:44.738  2339  2968 I HandleUpgrade: [Binder:2339_2]|HandleService-->ServiceEventListener, onEvent, [102, , ConnectState(device=1, state=0)]
04-21 19:56:44.739   961  1406 I chatty  : uid=0(root) statusLoop expire 9 lines
04-21 19:56:44.739   961 27164 I chatty  : uid=0(root) Binder:961_2 expire 27 lines
04-21 19:56:44.741  1887  3606 I chatty  : uid=1000(system) Binder:1887_4 expire 10 lines
04-21 19:56:44.742   972 27163 I chatty  : uid=0(root) send_thread expire 1 line
04-21 19:56:44.743   972  1162 I chatty  : uid=0(root) ControllerLoope expire 12 lines
04-21 19:56:44.752   961 26377 I chatty  : uid=0(root) Binder:961_2 expire 1 line
04-21 19:56:44.753  1890  2215 W GyroscopePowerPolicyController: releaseWakelockNative(2) for mIsExtra15MinutesNeededForControllerTest falsescreen off time is 13954066
04-21 19:56:44.755  2138 23604 E Guardian:: onSystem6DofStatusChanged value1=, value2=2, ext=
04-21 19:56:44.756   970   970 I chatty  : uid=0(root) Binder:970_4 expire 11 lines
04-21 19:56:44.756 21051 26239 I chatty  : uid=1000(system) expire 11 lines
04-21 19:56:44.756  1892  1892 I chatty  : uid=1000(system) com.picovr.systemext expire 7 lines
04-21 19:56:44.757   961 27165 I chatty  : uid=0(root) Binder:961_2 expire 207 lines
04-21 19:56:44.758   922   922 I sensors-hal: config_direct_report:537, config_direct_report : enter
