04-30 19:23:39.673 21843 25143 I [PxrUnity]: PluginDisplaySystem MainThread_UpdateDisplayState PollEvent PXR_TYPE_EVENT_DATA_SESSION_STATE_READY received .
04-30 19:23:39.673 21843 25143 I [PxrUnity]: PluginInputSystem UpdateDeviceConnectionState deviceId : 1, connected : true 
04-30 19:23:39.673  1893  2734 I PxrCompositor: eyetrackingSC:pxrGetSupportedTrackingModes Enter
04-30 19:23:39.673  1893  2734 I TrackingClient: GetSupportedTrackingMode 3
04-30 19:23:39.673  1893  2734 I EyeTrackingClient: GetSupportedTrackingMode 8192
04-30 19:23:39.673  1893  2734 I PxrCompositor:   eyetrackingSC:sxrGetSupportedTrackingModes supportedEyeTracking = 0====3==eyetrackingModes=
04-30 19:23:39.673  1893  2734 I PxrCompositor: eyetrackingSC:sxrGetSupportedTrackingModes Exit result = 8259
04-30 19:23:39.677 21843 25143 I Unity   : seethroughsetting---UI---Main---Setting_AutoTest
04-30 19:23:39.677 21843 25143 I SeethroughSetting: UnityResumeComplete
04-30 19:23:39.678 21843 25143 I Unity   : seethroughsetting---UI---Main---Setting_0
04-30 19:23:39.679 21843 25143 I Unity   : [PXR_Plugin/System] FrameID=1>>>>>>API xrVersion :0x200050D
04-30 19:23:39.680 21843 25143 E Unity   : Audio system is disabled, so AudioSettings.GetDSPBufferSize cannot be called. Please check the audio project settings.
04-30 19:23:39.680 21843 25143 E Unity   : Unity.XR.PXR.Controller:UPxr_SetControllerDelay()
04-30 19:23:39.680 21843 25143 E Unity   : Unity.XR.PXR.PXR_Manager:Start()
04-30 19:23:39.680 21843 25143 E Unity   : 
04-30 19:23:39.680 21843 25143 E Unity   : [ line -737051736]
04-30 19:23:39.680 21843 25143 E Unity   : 
04-30 19:23:39.680 21843 25143 I Unity   : [VCMotor_SDK] UPxr_SetControllerDelay 3
04-30 19:23:39.680 17875 25018 E NDK-CAMERA: [DoUpdate][199]: open camera cost time=0.290332
04-30 19:23:39.681 17875 25018 I PxrPlugin: Pxr_CreateLayer layerId=0, layerShape=0, layerFlags=0x0, layerLayout=2, width=1440, height=1584, format=0x8058, arraySize=2, sampleCount=1, mipmapCount=1, faceCount=1, externalImageCount=0, externalImages[0]=0x0, externalImages[1]=0x0
04-30 19:23:39.681 17875 25018 I PxrPlugin: swapchainCreateInfoAndroidExt.imageNumExt: 0
04-30 19:23:39.681 17875 25018 E APxrRuntime: createInfo->format = 0x00008058,c->info.formats[0] = 0x00008c43
04-30 19:23:39.681 17875 25018 E APxrRuntime: createInfo->format = 0x00008058,c->info.formats[1] = 0x00008229
04-30 19:23:39.681 17875 25018 E APxrRuntime: createInfo->format = 0x00008058,c->info.formats[2] = 0x0000822b
04-30 19:23:39.681 17875 25018 E APxrRuntime: createInfo->format = 0x00008058,c->info.formats[3] = 0x00008058
04-30 19:23:39.681 17875 25018 E APxrRuntime: REMOVE_GAMMA_MANUALLY
04-30 19:23:39.682 21843 25143 I Unity   : seethroughsetting---ActivityUtils---GetIsHandEnable---isEnable---0
04-30 19:23:39.683 21843 25143 I PxrPlugin: ctrltype plugin:  getControllerType 2270 xrGetCurrentInteractionProfile ret = 0 Path  /interaction_profiles/bytedance/pico4_controller
04-30 19:23:39.683 21843 25143 I PxrPlugin: ctrltype plugin:  getControllerType 2270 xrGetCurrentInteractionProfile ret = 0 Path  /interaction_profiles/bytedance/pico4_controller
04-30 19:23:39.690 17875 25018 I AdrenoVK-0: ===== BEGIN DUMP OF OVERRIDDEN SETTINGS =====
04-30 19:23:39.690 17875 25018 I AdrenoVK-0: ===== END DUMP OF OVERRIDDEN SETTINGS =====
04-30 19:23:39.691 17875 25018 I AdrenoVK-0: QUALCOMM build          : 76b617b5a7, I2d63e0ecd9
04-30 19:23:39.691 17875 25018 I AdrenoVK-0: Build Date              : 10/31/22
04-30 19:23:39.691 17875 25018 I AdrenoVK-0: Shader Compiler Version : E031.41.05.00
04-30 19:23:39.691 17875 25018 I AdrenoVK-0: Local Branch            : 
04-30 19:23:39.691 17875 25018 I AdrenoVK-0: Remote Branch           : refs/tags/AU_LINUX_ANDROID_LA.UM.8.12.C3.10.00.00.670.284
04-30 19:23:39.691 17875 25018 I AdrenoVK-0: Remote Branch           : NONE
04-30 19:23:39.691 17875 25018 I AdrenoVK-0: Reconstruct Branch      : NOTHING
04-30 19:23:39.691 17875 25018 I AdrenoVK-0: Build Config            : S P 8.0.12 AArch64
04-30 19:23:39.691 17875 25018 I AdrenoVK-0: Driver Path             : /vendor/lib64/hw/vulkan.kona.so
04-30 19:23:39.691 17875 25018 I AdrenoVK-0: Driver Version          : 0682.0
04-30 19:23:39.691 17875 25018 I AdrenoVK-0: PFP                     : 0x016dd109
04-30 19:23:39.691 17875 25018 I AdrenoVK-0: ME                      : 0x00000000
04-30 19:23:39.691 17875 25018 I AdrenoVK-0: Application Name    : oopc
04-30 19:23:39.691 17875 25018 I AdrenoVK-0: Application Version : 0x00400000
04-30 19:23:39.691 17875 25018 I AdrenoVK-0: Engine Name         : null
04-30 19:23:39.691 17875 25018 I AdrenoVK-0: Engine Version      : 0x00400000
04-30 19:23:39.691 17875 25018 I AdrenoVK-0: Api Version         : 0x00401000
04-30 19:23:39.693 17875 25018 E ion     : ioctl c0044901 failed with code -1: Not a typewriter
04-30 19:23:39.694 17875 25018 E APxrRuntime: oxr_create_swapchain(), createInfo->width:1440, createInfo->height:1584, createInfo->arraySize:2
04-30 19:23:39.695 17875 25018 E PxrPlugin:  Pxr_SubmitLayer2,fov change from  0.000000,to 103.982010
04-30 19:23:39.695 17875 25018 I PxrNotificationClient: sendPxrNotification,action:teatracker_event_action id:0,value1:power_runtime_info value2:0,ext:{"pkg_name":"com.pico.mrservice","type":"eyebuffer","value":"1440,1584","power_need":true}
04-30 19:23:39.696  1897  7484 I PxrNotificationService: sendPxrMessage callingPid:17875 action teatracker_event_action ,value1:power_runtime_info ,value2:0 ,ext:{"pkg_name":"com.pico.mrservice","type":"eyebuffer","value":"1440,1584","power_need":true} ,mPvrCallbacks.size():15
04-30 19:23:39.696 17875 25018 E PCTP    : PCTP upload:{"pkg_name":"com.pico.mrservice","type":"eyebuffer","value":"1440,1584","power_need":true}
04-30 19:23:39.696 17875 25018 E APxrRuntime: set config start in runtime session, ConfigsSetEXT:13,-1
04-30 19:23:39.696 17875 25018 W APxrRuntime: set_desired_fps done,-1,13.920988,0,0
04-30 19:23:39.698  1346 14056 I PowerAdvisor: noteSystemState {"pkg_name":"com.pico.mrservice","type":"eyebuffer","value":"1440,1584","power_need":true}, 1000
04-30 19:23:39.698  1346 14056 W PowerEvents: [FEAT_POWER_MONITOR_COMMON][0] com.pico.mrservice not in front, return
04-30 19:23:39.743 21843 25143 I Unity   : reset iFrame  1 height 0
04-30 19:23:39.743 21843 25143 I Unity   : ControllerMode Change : LeftController False   RightController : False HnadEnable :False ActiveInputDevice ’╝ÜHeadActive
04-30 19:23:39.744 21843 25143 W Unity   : CursorManager-------ControlCVRayShow---RayController is null!!!
04-30 19:23:39.744 21843 25143 I Unity   : Name isbase_left
04-30 19:23:39.744 21843 25143 I Unity   : Name isleft_wrist
04-30 19:23:39.744 21843 25143 I Unity   : PUI------- DOT is not null
04-30 19:23:39.744 21843 25143 W Unity   : CursorManager-------ControlCVRayShow---RayController is null!!!
04-30 19:23:39.744 21843 25143 I Unity   : Name isbase_right
04-30 19:23:39.744 21843 25143 I Unity   : Name isright_wrist
04-30 19:23:39.744 21843 25143 I Unity   : PUI------- DOT is not null
04-30 19:23:39.745 21843 25143 I [PxrUnity]: PicoVRSystem CreateLayer Started.
04-30 19:23:39.745 21843 25143 I PxrPlugin: Pxr_CreateLayer layerId=1, layerShape=1, layerFlags=0x0, layerLayout=3, width=512, height=960, format=0x7, arraySize=1, sampleCount=1, mipmapCount=1, faceCount=1, externalImageCount=0, externalImages[0]=0x0, externalImages[1]=0x0
04-30 19:23:39.745 21843 25143 I PxrPlugin: swapchainCreateInfoAndroidExt.imageNumExt: 0
04-30 19:23:39.745 21843 25143 E APxrRuntime: createInfo->format = 0x00008c43,c->info.formats[0] = 0x00008c43
04-30 19:23:39.753 21843 25143 I AdrenoVK-0: ===== BEGIN DUMP OF OVERRIDDEN SETTINGS =====
04-30 19:23:39.753 21843 25143 I AdrenoVK-0: ===== END DUMP OF OVERRIDDEN SETTINGS =====
04-30 19:23:39.754 21843 25143 I AdrenoVK-0: QUALCOMM build          : 76b617b5a7, I2d63e0ecd9
04-30 19:23:39.754 21843 25143 I AdrenoVK-0: Build Date              : 10/31/22
04-30 19:23:39.754 21843 25143 I AdrenoVK-0: Shader Compiler Version : E031.41.05.00
04-30 19:23:39.754 21843 25143 I AdrenoVK-0: Local Branch            : 
04-30 19:23:39.754 21843 25143 I AdrenoVK-0: Remote Branch           : refs/tags/AU_LINUX_ANDROID_LA.UM.8.12.C3.10.00.00.670.284
04-30 19:23:39.754 21843 25143 I AdrenoVK-0: Remote Branch           : NONE
04-30 19:23:39.754 21843 25143 I AdrenoVK-0: Reconstruct Branch      : NOTHING
04-30 19:23:39.754 21843 25143 I AdrenoVK-0: Build Config            : S P 8.0.12 AArch64
04-30 19:23:39.754 21843 25143 I AdrenoVK-0: Driver Path             : /vendor/lib64/hw/vulkan.kona.so
04-30 19:23:39.754 21843 25143 I AdrenoVK-0: Driver Version          : 0682.0
04-30 19:23:39.754 21843 25143 I AdrenoVK-0: PFP                     : 0x016dd109
04-30 19:23:39.754 21843 25143 I AdrenoVK-0: ME                      : 0x00000000
04-30 19:23:39.754 21843 25143 I AdrenoVK-0: Application Name    : oopc
04-30 19:23:39.754 21843 25143 I AdrenoVK-0: Application Version : 0x00400000
04-30 19:23:39.754 21843 25143 I AdrenoVK-0: Engine Name         : null
04-30 19:23:39.754 21843 25143 I AdrenoVK-0: Engine Version      : 0x00400000
04-30 19:23:39.754 21843 25143 I AdrenoVK-0: Api Version         : 0x00401000
04-30 19:23:39.755 21843 25143 E ion     : ioctl c0044901 failed with code -1: Not a typewriter
04-30 19:23:39.756 21843 25143 E APxrRuntime: oxr_create_swapchain(), createInfo->width:512, createInfo->height:960, createInfo->arraySize:1
04-30 19:23:39.756 21843 25143 I [PxrUnity]: PluginDisplaySystem CreateEyeTextures Started.
04-30 19:23:39.756 21843 25143 I [PxrUnity]: PluginDisplaySystem CreateLayer m_TextureScale:1.000000, w=1440, h=1584, arraySize=2
04-30 19:23:39.756 21843 25143 I [PxrUnity]: PluginDisplaySystem CreateLayer m_FoveationEnable:True, m_EyeFoveationEnable:False, enableSubsampled:False,
04-30 19:23:39.756 21843 25143 I [PxrUnity]: PicoVRSystem CreateLayer Started.
04-30 19:23:39.756 21843 25143 I PxrPlugin: Pxr_CreateLayer layerId=0, layerShape=0, layerFlags=0x0, layerLayout=2, width=1440, height=1584, format=0x8058, arraySize=2, sampleCount=1, mipmapCount=1, faceCount=1, externalImageCount=0, externalImages[0]=0x0, externalImages[1]=0x0
04-30 19:23:39.756 21843 25143 I PxrPlugin: swapchainCreateInfoAndroidExt.imageNumExt: 0
04-30 19:23:39.756 21843 25143 E APxrRuntime: createInfo->format = 0x00008058,c->info.formats[0] = 0x00008c43
04-30 19:23:39.756 21843 25143 E APxrRuntime: createInfo->format = 0x00008058,c->info.formats[1] = 0x00008229
04-30 19:23:39.756 21843 25143 E APxrRuntime: createInfo->format = 0x00008058,c->info.formats[2] = 0x0000822b
04-30 19:23:39.756 21843 25143 E APxrRuntime: createInfo->format = 0x00008058,c->info.formats[3] = 0x00008058
04-30 19:23:39.756 21843 25143 E APxrRuntime: REMOVE_GAMMA_MANUALLY
04-30 19:23:39.758 21843 25143 E APxrRuntime: oxr_create_swapchain(), createInfo->width:1440, createInfo->height:1584, createInfo->arraySize:2
04-30 19:23:39.758 21843 25143 I [PxrUnity]: PluginDisplaySystem CreateEyeTextures Ended.
04-30 19:23:39.758 21843 25143 I [PxrUnity]: PluginDisplaySystem GfxThread_PopulateNextFrameDesc PollEvent PXR_TYPE_EVENT_DATA_SESSION_STATE_READY received .
04-30 19:23:39.758 21843 25143 I [PxrUnity]: PicoVRSystem BeginXr Started.
04-30 19:23:39.758 21843 25143 E PxrPlugin: up.pfnXrStartCVControllerThreadPico interface has been deprecated
04-30 19:23:39.758  1893  2734 I PxrCompositor: pxr_set_config enter 1 2
04-30 19:23:39.758 21843 25143 E APxrRuntime: pxr_set_trackingorigin level type 2, xrEnableFloorLevel 1
04-30 19:23:39.758 21843 25143 W APxrRuntime: TopApp 1
04-30 19:23:39.758  1893  2734 W APxrRuntime: CpuFreqPolicy: Disable for [com.pvr.seethrough.setting] index=4, top=1
04-30 19:23:39.758  1893  2734 E PxrCompositor: g_iSeethroughState 3.000000
04-30 19:23:39.758 21843 25143 E APxrRuntime: set_desired_fps:invalid param,0.013889,0
04-30 19:23:39.758 21843 25143 W APxrRuntime: set_desired_fps done,-1,13.888889,0,0
04-30 19:23:39.758  1893  2734 E InputDeviceManager: p_CreateControllerClient  21843
04-30 19:23:39.758  1893  2734 I PxrCompositor: pxr_set_config enter 8 72.000000
04-30 19:23:39.758  1893  2734 I PxrCompositor: PXRSDK_FT Engine call setDisplayFrequency g_fDisplayRate=72.000000
04-30 19:23:39.758   968   968 I pxrhmdservice : Call <getRefreshRate> - sys.pvr.display.type=[72.000000] done.
04-30 19:23:39.759   968   968 I pxrhmdservice : Call <getRefreshRate> - refreshRate=[72.000000 72.000000 72.000000].
04-30 19:23:39.759  1893  2734 I pxrhmdservice : Call <getRefreshRate> - pvrserviceclient=0x7439335340.
04-30 19:23:39.759  1893  2734 I PxrCompositor: PXRSDK_FT pxrSetDisplayFrequencyInternal setRefreshRate:72.000000, current rate: 72.000000
04-30 19:23:39.759  1893  2734 I PxrCompositor: PXRSDK_FT setRate is the same as getRate:72.000000
04-30 19:23:39.759   968   968 I pxrhmdservice : Call <getRefreshRate> - sys.pvr.display.type=[72.000000] done.
04-30 19:23:39.759   968   968 I pxrhmdservice : Call <getRefreshRate> - refreshRate=[72.000000 72.000000 72.000000].
04-30 19:23:39.759  1893  2734 I pxrhmdservice : Call <getRefreshRate> - pvrserviceclient=0x7439335340.
04-30 19:23:39.759 21843 25143 E APxrRuntime: CreateHandTracker runtime oxr_hand_tracker_create 2154 hand_tracker->xdev 0x72ef2f3000 hand_tracker 0x72e9897200 *out_hand_tracker 0x72e9897200 **out_hand_tracker 0x73d41134b0
04-30 19:23:39.759 21843 25143 E APxrRuntime: CreateHandTracker runtime oxr_hand_tracker_create 2154 hand_tracker->xdev 0x72ef2f3000 hand_tracker 0x72e989df40 *out_hand_tracker 0x72e989df40 **out_hand_tracker 0x73d41134b0
04-30 19:23:39.759 21843 25143 I PxrPlugin: ctrltype plugin: getControllerType 7002 xrGetCurrentInteractionProfile pico4_controller ret = 0 Path  /interaction_profiles/bytedance/pico4_controller
04-30 19:23:39.771   944  2802 E ANDR-PERF-LM: VmRssMeter:: start() 305: Could not find pid, can not collect vmrss data
04-30 19:23:39.773   944  2803 E ANDR-PERF-LM: VmRssMeter:: start() 305: Could not find pid, can not collect vmrss data
04-30 19:23:39.773   944  2803 E ANDR-PERF-LM: AdaptiveLaunch: writeToDataBase() 63: Meter aborted or could not get meter data for this run
04-30 19:23:39.775 21843 25143 E [PxrUnity]: PluginDisplaySystem GfxThread_PopulateNextFrameDesc No frames have been queue'd for rendering.
04-30 19:23:39.778 21843 25143 I Unity   : Sensor Ready,reset
04-30 19:23:39.801 21843 25143 W Unity   : Hardware resolution scaling not supported, falling back to software scaling (blit).
04-30 19:23:39.804 21843 25143 W xrt_session: oxr_session_manage_state, client: com.pvr.seethrough.setting, action=3, state=XR_SESSION_STATE_READY
04-30 19:23:39.804 21843 25143 W xrt_session: oxr_session_change_state from 2 to 3
04-30 19:23:39.804  1893  2734 I PxrNotificationClient: sendPxrNotification,action:com.notificaton.fakedata id:0,value1:com.notificaton.fakedata value2:0,ext:(null)
04-30 19:23:39.804  1897  7484 I PxrNotificationService: sendPxrMessage callingPid:1893 action com.notificaton.fakedata ,value1:com.notificaton.fakedata ,value2:0 ,ext: ,mPvrCallbacks.size():15
04-30 19:23:39.804  1893  2734 W xrt_session: update_server_state_locked():  main = 4 focus = 4
04-30 19:23:39.804  1893  2734 W xrt_session: handle_focused_client_events’╝Ücom.picoxr.xrshell1,0.0
04-30 19:23:39.804  1893  2734 W xrt_session: handle_focused_client_events’╝Ücom.pico.guardian1,0.2
04-30 19:23:39.804  1893  2734 W xrt_session: handle_focused_client_events’╝Ücom.pico.mrservice1,0.2
04-30 19:23:39.804  1893  2734 W xrt_session: handle_focused_client_events’╝Ücom.pvr.seethrough.setting1,1.0
04-30 19:23:39.804  1893  2734 E APxrRuntime: sendAppStateChangeNotification------- com.pvr.seethrough.setting: :visible 1,focused 1,state 3
04-30 19:23:39.804  1893  2734 I PxrNotificationClient: sendPxrNotification,action:pxr.action.appstate_change id:0,value1:com.pvr.seethrough.setting value2:3,ext:(null)
04-30 19:23:39.804  1897  7484 I PxrNotificationService: sendPxrMessage callingPid:1893 action pxr.action.appstate_change ,value1:com.pvr.seethrough.setting ,value2:3 ,ext: ,mPvrCallbacks.size():15
04-30 19:23:39.805 21843 25143 E APxrRuntime: Call error '-15'!
04-30 19:23:39.806  1346 14056 I TransferServer: SysDisplayed app uid : -9053   process_name:com.pvr.seethrough.setting   unity first frame duration : 1044
04-30 19:23:39.806 21843 25143 I Unity   : reset iFrame  2 height 1.646709
04-30 19:23:39.806 21843 25143 I Unity   : ControllerMode Change : LeftController True   RightController : False HnadEnable :False ActiveInputDevice ’╝ÜHeadActive
04-30 19:23:39.810 17875 25018 E APxrRuntime: oxr_session_poll:XR_TYPE_EVENT_DATA_MAIN_SESSION_VISIBILITY_CHANGED_EXTT-------:1
04-30 19:23:39.813  2067  2389 E APxrRuntime: oxr_session_poll:XR_TYPE_EVENT_DATA_MAIN_SESSION_VISIBILITY_CHANGED_EXTT-------:1
04-30 19:23:39.815  1346  1425 W System  : A resource failed to call close. 
04-30 19:23:39.816  1346  1425 I chatty  : uid=1000(system) FinalizerDaemon identical 8 lines
04-30 19:23:39.816  1346  1425 W System  : A resource failed to call close. 
04-30 19:23:39.816  2906  3277 I Shortcut: DockManager,RecentAppDataManager , getRecentApps end, {}
04-30 19:23:39.816  2906  3277 I Shortcut: DockManager,RecentAppDataManager , loadRecentApp , appList , size=0 , List=[]
04-30 19:23:39.822 21843 25143 E PxrPlugin:  Pxr_SubmitLayer2,fov change from  0.000000,to 103.982010
04-30 19:23:39.822 21843 25143 I PxrNotificationClient: sendPxrNotification,action:teatracker_event_action id:0,value1:power_runtime_info value2:0,ext:{"pkg_name":"com.pvr.seethrough.setting","type":"eyebuffer","value":"1440,1584","power_need":true}
04-30 19:23:39.823  1897  7484 I PxrNotificationService: sendPxrMessage callingPid:21843 action teatracker_event_action ,value1:power_runtime_info ,value2:0 ,ext:{"pkg_name":"com.pvr.seethrough.setting","type":"eyebuffer","value":"1440,1584","power_need":true} ,mPvrCallbacks.size():15
04-30 19:23:39.823 21843 25143 E PCTP    : PCTP upload:{"pkg_name":"com.pvr.seethrough.setting","type":"eyebuffer","value":"1440,1584","power_need":true}
04-30 19:23:39.824  1346 11498 I PowerAdvisor: noteSystemState {"pkg_name":"com.pvr.seethrough.setting","type":"eyebuffer","value":"1440,1584","power_need":true}, 1000
04-30 19:23:39.824  1346 11498 I PowerEvents: [FEAT_POWER_MONITOR_COMMON][0] noteSystemState com.pvr.seethrough.setting, eyebuffer, 1440,1584, null
04-30 19:23:39.824 21843 25143 W xrt_session: oxr_session_handler_xrtCompositorEventStateChange: client: com.pvr.seethrough.setting, 1,1:3
04-30 19:23:39.824 21843 25143 W xrt_session: oxr_session_manage_state, client: com.pvr.seethrough.setting, action=5, state=XR_SESSION_STATE_SYNCHRONIZED
04-30 19:23:39.824 21843 25143 W xrt_session: oxr_session_change_state from 3 to 4
04-30 19:23:39.824 21843 25143 W APxrRuntime: oxr_session_change_state------------0x72ee98a500    0x72ee8bfc00
04-30 19:23:39.824 21843 25143 W APxrRuntime: ipc_instance_activity_focusable_changed------------0x72ee8bfc00    0x72ee8bfd80   0x72ee8bfdd8
04-30 19:23:39.824 21843 25143 W APxrRuntime: ipc_client_activity_focusable_changed------------0x72ef107200    0x72ef107220
04-30 19:23:39.824 21843 25143 W xrt_session: oxr_session_change_state from 4 to 5
04-30 19:23:39.824  1893  2734 I PxrBroadcastReceiver: last visible package = com.pvr.seethrough.setting
04-30 19:23:39.825   654   716 W ServiceManagement: Waited one second for vendor.qti.hardware.radio.uim_remote_client@1.0::IUimRemoteServiceClient/uimRemoteClient0
04-30 19:23:39.825   654   716 I ServiceManagement: getService: Trying again for vendor.qti.hardware.radio.uim_remote_client@1.0::IUimRemoteServiceClient/uimRemoteClient0...
04-30 19:23:39.827 21843 25185 I PxrMetric: FPS=0/72,MTP=25.95ms,AppSW=off,FrmEarly=0,FrmLate=1,FrmCpu=9.97ms,FrmGpu=2.08ms,FrmTime=13.25ms,ATWGPU=0.00ms,VsyncDelay=0,GPU=0%/0Mhz,GPUTemp=0.0C,LayerCnt=0,Pkg=com.pvr.seethrough.setting,FrmId=1
04-30 19:23:39.830   960  7396 E gd32ipdservice: L1:AddServiceListener: Add listener 0x71ece15200, 1
04-30 19:23:39.830   960  7396 E gd32ipdservice: L1:a0 0f 00 00 00 af 
04-30 19:23:39.831 21843 21843 W ViewRootImpl: Will skip draw vr actvity :com.pvr.seethrough.setting/com.pvr.seethrough.setting.MainActivity
04-30 19:23:39.831 21843 21843 W PxrConfigServiceClient:  open getConfigPropertyDirectAccess type:0 configName:key_et_enable token:(null) 
04-30 19:23:39.834 21843 25143 I Unity   : reset iFrame  3 height 1.647108
04-30 19:23:39.834   960  7396 E gd32ipdservice: L1:79 00 00 79 
04-30 19:23:39.834   960  7396 E gd32ipdservice: L1:retry_cnt=3 ret=4 callingUid=0
04-30 19:23:39.834 21843 25143 E DataBuffer: map fd(119) fdSize(36840) getSize(36840) address(0x7425b61000)
04-30 19:23:39.835   960  7396 E gd32ipdservice: L1:a0 10 00 00 00 b0 
04-30 19:23:39.836 21843 21843 W oxr_config: from config service, et  enable 0
04-30 19:23:39.836 21843 21843 W PxrConfigServiceClient:  open getConfigPropertyDirectAccess type:0 configName:key_ft_enable token: 
04-30 19:23:39.838   960  7396 E gd32ipdservice: L1:79 00 00 79 
04-30 19:23:39.838   960  7396 E gd32ipdservice: L1:retry_cnt=3 ret=4 callingUid=0
04-30 19:23:39.840 21843 21843 W oxr_config: from config service, ft  enable 0
04-30 19:23:39.840 21843 21843 E APxrRuntime: session_on_foucus_changed 0 0 
04-30 19:23:39.840 21843 21843 W xrt_session: com.pvr.seethrough.setting, session_on_foucus_changed
04-30 19:23:39.840  1346  1542 I UidCpuTracker: small cpu total = 3870 ; idle = 3230 ; ratio = 16 ; mCpuUsageRatio = 15
04-30 19:23:39.840  1346  1542 I UidCpuTracker: larger cpu total = 2962 ; idle = 2500 ; ratio = 15 ; mCpuUsageRatio = 15
04-30 19:23:39.840  1346  1542 I UidCpuTracker: super cpu total = 977 ; idle = 847 ; ratio = 13 ; mCpuUsageRatio = 15
04-30 19:23:39.841  2067  2389 E APxrRuntime: oxr_session_poll XRT_COMPOSITOR_EVENT_MAIN_SESSION_PACKAGE_CHANGE event, display_state: LOADING, package_name: com.pvr.seethrough.setting
04-30 19:23:39.841  2067  2389 I XRShell-Native: XR_TYPE_EVENT_DATA_MAIN_SESSION_PACKAGE_CHANGED_PICO, packageName is com.pvr.seethrough.setting, displayState is 0
04-30 19:23:39.843  1346  2013 W ApiLayer: showing3dApp [com.pvr.seethrough.setting], xrRuntimeState [0]
04-30 19:23:39.844 21843 25143 I Unity   : reset iFrame  4 height 1.646891
04-30 19:23:39.859 17875 25002 E MRService:: xrBSetSeethroughBackground,in_user = com.pvr.seethrough.setting,in_value = 1
04-30 19:23:39.859 17875 25002 E MRService:: track_behavior: xrBSetSeethroughBackground,in_value = 1
04-30 19:23:39.860  2143 25077 E Guardian:: xrBShutdownGuardianSystem,in_user = com.pvr.seethrough.setting
04-30 19:23:39.860  2143 25077 E Guardian:: is system app
04-30 19:23:39.866  2143  2680 E Guardian:: GuardianSystem::Boundary is be colsed : 1,0,0
04-30 19:23:39.866  2143  2680 E APxrRuntime: oxr_session_poll:XR_TYPE_EVENT_DATA_MAIN_SESSION_VISIBILITY_CHANGED_EXTT-------:1
04-30 19:23:39.866 17875 25002 E MRService:: xrBShutdownGuardianSystem,in_user = com.pvr.seethrough.setting
04-30 19:23:39.866 17875 25002 E MRService:: is system app
04-30 19:23:39.867 21843 25143 I Unity   : reset iFrame  5 height 1.646821
04-30 19:23:39.872   968   968 I pxrhmdservice : Set Thread Priority: tid=25143, policy=1073741825, priority=9
04-30 19:23:39.872  1893  2734 I pxrhmdservice : Call <setThreadPriority> - pvrserviceclient=0x7439335340.
04-30 19:23:39.872  1893  2734 W PxrCompositor: cpu Set thread priority 9 for tid 25143
04-30 19:23:39.874 21843 21843 I SeethroughSetting: Keep runing WatchDog
04-30 19:23:39.973  1893 25226 I PxrNotificationClient: sendPxrNotification,action:teatracker_event_action id:0,value1:loading_time value2:0,ext:{"key_app_id":"416094","app_name":"com.pvr.seethrough.setting","ticks":4}
04-30 19:23:39.974  1897  7484 I PxrNotificationService: sendPxrMessage callingPid:1893 action teatracker_event_action ,value1:loading_time ,value2:0 ,ext:{"key_app_id":"416094","app_name":"com.pvr.seethrough.setting","ticks":4} ,mPvrCallbacks.size():15
04-30 19:23:39.976  1893  2867 E PxrCompositor: ATW_CPU left eye cpu cost abnormal, cost 3.632177ms, Affinity: 1
04-30 19:23:39.980  2067  2389 E APxrRuntime: oxr_session_poll XRT_COMPOSITOR_EVENT_MAIN_SESSION_PACKAGE_CHANGE event, display_state: APPLICATION, package_name: com.pvr.seethrough.setting
04-30 19:23:39.981  2067  2389 I XRShell-Native: XR_TYPE_EVENT_DATA_MAIN_SESSION_PACKAGE_CHANGED_PICO, packageName is com.pvr.seethrough.setting, displayState is 6
04-30 19:23:39.981  1346  2013 W ApiLayer: showing3dApp [com.pvr.seethrough.setting], xrRuntimeState [6]
04-30 19:23:40.104 17875 25018 E MRService:: mr render fps = 36
04-30 19:23:40.149   964  2703 I SENSOR  : BODYPOSE version: 1.0.0.47 
04-30 19:23:40.149   964  2703 I SENSOR  : Centuar_Services: 20250903A_For_Centuar  SENSOR  
04-30 19:23:40.149   964  2703 W SENSOR  : Swift_file_no_exists, /data/syslog/monitor/fatal/A_Davinci_mvp_log.txt
04-30 19:23:40.149   964  2703 I SENSOR  : PClog_StatusInfo:545647.197985,Static:41,OutDoor:0,BrightNessCam3:4.046693,Frq:50.000000,pid:964,cpu:1,creatbodyflag:1,0,trackstatus:1,0TrackingMode:1,m_head_Linecnt:200, HeadDatatype:1
04-30 19:23:40.149   964  2703 I SENSOR  : PClog_TimeStatus:545647.197985,all:4.992708,init:2.326719,0.000000,pred:0.605313,0.000000,update:4.096406,0.000000,p5p:5.146719,0.000000,p5plist:4.442709,0.000000,brute:0.691302,0.000000,reinit:0.000000,0.000000
04-30 19:23:40.221   964 25043 I SENSOR  : PClog_interface_get_leftimu
04-30 19:23:40.261   971  2684 I PxrMRService: [###:673]: statistics - mono_status=[0] rgb_status=[0] mr_mode=[1] mr_auto_capture=[0] total_cnt=[2966]
04-30 19:23:40.286   973   973 I PxrConfigServiceClient: PROPERTY String8(property).string():{"CFG_VER":"1.0","CFG_HASH_ALG":"sha256","OUT_DIR":"\/mnt\/vendor\/pvr\/firmwareupdate\/asset_100004009_20260410","BASE_FW_DIR_CONTROLLER":"\/system\/etc\/ctlbin","BASE_FW_DIR_TRACKER":"\/system\/etc\/trackerbin","UPDATED_FW_DIR_CONTROLLER":"\/mnt\/vendor\/pvr\/firmwareupdate\/asset_100004009_20260410\/controller","FW_HASH_SparrowCtrl_sv1.36_PR_tv01_20241012_b136_app.bin":"ebe7333af3d6b25fcccd86afbfe7b3d816e0e5e7f6dc4819f722ba3a6b9f3bd1"} =======443
04-30 19:23:40.373   964 25046 I PvrTrackingService: ExposurePredict, detection end, takes 2764.514732 ms, ret 2
04-30 19:23:40.374   960  7396 E gd32ipdservice: L1:a0 06 00 00 00 a6 
04-30 19:23:40.376   964 25043 I SENSOR  : BODYPOSE version: 1.0.0.47 
04-30 19:23:40.377   964 25043 I SENSOR  : Centuar_Services: 20250903A_For_Centuar  SENSOR  
04-30 19:23:40.377   964 25043 I SENSOR  : PCLog_IMU_Data_0: 545647.433210,0.163841,0.838031,0.318635,10.159938,-1.094210,-0.981905,10.265757,26.690821,Trackingmode:1
04-30 19:23:40.377   960  7396 E gd32ipdservice: L1:79 3f 00 46 
04-30 19:23:40.377   960  7396 E gd32ipdservice: L1:retry_cnt=3 ret=4 callingUid=0
04-30 19:23:40.385   964 24974 I PICO_SLAM: Monitor s [1,1,512,10,0] o [0.999009,-0.024931,-0.036787,0.001818,0.006818,0.027337] c [5,0] u [3,1.682908] i [227,78,324,288]
04-30 19:23:40.396 17875 25018 E NDK-CAMERA: [DoUpdate][185]: get rgb_image_buffer failed 3 times in 1s
04-30 19:23:40.406   964 25043 I PvrTrackingService: hand:left controller imu data loss rate 0.00%
04-30 19:23:40.419 21843 25143 I Unity   : seethroughsetting---UI---SyncHeadRotation---(0.00230, -0.02348, 0.03584, -0.99908)
04-30 19:23:40.420 21843 25143 I Unity   : seethroughsetting---Environment---getIsBDevice---False
04-30 19:23:40.422 21843 25143 E SafetyArea: GSA Version 0.2.3
04-30 19:23:40.422 21843 25143 E SafetyArea: GSAInit Start!
04-30 19:23:40.422 21843 25143 E SafetyArea: GSAInit width: 1000, height: 1000
04-30 19:23:40.422 21843 25143 E SafetyArea: CP: Constructor !
04-30 19:23:40.422 21843 25143 E SafetyArea: GSAInit new g_CP success!
04-30 19:23:40.423 21843 25143 E SafetyArea: Read ConfigFile Failed, path: /sdcard/GSA_AlgConfig.yml
04-30 19:23:40.423 21843 25143 E SafetyArea: GSAInit End!
04-30 19:23:40.423 21843 25143 E Unity   : BoundarySystem ret:0_width:10_height:10
04-30 19:23:40.423 21843 25143 E Unity   : BoundarySystem_Ext.Pvr_SafeAreaAlgoModule:Start(Int32, Int32)
04-30 19:23:40.423 21843 25143 E Unity   : PaintLR:InitPaintBoundaryArea(Int32, Int32)
04-30 19:23:40.423 21843 25143 E Unity   : <LoadCrtpanel>d__13:MoveNext()
04-30 19:23:40.423 21843 25143 E Unity   : UnityEngine.SetupCoroutine:InvokeMoveNext(IEnumerator, IntPtr)
04-30 19:23:40.423 21843 25143 E Unity   : Main:Update()
04-30 19:23:40.423 21843 25143 E Unity   : 
04-30 19:23:40.423 21843 25143 I Unity   : StartPaint:BoundarySystem_Ext.Pvr_SafeAreaAlgoModule+BoundarySystemCallback BoundarySystem_Ext.Pvr_SafeAreaAlgoModule+BoundarySystemCallbackShrink
04-30 19:23:40.426 21843 25227 E SafetyArea: GSARun Thread !
04-30 19:23:40.527   968  2655 I pxrhmdservice : Call <getCommonDataThread> - boot_completed=[1] ------------------------
04-30 19:23:40.529  4531 19199 I ByteCast: cybergarageDevice:deviceSearchResponse, ssdpPacket:/192.168.1.42 ssdpST urn:dial-multiscreen-org:service:dial:1
04-30 19:23:40.535  4531 19199 I ByteCast: cybergarageDevice:deviceSearchResponse, ssdpPacket:/192.168.1.42 ssdpST urn:dial-multiscreen-org:service:dial:1
04-30 19:23:40.825   654   716 W ServiceManagement: Waited one second for vendor.qti.hardware.radio.uim_remote_client@1.0::IUimRemoteServiceClient/uimRemoteClient0
04-30 19:23:40.825 21843 25143 W APxrRuntime: PXRSDK_PM ENGINE FPS: 72, 13279965607172
04-30 19:23:40.826   654   716 I ServiceManagement: getService: Trying again for vendor.qti.hardware.radio.uim_remote_client@1.0::IUimRemoteServiceClient/uimRemoteClient0...
04-30 19:23:40.830 21843 25185 I PxrMetric: FPS=0/72,MTP=39.54ms,AppSW=off,FrmEarly=1,FrmLate=1,FrmCpu=1.82ms,FrmGpu=4.42ms,FrmTime=7.27ms,ATWGPU=2.69ms,VsyncDelay=1,GPU=45%/441Mhz,GPUTemp=57.9C,LayerCnt=4,Pkg=com.pvr.seethrough.setting,FrmId=73
04-30 19:23:40.875 21843 21843 I SeethroughSetting: Keep runing WatchDog
04-30 19:23:40.980 21843 25143 W Unity   : Parent of RectTransform is being set with parent property. Consider using the SetParent method instead, with the worldPositionStays argument set to false. This will retain local orientation and scale rather than world orientation and scale, which can prevent common UI scaling issues.
04-30 19:23:40.982 21843 25143 I Unity   : seethroughsetting---Camera Offset---HideLine_curControllerModel:---LeftControllerTracking
04-30 19:23:40.988 21843 25143 I Unity   : seethroughsetting---UI---InitView----1
04-30 19:23:40.988 21843 25143 I Unity   : seethroughsetting---UI---ShowSelect type=---0
04-30 19:23:40.997 21843 25148 I TeaLog  : TeaHandler onInit...
04-30 19:23:40.998 21843 25143 I PxrPlugin: ctrltype plugin:  getControllerType 2270 xrGetCurrentInteractionProfile ret = 0 Path  /interaction_profiles/bytedance/pico4_controller
04-30 19:23:41.021 21843 25143 I Unity   : seethroughsetting---Camera Offset---HideLine_curControllerModel:---LeftControllerTracking
04-30 19:23:41.021 21843 25143 I Unity   : seethroughsetting---LoadingView---LoadingView Show---Result:-1
04-30 19:23:41.023 21843 25143 I TrackingClient: [onFirstRef]
04-30 19:23:41.024 21843 25143 I TrackingClient: mLoglevel 0
04-30 19:23:41.024   964  2989 I PvrTrackingService: AddServiceListener: Add listener 0x7cb9384e00, 21843
04-30 19:23:41.025 21843 25143 I TrackingClient: mmap success, 514016 size
04-30 19:23:41.025 21843 25143 I TrackingClient: setShareMemoryFD 135
04-30 19:23:41.025 21843 25143 I TrackingClient: initializeShareMemory start
04-30 19:23:41.025 21843 25143 E DataBuffer: map fd(136) fdSize(14920) getSize(14920) address(0x7425b3a000)
04-30 19:23:41.025 21843 25143 E DataBuffer: map fd(137) fdSize(14920) getSize(14920) address(0x7425a44000)
04-30 19:23:41.025 21843 25143 E DataBuffer: map fd(138) fdSize(14920) getSize(14920) address(0x7425a40000)
04-30 19:23:41.025 21843 25143 I TrackingClient: initializeShareMemory, fake pose mode 0
04-30 19:23:41.025 21843 25143 E DataBuffer: map fd(139) fdSize(1880) getSize(1880) address(0x74429f3000)
04-30 19:23:41.025 21843 25143 E DataBuffer: map fd(141) fdSize(3720) getSize(3720) address(0x74386f2000)
04-30 19:23:41.025 21843 25143 I TrackingClient: initializeShareMemory end
04-30 19:23:41.026   964  1452 I PvrTrackingService: [SetNotifyStatus], type 9, status 1
04-30 19:23:41.026 21843 25143 E TrackingClient: getSwiftTrackerExtDevInfo: cant do operation in tracker Mode: 0
04-30 19:23:41.026 21843 25143 E TrackingClient: wzl updateTrackerExtDevStatus: faild!
04-30 19:23:41.026 21843 25143 I Unity   : seethroughsetting---ViewManager---push---LoadingView
04-30 19:23:41.027 21843 25143 I Unity   : seethroughsetting---LoadingView---CountTime---8
04-30 19:23:41.066 21843 25143 I Unity   : seethroughsetting---CtrPanel(Clone)---SetLayoutVertical---(416.00, 85.00)
04-30 19:23:41.107 17875 25018 E MRService:: mr render fps = 72
04-30 19:23:41.147 21843 25143 I Unity   : seethroughsetting---LoadingView---DistinguishResult---10 iType:
04-30 19:23:41.148 21843 25143 E Unity   : seethroughsetting---LoadingView---ShowSafetyGuadianDialog---System.Action
04-30 19:23:41.148 21843 25143 E Unity   : LoadingView:ShowSafetyGuadianDialog(Action)
04-30 19:23:41.148 21843 25143 E Unity   : 
04-30 19:23:41.148 21843 25143 I Unity   : seethroughsetting---Camera Offset---HideLine_curControllerModel:---LeftControllerTracking
04-30 19:23:41.148 21843 25143 I Unity   : seethroughsetting---UI---SyncHeadRotation---(-0.04050, 0.00994, 0.02296, -0.99887)
04-30 19:23:41.148 21843 25143 I Unity   : HideView
04-30 19:23:41.148 21843 25143 I Unity   : seethroughsetting---Camera Offset---HideLine_curControllerModel:---LeftControllerTracking
04-30 19:23:41.148 21843 25143 I Unity   : seethroughsetting---UI---SyncHeadRotation---(-0.04050, 0.00994, 0.02296, -0.99887)
04-30 19:23:41.149 21843 25143 I Unity   : seethroughsetting---LoadingView---ShowResult---Distinguish Data is ok, just show
04-30 19:23:41.149 21843 25143 I Unity   : seethroughsetting---ReadWallData---Ground Height----1.682907
04-30 19:23:41.149 21843 25143 I SeethroughSetting: stopGetResultArea
04-30 19:23:41.149 21843 25143 W Unity   : MessageAggregatorHandlerMessage_Error2005_System.Int32[]
04-30 19:23:41.150 21843 25143 I PxrPlugin: ctrltype plugin:  getControllerType 2270 xrGetCurrentInteractionProfile ret = 0 Path  /interaction_profiles/bytedance/pico4_controller
04-30 19:23:41.152 21843 25143 I Unity   : seethroughsetting---UI---ShowSelect type=---0
04-30 19:23:41.152 21843 25143 I Unity   : seethroughsetting---Wall---CreatCircle---(0.9, -1.6829, 0)
04-30 19:23:41.153 21843 25143 I Unity   : seethroughsetting---ViewManager---push---DistinguishLocalOK 
04-30 19:23:41.153 21843 25143 I Unity   : seethroughsetting---LoadingView---ShowResult---10---True---0
04-30 19:23:41.167 21843 25143 I Unity   : seethroughsetting---Content---InitPragraph---2
04-30 19:23:41.261   971  2684 I PxrMRService: [###:673]: statistics - mono_status=[0] rgb_status=[0] mr_mode=[1] mr_auto_capture=[0] total_cnt=[2967]
04-30 19:23:41.302   973   973 I PxrConfigServiceClient: PROPERTY String8(property).string():{"CFG_VER":"1.0","CFG_HASH_ALG":"sha256","OUT_DIR":"\/mnt\/vendor\/pvr\/firmwareupdate\/asset_100004009_20260410","BASE_FW_DIR_CONTROLLER":"\/system\/etc\/ctlbin","BASE_FW_DIR_TRACKER":"\/system\/etc\/trackerbin","UPDATED_FW_DIR_CONTROLLER":"\/mnt\/vendor\/pvr\/firmwareupdate\/asset_100004009_20260410\/controller","FW_HASH_SparrowCtrl_sv1.36_PR_tv01_20241012_b136_app.bin":"ebe7333af3d6b25fcccd86afbfe7b3d816e0e5e7f6dc4819f722ba3a6b9f3bd1"} =======443
04-30 19:23:41.340 21843 25143 W Unity   : Cannot Play a disabled VideoPlayer
04-30 19:23:41.348   964  2703 I SENSOR  : BODYPOSE version: 1.0.0.47 
04-30 19:23:41.349   964  2703 I SENSOR  : Centuar_Services: 20250903A_For_Centuar  SENSOR  
04-30 19:23:41.349   964  2703 W SENSOR  : Swift_file_no_exists, /data/syslog/monitor/fatal/A_Davinci_mvp_log.txt
04-30 19:23:41.349   964  2703 I SENSOR  : PClog_StatusInfo:545648.397975,Static:41,OutDoor:0,BrightNessCam3:4.002265,Frq:50.000000,pid:964,cpu:2,creatbodyflag:1,0,trackstatus:1,0TrackingMode:1,m_head_Linecnt:200, HeadDatatype:1
04-30 19:23:41.349   964  2703 I SENSOR  : PClog_TimeStatus:545648.397975,all:3.718490,init:2.326719,0.000000,pred:0.131615,0.000000,update:3.493385,0.000000,p5p:5.146719,0.000000,p5plist:4.442709,0.000000,brute:0.691302,0.000000,reinit:0.000000,0.000000
04-30 19:23:41.374   964 25043 I PvrTrackingService: logDebugControllerPose,left confidence 1, pose1 -0.969576,-0.146967,0.155614,-0.118772,-124.380693,-214.504331,-110.463239,pose2 -0.969576,-0.146967,0.155614,-0.118772,-128.252404,-233.200024,-111.160801
04-30 19:23:41.385  1369  5759 I PVRMediaExtractorFactory: ffmpeg probe failed, then will try qcom parser
04-30 19:23:41.385  1369  5759 W RefBase : CallStack::getCurrentInternal not linked, returning null
04-30 19:23:41.385  1369  5759 W RefBase : CallStack::logStackInternal not linked
04-30 19:23:41.385  1369  5759 I MMParserExtractor: Created(0x769b8c86c0)
04-30 19:23:41.390  1372  1372 W PxrEventUploader: file_type: video/mp4
04-30 19:23:41.390  1372  1372 W PxrEventUploader: video_encode_type: video/avc
04-30 19:23:41.390  1372  1372 W PxrEventUploader: audio_encode_type: audio/mp4a-latm
04-30 19:23:41.390  1372  1372 I PxrNotificationClient: sendPxrNotification,action:teatracker_event_action id:0,value1:media_extractor_start value2:0,ext:{"audio_encode_type":"audio/mp4a-latm","audio_track_count":1,"caller_package_name":"media.extractor","file_type":"video/mp4","metrics_session_id":341,"subtitle_track_count":0,"video_encode_type":"video/avc"}
04-30 19:23:41.390  1897  7484 E PxrNotificationUtils: non system uid checkSendPxrMessagePermissionWithAction:teatracker_event_action permission granted.
04-30 19:23:41.391  1897  7484 I PxrNotificationService: sendPxrMessage callingPid:1372 action teatracker_event_action ,value1:media_extractor_start ,value2:0 ,ext:{"audio_encode_type":"audio/mp4a-latm","audio_track_count":1,"caller_package_name":"media.extractor","file_type":"video/mp4","metrics_session_id":341,"subtitle_track_count":0,"video_encode_type":"video/avc"} ,mPvrCallbacks.size():15
04-30 19:23:41.391  1372  1372 W SceneManagerHelper: submitMediaItemToSceneManager: discrad invailed keyEvent: media_extractor_start
04-30 19:23:41.391  1372  1372 W PxrMediaAnalyticsService: submitMediaItemToSceneManager fail
04-30 19:23:41.391  1372  1372 W PerformanceTrackerHelper: submitMediaItemToProtoBuffer_l: null value for kEventCodecUseSurface
04-30 19:23:41.391  1372  1372 W PxrMediaAnalyticsService: submitMediaItemToProtoBuffer fail
04-30 19:23:41.397 21843 25231 I OMXClient: IOmx service obtained
04-30 19:23:41.397  1380 20289 I OMXMaster: makeComponentInstance(OMX.qcom.video.decoder.avc) in android.hardwar process
04-30 19:23:41.397  1380 20289 E         : Service not available yet
04-30 19:23:41.399  1380 20289 I OMX-VDEC-1080P: init
04-30 19:23:41.404  1380 20289 I OMX-VDEC-1080P: omx_vdec::component_init() success : OMX.qcom.video.decoder.avc fd=10
04-30 19:23:41.405  1380 20289 E OMX-VDEC-1080P: Extension: OMX.google.android.index.useAndroidNativeBuffer is supported
04-30 19:23:41.405  1380 20289 E OMX-VDEC-1080P: get_parameter: unknown param 0x7f000046
04-30 19:23:41.405  1380 20289 E OMXNodeInstance: getParameter(0xdfe5c584:qcom.decoder.avc, ??(0x7f000046)) ERROR: UnsupportedIndex(0x8000101a)
04-30 19:23:41.405 21843 25231 I ExtendedACodec: setupVideoDecoder()
04-30 19:23:41.406  1380 20289 I OMX-VDEC-1080P: C2D: Set Resolution, Interlace(false) Conversion(0XB -> 0X3) src(1280X720) dest(1280X720)
04-30 19:23:41.408  1380  1690 I C2DColorConvert: getDummySurfaceDef: half stride for Cb Cr planes 
04-30 19:23:41.408 21843 25231 I ExtendedACodec: Decoder will be in frame by frame mode
04-30 19:23:41.408  1380 20289 E OMX-VDEC-1080P: Setparameter: unknown param 2130706434
04-30 19:23:41.408  1380 20289 E OMX-VDEC-1080P: set_parameter: Error: 0x8000101a, setting param 0x7f000002
04-30 19:23:41.408  1380 20289 E OMXNodeInstance: setParameter(0xdfe5c584:qcom.decoder.avc, ??(0x7f000002)) ERROR: UnsupportedIndex(0x8000101a)
04-30 19:23:41.408 21843 25231 W ExtendedACodec: Failed to set frame packing format on component
04-30 19:23:41.410  1380 20289 E OMXNodeInstance: getParameter(0xdfe5c584:qcom.decoder.avc, ??(0x7f000044)) ERROR: UnsupportedSetting(0x80001019)
04-30 19:23:41.415  1372  1372 W PxrEventUploader: codec_name: OMX.qcom.video.decoder.avc
04-30 19:23:41.415  1372  1372 I PxrNotificationClient: sendPxrNotification,action:teatracker_event_action id:0,value1:media_codec_configure value2:0,ext:{"caller_package_name":"com.pvr.seethrough.setting","codec_name":"OMX.qcom.video.decoder.avc","frame_rate":25,"is_protected":0,"low_latency_mode":0,"metrics_session_id":342,"rotation_degrees":0,"video_height":720,"video_width":1280}
04-30 19:23:41.415  1897  7484 E PxrNotificationUtils: non system uid checkSendPxrMessagePermissionWithAction:teatracker_event_action permission granted.
04-30 19:23:41.416  1897  7484 I PxrNotificationService: sendPxrMessage callingPid:1372 action teatracker_event_action ,value1:media_codec_configure ,value2:0 ,ext:{"caller_package_name":"com.pvr.seethrough.setting","codec_name":"OMX.qcom.video.decoder.avc","frame_rate":25,"is_protected":0,"low_latency_mode":0,"metrics_session_id":342,"rotation_degrees":0,"video_height":720,"video_width":1280} ,mPvrCallbacks.size():15
04-30 19:23:41.416  1372  1372 W SceneManagerHelper: submitMediaItemToSceneManager: discrad invailed keyEvent: media_codec_configure
04-30 19:23:41.416  1372  1372 W PxrMediaAnalyticsService: submitMediaItemToSceneManager fail
04-30 19:23:41.416  1372  1372 W PerformanceTrackerHelper: submitMediaItemToProtoBuffer_l: null value for kEventCodecUseSurface
04-30 19:23:41.416  1372  1372 W PxrMediaAnalyticsService: submitMediaItemToProtoBuffer fail
04-30 19:23:41.442 21843 25236 I OMXClient: IOmx service obtained
04-30 19:23:41.442  1380 20289 I OMXMaster: makeComponentInstance(OMX.google.aac.decoder) in android.hardwar process
04-30 19:23:41.445  1380 20289 E OMXNodeInstance: getConfig(0xeec20a40:google.aac.decoder, ConfigAndroidVendorExtension(0x6f100004)) ERROR: Undefined(0x80001001)
04-30 19:23:41.445 21843 25236 W ExtendedACodec: Failed to get extension for extradata parameter
04-30 19:23:41.446  1372  1372 W PxrEventUploader: codec_name: OMX.google.aac.decoder
04-30 19:23:41.446  1372  1372 I PxrNotificationClient: sendPxrNotification,action:teatracker_event_action id:0,value1:media_codec_configure value2:0,ext:{"caller_package_name":"com.pvr.seethrough.setting","channel_count":2,"codec_name":"OMX.google.aac.decoder","is_protected":0,"low_latency_mode":0,"metrics_session_id":343,"sample_rate":48000}
04-30 19:23:41.446  1897  7484 E PxrNotificationUtils: non system uid checkSendPxrMessagePermissionWithAction:teatracker_event_action permission granted.
04-30 19:23:41.447  1897  7484 I PxrNotificationService: sendPxrMessage callingPid:1372 action teatracker_event_action ,value1:media_codec_configure ,value2:0 ,ext:{"caller_package_name":"com.pvr.seethrough.setting","channel_count":2,"codec_name":"OMX.google.aac.decoder","is_protected":0,"low_latency_mode":0,"metrics_session_id":343,"sample_rate":48000} ,mPvrCallbacks.size():15
04-30 19:23:41.448  1372  1372 W SceneManagerHelper: submitMediaItemToSceneManager: discrad invailed keyEvent: media_codec_configure
04-30 19:23:41.448  1372  1372 W PxrMediaAnalyticsService: submitMediaItemToSceneManager fail
04-30 19:23:41.448  1372  1372 W PerformanceTrackerHelper: submitMediaItemToProtoBuffer_l: null value for kEventCodecUseSurface
04-30 19:23:41.448  1372  1372 W PxrMediaAnalyticsService: submitMediaItemToProtoBuffer fail
04-30 19:23:41.453  4531 19199 I ByteCast: cybergarageDevice:deviceSearchResponse, ssdpPacket:/192.168.1.42 ssdpST urn:dial-multiscreen-org:service:dial:1
04-30 19:23:41.466  1380 25237 I SoftAAC2: Reconfiguring decoder: 0->48000 Hz, 0->2 channels
04-30 19:23:41.468  1380 19793 E OMXNodeInstance: getParameter(0xdfe5c584:qcom.decoder.avc, ??(0x7f000044)) ERROR: UnsupportedSetting(0x80001019)
04-30 19:23:41.471  1380 25233 I OMX-VDEC-1080P: reset
04-30 19:23:41.510  1380 25233 I OMX-VDEC-1080P: C2D: Start color convertion
04-30 19:23:41.513  1380 25233 W C2DColorConvert: calcLumaAlign: unknown format (3) passed for luma alignment number.
04-30 19:23:41.513  1380 22424 E OMXNodeInstance: getParameter(0xdfe5c584:qcom.decoder.avc, ??(0x7f000044)) ERROR: UnsupportedSetting(0x80001019)
04-30 19:23:41.515  1380 25233 I OMX-VDEC-1080P: C2D: Start color convertion
04-30 19:23:41.516  1380 25233 W C2DColorConvert: calcLumaAlign: unknown format (3) passed for luma alignment number.
04-30 19:23:41.516  1380 25233 I OMX-VDEC-1080P: C2D: Start color convertion
04-30 19:23:41.517  1372  1372 W PxrMediaAnalyticsService: submitMediaItemToTeaTracker fail
04-30 19:23:41.517  1372  1372 W SceneManagerHelper: submitMediaItemToSceneManager: null value for kEventCodecRenderFrameRate
04-30 19:23:41.517  1372  1372 W SceneManagerHelper: submitMediaItemToSceneManager: null value for kEventCodecVideoVRType
04-30 19:23:41.518  1372  1372 E SceneManagerHelper: submitMediaItemToSceneManager: null value for kEventCodecBufferQueueName
04-30 19:23:41.518  1372  1372 W PxrMediaAnalyticsService: submitMediaItemToSceneManager fail
04-30 19:23:41.518  1372  1372 W PerformanceTrackerHelper: submitMediaItemToProtoBuffer_l: null value for kEventCodecUseSurface
04-30 19:23:41.518  1372  1372 W PxrMediaAnalyticsService: submitMediaItemToProtoBuffer fail
04-30 19:23:41.519  1380 25233 W C2DColorConvert: calcLumaAlign: unknown format (3) passed for luma alignment number.
04-30 19:23:41.520  1380 25233 I OMX-VDEC-1080P: C2D: Start color convertion
04-30 19:23:41.522  1380 25233 W C2DColorConvert: calcLumaAlign: unknown format (3) passed for luma alignment number.
04-30 19:23:41.522  1380 25233 I OMX-VDEC-1080P: C2D: Start color convertion
04-30 19:23:41.527  1380 25233 W C2DColorConvert: calcLumaAlign: unknown format (3) passed for luma alignment number.
04-30 19:23:41.527  1380 25233 I OMX-VDEC-1080P: C2D: Start color convertion
04-30 19:23:41.527   968  2655 I pxrhmdservice : Call <getCommonDataThread> - boot_completed=[1] ------------------------
04-30 19:23:41.528  1380 25233 W C2DColorConvert: calcLumaAlign: unknown format (3) passed for luma alignment number.
04-30 19:23:41.528  1380 25233 I OMX-VDEC-1080P: C2D: Start color convertion
04-30 19:23:41.528  1380 25233 W C2DColorConvert: calcLumaAlign: unknown format (3) passed for luma alignment number.
04-30 19:23:41.529  1380 25233 I OMX-VDEC-1080P: C2D: Start color convertion
04-30 19:23:41.529  1372  1372 W PxrEventUploader: codec_name: OMX.google.aac.decoder
04-30 19:23:41.529  1372  1372 I PxrNotificationClient: sendPxrNotification,action:teatracker_event_action id:0,value1:media_codec_codec_stop value2:0,ext:{"caller_package_name":"com.pvr.seethrough.setting","channel_count":2,"codec_name":"OMX.google.aac.decoder","is_protected":0,"low_latency_mode":0,"metrics_session_id":343,"sample_rate":48000}
04-30 19:23:41.529  1380 25233 W C2DColorConvert: calcLumaAlign: unknown format (3) passed for luma alignment number.
04-30 19:23:41.529  1380 25233 I OMX-VDEC-1080P: C2D: Start color convertion
04-30 19:23:41.530  1380 25233 W C2DColorConvert: calcLumaAlign: unknown format (3) passed for luma alignment number.
04-30 19:23:41.530  1380 25233 I OMX-VDEC-1080P: C2D: Start color convertion
04-30 19:23:41.532  1380 25233 W C2DColorConvert: calcLumaAlign: unknown format (3) passed for luma alignment number.
04-30 19:23:41.532  1380 25233 I OMX-VDEC-1080P: C2D: Start color convertion
04-30 19:23:41.535  1380 25233 W C2DColorConvert: calcLumaAlign: unknown format (3) passed for luma alignment number.
04-30 19:23:41.535  1380 25233 I OMX-VDEC-1080P: C2D: Start color convertion
04-30 19:23:41.535  1897  7484 E PxrNotificationUtils: non system uid checkSendPxrMessagePermissionWithAction:teatracker_event_action permission granted.
04-30 19:23:41.536  1897  7484 I PxrNotificationService: sendPxrMessage callingPid:1372 action teatracker_event_action ,value1:media_codec_codec_stop ,value2:0 ,ext:{"caller_package_name":"com.pvr.seethrough.setting","channel_count":2,"codec_name":"OMX.google.aac.decoder","is_protected":0,"low_latency_mode":0,"metrics_session_id":343,"sample_rate":48000} ,mPvrCallbacks.size():15
04-30 19:23:41.536  1372  1372 W SceneManagerHelper: submitMediaItemToSceneManager: null value for kEventCodecWidth
04-30 19:23:41.536  1372  1372 W SceneManagerHelper: submitMediaItemToSceneManager: null value for kEventCodecHeight
04-30 19:23:41.536  1372  1372 W SceneManagerHelper: submitMediaItemToSceneManager: null value for kEventCodecRenderFrameRate
04-30 19:23:41.536  1372  1372 W SceneManagerHelper: submitMediaItemToSceneManager: null value for kEventCodecVideoVRType
04-30 19:23:41.536  1372  1372 E SceneManagerHelper: submitMediaItemToSceneManager: null value for kEventCodecBufferQueueName
04-30 19:23:41.536  1372  1372 W PxrMediaAnalyticsService: submitMediaItemToSceneManager fail
04-30 19:23:41.536  1372  1372 W PerformanceTrackerHelper: submitMediaItemToProtoBuffer_l: null value for kEventCodecUseSurface
04-30 19:23:41.536  1372  1372 W PxrMediaAnalyticsService: submitMediaItemToProtoBuffer fail
04-30 19:23:41.537  1380 25233 W C2DColorConvert: calcLumaAlign: unknown format (3) passed for luma alignment number.
04-30 19:23:41.589  1380 22424 I OMX-VDEC-1080P: deinit
04-30 19:23:41.589  1380 22424 I OMX-VDEC-1080P: omx_vdec::component_deinit() complete
04-30 19:23:41.595  1372  1372 W PxrEventUploader: codec_name: OMX.qcom.video.decoder.avc
