04-20 21:05:30.367 I/PxrConfigServiceClient(  967): PROPERTY String8(property).string():{"CFG_VER":"1.0","CFG_HASH_ALG":"sha256","OUT_DIR":"\/mnt\/vendor\/pvr\/firmwareupdate\/asset_100004009_20260410","BASE_FW_DIR_CONTROLLER":"\/system\/etc\/ctlbin","BASE_FW_DIR_TRACKER":"\/system\/etc\/trackerbin","UPDATED_FW_DIR_CONTROLLER":"\/mnt\/vendor\/pvr\/firmwareupdate\/asset_100004009_20260410\/controller","FW_HASH_SparrowCtrl_sv1.36_PR_tv01_20241012_b136_app.bin":"ebe7333af3d6b25fcccd86afbfe7b3d816e0e5e7f6dc4819f722ba3a6b9f3bd1"} =======443
04-20 21:05:30.368 E/APxrRuntime( 7849): (handTracker == NULL)
04-20 21:05:30.666 I/chatty  ( 7849): uid=1000(system) identical 846 lines
04-20 21:05:30.666 E/APxrRuntime( 7849): (handTracker == NULL)
04-20 21:05:30.667 I/pxrhmdservice (  961): Call <getCommonDataThread> - boot_completed=[1] ------------------------
04-20 21:05:30.668 E/APxrRuntime( 7849): (handTracker == NULL)
04-20 21:05:30.915 I/chatty  ( 7849): uid=1000(system) identical 774 lines
04-20 21:05:30.915 E/APxrRuntime( 7849): (handTracker == NULL)
04-20 21:05:30.915 I/[DA]    ( 2136): : update field = false
04-20 21:05:30.917 E/APxrRuntime( 7849): (handTracker == NULL)
04-20 21:05:31.020 I/chatty  ( 7849): uid=1000(system) identical 246 lines
04-20 21:05:31.020 E/APxrRuntime( 7849): (handTracker == NULL)
04-20 21:05:31.022 W/ServiceManagement(  651): Waited one second for vendor.qti.hardware.radio.uim_remote_client@1.0::IUimRemoteServiceClient/uimRemoteClient0
04-20 21:05:31.022 I/ServiceManagement(  651): getService: Trying again for vendor.qti.hardware.radio.uim_remote_client@1.0::IUimRemoteServiceClient/uimRemoteClient0...
04-20 21:05:31.023 E/APxrRuntime( 7849): (handTracker == NULL)
04-20 21:05:31.059 I/chatty  ( 7849): uid=1000(system) identical 126 lines
04-20 21:05:31.059 E/APxrRuntime( 7849): (handTracker == NULL)
04-20 21:05:31.061 I/MediaCodec( 7849): kWhatCodecPerformanceNotify, fps: 25, avgLatencyMs: -1
04-20 21:05:31.061 E/APxrRuntime( 7849): (handTracker == NULL)
04-20 21:05:31.191 I/chatty  ( 7849): uid=1000(system) identical 427 lines
04-20 21:05:31.191 E/APxrRuntime( 7849): (handTracker == NULL)
04-20 21:05:31.191 E/gd32ipdservice(  948): L1:AddServiceListener: Add listener 0x743f5014c0, 1
04-20 21:05:31.191 E/APxrRuntime( 7849): (handTracker == NULL)
04-20 21:05:31.191 I/chatty  ( 7849): uid=1000(system) identical 1 line
04-20 21:05:31.191 E/APxrRuntime( 7849): (handTracker == NULL)
04-20 21:05:31.191 E/gd32ipdservice(  948): L1:a0 0f 00 00 00 af 
04-20 21:05:31.191 E/gd32ipdservice(  948): L1:uart_open = 9
04-20 21:05:31.193 E/APxrRuntime( 7849): (handTracker == NULL)
04-20 21:05:31.198 I/chatty  ( 7849): uid=1000(system) identical 22 lines
04-20 21:05:31.198 E/APxrRuntime( 7849): (handTracker == NULL)
04-20 21:05:31.199 E/gd32ipdservice(  948): L1:Uart_Close fd 9
04-20 21:05:31.199 E/gd32ipdservice(  948): L1:79 00 00 79 
04-20 21:05:31.199 E/gd32ipdservice(  948): L1:retry_cnt=3 ret=4 callingUid=0
04-20 21:05:31.200 E/APxrRuntime( 7849): (handTracker == NULL)
04-20 21:05:31.309 I/chatty  ( 7849): uid=1000(system) identical 344 lines
04-20 21:05:31.309 E/APxrRuntime( 7849): (handTracker == NULL)
04-20 21:05:31.309 I/SeethroughSetting( 7849): Keep runing WatchDog
04-20 21:05:31.309 E/APxrRuntime( 7849): (handTracker == NULL)
04-20 21:05:31.315 I/chatty  ( 7849): uid=1000(system) identical 24 lines
04-20 21:05:31.315 E/APxrRuntime( 7849): (handTracker == NULL)
04-20 21:05:31.315 I/pxrhmdservice (  961): thermal monitor: item[0] - sum:29603600, count:540, avg:54821
04-20 21:05:31.315 I/pxrhmdservice (  961): thermal monitor: Check temp[54821] timer[59]
04-20 21:05:31.315 I/pxrhmdservice (  961): thermal monitor: item[1] - sum:29254000, count:540, avg:54174
04-20 21:05:31.315 E/APxrRuntime( 7849): (handTracker == NULL)
04-20 21:05:31.315 I/pxrhmdservice (  961): thermal monitor: Check temp[54174] timer[59]
04-20 21:05:31.315 I/pxrhmdservice (  961): thermal monitor: item[2] - sum:28601300, count:540, avg:52965
04-20 21:05:31.315 I/pxrhmdservice (  961): thermal monitor: Check temp[52965] timer[59]
04-20 21:05:31.315 E/APxrRuntime( 7849): (handTracker == NULL)
04-20 21:05:31.315 I/pxrhmdservice (  961): thermal monitor: item[3] - sum:28755300, count:540, avg:53250
04-20 21:05:31.315 I/pxrhmdservice (  961): thermal monitor: Check temp[53250] timer[59]
04-20 21:05:31.315 E/APxrRuntime( 7849): (handTracker == NULL)
04-20 21:05:31.315 I/pxrhmdservice (  961): thermal monitor: item[4] - sum:29056700, count:540, avg:53808
04-20 21:05:31.315 I/pxrhmdservice (  961): thermal monitor: Check temp[53808] timer[59]
04-20 21:05:31.315 E/APxrRuntime( 7849): (handTracker == NULL)
04-20 21:05:31.315 I/pxrhmdservice (  961): thermal monitor: item[5] - sum:29557400, count:540, avg:54735
04-20 21:05:31.316 I/pxrhmdservice (  961): thermal monitor: Check temp[54735] timer[59]
04-20 21:05:31.316 I/pxrhmdservice (  961): thermal monitor: item[6] - sum:29583900, count:540, avg:54785
04-20 21:05:31.316 I/pxrhmdservice (  961): thermal monitor: Check temp[54785] timer[59]
04-20 21:05:31.316 I/pxrhmdservice (  961): thermal monitor: item[7] - sum:30390800, count:540, avg:56279
04-20 21:05:31.316 I/pxrhmdservice (  961): thermal monitor: Check temp[56279] timer[59]
04-20 21:05:31.316 I/pxrhmdservice (  961): thermal monitor: item[8] - sum:29130500, count:540, avg:53945
04-20 21:05:31.316 I/pxrhmdservice (  961): thermal monitor: Check temp[53945] timer[59]
04-20 21:05:31.316 I/pxrhmdservice (  961): thermal monitor: item[9] - sum:29677000, count:540, avg:54957
04-20 21:05:31.316 I/pxrhmdservice (  961): thermal monitor: Check temp[54957] timer[59]
04-20 21:05:31.316 I/pxrhmdservice (  961): thermal monitor: item[10] - sum:29521300, count:540, avg:54669
04-20 21:05:31.316 I/pxrhmdservice (  961): thermal monitor: Check temp[54669] timer[59]
04-20 21:05:31.316 I/pxrhmdservice (  961): thermal monitor: item[11] - sum:30160700, count:540, avg:55853
04-20 21:05:31.316 I/pxrhmdservice (  961): thermal monitor: Check temp[55853] timer[59]
04-20 21:05:31.316 I/pxrhmdservice (  961): thermal monitor: item[12] - sum:27730900, count:540, avg:51353
04-20 21:05:31.316 I/pxrhmdservice (  961): thermal monitor: Check temp[51353] timer[59]
04-20 21:05:31.316 I/pxrhmdservice (  961): thermal monitor: item[13] - sum:28309600, count:540, avg:52425
04-20 21:05:31.316 I/pxrhmdservice (  961): thermal monitor: Check temp[52425] timer[59]
04-20 21:05:31.317 E/APxrRuntime( 7849): (handTracker == NULL)
04-20 21:05:31.382 I/chatty  ( 7849): uid=1000(system) identical 206 lines
04-20 21:05:31.382 E/APxrRuntime( 7849): (handTracker == NULL)
04-20 21:05:31.383 I/PxrConfigServiceClient(  967): PROPERTY String8(property).string():{"CFG_VER":"1.0","CFG_HASH_ALG":"sha256","OUT_DIR":"\/mnt\/vendor\/pvr\/firmwareupdate\/asset_100004009_20260410","BASE_FW_DIR_CONTROLLER":"\/system\/etc\/ctlbin","BASE_FW_DIR_TRACKER":"\/system\/etc\/trackerbin","UPDATED_FW_DIR_CONTROLLER":"\/mnt\/vendor\/pvr\/firmwareupdate\/asset_100004009_20260410\/controller","FW_HASH_SparrowCtrl_sv1.36_PR_tv01_20241012_b136_app.bin":"ebe7333af3d6b25fcccd86afbfe7b3d816e0e5e7f6dc4819f722ba3a6b9f3bd1"} =======443
04-20 21:05:31.384 E/APxrRuntime( 7849): (handTracker == NULL)
04-20 21:05:31.654 I/BatteryServiceExt( 1345): shouldShutdownLocked batteryLevel=100,mOffBatteryLevel=100 no need shutdown
04-20 21:05:31.664 I/chatty  ( 7849): uid=1000(system) identical 934 lines
04-20 21:05:31.664 E/APxrRuntime( 7849): (handTracker == NULL)
04-20 21:05:31.668 I/pxrhmdservice (  961): Call <getCommonDataThread> - boot_completed=[1] ------------------------
04-20 21:05:31.668 E/APxrRuntime( 7849): (handTracker == NULL)
04-20 21:05:32.021 I/chatty  ( 7849): uid=1000(system) identical 1070 lines
04-20 21:05:32.021 E/APxrRuntime( 7849): (handTracker == NULL)
04-20 21:05:32.023 W/ServiceManagement(  651): Waited one second for vendor.qti.hardware.radio.uim_remote_client@1.0::IUimRemoteServiceClient/uimRemoteClient0
04-20 21:05:32.024 I/ServiceManagement(  651): getService: Trying again for vendor.qti.hardware.radio.uim_remote_client@1.0::IUimRemoteServiceClient/uimRemoteClient0...
04-20 21:05:32.024 E/APxrRuntime( 7849): (handTracker == NULL)
04-20 21:05:32.060 I/chatty  ( 7849): uid=1000(system) identical 86 lines
04-20 21:05:32.060 E/APxrRuntime( 7849): (handTracker == NULL)
04-20 21:05:32.061 I/MediaCodec( 7849): kWhatCodecPerformanceNotify, fps: 25, avgLatencyMs: -1
04-20 21:05:32.062 E/APxrRuntime( 7849): (handTracker == NULL)
04-20 21:05:32.320 I/chatty  ( 7849): uid=1000(system) identical 758 lines
04-20 21:05:32.320 E/APxrRuntime( 7849): (handTracker == NULL)
04-20 21:05:32.320 I/SeethroughSetting( 7849): Keep runing WatchDog
04-20 21:05:32.322 E/APxrRuntime( 7849): (handTracker == NULL)
04-20 21:05:32.397 I/chatty  ( 7849): uid=1000(system) identical 246 lines
04-20 21:05:32.397 E/APxrRuntime( 7849): (handTracker == NULL)
04-20 21:05:32.397 I/PxrConfigServiceClient(  967): PROPERTY String8(property).string():{"CFG_VER":"1.0","CFG_HASH_ALG":"sha256","OUT_DIR":"\/mnt\/vendor\/pvr\/firmwareupdate\/asset_100004009_20260410","BASE_FW_DIR_CONTROLLER":"\/system\/etc\/ctlbin","BASE_FW_DIR_TRACKER":"\/system\/etc\/trackerbin","UPDATED_FW_DIR_CONTROLLER":"\/mnt\/vendor\/pvr\/firmwareupdate\/asset_100004009_20260410\/controller","FW_HASH_SparrowCtrl_sv1.36_PR_tv01_20241012_b136_app.bin":"ebe7333af3d6b25fcccd86afbfe7b3d816e0e5e7f6dc4819f722ba3a6b9f3bd1"} =======443
04-20 21:05:32.399 E/APxrRuntime( 7849): (handTracker == NULL)
04-20 21:05:32.667 I/chatty  ( 7849): uid=1000(system) identical 862 lines
04-20 21:05:32.667 E/APxrRuntime( 7849): (handTracker == NULL)
04-20 21:05:32.668 I/pxrhmdservice (  961): Call <getCommonDataThread> - boot_completed=[1] ------------------------
04-20 21:05:32.669 E/APxrRuntime( 7849): (handTracker == NULL)
04-20 21:05:33.024 I/chatty  ( 7849): uid=1000(system) identical 1158 lines
04-20 21:05:33.024 E/APxrRuntime( 7849): (handTracker == NULL)
04-20 21:05:33.024 W/ServiceManagement(  651): Waited one second for vendor.qti.hardware.radio.uim_remote_client@1.0::IUimRemoteServiceClient/uimRemoteClient0
04-20 21:05:33.025 I/ServiceManagement(  651): getService: Trying again for vendor.qti.hardware.radio.uim_remote_client@1.0::IUimRemoteServiceClient/uimRemoteClient0...
04-20 21:05:33.026 E/APxrRuntime( 7849): (handTracker == NULL)
04-20 21:05:33.059 I/chatty  ( 7849): uid=1000(system) identical 102 lines
04-20 21:05:33.059 E/APxrRuntime( 7849): (handTracker == NULL)
04-20 21:05:33.061 I/MediaCodec( 7849): kWhatCodecPerformanceNotify, fps: 25, avgLatencyMs: -1
04-20 21:05:33.061 E/APxrRuntime( 7849): (handTracker == NULL)
04-20 21:05:33.359 I/chatty  ( 7849): uid=1000(system) identical 950 lines
04-20 21:05:33.359 E/APxrRuntime( 7849): (handTracker == NULL)
04-20 21:05:33.360 I/SeethroughSetting( 7849): Keep runing WatchDog
04-20 21:05:33.361 E/APxrRuntime( 7849): (handTracker == NULL)
04-20 21:05:33.410 I/chatty  ( 7849): uid=1000(system) identical 167 lines
04-20 21:05:33.412 E/APxrRuntime( 7849): (handTracker == NULL)
04-20 21:05:33.412 I/PxrConfigServiceClient(  967): PROPERTY String8(property).string():{"CFG_VER":"1.0","CFG_HASH_ALG":"sha256","OUT_DIR":"\/mnt\/vendor\/pvr\/firmwareupdate\/asset_100004009_20260410","BASE_FW_DIR_CONTROLLER":"\/system\/etc\/ctlbin","BASE_FW_DIR_TRACKER":"\/system\/etc\/trackerbin","UPDATED_FW_DIR_CONTROLLER":"\/mnt\/vendor\/pvr\/firmwareupdate\/asset_100004009_20260410\/controller","FW_HASH_SparrowCtrl_sv1.36_PR_tv01_20241012_b136_app.bin":"ebe7333af3d6b25fcccd86afbfe7b3d816e0e5e7f6dc4819f722ba3a6b9f3bd1"} =======443
04-20 21:05:33.412 E/APxrRuntime( 7849): (handTracker == NULL)
04-20 21:05:33.666 I/chatty  ( 7849): uid=1000(system) identical 845 lines
04-20 21:05:33.666 E/APxrRuntime( 7849): (handTracker == NULL)
04-20 21:05:33.668 I/pxrhmdservice (  961): Call <getCommonDataThread> - boot_completed=[1] ------------------------
04-20 21:05:33.668 E/APxrRuntime( 7849): (handTracker == NULL)
04-20 21:05:34.025 I/chatty  ( 7849): uid=1000(system) identical 1198 lines
04-20 21:05:34.026 E/APxrRuntime( 7849): (handTracker == NULL)
04-20 21:05:34.026 W/ServiceManagement(  651): Waited one second for vendor.qti.hardware.radio.uim_remote_client@1.0::IUimRemoteServiceClient/uimRemoteClient0
04-20 21:05:34.026 I/ServiceManagement(  651): getService: Trying again for vendor.qti.hardware.radio.uim_remote_client@1.0::IUimRemoteServiceClient/uimRemoteClient0...
04-20 21:05:34.028 E/APxrRuntime( 7849): (handTracker == NULL)
04-20 21:05:34.060 I/chatty  ( 7849): uid=1000(system) identical 118 lines
04-20 21:05:34.060 E/APxrRuntime( 7849): (handTracker == NULL)
04-20 21:05:34.061 I/MediaCodec( 7849): kWhatCodecPerformanceNotify, fps: 25, avgLatencyMs: -1
04-20 21:05:34.062 E/APxrRuntime( 7849): (handTracker == NULL)
04-20 21:05:34.196 I/chatty  ( 7849): uid=1000(system) identical 446 lines
04-20 21:05:34.196 E/APxrRuntime( 7849): (handTracker == NULL)
04-20 21:05:34.197 E/gd32ipdservice(  948): L1:AddServiceListener: Add listener 0x743f5014c0, 1
04-20 21:05:34.197 E/gd32ipdservice(  948): L1:a0 0f 00 00 00 af 
04-20 21:05:34.198 E/gd32ipdservice(  948): L1:uart_open = 9
04-20 21:05:34.198 E/APxrRuntime( 7849): (handTracker == NULL)
04-20 21:05:34.204 I/chatty  ( 7849): uid=1000(system) identical 22 lines
04-20 21:05:34.204 E/APxrRuntime( 7849): (handTracker == NULL)
04-20 21:05:34.205 E/gd32ipdservice(  948): L1:Uart_Close fd 9
04-20 21:05:34.205 E/gd32ipdservice(  948): L1:79 00 00 79 
04-20 21:05:34.205 E/gd32ipdservice(  948): L1:retry_cnt=3 ret=4 callingUid=0
04-20 21:05:34.205 E/APxrRuntime( 7849): (handTracker == NULL)
04-20 21:05:34.206 I/chatty  ( 7849): uid=1000(system) identical 6 lines
04-20 21:05:34.206 E/APxrRuntime( 7849): (handTracker == NULL)
04-20 21:05:34.209 E/gd32ipdservice(  948): L1:a0 10 00 00 00 b0 
04-20 21:05:34.209 E/gd32ipdservice(  948): L1:uart_open = 9
04-20 21:05:34.211 E/APxrRuntime( 7849): (handTracker == NULL)
04-20 21:05:34.216 I/chatty  ( 7849): uid=1000(system) identical 22 lines
04-20 21:05:34.216 E/APxrRuntime( 7849): (handTracker == NULL)
04-20 21:05:34.217 E/gd32ipdservice(  948): L1:Uart_Close fd 9
04-20 21:05:34.217 E/gd32ipdservice(  948): L1:79 00 00 79 
04-20 21:05:34.217 E/gd32ipdservice(  948): L1:retry_cnt=3 ret=4 callingUid=0
04-20 21:05:34.218 E/APxrRuntime( 7849): (handTracker == NULL)
04-20 21:05:34.221 I/chatty  ( 7849): uid=1000(system) identical 14 lines
04-20 21:05:34.221 E/APxrRuntime( 7849): (handTracker == NULL)
04-20 21:05:34.222 I/UidCpuTracker( 1345): small cpu total = 3933 ; idle = 2208 ; ratio = 43 ; mCpuUsageRatio = 21
04-20 21:05:34.222 I/UidCpuTracker( 1345): larger cpu total = 2999 ; idle = 2992 ; ratio = 0 ; mCpuUsageRatio = 21
04-20 21:05:34.222 I/UidCpuTracker( 1345): super cpu total = 999 ; idle = 996 ; ratio = 0 ; mCpuUsageRatio = 21
04-20 21:05:34.223 E/APxrRuntime( 7849): (handTracker == NULL)
04-20 21:05:34.365 I/chatty  ( 7849): uid=1000(system) identical 446 lines
04-20 21:05:34.365 E/APxrRuntime( 7849): (handTracker == NULL)
04-20 21:05:34.366 I/SeethroughSetting( 7849): Keep runing WatchDog
04-20 21:05:34.369 E/APxrRuntime( 7849): (handTracker == NULL)
04-20 21:05:34.425 I/chatty  ( 7849): uid=1000(system) identical 190 lines
04-20 21:05:34.425 E/APxrRuntime( 7849): (handTracker == NULL)
04-20 21:05:34.427 I/PxrConfigServiceClient(  967): PROPERTY String8(property).string():{"CFG_VER":"1.0","CFG_HASH_ALG":"sha256","OUT_DIR":"\/mnt\/vendor\/pvr\/firmwareupdate\/asset_100004009_20260410","BASE_FW_DIR_CONTROLLER":"\/system\/etc\/ctlbin","BASE_FW_DIR_TRACKER":"\/system\/etc\/trackerbin","UPDATED_FW_DIR_CONTROLLER":"\/mnt\/vendor\/pvr\/firmwareupdate\/asset_100004009_20260410\/controller","FW_HASH_SparrowCtrl_sv1.36_PR_tv01_20241012_b136_app.bin":"ebe7333af3d6b25fcccd86afbfe7b3d816e0e5e7f6dc4819f722ba3a6b9f3bd1"} =======443
04-20 21:05:34.428 E/APxrRuntime( 7849): (handTracker == NULL)
04-20 21:05:34.667 I/chatty  ( 7849): uid=1000(system) identical 678 lines
04-20 21:05:34.667 E/APxrRuntime( 7849): (handTracker == NULL)
04-20 21:05:34.668 I/pxrhmdservice (  961): Call <getCommonDataThread> - boot_completed=[1] ------------------------
04-20 21:05:34.670 E/APxrRuntime( 7849): (handTracker == NULL)
04-20 21:05:35.026 I/chatty  ( 7849): uid=1000(system) identical 1182 lines
04-20 21:05:35.026 E/APxrRuntime( 7849): (handTracker == NULL)
04-20 21:05:35.027 W/ServiceManagement(  651): Waited one second for vendor.qti.hardware.radio.uim_remote_client@1.0::IUimRemoteServiceClient/uimRemoteClient0
04-20 21:05:35.028 I/ServiceManagement(  651): getService: Trying again for vendor.qti.hardware.radio.uim_remote_client@1.0::IUimRemoteServiceClient/uimRemoteClient0...
04-20 21:05:35.028 E/APxrRuntime( 7849): (handTracker == NULL)
04-20 21:05:35.060 I/chatty  ( 7849): uid=1000(system) identical 102 lines
04-20 21:05:35.060 E/APxrRuntime( 7849): (handTracker == NULL)
04-20 21:05:35.061 I/MediaCodec( 7849): kWhatCodecPerformanceNotify, fps: 25, avgLatencyMs: -1
04-20 21:05:35.062 E/APxrRuntime( 7849): (handTracker == NULL)
04-20 21:05:35.309 I/chatty  ( 7849): uid=1000(system) identical 791 lines
04-20 21:05:35.310 E/ResolverController(  759): No valid NAT64 prefix (100, <unspecified>/0)
04-20 21:05:35.310 E/APxrRuntime( 7849): (handTracker == NULL)
04-20 21:05:35.310 E/APxrRuntime( 7849): (handTracker == NULL)
04-20 21:05:35.370 I/chatty  ( 7849): uid=1000(system) identical 197 lines
04-20 21:05:35.370 E/APxrRuntime( 7849): (handTracker == NULL)
04-20 21:05:35.370 I/SeethroughSetting( 7849): Keep runing WatchDog
04-20 21:05:35.371 E/APxrRuntime( 7849): (handTracker == NULL)
04-20 21:05:35.443 I/chatty  ( 7849): uid=1000(system) identical 246 lines
04-20 21:05:35.443 E/APxrRuntime( 7849): (handTracker == NULL)
04-20 21:05:35.444 I/PxrConfigServiceClient(  967): PROPERTY String8(property).string():{"CFG_VER":"1.0","CFG_HASH_ALG":"sha256","OUT_DIR":"\/mnt\/vendor\/pvr\/firmwareupdate\/asset_100004009_20260410","BASE_FW_DIR_CONTROLLER":"\/system\/etc\/ctlbin","BASE_FW_DIR_TRACKER":"\/system\/etc\/trackerbin","UPDATED_FW_DIR_CONTROLLER":"\/mnt\/vendor\/pvr\/firmwareupdate\/asset_100004009_20260410\/controller","FW_HASH_SparrowCtrl_sv1.36_PR_tv01_20241012_b136_app.bin":"ebe7333af3d6b25fcccd86afbfe7b3d816e0e5e7f6dc4819f722ba3a6b9f3bd1"} =======443
04-20 21:05:35.446 E/APxrRuntime( 7849): (handTracker == NULL)
04-20 21:05:35.667 I/chatty  ( 7849): uid=1000(system) identical 590 lines
04-20 21:05:35.667 E/APxrRuntime( 7849): (handTracker == NULL)
04-20 21:05:35.668 I/pxrhmdservice (  961): Call <getCommonDataThread> - boot_completed=[1] ------------------------
04-20 21:05:35.671 E/APxrRuntime( 7849): (handTracker == NULL)
04-20 21:05:36.027 I/chatty  ( 7849): uid=1000(system) identical 1078 lines
04-20 21:05:36.027 E/APxrRuntime( 7849): (handTracker == NULL)
04-20 21:05:36.029 W/ServiceManagement(  651): Waited one second for vendor.qti.hardware.radio.uim_remote_client@1.0::IUimRemoteServiceClient/uimRemoteClient0
04-20 21:05:36.029 E/APxrRuntime( 7849): (handTracker == NULL)
04-20 21:05:36.029 I/chatty  ( 7849): uid=1000(system) identical 3 lines
04-20 21:05:36.029 E/APxrRuntime( 7849): (handTracker == NULL)
04-20 21:05:36.029 I/ServiceManagement(  651): getService: Trying again for vendor.qti.hardware.radio.uim_remote_client@1.0::IUimRemoteServiceClient/uimRemoteClient0...
04-20 21:05:36.029 E/APxrRuntime( 7849): (handTracker == NULL)
04-20 21:05:36.061 I/chatty  ( 7849): uid=1000(system) identical 113 lines
04-20 21:05:36.061 E/APxrRuntime( 7849): (handTracker == NULL)
04-20 21:05:36.061 I/MediaCodec( 7849): kWhatCodecPerformanceNotify, fps: 25, avgLatencyMs: -1
04-20 21:05:36.063 E/APxrRuntime( 7849): (handTracker == NULL)
04-20 21:05:36.370 I/chatty  ( 7849): uid=1000(system) identical 1014 lines
04-20 21:05:36.370 E/APxrRuntime( 7849): (handTracker == NULL)
04-20 21:05:36.372 I/OMX-VDEC-1080P( 1381): We discard down scaler when omx not in execute state
04-20 21:05:36.372 E/APxrRuntime( 7849): (handTracker == NULL)
04-20 21:05:36.377 I/chatty  ( 7849): uid=1000(system) identical 22 lines
04-20 21:05:36.377 E/APxrRuntime( 7849): (handTracker == NULL)
04-20 21:05:36.378 I/SeethroughSetting( 7849): Keep runing WatchDog
04-20 21:05:36.379 E/APxrRuntime( 7849): (handTracker == NULL)
04-20 21:05:36.457 I/chatty  ( 7849): uid=1000(system) identical 262 lines
04-20 21:05:36.457 E/APxrRuntime( 7849): (handTracker == NULL)
04-20 21:05:36.458 I/PxrConfigServiceClient(  967): PROPERTY String8(property).string():{"CFG_VER":"1.0","CFG_HASH_ALG":"sha256","OUT_DIR":"\/mnt\/vendor\/pvr\/firmwareupdate\/asset_100004009_20260410","BASE_FW_DIR_CONTROLLER":"\/system\/etc\/ctlbin","BASE_FW_DIR_TRACKER":"\/system\/etc\/trackerbin","UPDATED_FW_DIR_CONTROLLER":"\/mnt\/vendor\/pvr\/firmwareupdate\/asset_100004009_20260410\/controller","FW_HASH_SparrowCtrl_sv1.36_PR_tv01_20241012_b136_app.bin":"ebe7333af3d6b25fcccd86afbfe7b3d816e0e5e7f6dc4819f722ba3a6b9f3bd1"} =======443
04-20 21:05:36.459 E/APxrRuntime( 7849): (handTracker == NULL)
04-20 21:05:36.668 I/chatty  ( 7849): uid=1000(system) identical 694 lines
04-20 21:05:36.668 E/APxrRuntime( 7849): (handTracker == NULL)
04-20 21:05:36.669 I/pxrhmdservice (  961): Call <getCommonDataThread> - boot_completed=[1] ------------------------
04-20 21:05:36.670 E/APxrRuntime( 7849): (handTracker == NULL)
04-20 21:05:37.016 I/chatty  ( 7849): uid=1000(system) identical 1140 lines
04-20 21:05:37.016 E/APxrRuntime( 7849): (handTracker == NULL)
04-20 21:05:37.016 I/OMX-VDEC-1080P( 1381): We discard down scaler when omx not in execute state
04-20 21:05:37.016 E/APxrRuntime( 7849): (handTracker == NULL)
04-20 21:05:37.016 E/APxrRuntime( 7849): (handTracker == NULL)
04-20 21:05:37.016 I/OMX-VDEC-1080P( 1381): We discard down scaler when omx not in execute state
04-20 21:05:37.019 E/APxrRuntime( 7849): (handTracker == NULL)
04-20 21:05:37.027 I/chatty  ( 7849): uid=1000(system) identical 30 lines
04-20 21:05:37.027 E/APxrRuntime( 7849): (handTracker == NULL)
04-20 21:05:37.028 W/PxrEventUploader( 1372): codec_name: OMX.google.aac.decoder
04-20 21:05:37.028 I/PxrNotificationClient( 1372): sendPxrNotification,action:teatracker_event_action id:0,value1:media_codec_codec_stop value2:0,ext:{"caller_package_name":"com.pvr.seethrough.setting","channel_count":2,"codec_name":"OMX.google.aac.decoder","is_protected":0,"low_latency_mode":0,"metrics_session_id":80,"sample_rate":48000}
04-20 21:05:37.028 E/PxrNotificationUtils( 1886): non system uid checkSendPxrMessagePermissionWithAction:teatracker_event_action permission granted.
04-20 21:05:37.029 I/PxrNotificationService( 1886): sendPxrMessage callingPid:1372 action teatracker_event_action ,value1:media_codec_codec_stop ,value2:0 ,ext:{"caller_package_name":"com.pvr.seethrough.setting","channel_count":2,"codec_name":"OMX.google.aac.decoder","is_protected":0,"low_latency_mode":0,"metrics_session_id":80,"sample_rate":48000} ,mPvrCallbacks.size():17
04-20 21:05:37.029 E/APxrRuntime( 7849): (handTracker == NULL)
04-20 21:05:37.029 W/SceneManagerHelper( 1372): submitMediaItemToSceneManager: null value for kEventCodecWidth
04-20 21:05:37.029 E/APxrRuntime( 7849): (handTracker == NULL)
04-20 21:05:37.029 W/SceneManagerHelper( 1372): submitMediaItemToSceneManager: null value for kEventCodecHeight
04-20 21:05:37.029 W/SceneManagerHelper( 1372): submitMediaItemToSceneManager: null value for kEventCodecRenderFrameRate
04-20 21:05:37.029 W/SceneManagerHelper( 1372): submitMediaItemToSceneManager: null value for kEventCodecVideoVRType
04-20 21:05:37.029 E/SceneManagerHelper( 1372): submitMediaItemToSceneManager: null value for kEventCodecBufferQueueName
04-20 21:05:37.029 W/PxrMediaAnalyticsService( 1372): submitMediaItemToSceneManager fail
04-20 21:05:37.030 E/APxrRuntime( 7849): (handTracker == NULL)
04-20 21:05:37.030 W/PerformanceTrackerHelper( 1372): submitMediaItemToProtoBuffer_l: null value for kEventCodecUseSurface
04-20 21:05:37.030 W/PxrMediaAnalyticsService( 1372): submitMediaItemToProtoBuffer fail
04-20 21:05:37.030 E/APxrRuntime( 7849): (handTracker == NULL)
04-20 21:05:37.030 I/chatty  ( 7849): uid=1000(system) identical 3 lines
04-20 21:05:37.030 E/APxrRuntime( 7849): (handTracker == NULL)
04-20 21:05:37.030 W/ServiceManagement(  651): Waited one second for vendor.qti.hardware.radio.uim_remote_client@1.0::IUimRemoteServiceClient/uimRemoteClient0
04-20 21:05:37.031 I/ServiceManagement(  651): getService: Trying again for vendor.qti.hardware.radio.uim_remote_client@1.0::IUimRemoteServiceClient/uimRemoteClient0...
04-20 21:05:37.032 E/APxrRuntime( 7849): (handTracker == NULL)
04-20 21:05:37.036 I/chatty  ( 7849): uid=1000(system) identical 14 lines
04-20 21:05:37.036 E/APxrRuntime( 7849): (handTracker == NULL)
04-20 21:05:37.036 I/OMXClient( 7849): IOmx service obtained
04-20 21:05:37.036 I/OMXMaster( 1381): makeComponentInstance(OMX.google.aac.decoder) in android.hardwar process
04-20 21:05:37.038 E/APxrRuntime( 7849): (handTracker == NULL)
04-20 21:05:37.038 I/chatty  ( 7849): uid=1000(system) identical 6 lines
04-20 21:05:37.038 E/APxrRuntime( 7849): (handTracker == NULL)
04-20 21:05:37.040 E/OMXNodeInstance( 1381): getConfig(0xe8545800:google.aac.decoder, ConfigAndroidVendorExtension(0x6f100004)) ERROR: Undefined(0x80001001)
04-20 21:05:37.041 E/APxrRuntime( 7849): (handTracker == NULL)
04-20 21:05:37.041 I/chatty  ( 7849): uid=1000(system) identical 3 lines
04-20 21:05:37.041 E/APxrRuntime( 7849): (handTracker == NULL)
04-20 21:05:37.041 W/ExtendedACodec( 7849): Failed to get extension for extradata parameter
04-20 21:05:37.041 E/APxrRuntime( 7849): (handTracker == NULL)
04-20 21:05:37.041 I/chatty  ( 7849): uid=1000(system) identical 1 line
04-20 21:05:37.041 E/APxrRuntime( 7849): (handTracker == NULL)
04-20 21:05:37.042 W/PxrEventUploader( 1372): codec_name: OMX.google.aac.decoder
04-20 21:05:37.042 I/PxrNotificationClient( 1372): sendPxrNotification,action:teatracker_event_action id:0,value1:media_codec_configure value2:0,ext:{"caller_package_name":"com.pvr.seethrough.setting","channel_count":2,"codec_name":"OMX.google.aac.decoder","is_protected":0,"low_latency_mode":0,"metrics_session_id":81,"sample_rate":48000}
04-20 21:05:37.042 E/PxrNotificationUtils( 1886): non system uid checkSendPxrMessagePermissionWithAction:teatracker_event_action permission granted.
04-20 21:05:37.043 I/PxrNotificationService( 1886): sendPxrMessage callingPid:1372 action teatracker_event_action ,value1:media_codec_configure ,value2:0 ,ext:{"caller_package_name":"com.pvr.seethrough.setting","channel_count":2,"codec_name":"OMX.google.aac.decoder","is_protected":0,"low_latency_mode":0,"metrics_session_id":81,"sample_rate":48000} ,mPvrCallbacks.size():17
04-20 21:05:37.043 W/SceneManagerHelper( 1372): submitMediaItemToSceneManager: discrad invailed keyEvent: media_codec_configure
04-20 21:05:37.043 W/PxrMediaAnalyticsService( 1372): submitMediaItemToSceneManager fail
04-20 21:05:37.043 W/PerformanceTrackerHelper( 1372): submitMediaItemToProtoBuffer_l: null value for kEventCodecUseSurface
04-20 21:05:37.043 W/PxrMediaAnalyticsService( 1372): submitMediaItemToProtoBuffer fail
04-20 21:05:37.043 E/APxrRuntime( 7849): (handTracker == NULL)
04-20 21:05:37.060 I/chatty  ( 7849): uid=1000(system) identical 54 lines
04-20 21:05:37.060 E/APxrRuntime( 7849): (handTracker == NULL)
04-20 21:05:37.061 I/MediaCodec( 7849): kWhatCodecPerformanceNotify, fps: 23, avgLatencyMs: -1
04-20 21:05:37.067 E/APxrRuntime( 7849): (handTracker == NULL)
04-20 21:05:37.385 I/chatty  ( 7849): uid=1000(system) identical 982 lines
04-20 21:05:37.385 E/APxrRuntime( 7849): (handTracker == NULL)
04-20 21:05:37.386 I/SeethroughSetting( 7849): Keep runing WatchDog
04-20 21:05:37.387 E/APxrRuntime( 7849): (handTracker == NULL)
04-20 21:05:37.471 I/chatty  ( 7849): uid=1000(system) identical 302 lines
04-20 21:05:37.471 E/APxrRuntime( 7849): (handTracker == NULL)
04-20 21:05:37.471 I/PxrConfigServiceClient(  967): PROPERTY String8(property).string():{"CFG_VER":"1.0","CFG_HASH_ALG":"sha256","OUT_DIR":"\/mnt\/vendor\/pvr\/firmwareupdate\/asset_100004009_20260410","BASE_FW_DIR_CONTROLLER":"\/system\/etc\/ctlbin","BASE_FW_DIR_TRACKER":"\/system\/etc\/trackerbin","UPDATED_FW_DIR_CONTROLLER":"\/mnt\/vendor\/pvr\/firmwareupdate\/asset_100004009_20260410\/controller","FW_HASH_SparrowCtrl_sv1.36_PR_tv01_20241012_b136_app.bin":"ebe7333af3d6b25fcccd86afbfe7b3d816e0e5e7f6dc4819f722ba3a6b9f3bd1"} =======443
04-20 21:05:37.473 E/APxrRuntime( 7849): (handTracker == NULL)
04-20 21:05:37.668 I/chatty  ( 7849): uid=1000(system) identical 654 lines
04-20 21:05:37.668 E/APxrRuntime( 7849): (handTracker == NULL)
04-20 21:05:37.669 I/pxrhmdservice (  961): Call <getCommonDataThread> - boot_completed=[1] ------------------------
04-20 21:05:37.670 E/APxrRuntime( 7849): (handTracker == NULL)
04-20 21:05:38.031 I/chatty  ( 7849): uid=1000(system) identical 1150 lines
04-20 21:05:38.031 E/APxrRuntime( 7849): (handTracker == NULL)
04-20 21:05:38.032 W/ServiceManagement(  651): Waited one second for vendor.qti.hardware.radio.uim_remote_client@1.0::IUimRemoteServiceClient/uimRemoteClient0
04-20 21:05:38.032 I/ServiceManagement(  651): getService: Trying again for vendor.qti.hardware.radio.uim_remote_client@1.0::IUimRemoteServiceClient/uimRemoteClient0...
04-20 21:05:38.033 E/APxrRuntime( 7849): (handTracker == NULL)
04-20 21:05:38.061 I/chatty  ( 7849): uid=1000(system) identical 94 lines
04-20 21:05:38.061 E/APxrRuntime( 7849): (handTracker == NULL)
04-20 21:05:38.062 I/MediaCodec( 7849): kWhatCodecPerformanceNotify, fps: 28, avgLatencyMs: -1
04-20 21:05:38.063 E/APxrRuntime( 7849): (handTracker == NULL)
04-20 21:05:38.418 I/chatty  ( 7849): uid=1000(system) identical 1188 lines
04-20 21:05:38.419 E/APxrRuntime( 7849): (handTracker == NULL)
04-20 21:05:38.419 I/SeethroughSetting( 7849): Keep runing WatchDog
04-20 21:05:38.419 E/APxrRuntime( 7849): (handTracker == NULL)
04-20 21:05:38.486 I/chatty  ( 7849): uid=1000(system) identical 240 lines
04-20 21:05:38.486 E/APxrRuntime( 7849): (handTracker == NULL)
04-20 21:05:38.486 I/PxrConfigServiceClient(  967): PROPERTY String8(property).string():{"CFG_VER":"1.0","CFG_HASH_ALG":"sha256","OUT_DIR":"\/mnt\/vendor\/pvr\/firmwareupdate\/asset_100004009_20260410","BASE_FW_DIR_CONTROLLER":"\/system\/etc\/ctlbin","BASE_FW_DIR_TRACKER":"\/system\/etc\/trackerbin","UPDATED_FW_DIR_CONTROLLER":"\/mnt\/vendor\/pvr\/firmwareupdate\/asset_100004009_20260410\/controller","FW_HASH_SparrowCtrl_sv1.36_PR_tv01_20241012_b136_app.bin":"ebe7333af3d6b25fcccd86afbfe7b3d816e0e5e7f6dc4819f722ba3a6b9f3bd1"} =======443
04-20 21:05:38.489 E/APxrRuntime( 7849): (handTracker == NULL)
04-20 21:05:38.668 I/chatty  ( 7849): uid=1000(system) identical 574 lines
04-20 21:05:38.668 E/APxrRuntime( 7849): (handTracker == NULL)
04-20 21:05:38.669 I/pxrhmdservice (  961): Call <getCommonDataThread> - boot_completed=[1] ------------------------
04-20 21:05:38.670 E/APxrRuntime( 7849): (handTracker == NULL)
04-20 21:05:39.032 I/chatty  ( 7849): uid=1000(system) identical 1150 lines
04-20 21:05:39.032 E/APxrRuntime( 7849): (handTracker == NULL)
04-20 21:05:39.033 W/ServiceManagement(  651): Waited one second for vendor.qti.hardware.radio.uim_remote_client@1.0::IUimRemoteServiceClient/uimRemoteClient0
04-20 21:05:39.034 E/APxrRuntime( 7849): (handTracker == NULL)
04-20 21:05:39.034 I/chatty  ( 7849): uid=1000(system) identical 2 lines
04-20 21:05:39.034 E/APxrRuntime( 7849): (handTracker == NULL)
04-20 21:05:39.034 I/ServiceManagement(  651): getService: Trying again for vendor.qti.hardware.radio.uim_remote_client@1.0::IUimRemoteServiceClient/uimRemoteClient0...
04-20 21:05:39.034 E/APxrRuntime( 7849): (handTracker == NULL)
04-20 21:05:39.061 I/chatty  ( 7849): uid=1000(system) identical 90 lines
04-20 21:05:39.062 E/APxrRuntime( 7849): (handTracker == NULL)
04-20 21:05:39.062 I/MediaCodec( 7849): kWhatCodecPerformanceNotify, fps: 25, avgLatencyMs: -1
04-20 21:05:39.063 E/APxrRuntime( 7849): (handTracker == NULL)
04-20 21:05:39.380 I/chatty  ( 7849): uid=1000(system) identical 1014 lines
04-20 21:05:39.380 E/APxrRuntime( 7849): (handTracker == NULL)
04-20 21:05:39.380 I/PxrFanService(  960): FanControlSetDriver changed settings - [1652901853274]	[1642879051299] 
04-20 21:05:39.382 E/APxrRuntime( 7849): (handTracker == NULL)
04-20 21:05:39.457 I/chatty  ( 7849): uid=1000(system) identical 222 lines
04-20 21:05:39.457 E/APxrRuntime( 7849): (handTracker == NULL)
04-20 21:05:39.459 I/SeethroughSetting( 7849): Keep runing WatchDog
04-20 21:05:39.460 E/APxrRuntime( 7849): (handTracker == NULL)
04-20 21:05:39.499 I/chatty  ( 7849): uid=1000(system) identical 126 lines
04-20 21:05:39.499 E/APxrRuntime( 7849): (handTracker == NULL)
04-20 21:05:39.500 I/PxrConfigServiceClient(  967): PROPERTY String8(property).string():{"CFG_VER":"1.0","CFG_HASH_ALG":"sha256","OUT_DIR":"\/mnt\/vendor\/pvr\/firmwareupdate\/asset_100004009_20260410","BASE_FW_DIR_CONTROLLER":"\/system\/etc\/ctlbin","BASE_FW_DIR_TRACKER":"\/system\/etc\/trackerbin","UPDATED_FW_DIR_CONTROLLER":"\/mnt\/vendor\/pvr\/firmwareupdate\/asset_100004009_20260410\/controller","FW_HASH_SparrowCtrl_sv1.36_PR_tv01_20241012_b136_app.bin":"ebe7333af3d6b25fcccd86afbfe7b3d816e0e5e7f6dc4819f722ba3a6b9f3bd1"} =======443
04-20 21:05:39.501 E/APxrRuntime( 7849): (handTracker == NULL)
04-20 21:05:39.668 I/chatty  ( 7849): uid=1000(system) identical 534 lines
04-20 21:05:39.668 E/APxrRuntime( 7849): (handTracker == NULL)
04-20 21:05:39.669 I/pxrhmdservice (  961): Call <getCommonDataThread> - boot_completed=[1] ------------------------
04-20 21:05:39.670 E/APxrRuntime( 7849): (handTracker == NULL)
04-20 21:05:39.792 I/BatteryServiceExt( 1345): shouldShutdownLocked batteryLevel=100,mOffBatteryLevel=100 no need shutdown
04-20 21:05:40.033 I/chatty  ( 7849): uid=1000(system) identical 1182 lines
04-20 21:05:40.033 E/APxrRuntime( 7849): (handTracker == NULL)
04-20 21:05:40.035 W/ServiceManagement(  651): Waited one second for vendor.qti.hardware.radio.uim_remote_client@1.0::IUimRemoteServiceClient/uimRemoteClient0
04-20 21:05:40.035 E/APxrRuntime( 7849): (handTracker == NULL)
04-20 21:05:40.035 E/APxrRuntime( 7849): (handTracker == NULL)
04-20 21:05:40.035 I/ServiceManagement(  651): getService: Trying again for vendor.qti.hardware.radio.uim_remote_client@1.0::IUimRemoteServiceClient/uimRemoteClient0...
04-20 21:05:40.035 E/APxrRuntime( 7849): (handTracker == NULL)
04-20 21:05:40.062 I/chatty  ( 7849): uid=1000(system) identical 87 lines
04-20 21:05:40.062 E/APxrRuntime( 7849): (handTracker == NULL)
04-20 21:05:40.062 I/MediaCodec( 7849): kWhatCodecPerformanceNotify, fps: 25, avgLatencyMs: -1
04-20 21:05:40.064 E/APxrRuntime( 7849): (handTracker == NULL)
04-20 21:05:40.104 I/chatty  ( 7849): uid=1000(system) identical 147 lines
04-20 21:05:40.104 E/APxrRuntime( 7849): (handTracker == NULL)
04-20 21:05:40.105 I/ProximityPowerPolicyController( 1889): psensor mPsensorGotoSleep for far2,PSENSOR_FAR_LOCKED_TIME = 10 second(s)
04-20 21:05:40.106 E/APxrRuntime( 7849): (handTracker == NULL)
04-20 21:05:40.459 I/chatty  ( 7849): uid=1000(system) identical 1206 lines
04-20 21:05:40.459 E/APxrRuntime( 7849): (handTracker == NULL)
04-20 21:05:40.461 I/SeethroughSetting( 7849): Keep runing WatchDog
04-20 21:05:40.461 E/APxrRuntime( 7849): (handTracker == NULL)
04-20 21:05:40.515 I/chatty  ( 7849): uid=1000(system) identical 182 lines
04-20 21:05:40.515 E/APxrRuntime( 7849): (handTracker == NULL)
04-20 21:05:40.517 I/PxrConfigServiceClient(  967): PROPERTY String8(property).string():{"CFG_VER":"1.0","CFG_HASH_ALG":"sha256","OUT_DIR":"\/mnt\/vendor\/pvr\/firmwareupdate\/asset_100004009_20260410","BASE_FW_DIR_CONTROLLER":"\/system\/etc\/ctlbin","BASE_FW_DIR_TRACKER":"\/system\/etc\/trackerbin","UPDATED_FW_DIR_CONTROLLER":"\/mnt\/vendor\/pvr\/firmwareupdate\/asset_100004009_20260410\/controller","FW_HASH_SparrowCtrl_sv1.36_PR_tv01_20241012_b136_app.bin":"ebe7333af3d6b25fcccd86afbfe7b3d816e0e5e7f6dc4819f722ba3a6b9f3bd1"} =======443
04-20 21:05:40.517 E/APxrRuntime( 7849): (handTracker == NULL)
04-20 21:05:40.669 I/chatty  ( 7849): uid=1000(system) identical 502 lines
04-20 21:05:40.669 E/APxrRuntime( 7849): (handTracker == NULL)
04-20 21:05:40.670 I/pxrhmdservice (  961): Call <getCommonDataThread> - boot_completed=[1] ------------------------
04-20 21:05:40.671 E/APxrRuntime( 7849): (handTracker == NULL)
04-20 21:05:41.036 I/chatty  ( 7849): uid=1000(system) identical 1166 lines
04-20 21:05:41.036 E/APxrRuntime( 7849): (handTracker == NULL)
04-20 21:05:41.036 W/ServiceManagement(  651): Waited one second for vendor.qti.hardware.radio.uim_remote_client@1.0::IUimRemoteServiceClient/uimRemoteClient0
04-20 21:05:41.037 I/ServiceManagement(  651): getService: Trying again for vendor.qti.hardware.radio.uim_remote_client@1.0::IUimRemoteServiceClient/uimRemoteClient0...
04-20 21:05:41.038 E/APxrRuntime( 7849): (handTracker == NULL)
04-20 21:05:41.062 I/chatty  ( 7849): uid=1000(system) identical 86 lines
04-20 21:05:41.062 E/APxrRuntime( 7849): (handTracker == NULL)
04-20 21:05:41.062 I/MediaCodec( 7849): kWhatCodecPerformanceNotify, fps: 25, avgLatencyMs: -1
04-20 21:05:41.063 E/APxrRuntime( 7849): (handTracker == NULL)
04-20 21:05:41.497 I/chatty  ( 7849): uid=1000(system) identical 1454 lines
04-20 21:05:41.497 E/APxrRuntime( 7849): (handTracker == NULL)
04-20 21:05:41.499 I/SeethroughSetting( 7849): Keep runing WatchDog
04-20 21:05:41.499 E/APxrRuntime( 7849): (handTracker == NULL)
04-20 21:05:41.531 I/chatty  ( 7849): uid=1000(system) identical 110 lines
04-20 21:05:41.531 E/APxrRuntime( 7849): (handTracker == NULL)
04-20 21:05:41.532 I/PxrConfigServiceClient(  967): PROPERTY String8(property).string():{"CFG_VER":"1.0","CFG_HASH_ALG":"sha256","OUT_DIR":"\/mnt\/vendor\/pvr\/firmwareupdate\/asset_100004009_20260410","BASE_FW_DIR_CONTROLLER":"\/system\/etc\/ctlbin","BASE_FW_DIR_TRACKER":"\/system\/etc\/trackerbin","UPDATED_FW_DIR_CONTROLLER":"\/mnt\/vendor\/pvr\/firmwareupdate\/asset_100004009_20260410\/controller","FW_HASH_SparrowCtrl_sv1.36_PR_tv01_20241012_b136_app.bin":"ebe7333af3d6b25fcccd86afbfe7b3d816e0e5e7f6dc4819f722ba3a6b9f3bd1"} =======443
04-20 21:05:41.533 E/APxrRuntime( 7849): (handTracker == NULL)
04-20 21:05:41.659 I/chatty  ( 7849): uid=1000(system) identical 414 lines
04-20 21:05:41.669 E/APxrRuntime( 7849): (handTracker == NULL)
04-20 21:05:41.670 I/pxrhmdservice (  961): Call <getCommonDataThread> - boot_completed=[1] ------------------------
04-20 21:05:41.675 E/APxrRuntime( 7849): (handTracker == NULL)
04-20 21:05:42.037 I/chatty  ( 7849): uid=1000(system) identical 1150 lines
04-20 21:05:42.037 E/APxrRuntime( 7849): (handTracker == NULL)
04-20 21:05:42.038 W/ServiceManagement(  651): Waited one second for vendor.qti.hardware.radio.uim_remote_client@1.0::IUimRemoteServiceClient/uimRemoteClient0
04-20 21:05:42.038 I/ServiceManagement(  651): getService: Trying again for vendor.qti.hardware.radio.uim_remote_client@1.0::IUimRemoteServiceClient/uimRemoteClient0...
04-20 21:05:42.039 E/APxrRuntime( 7849): (handTracker == NULL)
04-20 21:05:42.062 I/chatty  ( 7849): uid=1000(system) identical 78 lines
04-20 21:05:42.062 E/APxrRuntime( 7849): (handTracker == NULL)
04-20 21:05:42.062 I/MediaCodec( 7849): kWhatCodecPerformanceNotify, fps: 25, avgLatencyMs: -1
04-20 21:05:42.064 E/APxrRuntime( 7849): (handTracker == NULL)
04-20 21:05:42.502 I/chatty  ( 7849): uid=1000(system) identical 1342 lines
04-20 21:05:42.502 E/APxrRuntime( 7849): (handTracker == NULL)
04-20 21:05:42.503 I/SeethroughSetting( 7849): Keep runing WatchDog
04-20 21:05:42.504 E/APxrRuntime( 7849): (handTracker == NULL)
04-20 21:05:42.552 I/chatty  ( 7849): uid=1000(system) identical 158 lines
04-20 21:05:42.552 E/APxrRuntime( 7849): (handTracker == NULL)
04-20 21:05:42.552 I/PxrConfigServiceClient(  967): PROPERTY String8(property).string():{"CFG_VER":"1.0","CFG_HASH_ALG":"sha256","OUT_DIR":"\/mnt\/vendor\/pvr\/firmwareupdate\/asset_100004009_20260410","BASE_FW_DIR_CONTROLLER":"\/system\/etc\/ctlbin","BASE_FW_DIR_TRACKER":"\/system\/etc\/trackerbin","UPDATED_FW_DIR_CONTROLLER":"\/mnt\/vendor\/pvr\/firmwareupdate\/asset_100004009_20260410\/controller","FW_HASH_SparrowCtrl_sv1.36_PR_tv01_20241012_b136_app.bin":"ebe7333af3d6b25fcccd86afbfe7b3d816e0e5e7f6dc4819f722ba3a6b9f3bd1"} =======443
04-20 21:05:42.554 E/APxrRuntime( 7849): (handTracker == NULL)
04-20 21:05:42.670 I/chatty  ( 7849): uid=1000(system) identical 382 lines
04-20 21:05:42.670 E/APxrRuntime( 7849): (handTracker == NULL)
04-20 21:05:42.670 I/pxrhmdservice (  961): Call <getCommonDataThread> - boot_completed=[1] ------------------------
04-20 21:05:42.672 E/APxrRuntime( 7849): (handTracker == NULL)
04-20 21:05:43.039 I/chatty  ( 7849): uid=1000(system) identical 1214 lines
04-20 21:05:43.039 E/APxrRuntime( 7849): (handTracker == NULL)
04-20 21:05:43.039 W/ServiceManagement(  651): Waited one second for vendor.qti.hardware.radio.uim_remote_client@1.0::IUimRemoteServiceClient/uimRemoteClient0
04-20 21:05:43.040 I/ServiceManagement(  651): getService: Trying again for vendor.qti.hardware.radio.uim_remote_client@1.0::IUimRemoteServiceClient/uimRemoteClient0...
04-20 21:05:43.041 E/APxrRuntime( 7849): (handTracker == NULL)
04-20 21:05:43.062 I/chatty  ( 7849): uid=1000(system) identical 78 lines
04-20 21:05:43.062 E/APxrRuntime( 7849): (handTracker == NULL)
04-20 21:05:43.063 I/MediaCodec( 7849): kWhatCodecPerformanceNotify, fps: 25, avgLatencyMs: -1
04-20 21:05:43.064 E/APxrRuntime( 7849): (handTracker == NULL)
04-20 21:05:43.510 I/chatty  ( 7849): uid=1000(system) identical 1446 lines
04-20 21:05:43.510 E/APxrRuntime( 7849): (handTracker == NULL)
04-20 21:05:43.511 I/SeethroughSetting( 7849): Keep runing WatchDog
04-20 21:05:43.512 E/APxrRuntime( 7849): (handTracker == NULL)
04-20 21:05:43.566 I/chatty  ( 7849): uid=1000(system) identical 182 lines
04-20 21:05:43.566 E/APxrRuntime( 7849): (handTracker == NULL)
04-20 21:05:43.566 I/PxrConfigServiceClient(  967): PROPERTY String8(property).string():{"CFG_VER":"1.0","CFG_HASH_ALG":"sha256","OUT_DIR":"\/mnt\/vendor\/pvr\/firmwareupdate\/asset_100004009_20260410","BASE_FW_DIR_CONTROLLER":"\/system\/etc\/ctlbin","BASE_FW_DIR_TRACKER":"\/system\/etc\/trackerbin","UPDATED_FW_DIR_CONTROLLER":"\/mnt\/vendor\/pvr\/firmwareupdate\/asset_100004009_20260410\/controller","FW_HASH_SparrowCtrl_sv1.36_PR_tv01_20241012_b136_app.bin":"ebe7333af3d6b25fcccd86afbfe7b3d816e0e5e7f6dc4819f722ba3a6b9f3bd1"} =======443
04-20 21:05:43.571 E/APxrRuntime( 7849): (handTracker == NULL)
04-20 21:05:43.670 I/chatty  ( 7849): uid=1000(system) identical 326 lines
04-20 21:05:43.670 E/APxrRuntime( 7849): (handTracker == NULL)
04-20 21:05:43.670 I/pxrhmdservice (  961): Call <getCommonDataThread> - boot_completed=[1] ------------------------
04-20 21:05:43.672 E/APxrRuntime( 7849): (handTracker == NULL)
04-20 21:05:44.040 I/chatty  ( 7849): uid=1000(system) identical 1102 lines
04-20 21:05:44.040 E/APxrRuntime( 7849): (handTracker == NULL)
04-20 21:05:44.041 W/ServiceManagement(  651): Waited one second for vendor.qti.hardware.radio.uim_remote_client@1.0::IUimRemoteServiceClient/uimRemoteClient0
04-20 21:05:44.041 I/ServiceManagement(  651): getService: Trying again for vendor.qti.hardware.radio.uim_remote_client@1.0::IUimRemoteServiceClient/uimRemoteClient0...
04-20 21:05:44.041 E/APxrRuntime( 7849): (handTracker == NULL)
04-20 21:05:44.063 I/chatty  ( 7849): uid=1000(system) identical 76 lines
04-20 21:05:44.063 E/APxrRuntime( 7849): (handTracker == NULL)
04-20 21:05:44.063 I/MediaCodec( 7849): kWhatCodecPerformanceNotify, fps: 25, avgLatencyMs: -1
04-20 21:05:44.063 E/APxrRuntime( 7849): (handTracker == NULL)
04-20 21:05:44.197 I/chatty  ( 7849): uid=1000(system) identical 392 lines
04-20 21:05:44.197 E/APxrRuntime( 7849): (handTracker == NULL)
04-20 21:05:44.199 E/gd32ipdservice(  948): L1:AddServiceListener: Add listener 0x743f5014c0, 1
04-20 21:05:44.199 E/gd32ipdservice(  948): L1:a0 0f 00 00 00 af 
04-20 21:05:44.199 E/gd32ipdservice(  948): L1:uart_open = 9
04-20 21:05:44.200 E/APxrRuntime( 7849): (handTracker == NULL)
04-20 21:05:44.206 I/chatty  ( 7849): uid=1000(system) identical 14 lines
04-20 21:05:44.206 E/APxrRuntime( 7849): (handTracker == NULL)
04-20 21:05:44.206 E/gd32ipdservice(  948): L1:Uart_Close fd 9
04-20 21:05:44.206 E/gd32ipdservice(  948): L1:79 00 00 79 
04-20 21:05:44.206 E/gd32ipdservice(  948): L1:retry_cnt=3 ret=4 callingUid=0
04-20 21:05:44.208 E/gd32ipdservice(  948): L1:a0 10 00 00 00 b0 
04-20 21:05:44.208 E/gd32ipdservice(  948): L1:uart_open = 9
04-20 21:05:44.212 E/APxrRuntime( 7849): (handTracker == NULL)
04-20 21:05:44.213 I/chatty  ( 7849): uid=1000(system) identical 6 lines
04-20 21:05:44.213 E/APxrRuntime( 7849): (handTracker == NULL)
04-20 21:05:44.216 E/gd32ipdservice(  948): L1:Uart_Close fd 9
04-20 21:05:44.216 E/gd32ipdservice(  948): L1:79 00 00 79 
04-20 21:05:44.216 E/gd32ipdservice(  948): L1:retry_cnt=3 ret=4 callingUid=0
04-20 21:05:44.217 E/APxrRuntime( 7849): (handTracker == NULL)
04-20 21:05:44.217 I/chatty  ( 7849): uid=1000(system) identical 6 lines
04-20 21:05:44.217 E/APxrRuntime( 7849): (handTracker == NULL)
04-20 21:05:44.219 I/UidCpuTracker( 1345): small cpu total = 3912 ; idle = 2207 ; ratio = 43 ; mCpuUsageRatio = 21
04-20 21:05:44.219 I/UidCpuTracker( 1345): larger cpu total = 2994 ; idle = 2984 ; ratio = 0 ; mCpuUsageRatio = 21
04-20 21:05:44.219 I/UidCpuTracker( 1345): super cpu total = 997 ; idle = 995 ; ratio = 0 ; mCpuUsageRatio = 21
04-20 21:05:44.222 E/APxrRuntime( 7849): (handTracker == NULL)
04-20 21:05:44.530 I/chatty  ( 7849): uid=1000(system) identical 966 lines
04-20 21:05:44.530 E/APxrRuntime( 7849): (handTracker == NULL)
04-20 21:05:44.531 I/SeethroughSetting( 7849): Keep runing WatchDog
04-20 21:05:44.532 E/APxrRuntime( 7849): (handTracker == NULL)
04-20 21:05:44.581 I/chatty  ( 7849): uid=1000(system) identical 150 lines
04-20 21:05:44.581 E/APxrRuntime( 7849): (handTracker == NULL)
04-20 21:05:44.581 I/PxrConfigServiceClient(  967): PROPERTY String8(property).string():{"CFG_VER":"1.0","CFG_HASH_ALG":"sha256","OUT_DIR":"\/mnt\/vendor\/pvr\/firmwareupdate\/asset_100004009_20260410","BASE_FW_DIR_CONTROLLER":"\/system\/etc\/ctlbin","BASE_FW_DIR_TRACKER":"\/system\/etc\/trackerbin","UPDATED_FW_DIR_CONTROLLER":"\/mnt\/vendor\/pvr\/firmwareupdate\/asset_100004009_20260410\/controller","FW_HASH_SparrowCtrl_sv1.36_PR_tv01_20241012_b136_app.bin":"ebe7333af3d6b25fcccd86afbfe7b3d816e0e5e7f6dc4819f722ba3a6b9f3bd1"} =======443
04-20 21:05:44.583 E/APxrRuntime( 7849): (handTracker == NULL)
04-20 21:05:44.670 I/chatty  ( 7849): uid=1000(system) identical 283 lines
04-20 21:05:44.670 E/APxrRuntime( 7849): (handTracker == NULL)
04-20 21:05:44.670 I/pxrhmdservice (  961): Call <getCommonDataThread> - boot_completed=[1] ------------------------
04-20 21:05:44.670 E/APxrRuntime( 7849): (handTracker == NULL)
04-20 21:05:44.903 I/chatty  ( 7849): uid=1000(system) identical 769 lines
04-20 21:05:44.903 I/UidCpuTracker( 1345): small cpu total = 5886 ; idle = 3290 ; ratio = 44 ; mCpuUsageRatio = 22
04-20 21:05:44.903 E/APxrRuntime( 7849): (handTracker == NULL)
04-20 21:05:44.904 E/PrefetchManagerService( 1345): onCpuState state = CPU_NORMAL
04-20 21:05:44.905 E/APxrRuntime( 7849): (handTracker == NULL)
04-20 21:05:44.905 W/PrefetchManagerService( 1345): packname com.ss.android.ttvr version is 3.2.9 ,is support this version  -1
04-20 21:05:45.042 I/chatty  ( 7849): uid=1000(system) identical 414 lines
04-20 21:05:45.042 E/APxrRuntime( 7849): (handTracker == NULL)
04-20 21:05:45.042 W/ServiceManagement(  651): Waited one second for vendor.qti.hardware.radio.uim_remote_client@1.0::IUimRemoteServiceClient/uimRemoteClient0
04-20 21:05:45.043 I/ServiceManagement(  651): getService: Trying again for vendor.qti.hardware.radio.uim_remote_client@1.0::IUimRemoteServiceClient/uimRemoteClient0...
04-20 21:05:45.044 E/APxrRuntime( 7849): (handTracker == NULL)
04-20 21:05:45.062 I/chatty  ( 7849): uid=1000(system) identical 62 lines
04-20 21:05:45.062 E/APxrRuntime( 7849): (handTracker == NULL)
04-20 21:05:45.063 I/MediaCodec( 7849): kWhatCodecPerformanceNotify, fps: 25, avgLatencyMs: -1
04-20 21:05:45.064 E/APxrRuntime( 7849): (handTracker == NULL)
04-20 21:05:45.332 I/chatty  ( 7849): uid=1000(system) identical 886 lines
04-20 21:05:45.332 E/APxrRuntime( 7849): (handTracker == NULL)
04-20 21:05:45.333 I/OMX-VDEC-1080P( 1381): We discard down scaler when omx not in execute state
04-20 21:05:45.334 E/APxrRuntime( 7849): (handTracker == NULL)
04-20 21:05:45.570 I/chatty  ( 7849): uid=1000(system) identical 814 lines
04-20 21:05:45.570 E/APxrRuntime( 7849): (handTracker == NULL)
04-20 21:05:45.571 I/SeethroughSetting( 7849): Keep runing WatchDog
04-20 21:05:45.572 E/APxrRuntime( 7849): (handTracker == NULL)
04-20 21:05:45.594 I/chatty  ( 7849): uid=1000(system) identical 78 lines
04-20 21:05:45.594 E/APxrRuntime( 7849): (handTracker == NULL)
04-20 21:05:45.596 I/PxrConfigServiceClient(  967): PROPERTY String8(property).string():{"CFG_VER":"1.0","CFG_HASH_ALG":"sha256","OUT_DIR":"\/mnt\/vendor\/pvr\/firmwareupdate\/asset_100004009_20260410","BASE_FW_DIR_CONTROLLER":"\/system\/etc\/ctlbin","BASE_FW_DIR_TRACKER":"\/system\/etc\/trackerbin","UPDATED_FW_DIR_CONTROLLER":"\/mnt\/vendor\/pvr\/firmwareupdate\/asset_100004009_20260410\/controller","FW_HASH_SparrowCtrl_sv1.36_PR_tv01_20241012_b136_app.bin":"ebe7333af3d6b25fcccd86afbfe7b3d816e0e5e7f6dc4819f722ba3a6b9f3bd1"} =======443
04-20 21:05:45.596 E/APxrRuntime( 7849): (handTracker == NULL)
04-20 21:05:45.670 I/chatty  ( 7849): uid=1000(system) identical 262 lines
04-20 21:05:45.670 E/APxrRuntime( 7849): (handTracker == NULL)
04-20 21:05:45.671 I/pxrhmdservice (  961): Call <getCommonDataThread> - boot_completed=[1] ------------------------
04-20 21:05:45.672 E/APxrRuntime( 7849): (handTracker == NULL)
04-20 21:05:45.985 I/chatty  ( 7849): uid=1000(system) identical 990 lines
