04-20 21:05:16.000 E/APxrRuntime( 7849): (handTracker == NULL)
04-20 21:05:16.000 I/ServiceManagement(  651): getService: Trying again for vendor.qti.hardware.radio.uim_remote_client@1.0::IUimRemoteServiceClient/uimRemoteClient0...
04-20 21:05:16.002 E/APxrRuntime( 7849): (handTracker == NULL)
04-20 21:05:16.045 I/chatty  ( 7849): uid=1000(system) identical 142 lines
04-20 21:05:16.045 E/APxrRuntime( 7849): (handTracker == NULL)
04-20 21:05:16.050 I/MediaCodec( 7849): kWhatCodecPerformanceNotify, fps: 25, avgLatencyMs: -1
04-20 21:05:16.050 E/APxrRuntime( 7849): (handTracker == NULL)
04-20 21:05:16.148 I/chatty  ( 7849): uid=1000(system) identical 334 lines
04-20 21:05:16.148 E/APxrRuntime( 7849): (handTracker == NULL)
04-20 21:05:16.150 I/PxrConfigServiceClient(  967): PROPERTY String8(property).string():{"CFG_VER":"1.0","CFG_HASH_ALG":"sha256","OUT_DIR":"\/mnt\/vendor\/pvr\/firmwareupdate\/asset_100004009_20260410","BASE_FW_DIR_CONTROLLER":"\/system\/etc\/ctlbin","BASE_FW_DIR_TRACKER":"\/system\/etc\/trackerbin","UPDATED_FW_DIR_CONTROLLER":"\/mnt\/vendor\/pvr\/firmwareupdate\/asset_100004009_20260410\/controller","FW_HASH_SparrowCtrl_sv1.36_PR_tv01_20241012_b136_app.bin":"ebe7333af3d6b25fcccd86afbfe7b3d816e0e5e7f6dc4819f722ba3a6b9f3bd1"} =======443
04-20 21:05:16.150 E/APxrRuntime( 7849): (handTracker == NULL)
04-20 21:05:16.664 I/chatty  ( 7849): uid=1000(system) identical 1646 lines
04-20 21:05:16.664 E/APxrRuntime( 7849): (handTracker == NULL)
04-20 21:05:16.664 I/pxrhmdservice (  961): Call <getCommonDataThread> - boot_completed=[1] ------------------------
04-20 21:05:16.665 E/APxrRuntime( 7849): (handTracker == NULL)
04-20 21:05:16.970 I/chatty  ( 7849): uid=1000(system) identical 1014 lines
04-20 21:05:16.970 E/APxrRuntime( 7849): (handTracker == NULL)
04-20 21:05:16.970 I/SeethroughSetting( 7849): Keep runing WatchDog
04-20 21:05:16.972 E/APxrRuntime( 7849): (handTracker == NULL)
04-20 21:05:16.985 I/chatty  ( 7849): uid=1000(system) identical 54 lines
04-20 21:05:16.985 E/APxrRuntime( 7849): (handTracker == NULL)
04-20 21:05:16.986 I/PvrTrackingService-MCUTracker(  955): monitor mNeedTrackerFix 0 swift state currentConfig
04-20 21:05:16.986 I/PvrTrackingService-MCUTracker(  955):    mSwiftAlgInit 0 mSwiftCalibState 0  mSwiftBodyTrackingStateChange 0 mTrackerConnectCount 0 mTrackerCalibrateCount 0mBindTrackerCount 0 mAlgRuningBodyTracking 0
04-20 21:05:16.986 I/PvrTrackingService-MCUTracker(  955):    keepTrackerFullFreq 0  keepFullFreqTime 9223372036854775807 calibStart 0 globalTracking 1 hasTrackerCharging 0 bodyTrackingMode 0stopBodyTrackingTime 4501106664 stationServiceReady 0 statusChangeTracker 0x00 swiftMode 0 height 0.000000
04-20 21:05:16.986 I/PvrTrackingService-MCUTracker(  955):    isSetBoneLength 0 boneLength (0.000000 0.000000 0.000000 0.000000 0.000000 0.000000 0.000000 0.000000 0.000000 0.000000 0.000000)
04-20 21:05:16.986 I/PvrTrackingService-MCUTracker(  955):    tracker1, online 0 sn  softwareVer  addr  bindStatus 0 caliStatus 2 bracketstatus 0
04-20 21:05:16.986 I/PvrTrackingService-MCUTracker(  955):    tracker2, online 0 sn  softwareVer  addr  bindStatus 0 caliStatus 2 bracketstatus 0
04-20 21:05:16.986 I/PvrTrackingService-MCUTracker(  955):    tracker3, online 0 sn  softwareVer  addr  bindStatus 0 caliStatus 2 bracketstatus 0
04-20 21:05:16.986 I/PvrTrackingService-MCUTracker(  955): TrackerInfo
04-20 21:05:16.986 I/PvrTrackingService-MCUTracker(  955):    TrackerConnectCount: 0
04-20 21:05:16.986 I/PvrTrackingService-MCUTracker(  955):    tracker1, online 0 sn  bond_status 0 softwareVer  addr  battery 0 chargeStatus 0 bindStatus 0 position 0 bracketstatus 0
04-20 21:05:16.986 I/PvrTrackingService-MCUTracker(  955):    tracker2, 
04-20 21:05:16.987 E/APxrRuntime( 7849): (handTracker == NULL)
04-20 21:05:17.000 I/chatty  ( 7849): uid=1000(system) identical 54 lines
04-20 21:05:17.000 E/APxrRuntime( 7849): (handTracker == NULL)
04-20 21:05:17.001 W/ServiceManagement(  651): Waited one second for vendor.qti.hardware.radio.uim_remote_client@1.0::IUimRemoteServiceClient/uimRemoteClient0
04-20 21:05:17.001 I/ServiceManagement(  651): getService: Trying again for vendor.qti.hardware.radio.uim_remote_client@1.0::IUimRemoteServiceClient/uimRemoteClient0...
04-20 21:05:17.002 E/APxrRuntime( 7849): (handTracker == NULL)
04-20 21:05:17.049 I/chatty  ( 7849): uid=1000(system) identical 151 lines
04-20 21:05:17.051 I/MediaCodec( 7849): kWhatCodecPerformanceNotify, fps: 25, avgLatencyMs: -1
04-20 21:05:17.051 E/APxrRuntime( 7849): (handTracker == NULL)
04-20 21:05:17.051 E/APxrRuntime( 7849): (handTracker == NULL)
04-20 21:05:17.164 I/chatty  ( 7849): uid=1000(system) identical 393 lines
04-20 21:05:17.164 E/APxrRuntime( 7849): (handTracker == NULL)
04-20 21:05:17.164 I/PxrConfigServiceClient(  967): PROPERTY String8(property).string():{"CFG_VER":"1.0","CFG_HASH_ALG":"sha256","OUT_DIR":"\/mnt\/vendor\/pvr\/firmwareupdate\/asset_100004009_20260410","BASE_FW_DIR_CONTROLLER":"\/system\/etc\/ctlbin","BASE_FW_DIR_TRACKER":"\/system\/etc\/trackerbin","UPDATED_FW_DIR_CONTROLLER":"\/mnt\/vendor\/pvr\/firmwareupdate\/asset_100004009_20260410\/controller","FW_HASH_SparrowCtrl_sv1.36_PR_tv01_20241012_b136_app.bin":"ebe7333af3d6b25fcccd86afbfe7b3d816e0e5e7f6dc4819f722ba3a6b9f3bd1"} =======443
04-20 21:05:17.164 E/APxrRuntime( 7849): (handTracker == NULL)
04-20 21:05:17.664 I/chatty  ( 7849): uid=1000(system) identical 1589 lines
04-20 21:05:17.665 I/pxrhmdservice (  961): Call <getCommonDataThread> - boot_completed=[1] ------------------------
04-20 21:05:17.665 E/APxrRuntime( 7849): (handTracker == NULL)
04-20 21:05:17.665 E/APxrRuntime( 7849): (handTracker == NULL)
04-20 21:05:18.002 I/chatty  ( 7849): uid=1000(system) identical 1035 lines
04-20 21:05:18.002 E/APxrRuntime( 7849): (handTracker == NULL)
04-20 21:05:18.002 W/ServiceManagement(  651): Waited one second for vendor.qti.hardware.radio.uim_remote_client@1.0::IUimRemoteServiceClient/uimRemoteClient0
04-20 21:05:18.003 I/ServiceManagement(  651): getService: Trying again for vendor.qti.hardware.radio.uim_remote_client@1.0::IUimRemoteServiceClient/uimRemoteClient0...
04-20 21:05:18.004 E/APxrRuntime( 7849): (handTracker == NULL)
04-20 21:05:18.008 I/chatty  ( 7849): uid=1000(system) identical 10 lines
04-20 21:05:18.008 E/APxrRuntime( 7849): (handTracker == NULL)
04-20 21:05:18.009 I/SeethroughSetting( 7849): Keep runing WatchDog
04-20 21:05:18.009 E/APxrRuntime( 7849): (handTracker == NULL)
04-20 21:05:18.049 I/chatty  ( 7849): uid=1000(system) identical 122 lines
04-20 21:05:18.049 E/APxrRuntime( 7849): (handTracker == NULL)
04-20 21:05:18.051 I/MediaCodec( 7849): kWhatCodecPerformanceNotify, fps: 25, avgLatencyMs: -1
04-20 21:05:18.051 E/APxrRuntime( 7849): (handTracker == NULL)
04-20 21:05:18.176 I/chatty  ( 7849): uid=1000(system) identical 398 lines
04-20 21:05:18.176 E/APxrRuntime( 7849): (handTracker == NULL)
04-20 21:05:18.178 I/PxrConfigServiceClient(  967): PROPERTY String8(property).string():{"CFG_VER":"1.0","CFG_HASH_ALG":"sha256","OUT_DIR":"\/mnt\/vendor\/pvr\/firmwareupdate\/asset_100004009_20260410","BASE_FW_DIR_CONTROLLER":"\/system\/etc\/ctlbin","BASE_FW_DIR_TRACKER":"\/system\/etc\/trackerbin","UPDATED_FW_DIR_CONTROLLER":"\/mnt\/vendor\/pvr\/firmwareupdate\/asset_100004009_20260410\/controller","FW_HASH_SparrowCtrl_sv1.36_PR_tv01_20241012_b136_app.bin":"ebe7333af3d6b25fcccd86afbfe7b3d816e0e5e7f6dc4819f722ba3a6b9f3bd1"} =======443
04-20 21:05:18.178 E/APxrRuntime( 7849): (handTracker == NULL)
04-20 21:05:18.451 I/chatty  ( 7849): uid=1000(system) identical 846 lines
04-20 21:05:18.451 E/APxrRuntime( 7849): (handTracker == NULL)
04-20 21:05:18.452 I/OMX-VDEC-1080P( 1381): We discard down scaler when omx not in execute state
04-20 21:05:18.453 E/APxrRuntime( 7849): (handTracker == NULL)
04-20 21:05:18.663 I/chatty  ( 7849): uid=1000(system) identical 662 lines
04-20 21:05:18.663 E/APxrRuntime( 7849): (handTracker == NULL)
04-20 21:05:18.665 I/pxrhmdservice (  961): Call <getCommonDataThread> - boot_completed=[1] ------------------------
04-20 21:05:18.665 E/APxrRuntime( 7849): (handTracker == NULL)
04-20 21:05:19.003 I/chatty  ( 7849): uid=1000(system) identical 1086 lines
04-20 21:05:19.004 E/APxrRuntime( 7849): (handTracker == NULL)
04-20 21:05:19.004 W/ServiceManagement(  651): Waited one second for vendor.qti.hardware.radio.uim_remote_client@1.0::IUimRemoteServiceClient/uimRemoteClient0
04-20 21:05:19.005 I/ServiceManagement(  651): getService: Trying again for vendor.qti.hardware.radio.uim_remote_client@1.0::IUimRemoteServiceClient/uimRemoteClient0...
04-20 21:05:19.005 E/APxrRuntime( 7849): (handTracker == NULL)
04-20 21:05:19.042 I/chatty  ( 7849): uid=1000(system) identical 126 lines
04-20 21:05:19.042 E/APxrRuntime( 7849): (handTracker == NULL)
04-20 21:05:19.045 I/SeethroughSetting( 7849): Keep runing WatchDog
04-20 21:05:19.048 E/APxrRuntime( 7849): (handTracker == NULL)
04-20 21:05:19.048 I/chatty  ( 7849): uid=1000(system) identical 6 lines
04-20 21:05:19.048 E/APxrRuntime( 7849): (handTracker == NULL)
04-20 21:05:19.051 I/MediaCodec( 7849): kWhatCodecPerformanceNotify, fps: 25, avgLatencyMs: -1
04-20 21:05:19.051 E/APxrRuntime( 7849): (handTracker == NULL)
04-20 21:05:19.090 I/chatty  ( 7849): uid=1000(system) identical 135 lines
04-20 21:05:19.091 E/APxrRuntime( 7849): (handTracker == NULL)
04-20 21:05:19.091 I/ProximityPowerPolicyController( 1889): psensor mPsensorGotoSleep for far2,PSENSOR_FAR_LOCKED_TIME = 10 second(s)
04-20 21:05:19.091 E/APxrRuntime( 7849): (handTracker == NULL)
04-20 21:05:19.094 I/chatty  ( 7849): uid=1000(system) identical 13 lines
04-20 21:05:19.094 E/APxrRuntime( 7849): (handTracker == NULL)
04-20 21:05:19.094 I/OMX-VDEC-1080P( 1381): We discard down scaler when omx not in execute state
04-20 21:05:19.094 I/OMX-VDEC-1080P( 1381): We discard down scaler when omx not in execute state
04-20 21:05:19.096 E/APxrRuntime( 7849): (handTracker == NULL)
04-20 21:05:19.103 I/chatty  ( 7849): uid=1000(system) identical 30 lines
04-20 21:05:19.103 E/APxrRuntime( 7849): (handTracker == NULL)
04-20 21:05:19.104 W/PxrEventUploader( 1372): codec_name: OMX.google.aac.decoder
04-20 21:05:19.105 I/PxrNotificationClient( 1372): sendPxrNotification,action:teatracker_event_action id:0,value1:media_codec_codec_stop value2:0,ext:{"caller_package_name":"com.pvr.seethrough.setting","channel_count":2,"codec_name":"OMX.google.aac.decoder","is_protected":0,"low_latency_mode":0,"metrics_session_id":78,"sample_rate":48000}
04-20 21:05:19.105 E/APxrRuntime( 7849): (handTracker == NULL)
04-20 21:05:19.105 I/chatty  ( 7849): uid=1000(system) identical 2 lines
04-20 21:05:19.105 E/APxrRuntime( 7849): (handTracker == NULL)
04-20 21:05:19.105 E/PxrNotificationUtils( 1886): non system uid checkSendPxrMessagePermissionWithAction:teatracker_event_action permission granted.
04-20 21:05:19.105 E/APxrRuntime( 7849): (handTracker == NULL)
04-20 21:05:19.105 I/chatty  ( 7849): uid=1000(system) identical 2 lines
04-20 21:05:19.105 E/APxrRuntime( 7849): (handTracker == NULL)
04-20 21:05:19.106 I/PxrNotificationService( 1886): sendPxrMessage callingPid:1372 action teatracker_event_action ,value1:media_codec_codec_stop ,value2:0 ,ext:{"caller_package_name":"com.pvr.seethrough.setting","channel_count":2,"codec_name":"OMX.google.aac.decoder","is_protected":0,"low_latency_mode":0,"metrics_session_id":78,"sample_rate":48000} ,mPvrCallbacks.size():17
04-20 21:05:19.106 W/SceneManagerHelper( 1372): submitMediaItemToSceneManager: null value for kEventCodecWidth
04-20 21:05:19.106 W/SceneManagerHelper( 1372): submitMediaItemToSceneManager: null value for kEventCodecHeight
04-20 21:05:19.106 W/SceneManagerHelper( 1372): submitMediaItemToSceneManager: null value for kEventCodecRenderFrameRate
04-20 21:05:19.106 W/SceneManagerHelper( 1372): submitMediaItemToSceneManager: null value for kEventCodecVideoVRType
04-20 21:05:19.106 E/SceneManagerHelper( 1372): submitMediaItemToSceneManager: null value for kEventCodecBufferQueueName
04-20 21:05:19.106 W/PxrMediaAnalyticsService( 1372): submitMediaItemToSceneManager fail
04-20 21:05:19.106 W/PerformanceTrackerHelper( 1372): submitMediaItemToProtoBuffer_l: null value for kEventCodecUseSurface
04-20 21:05:19.106 W/PxrMediaAnalyticsService( 1372): submitMediaItemToProtoBuffer fail
04-20 21:05:19.107 E/APxrRuntime( 7849): (handTracker == NULL)
04-20 21:05:19.113 I/chatty  ( 7849): uid=1000(system) identical 22 lines
04-20 21:05:19.113 E/APxrRuntime( 7849): (handTracker == NULL)
04-20 21:05:19.113 I/OMXClient( 7849): IOmx service obtained
04-20 21:05:19.113 I/OMXMaster( 1381): makeComponentInstance(OMX.google.aac.decoder) in android.hardwar process
04-20 21:05:19.114 E/APxrRuntime( 7849): (handTracker == NULL)
04-20 21:05:19.115 I/chatty  ( 7849): uid=1000(system) identical 6 lines
04-20 21:05:19.115 E/APxrRuntime( 7849): (handTracker == NULL)
04-20 21:05:19.116 E/OMXNodeInstance( 1381): getConfig(0xe625b540:google.aac.decoder, ConfigAndroidVendorExtension(0x6f100004)) ERROR: Undefined(0x80001001)
04-20 21:05:19.117 E/APxrRuntime( 7849): (handTracker == NULL)
04-20 21:05:19.117 I/chatty  ( 7849): uid=1000(system) identical 6 lines
04-20 21:05:19.117 E/APxrRuntime( 7849): (handTracker == NULL)
04-20 21:05:19.117 W/ExtendedACodec( 7849): Failed to get extension for extradata parameter
04-20 21:05:19.118 W/PxrEventUploader( 1372): codec_name: OMX.google.aac.decoder
04-20 21:05:19.118 I/PxrNotificationClient( 1372): sendPxrNotification,action:teatracker_event_action id:0,value1:media_codec_configure value2:0,ext:{"caller_package_name":"com.pvr.seethrough.setting","channel_count":2,"codec_name":"OMX.google.aac.decoder","is_protected":0,"low_latency_mode":0,"metrics_session_id":79,"sample_rate":48000}
04-20 21:05:19.118 E/PxrNotificationUtils( 1886): non system uid checkSendPxrMessagePermissionWithAction:teatracker_event_action permission granted.
04-20 21:05:19.118 I/PxrNotificationService( 1886): sendPxrMessage callingPid:1372 action teatracker_event_action ,value1:media_codec_configure ,value2:0 ,ext:{"caller_package_name":"com.pvr.seethrough.setting","channel_count":2,"codec_name":"OMX.google.aac.decoder","is_protected":0,"low_latency_mode":0,"metrics_session_id":79,"sample_rate":48000} ,mPvrCallbacks.size():17
04-20 21:05:19.119 W/SceneManagerHelper( 1372): submitMediaItemToSceneManager: discrad invailed keyEvent: media_codec_configure
04-20 21:05:19.119 W/PxrMediaAnalyticsService( 1372): submitMediaItemToSceneManager fail
04-20 21:05:19.119 W/PerformanceTrackerHelper( 1372): submitMediaItemToProtoBuffer_l: null value for kEventCodecUseSurface
04-20 21:05:19.119 W/PxrMediaAnalyticsService( 1372): submitMediaItemToProtoBuffer fail
04-20 21:05:19.119 E/APxrRuntime( 7849): (handTracker == NULL)
04-20 21:05:19.191 I/chatty  ( 7849): uid=1000(system) identical 206 lines
04-20 21:05:19.191 E/APxrRuntime( 7849): (handTracker == NULL)
04-20 21:05:19.192 I/PxrConfigServiceClient(  967): PROPERTY String8(property).string():{"CFG_VER":"1.0","CFG_HASH_ALG":"sha256","OUT_DIR":"\/mnt\/vendor\/pvr\/firmwareupdate\/asset_100004009_20260410","BASE_FW_DIR_CONTROLLER":"\/system\/etc\/ctlbin","BASE_FW_DIR_TRACKER":"\/system\/etc\/trackerbin","UPDATED_FW_DIR_CONTROLLER":"\/mnt\/vendor\/pvr\/firmwareupdate\/asset_100004009_20260410\/controller","FW_HASH_SparrowCtrl_sv1.36_PR_tv01_20241012_b136_app.bin":"ebe7333af3d6b25fcccd86afbfe7b3d816e0e5e7f6dc4819f722ba3a6b9f3bd1"} =======443
04-20 21:05:19.192 E/APxrRuntime( 7849): (handTracker == NULL)
04-20 21:05:19.343 I/chatty  ( 7849): uid=1000(system) identical 478 lines
04-20 21:05:19.343 E/APxrRuntime( 7849): (handTracker == NULL)
04-20 21:05:19.343 I/PxrFanService(  960): FanControlSetDriver changed settings - [1632864738751]	[1622844739588] 
04-20 21:05:19.345 E/APxrRuntime( 7849): (handTracker == NULL)
04-20 21:05:19.663 I/chatty  ( 7849): uid=1000(system) identical 1078 lines
04-20 21:05:19.663 E/APxrRuntime( 7849): (handTracker == NULL)
04-20 21:05:19.665 I/pxrhmdservice (  961): Call <getCommonDataThread> - boot_completed=[1] ------------------------
04-20 21:05:19.665 E/APxrRuntime( 7849): (handTracker == NULL)
04-20 21:05:20.005 I/chatty  ( 7849): uid=1000(system) identical 1062 lines
04-20 21:05:20.005 E/APxrRuntime( 7849): (handTracker == NULL)
04-20 21:05:20.006 W/ServiceManagement(  651): Waited one second for vendor.qti.hardware.radio.uim_remote_client@1.0::IUimRemoteServiceClient/uimRemoteClient0
04-20 21:05:20.006 I/ServiceManagement(  651): getService: Trying again for vendor.qti.hardware.radio.uim_remote_client@1.0::IUimRemoteServiceClient/uimRemoteClient0...
04-20 21:05:20.009 E/APxrRuntime( 7849): (handTracker == NULL)
04-20 21:05:20.059 I/chatty  ( 7849): uid=1000(system) identical 166 lines
04-20 21:05:20.059 E/APxrRuntime( 7849): (handTracker == NULL)
04-20 21:05:20.059 I/MediaCodec( 7849): kWhatCodecPerformanceNotify, fps: 26, avgLatencyMs: -1
04-20 21:05:20.062 E/APxrRuntime( 7849): (handTracker == NULL)
04-20 21:05:20.078 I/chatty  ( 7849): uid=1000(system) identical 62 lines
04-20 21:05:20.078 E/APxrRuntime( 7849): (handTracker == NULL)
04-20 21:05:20.079 I/SeethroughSetting( 7849): Keep runing WatchDog
04-20 21:05:20.080 E/APxrRuntime( 7849): (handTracker == NULL)
04-20 21:05:20.212 I/chatty  ( 7849): uid=1000(system) identical 422 lines
04-20 21:05:20.212 E/APxrRuntime( 7849): (handTracker == NULL)
04-20 21:05:20.213 I/PxrConfigServiceClient(  967): PROPERTY String8(property).string():{"CFG_VER":"1.0","CFG_HASH_ALG":"sha256","OUT_DIR":"\/mnt\/vendor\/pvr\/firmwareupdate\/asset_100004009_20260410","BASE_FW_DIR_CONTROLLER":"\/system\/etc\/ctlbin","BASE_FW_DIR_TRACKER":"\/system\/etc\/trackerbin","UPDATED_FW_DIR_CONTROLLER":"\/mnt\/vendor\/pvr\/firmwareupdate\/asset_100004009_20260410\/controller","FW_HASH_SparrowCtrl_sv1.36_PR_tv01_20241012_b136_app.bin":"ebe7333af3d6b25fcccd86afbfe7b3d816e0e5e7f6dc4819f722ba3a6b9f3bd1"} =======443
04-20 21:05:20.214 E/APxrRuntime( 7849): (handTracker == NULL)
04-20 21:05:20.665 I/chatty  ( 7849): uid=1000(system) identical 1398 lines
04-20 21:05:20.665 E/APxrRuntime( 7849): (handTracker == NULL)
04-20 21:05:20.665 I/pxrhmdservice (  961): Call <getCommonDataThread> - boot_completed=[1] ------------------------
04-20 21:05:20.667 E/APxrRuntime( 7849): (handTracker == NULL)
04-20 21:05:21.006 I/chatty  ( 7849): uid=1000(system) identical 1126 lines
04-20 21:05:21.006 E/APxrRuntime( 7849): (handTracker == NULL)
04-20 21:05:21.007 W/ServiceManagement(  651): Waited one second for vendor.qti.hardware.radio.uim_remote_client@1.0::IUimRemoteServiceClient/uimRemoteClient0
04-20 21:05:21.008 I/ServiceManagement(  651): getService: Trying again for vendor.qti.hardware.radio.uim_remote_client@1.0::IUimRemoteServiceClient/uimRemoteClient0...
04-20 21:05:21.010 E/APxrRuntime( 7849): (handTracker == NULL)
04-20 21:05:21.058 I/chatty  ( 7849): uid=1000(system) identical 166 lines
04-20 21:05:21.058 E/APxrRuntime( 7849): (handTracker == NULL)
04-20 21:05:21.060 I/MediaCodec( 7849): kWhatCodecPerformanceNotify, fps: 25, avgLatencyMs: -1
04-20 21:05:21.060 E/APxrRuntime( 7849): (handTracker == NULL)
04-20 21:05:21.118 I/chatty  ( 7849): uid=1000(system) identical 206 lines
04-20 21:05:21.118 E/APxrRuntime( 7849): (handTracker == NULL)
04-20 21:05:21.119 I/SeethroughSetting( 7849): Keep runing WatchDog
04-20 21:05:21.120 E/APxrRuntime( 7849): (handTracker == NULL)
04-20 21:05:21.232 I/chatty  ( 7849): uid=1000(system) identical 390 lines
04-20 21:05:21.232 E/APxrRuntime( 7849): (handTracker == NULL)
04-20 21:05:21.232 I/PxrConfigServiceClient(  967): PROPERTY String8(property).string():{"CFG_VER":"1.0","CFG_HASH_ALG":"sha256","OUT_DIR":"\/mnt\/vendor\/pvr\/firmwareupdate\/asset_100004009_20260410","BASE_FW_DIR_CONTROLLER":"\/system\/etc\/ctlbin","BASE_FW_DIR_TRACKER":"\/system\/etc\/trackerbin","UPDATED_FW_DIR_CONTROLLER":"\/mnt\/vendor\/pvr\/firmwareupdate\/asset_100004009_20260410\/controller","FW_HASH_SparrowCtrl_sv1.36_PR_tv01_20241012_b136_app.bin":"ebe7333af3d6b25fcccd86afbfe7b3d816e0e5e7f6dc4819f722ba3a6b9f3bd1"} =======443
04-20 21:05:21.234 E/APxrRuntime( 7849): (handTracker == NULL)
04-20 21:05:21.665 I/chatty  ( 7849): uid=1000(system) identical 1366 lines
04-20 21:05:21.665 E/APxrRuntime( 7849): (handTracker == NULL)
04-20 21:05:21.665 I/pxrhmdservice (  961): Call <getCommonDataThread> - boot_completed=[1] ------------------------
04-20 21:05:21.667 E/APxrRuntime( 7849): (handTracker == NULL)
04-20 21:05:22.006 I/chatty  ( 7849): uid=1000(system) identical 1054 lines
04-20 21:05:22.006 E/APxrRuntime( 7849): (handTracker == NULL)
04-20 21:05:22.008 W/ServiceManagement(  651): Waited one second for vendor.qti.hardware.radio.uim_remote_client@1.0::IUimRemoteServiceClient/uimRemoteClient0
04-20 21:05:22.009 E/APxrRuntime( 7849): (handTracker == NULL)
04-20 21:05:22.009 I/chatty  ( 7849): uid=1000(system) identical 5 lines
04-20 21:05:22.009 E/APxrRuntime( 7849): (handTracker == NULL)
04-20 21:05:22.009 I/ServiceManagement(  651): getService: Trying again for vendor.qti.hardware.radio.uim_remote_client@1.0::IUimRemoteServiceClient/uimRemoteClient0...
04-20 21:05:22.009 E/APxrRuntime( 7849): (handTracker == NULL)
04-20 21:05:22.060 I/chatty  ( 7849): uid=1000(system) identical 159 lines
04-20 21:05:22.060 I/MediaCodec( 7849): kWhatCodecPerformanceNotify, fps: 25, avgLatencyMs: -1
04-20 21:05:22.060 E/APxrRuntime( 7849): (handTracker == NULL)
04-20 21:05:22.062 E/APxrRuntime( 7849): (handTracker == NULL)
04-20 21:05:22.130 I/chatty  ( 7849): uid=1000(system) identical 230 lines
04-20 21:05:22.130 E/APxrRuntime( 7849): (handTracker == NULL)
04-20 21:05:22.131 I/SeethroughSetting( 7849): Keep runing WatchDog
04-20 21:05:22.132 E/APxrRuntime( 7849): (handTracker == NULL)
04-20 21:05:22.246 I/chatty  ( 7849): uid=1000(system) identical 374 lines
04-20 21:05:22.246 E/APxrRuntime( 7849): (handTracker == NULL)
04-20 21:05:22.247 I/PxrConfigServiceClient(  967): PROPERTY String8(property).string():{"CFG_VER":"1.0","CFG_HASH_ALG":"sha256","OUT_DIR":"\/mnt\/vendor\/pvr\/firmwareupdate\/asset_100004009_20260410","BASE_FW_DIR_CONTROLLER":"\/system\/etc\/ctlbin","BASE_FW_DIR_TRACKER":"\/system\/etc\/trackerbin","UPDATED_FW_DIR_CONTROLLER":"\/mnt\/vendor\/pvr\/firmwareupdate\/asset_100004009_20260410\/controller","FW_HASH_SparrowCtrl_sv1.36_PR_tv01_20241012_b136_app.bin":"ebe7333af3d6b25fcccd86afbfe7b3d816e0e5e7f6dc4819f722ba3a6b9f3bd1"} =======443
04-20 21:05:22.251 E/APxrRuntime( 7849): (handTracker == NULL)
04-20 21:05:22.665 I/chatty  ( 7849): uid=1000(system) identical 1262 lines
04-20 21:05:22.665 E/APxrRuntime( 7849): (handTracker == NULL)
04-20 21:05:22.665 I/pxrhmdservice (  961): Call <getCommonDataThread> - boot_completed=[1] ------------------------
04-20 21:05:22.668 E/APxrRuntime( 7849): (handTracker == NULL)
04-20 21:05:23.010 I/chatty  ( 7849): uid=1000(system) identical 1050 lines
04-20 21:05:23.010 W/ServiceManagement(  651): Waited one second for vendor.qti.hardware.radio.uim_remote_client@1.0::IUimRemoteServiceClient/uimRemoteClient0
04-20 21:05:23.010 E/APxrRuntime( 7849): (handTracker == NULL)
04-20 21:05:23.010 E/APxrRuntime( 7849): (handTracker == NULL)
04-20 21:05:23.010 I/chatty  ( 7849): uid=1000(system) identical 2 lines
04-20 21:05:23.010 E/APxrRuntime( 7849): (handTracker == NULL)
04-20 21:05:23.010 I/ServiceManagement(  651): getService: Trying again for vendor.qti.hardware.radio.uim_remote_client@1.0::IUimRemoteServiceClient/uimRemoteClient0...
04-20 21:05:23.012 E/APxrRuntime( 7849): (handTracker == NULL)
04-20 21:05:23.058 I/chatty  ( 7849): uid=1000(system) identical 166 lines
04-20 21:05:23.058 E/APxrRuntime( 7849): (handTracker == NULL)
04-20 21:05:23.060 I/MediaCodec( 7849): kWhatCodecPerformanceNotify, fps: 25, avgLatencyMs: -1
04-20 21:05:23.061 E/APxrRuntime( 7849): (handTracker == NULL)
04-20 21:05:23.133 I/chatty  ( 7849): uid=1000(system) identical 230 lines
04-20 21:05:23.133 E/APxrRuntime( 7849): (handTracker == NULL)
04-20 21:05:23.133 I/SeethroughSetting( 7849): Keep runing WatchDog
04-20 21:05:23.135 E/APxrRuntime( 7849): (handTracker == NULL)
04-20 21:05:23.261 I/chatty  ( 7849): uid=1000(system) identical 422 lines
04-20 21:05:23.261 E/APxrRuntime( 7849): (handTracker == NULL)
04-20 21:05:23.261 I/PxrConfigServiceClient(  967): PROPERTY String8(property).string():{"CFG_VER":"1.0","CFG_HASH_ALG":"sha256","OUT_DIR":"\/mnt\/vendor\/pvr\/firmwareupdate\/asset_100004009_20260410","BASE_FW_DIR_CONTROLLER":"\/system\/etc\/ctlbin","BASE_FW_DIR_TRACKER":"\/system\/etc\/trackerbin","UPDATED_FW_DIR_CONTROLLER":"\/mnt\/vendor\/pvr\/firmwareupdate\/asset_100004009_20260410\/controller","FW_HASH_SparrowCtrl_sv1.36_PR_tv01_20241012_b136_app.bin":"ebe7333af3d6b25fcccd86afbfe7b3d816e0e5e7f6dc4819f722ba3a6b9f3bd1"} =======443
04-20 21:05:23.263 E/APxrRuntime( 7849): (handTracker == NULL)
04-20 21:05:23.666 I/chatty  ( 7849): uid=1000(system) identical 1306 lines
04-20 21:05:23.666 E/APxrRuntime( 7849): (handTracker == NULL)
04-20 21:05:23.666 I/pxrhmdservice (  961): Call <getCommonDataThread> - boot_completed=[1] ------------------------
04-20 21:05:23.666 E/APxrRuntime( 7849): (handTracker == NULL)
04-20 21:05:24.010 I/chatty  ( 7849): uid=1000(system) identical 1162 lines
04-20 21:05:24.010 E/APxrRuntime( 7849): (handTracker == NULL)
04-20 21:05:24.011 W/ServiceManagement(  651): Waited one second for vendor.qti.hardware.radio.uim_remote_client@1.0::IUimRemoteServiceClient/uimRemoteClient0
04-20 21:05:24.011 E/APxrRuntime( 7849): (handTracker == NULL)
04-20 21:05:24.012 E/APxrRuntime( 7849): (handTracker == NULL)
04-20 21:05:24.012 I/ServiceManagement(  651): getService: Trying again for vendor.qti.hardware.radio.uim_remote_client@1.0::IUimRemoteServiceClient/uimRemoteClient0...
04-20 21:05:24.012 E/APxrRuntime( 7849): (handTracker == NULL)
04-20 21:05:24.058 I/chatty  ( 7849): uid=1000(system) identical 148 lines
04-20 21:05:24.058 E/APxrRuntime( 7849): (handTracker == NULL)
04-20 21:05:24.060 I/MediaCodec( 7849): kWhatCodecPerformanceNotify, fps: 25, avgLatencyMs: -1
04-20 21:05:24.060 E/APxrRuntime( 7849): (handTracker == NULL)
04-20 21:05:24.149 I/chatty  ( 7849): uid=1000(system) identical 310 lines
04-20 21:05:24.149 E/APxrRuntime( 7849): (handTracker == NULL)
04-20 21:05:24.149 I/SeethroughSetting( 7849): Keep runing WatchDog
04-20 21:05:24.151 E/APxrRuntime( 7849): (handTracker == NULL)
04-20 21:05:24.191 I/chatty  ( 7849): uid=1000(system) identical 70 lines
04-20 21:05:24.191 E/APxrRuntime( 7849): (handTracker == NULL)
04-20 21:05:24.192 E/gd32ipdservice(  948): L1:AddServiceListener: Add listener 0x743f5014c0, 1
04-20 21:05:24.192 E/gd32ipdservice(  948): L1:a0 0f 00 00 00 af 
04-20 21:05:24.192 E/gd32ipdservice(  948): L1:uart_open = 9
04-20 21:05:24.193 E/APxrRuntime( 7849): (handTracker == NULL)
04-20 21:05:24.198 I/chatty  ( 7849): uid=1000(system) identical 22 lines
04-20 21:05:24.198 E/APxrRuntime( 7849): (handTracker == NULL)
04-20 21:05:24.199 E/gd32ipdservice(  948): L1:Uart_Close fd 9
04-20 21:05:24.200 E/gd32ipdservice(  948): L1:79 00 00 79 
04-20 21:05:24.200 E/gd32ipdservice(  948): L1:retry_cnt=3 ret=4 callingUid=0
04-20 21:05:24.201 E/APxrRuntime( 7849): (handTracker == NULL)
04-20 21:05:24.201 I/chatty  ( 7849): uid=1000(system) identical 6 lines
04-20 21:05:24.201 E/APxrRuntime( 7849): (handTracker == NULL)
04-20 21:05:24.203 E/gd32ipdservice(  948): L1:a0 10 00 00 00 b0 
04-20 21:05:24.203 E/gd32ipdservice(  948): L1:uart_open = 9
04-20 21:05:24.203 E/APxrRuntime( 7849): (handTracker == NULL)
04-20 21:05:24.206 I/chatty  ( 7849): uid=1000(system) identical 14 lines
04-20 21:05:24.206 E/APxrRuntime( 7849): (handTracker == NULL)
04-20 21:05:24.211 E/gd32ipdservice(  948): L1:Uart_Close fd 9
04-20 21:05:24.211 E/gd32ipdservice(  948): L1:79 00 00 79 
04-20 21:05:24.211 E/gd32ipdservice(  948): L1:retry_cnt=3 ret=4 callingUid=0
04-20 21:05:24.211 E/APxrRuntime( 7849): (handTracker == NULL)
04-20 21:05:24.212 I/chatty  ( 7849): uid=1000(system) identical 6 lines
04-20 21:05:24.212 E/APxrRuntime( 7849): (handTracker == NULL)
04-20 21:05:24.214 I/UidCpuTracker( 1345): small cpu total = 3915 ; idle = 2240 ; ratio = 42 ; mCpuUsageRatio = 21
04-20 21:05:24.214 I/UidCpuTracker( 1345): larger cpu total = 2998 ; idle = 2984 ; ratio = 0 ; mCpuUsageRatio = 21
04-20 21:05:24.214 E/APxrRuntime( 7849): (handTracker == NULL)
04-20 21:05:24.214 I/chatty  ( 7849): uid=1000(system) identical 1 line
04-20 21:05:24.214 E/APxrRuntime( 7849): (handTracker == NULL)
04-20 21:05:24.214 I/UidCpuTracker( 1345): super cpu total = 998 ; idle = 996 ; ratio = 0 ; mCpuUsageRatio = 21
04-20 21:05:24.214 E/APxrRuntime( 7849): (handTracker == NULL)
04-20 21:05:24.275 I/chatty  ( 7849): uid=1000(system) identical 203 lines
04-20 21:05:24.275 E/APxrRuntime( 7849): (handTracker == NULL)
04-20 21:05:24.275 I/PxrConfigServiceClient(  967): PROPERTY String8(property).string():{"CFG_VER":"1.0","CFG_HASH_ALG":"sha256","OUT_DIR":"\/mnt\/vendor\/pvr\/firmwareupdate\/asset_100004009_20260410","BASE_FW_DIR_CONTROLLER":"\/system\/etc\/ctlbin","BASE_FW_DIR_TRACKER":"\/system\/etc\/trackerbin","UPDATED_FW_DIR_CONTROLLER":"\/mnt\/vendor\/pvr\/firmwareupdate\/asset_100004009_20260410\/controller","FW_HASH_SparrowCtrl_sv1.36_PR_tv01_20241012_b136_app.bin":"ebe7333af3d6b25fcccd86afbfe7b3d816e0e5e7f6dc4819f722ba3a6b9f3bd1"} =======443
04-20 21:05:24.277 E/APxrRuntime( 7849): (handTracker == NULL)
04-20 21:05:24.664 I/chatty  ( 7849): uid=1000(system) identical 1174 lines
04-20 21:05:24.664 E/APxrRuntime( 7849): (handTracker == NULL)
04-20 21:05:24.666 I/pxrhmdservice (  961): Call <getCommonDataThread> - boot_completed=[1] ------------------------
04-20 21:05:24.666 E/APxrRuntime( 7849): (handTracker == NULL)
04-20 21:05:25.010 I/chatty  ( 7849): uid=1000(system) identical 1126 lines
04-20 21:05:25.010 E/APxrRuntime( 7849): (handTracker == NULL)
04-20 21:05:25.012 W/ServiceManagement(  651): Waited one second for vendor.qti.hardware.radio.uim_remote_client@1.0::IUimRemoteServiceClient/uimRemoteClient0
04-20 21:05:25.013 E/APxrRuntime( 7849): (handTracker == NULL)
04-20 21:05:25.013 E/APxrRuntime( 7849): (handTracker == NULL)
04-20 21:05:25.013 I/ServiceManagement(  651): getService: Trying again for vendor.qti.hardware.radio.uim_remote_client@1.0::IUimRemoteServiceClient/uimRemoteClient0...
04-20 21:05:25.013 E/APxrRuntime( 7849): (handTracker == NULL)
04-20 21:05:25.060 I/chatty  ( 7849): uid=1000(system) identical 144 lines
04-20 21:05:25.060 E/APxrRuntime( 7849): (handTracker == NULL)
04-20 21:05:25.060 I/MediaCodec( 7849): kWhatCodecPerformanceNotify, fps: 25, avgLatencyMs: -1
04-20 21:05:25.060 E/APxrRuntime( 7849): (handTracker == NULL)
04-20 21:05:25.181 I/chatty  ( 7849): uid=1000(system) identical 394 lines
04-20 21:05:25.181 E/APxrRuntime( 7849): (handTracker == NULL)
04-20 21:05:25.184 I/SeethroughSetting( 7849): Keep runing WatchDog
04-20 21:05:25.185 E/APxrRuntime( 7849): (handTracker == NULL)
04-20 21:05:25.288 I/chatty  ( 7849): uid=1000(system) identical 350 lines
04-20 21:05:25.288 E/APxrRuntime( 7849): (handTracker == NULL)
04-20 21:05:25.290 I/PxrConfigServiceClient(  967): PROPERTY String8(property).string():{"CFG_VER":"1.0","CFG_HASH_ALG":"sha256","OUT_DIR":"\/mnt\/vendor\/pvr\/firmwareupdate\/asset_100004009_20260410","BASE_FW_DIR_CONTROLLER":"\/system\/etc\/ctlbin","BASE_FW_DIR_TRACKER":"\/system\/etc\/trackerbin","UPDATED_FW_DIR_CONTROLLER":"\/mnt\/vendor\/pvr\/firmwareupdate\/asset_100004009_20260410\/controller","FW_HASH_SparrowCtrl_sv1.36_PR_tv01_20241012_b136_app.bin":"ebe7333af3d6b25fcccd86afbfe7b3d816e0e5e7f6dc4819f722ba3a6b9f3bd1"} =======443
04-20 21:05:25.290 E/APxrRuntime( 7849): (handTracker == NULL)
04-20 21:05:25.665 I/chatty  ( 7849): uid=1000(system) identical 1182 lines
04-20 21:05:25.665 E/APxrRuntime( 7849): (handTracker == NULL)
04-20 21:05:25.666 I/pxrhmdservice (  961): Call <getCommonDataThread> - boot_completed=[1] ------------------------
04-20 21:05:25.668 E/APxrRuntime( 7849): (handTracker == NULL)
04-20 21:05:26.013 I/chatty  ( 7849): uid=1000(system) identical 1094 lines
04-20 21:05:26.013 E/APxrRuntime( 7849): (handTracker == NULL)
04-20 21:05:26.014 W/ServiceManagement(  651): Waited one second for vendor.qti.hardware.radio.uim_remote_client@1.0::IUimRemoteServiceClient/uimRemoteClient0
04-20 21:05:26.014 I/ServiceManagement(  651): getService: Trying again for vendor.qti.hardware.radio.uim_remote_client@1.0::IUimRemoteServiceClient/uimRemoteClient0...
04-20 21:05:26.016 E/APxrRuntime( 7849): (handTracker == NULL)
04-20 21:05:26.059 I/chatty  ( 7849): uid=1000(system) identical 142 lines
04-20 21:05:26.059 E/APxrRuntime( 7849): (handTracker == NULL)
04-20 21:05:26.060 I/MediaCodec( 7849): kWhatCodecPerformanceNotify, fps: 25, avgLatencyMs: -1
04-20 21:05:26.061 E/APxrRuntime( 7849): (handTracker == NULL)
04-20 21:05:26.218 I/chatty  ( 7849): uid=1000(system) identical 470 lines
04-20 21:05:26.218 E/APxrRuntime( 7849): (handTracker == NULL)
04-20 21:05:26.219 I/SeethroughSetting( 7849): Keep runing WatchDog
04-20 21:05:26.220 E/APxrRuntime( 7849): (handTracker == NULL)
04-20 21:05:26.227 I/chatty  ( 7849): uid=1000(system) identical 30 lines
04-20 21:05:26.227 E/APxrRuntime( 7849): (handTracker == NULL)
04-20 21:05:26.229 I/watson_assist( 2140): updateCpuSampleEnvironment:true, temp:27.5, level:100, powerSave:0
04-20 21:05:26.229 E/APxrRuntime( 7849): (handTracker == NULL)
04-20 21:05:26.304 I/chatty  ( 7849): uid=1000(system) identical 265 lines
04-20 21:05:26.304 I/PxrConfigServiceClient(  967): PROPERTY String8(property).string():{"CFG_VER":"1.0","CFG_HASH_ALG":"sha256","OUT_DIR":"\/mnt\/vendor\/pvr\/firmwareupdate\/asset_100004009_20260410","BASE_FW_DIR_CONTROLLER":"\/system\/etc\/ctlbin","BASE_FW_DIR_TRACKER":"\/system\/etc\/trackerbin","UPDATED_FW_DIR_CONTROLLER":"\/mnt\/vendor\/pvr\/firmwareupdate\/asset_100004009_20260410\/controller","FW_HASH_SparrowCtrl_sv1.36_PR_tv01_20241012_b136_app.bin":"ebe7333af3d6b25fcccd86afbfe7b3d816e0e5e7f6dc4819f722ba3a6b9f3bd1"} =======443
04-20 21:05:26.304 E/APxrRuntime( 7849): (handTracker == NULL)
04-20 21:05:26.304 E/APxrRuntime( 7849): (handTracker == NULL)
04-20 21:05:26.490 I/chatty  ( 7849): uid=1000(system) identical 585 lines
04-20 21:05:26.490 I/TcpSocketTracker( 1345): DataStall result: fail percent: 0 sent: 20 receive: 13 last received count 13 retrans: 0 lost: 0 sent since last recv: 0 sockcnt: 7
04-20 21:05:26.490 E/APxrRuntime( 7849): (handTracker == NULL)
04-20 21:05:26.490 E/APxrRuntime( 7849): (handTracker == NULL)
04-20 21:05:26.664 I/chatty  ( 7849): uid=1000(system) identical 544 lines
04-20 21:05:26.665 E/APxrRuntime( 7849): (handTracker == NULL)
04-20 21:05:26.667 I/pxrhmdservice (  961): Call <getCommonDataThread> - boot_completed=[1] ------------------------
04-20 21:05:26.667 E/APxrRuntime( 7849): (handTracker == NULL)
04-20 21:05:27.015 I/chatty  ( 7849): uid=1000(system) identical 1022 lines
04-20 21:05:27.015 E/APxrRuntime( 7849): (handTracker == NULL)
04-20 21:05:27.016 W/ServiceManagement(  651): Waited one second for vendor.qti.hardware.radio.uim_remote_client@1.0::IUimRemoteServiceClient/uimRemoteClient0
04-20 21:05:27.016 I/ServiceManagement(  651): getService: Trying again for vendor.qti.hardware.radio.uim_remote_client@1.0::IUimRemoteServiceClient/uimRemoteClient0...
04-20 21:05:27.017 E/APxrRuntime( 7849): (handTracker == NULL)
04-20 21:05:27.060 I/chatty  ( 7849): uid=1000(system) identical 142 lines
04-20 21:05:27.060 E/APxrRuntime( 7849): (handTracker == NULL)
04-20 21:05:27.060 I/MediaCodec( 7849): kWhatCodecPerformanceNotify, fps: 25, avgLatencyMs: -1
04-20 21:05:27.062 E/APxrRuntime( 7849): (handTracker == NULL)
04-20 21:05:27.219 I/chatty  ( 7849): uid=1000(system) identical 518 lines
04-20 21:05:27.219 E/APxrRuntime( 7849): (handTracker == NULL)
04-20 21:05:27.219 I/SeethroughSetting( 7849): Keep runing WatchDog
04-20 21:05:27.221 E/APxrRuntime( 7849): (handTracker == NULL)
04-20 21:05:27.319 I/chatty  ( 7849): uid=1000(system) identical 306 lines
04-20 21:05:27.319 E/APxrRuntime( 7849): (handTracker == NULL)
04-20 21:05:27.319 I/PxrConfigServiceClient(  967): PROPERTY String8(property).string():{"CFG_VER":"1.0","CFG_HASH_ALG":"sha256","OUT_DIR":"\/mnt\/vendor\/pvr\/firmwareupdate\/asset_100004009_20260410","BASE_FW_DIR_CONTROLLER":"\/system\/etc\/ctlbin","BASE_FW_DIR_TRACKER":"\/system\/etc\/trackerbin","UPDATED_FW_DIR_CONTROLLER":"\/mnt\/vendor\/pvr\/firmwareupdate\/asset_100004009_20260410\/controller","FW_HASH_SparrowCtrl_sv1.36_PR_tv01_20241012_b136_app.bin":"ebe7333af3d6b25fcccd86afbfe7b3d816e0e5e7f6dc4819f722ba3a6b9f3bd1"} =======443
04-20 21:05:27.319 E/APxrRuntime( 7849): (handTracker == NULL)
04-20 21:05:27.412 I/chatty  ( 7849): uid=1000(system) identical 282 lines
04-20 21:05:27.412 E/APxrRuntime( 7849): (handTracker == NULL)
04-20 21:05:27.414 I/OMX-VDEC-1080P( 1381): We discard down scaler when omx not in execute state
04-20 21:05:27.414 E/APxrRuntime( 7849): (handTracker == NULL)
04-20 21:05:27.667 I/chatty  ( 7849): uid=1000(system) identical 805 lines
04-20 21:05:27.667 I/pxrhmdservice (  961): Call <getCommonDataThread> - boot_completed=[1] ------------------------
04-20 21:05:27.667 E/APxrRuntime( 7849): (handTracker == NULL)
04-20 21:05:27.667 E/APxrRuntime( 7849): (handTracker == NULL)
04-20 21:05:28.015 I/chatty  ( 7849): uid=1000(system) identical 1103 lines
04-20 21:05:28.015 E/APxrRuntime( 7849): (handTracker == NULL)
04-20 21:05:28.017 W/ServiceManagement(  651): Waited one second for vendor.qti.hardware.radio.uim_remote_client@1.0::IUimRemoteServiceClient/uimRemoteClient0
04-20 21:05:28.018 I/ServiceManagement(  651): getService: Trying again for vendor.qti.hardware.radio.uim_remote_client@1.0::IUimRemoteServiceClient/uimRemoteClient0...
04-20 21:05:28.020 E/APxrRuntime( 7849): (handTracker == NULL)
04-20 21:05:28.052 I/chatty  ( 7849): uid=1000(system) identical 111 lines
04-20 21:05:28.054 E/APxrRuntime( 7849): (handTracker == NULL)
04-20 21:05:28.054 I/OMX-VDEC-1080P( 1381): We discard down scaler when omx not in execute state
04-20 21:05:28.054 E/APxrRuntime( 7849): (handTracker == NULL)
04-20 21:05:28.054 E/APxrRuntime( 7849): (handTracker == NULL)
04-20 21:05:28.054 I/OMX-VDEC-1080P( 1381): We discard down scaler when omx not in execute state
04-20 21:05:28.054 E/APxrRuntime( 7849): (handTracker == NULL)
04-20 21:05:28.060 I/chatty  ( 7849): uid=1000(system) identical 19 lines
04-20 21:05:28.060 E/APxrRuntime( 7849): (handTracker == NULL)
04-20 21:05:28.060 I/MediaCodec( 7849): kWhatCodecPerformanceNotify, fps: 24, avgLatencyMs: -1
04-20 21:05:28.061 E/APxrRuntime( 7849): (handTracker == NULL)
04-20 21:05:28.064 I/chatty  ( 7849): uid=1000(system) identical 14 lines
04-20 21:05:28.064 E/APxrRuntime( 7849): (handTracker == NULL)
04-20 21:05:28.065 W/PxrEventUploader( 1372): codec_name: OMX.google.aac.decoder
04-20 21:05:28.065 I/PxrNotificationClient( 1372): sendPxrNotification,action:teatracker_event_action id:0,value1:media_codec_codec_stop value2:0,ext:{"caller_package_name":"com.pvr.seethrough.setting","channel_count":2,"codec_name":"OMX.google.aac.decoder","is_protected":0,"low_latency_mode":0,"metrics_session_id":79,"sample_rate":48000}
04-20 21:05:28.065 E/PxrNotificationUtils( 1886): non system uid checkSendPxrMessagePermissionWithAction:teatracker_event_action permission granted.
04-20 21:05:28.066 I/PxrNotificationService( 1886): sendPxrMessage callingPid:1372 action teatracker_event_action ,value1:media_codec_codec_stop ,value2:0 ,ext:{"caller_package_name":"com.pvr.seethrough.setting","channel_count":2,"codec_name":"OMX.google.aac.decoder","is_protected":0,"low_latency_mode":0,"metrics_session_id":79,"sample_rate":48000} ,mPvrCallbacks.size():17
04-20 21:05:28.066 E/APxrRuntime( 7849): (handTracker == NULL)
04-20 21:05:28.066 I/chatty  ( 7849): uid=1000(system) identical 6 lines
04-20 21:05:28.066 E/APxrRuntime( 7849): (handTracker == NULL)
04-20 21:05:28.066 W/SceneManagerHelper( 1372): submitMediaItemToSceneManager: null value for kEventCodecWidth
04-20 21:05:28.067 W/SceneManagerHelper( 1372): submitMediaItemToSceneManager: null value for kEventCodecHeight
04-20 21:05:28.067 W/SceneManagerHelper( 1372): submitMediaItemToSceneManager: null value for kEventCodecRenderFrameRate
04-20 21:05:28.067 W/SceneManagerHelper( 1372): submitMediaItemToSceneManager: null value for kEventCodecVideoVRType
04-20 21:05:28.067 E/SceneManagerHelper( 1372): submitMediaItemToSceneManager: null value for kEventCodecBufferQueueName
04-20 21:05:28.067 W/PxrMediaAnalyticsService( 1372): submitMediaItemToSceneManager fail
04-20 21:05:28.067 W/PerformanceTrackerHelper( 1372): submitMediaItemToProtoBuffer_l: null value for kEventCodecUseSurface
04-20 21:05:28.067 W/PxrMediaAnalyticsService( 1372): submitMediaItemToProtoBuffer fail
04-20 21:05:28.069 E/APxrRuntime( 7849): (handTracker == NULL)
04-20 21:05:28.074 I/chatty  ( 7849): uid=1000(system) identical 22 lines
04-20 21:05:28.074 E/APxrRuntime( 7849): (handTracker == NULL)
04-20 21:05:28.076 I/OMXClient( 7849): IOmx service obtained
04-20 21:05:28.076 E/APxrRuntime( 7849): (handTracker == NULL)
04-20 21:05:28.076 I/OMXMaster( 1381): makeComponentInstance(OMX.google.aac.decoder) in android.hardwar process
04-20 21:05:28.076 E/APxrRuntime( 7849): (handTracker == NULL)
04-20 21:05:28.079 I/chatty  ( 7849): uid=1000(system) identical 13 lines
04-20 21:05:28.079 E/APxrRuntime( 7849): (handTracker == NULL)
04-20 21:05:28.079 E/OMXNodeInstance( 1381): getConfig(0xe625b540:google.aac.decoder, ConfigAndroidVendorExtension(0x6f100004)) ERROR: Undefined(0x80001001)
04-20 21:05:28.080 W/ExtendedACodec( 7849): Failed to get extension for extradata parameter
04-20 21:05:28.080 W/PxrEventUploader( 1372): codec_name: OMX.google.aac.decoder
04-20 21:05:28.081 I/PxrNotificationClient( 1372): sendPxrNotification,action:teatracker_event_action id:0,value1:media_codec_configure value2:0,ext:{"caller_package_name":"com.pvr.seethrough.setting","channel_count":2,"codec_name":"OMX.google.aac.decoder","is_protected":0,"low_latency_mode":0,"metrics_session_id":80,"sample_rate":48000}
04-20 21:05:28.081 E/PxrNotificationUtils( 1886): non system uid checkSendPxrMessagePermissionWithAction:teatracker_event_action permission granted.
04-20 21:05:28.081 E/APxrRuntime( 7849): (handTracker == NULL)
04-20 21:05:28.081 I/PxrNotificationService( 1886): sendPxrMessage callingPid:1372 action teatracker_event_action ,value1:media_codec_configure ,value2:0 ,ext:{"caller_package_name":"com.pvr.seethrough.setting","channel_count":2,"codec_name":"OMX.google.aac.decoder","is_protected":0,"low_latency_mode":0,"metrics_session_id":80,"sample_rate":48000} ,mPvrCallbacks.size():17
04-20 21:05:28.081 E/APxrRuntime( 7849): (handTracker == NULL)
04-20 21:05:28.082 I/chatty  ( 7849): uid=1000(system) identical 5 lines
04-20 21:05:28.082 E/APxrRuntime( 7849): (handTracker == NULL)
04-20 21:05:28.082 W/SceneManagerHelper( 1372): submitMediaItemToSceneManager: discrad invailed keyEvent: media_codec_configure
04-20 21:05:28.082 W/PxrMediaAnalyticsService( 1372): submitMediaItemToSceneManager fail
04-20 21:05:28.082 W/PerformanceTrackerHelper( 1372): submitMediaItemToProtoBuffer_l: null value for kEventCodecUseSurface
04-20 21:05:28.082 W/PxrMediaAnalyticsService( 1372): submitMediaItemToProtoBuffer fail
04-20 21:05:28.084 E/APxrRuntime( 7849): (handTracker == NULL)
04-20 21:05:28.257 I/chatty  ( 7849): uid=1000(system) identical 518 lines
04-20 21:05:28.257 E/APxrRuntime( 7849): (handTracker == NULL)
04-20 21:05:28.260 I/SeethroughSetting( 7849): Keep runing WatchDog
04-20 21:05:28.261 E/APxrRuntime( 7849): (handTracker == NULL)
04-20 21:05:28.336 I/chatty  ( 7849): uid=1000(system) identical 230 lines
04-20 21:05:28.336 E/APxrRuntime( 7849): (handTracker == NULL)
04-20 21:05:28.336 I/PxrConfigServiceClient(  967): PROPERTY String8(property).string():{"CFG_VER":"1.0","CFG_HASH_ALG":"sha256","OUT_DIR":"\/mnt\/vendor\/pvr\/firmwareupdate\/asset_100004009_20260410","BASE_FW_DIR_CONTROLLER":"\/system\/etc\/ctlbin","BASE_FW_DIR_TRACKER":"\/system\/etc\/trackerbin","UPDATED_FW_DIR_CONTROLLER":"\/mnt\/vendor\/pvr\/firmwareupdate\/asset_100004009_20260410\/controller","FW_HASH_SparrowCtrl_sv1.36_PR_tv01_20241012_b136_app.bin":"ebe7333af3d6b25fcccd86afbfe7b3d816e0e5e7f6dc4819f722ba3a6b9f3bd1"} =======443
04-20 21:05:28.338 E/APxrRuntime( 7849): (handTracker == NULL)
04-20 21:05:28.667 I/chatty  ( 7849): uid=1000(system) identical 1070 lines
04-20 21:05:28.667 E/APxrRuntime( 7849): (handTracker == NULL)
04-20 21:05:28.667 I/pxrhmdservice (  961): Call <getCommonDataThread> - boot_completed=[1] ------------------------
04-20 21:05:28.669 E/APxrRuntime( 7849): (handTracker == NULL)
04-20 21:05:29.017 I/chatty  ( 7849): uid=1000(system) identical 1054 lines
04-20 21:05:29.017 E/APxrRuntime( 7849): (handTracker == NULL)
04-20 21:05:29.019 W/ServiceManagement(  651): Waited one second for vendor.qti.hardware.radio.uim_remote_client@1.0::IUimRemoteServiceClient/uimRemoteClient0
04-20 21:05:29.019 E/APxrRuntime( 7849): (handTracker == NULL)
04-20 21:05:29.019 I/chatty  ( 7849): uid=1000(system) identical 2 lines
04-20 21:05:29.019 E/APxrRuntime( 7849): (handTracker == NULL)
04-20 21:05:29.019 I/ServiceManagement(  651): getService: Trying again for vendor.qti.hardware.radio.uim_remote_client@1.0::IUimRemoteServiceClient/uimRemoteClient0...
04-20 21:05:29.019 E/APxrRuntime( 7849): (handTracker == NULL)
04-20 21:05:29.060 I/chatty  ( 7849): uid=1000(system) identical 138 lines
04-20 21:05:29.060 E/APxrRuntime( 7849): (handTracker == NULL)
04-20 21:05:29.060 I/MediaCodec( 7849): kWhatCodecPerformanceNotify, fps: 27, avgLatencyMs: -1
04-20 21:05:29.062 E/APxrRuntime( 7849): (handTracker == NULL)
04-20 21:05:29.265 I/chatty  ( 7849): uid=1000(system) identical 678 lines
04-20 21:05:29.265 E/APxrRuntime( 7849): (handTracker == NULL)
04-20 21:05:29.265 I/SeethroughSetting( 7849): Keep runing WatchDog
04-20 21:05:29.267 E/APxrRuntime( 7849): (handTracker == NULL)
04-20 21:05:29.351 I/chatty  ( 7849): uid=1000(system) identical 254 lines
04-20 21:05:29.351 E/APxrRuntime( 7849): (handTracker == NULL)
04-20 21:05:29.353 I/PxrConfigServiceClient(  967): PROPERTY String8(property).string():{"CFG_VER":"1.0","CFG_HASH_ALG":"sha256","OUT_DIR":"\/mnt\/vendor\/pvr\/firmwareupdate\/asset_100004009_20260410","BASE_FW_DIR_CONTROLLER":"\/system\/etc\/ctlbin","BASE_FW_DIR_TRACKER":"\/system\/etc\/trackerbin","UPDATED_FW_DIR_CONTROLLER":"\/mnt\/vendor\/pvr\/firmwareupdate\/asset_100004009_20260410\/controller","FW_HASH_SparrowCtrl_sv1.36_PR_tv01_20241012_b136_app.bin":"ebe7333af3d6b25fcccd86afbfe7b3d816e0e5e7f6dc4819f722ba3a6b9f3bd1"} =======443
04-20 21:05:29.353 E/APxrRuntime( 7849): (handTracker == NULL)
04-20 21:05:29.356 I/chatty  ( 7849): uid=1000(system) identical 14 lines
04-20 21:05:29.356 E/APxrRuntime( 7849): (handTracker == NULL)
04-20 21:05:29.358 I/PxrFanService(  960): FanControlSetDriver changed settings - [1642879051299]	[1632864738751] 
04-20 21:05:29.358 E/APxrRuntime( 7849): (handTracker == NULL)
04-20 21:05:29.596 I/chatty  ( 7849): uid=1000(system) identical 779 lines
04-20 21:05:29.596 E/APxrRuntime( 7849): (handTracker == NULL)
04-20 21:05:29.598 I/ProximityPowerPolicyController( 1889): psensor mPsensorGotoSleep for far2,PSENSOR_FAR_LOCKED_TIME = 10 second(s)
04-20 21:05:29.599 E/APxrRuntime( 7849): (handTracker == NULL)
04-20 21:05:29.665 I/chatty  ( 7849): uid=1000(system) identical 225 lines
04-20 21:05:29.665 E/APxrRuntime( 7849): (handTracker == NULL)
04-20 21:05:29.667 I/pxrhmdservice (  961): Call <getCommonDataThread> - boot_completed=[1] ------------------------
04-20 21:05:29.667 E/APxrRuntime( 7849): (handTracker == NULL)
04-20 21:05:29.898 I/chatty  ( 7849): uid=1000(system) identical 758 lines
04-20 21:05:29.898 E/APxrRuntime( 7849): (handTracker == NULL)
04-20 21:05:29.899 I/UidCpuTracker( 1345): small cpu total = 5867 ; idle = 3366 ; ratio = 42 ; mCpuUsageRatio = 21
04-20 21:05:23.519 I/BatteryServiceExt( 1345): shouldShutdownLocked batteryLevel=100,mOffBatteryLevel=100 no need shutdown
04-20 21:05:29.900 E/PrefetchManagerService( 1345): onCpuState state = CPU_NORMAL
04-20 21:05:29.900 E/APxrRuntime( 7849): (handTracker == NULL)
04-20 21:05:29.901 W/PrefetchManagerService( 1345): packname com.ss.android.ttvr version is 3.2.9 ,is support this version  -1
04-20 21:05:30.018 I/chatty  ( 7849): uid=1000(system) identical 358 lines
04-20 21:05:30.019 E/APxrRuntime( 7849): (handTracker == NULL)
04-20 21:05:30.020 W/ServiceManagement(  651): Waited one second for vendor.qti.hardware.radio.uim_remote_client@1.0::IUimRemoteServiceClient/uimRemoteClient0
04-20 21:05:30.021 E/APxrRuntime( 7849): (handTracker == NULL)
04-20 21:05:30.021 E/APxrRuntime( 7849): (handTracker == NULL)
04-20 21:05:30.021 I/ServiceManagement(  651): getService: Trying again for vendor.qti.hardware.radio.uim_remote_client@1.0::IUimRemoteServiceClient/uimRemoteClient0...
04-20 21:05:30.021 E/APxrRuntime( 7849): (handTracker == NULL)
04-20 21:05:30.060 I/chatty  ( 7849): uid=1000(system) identical 124 lines
04-20 21:05:30.060 E/APxrRuntime( 7849): (handTracker == NULL)
04-20 21:05:30.060 I/MediaCodec( 7849): kWhatCodecPerformanceNotify, fps: 25, avgLatencyMs: -1
04-20 21:05:30.062 E/APxrRuntime( 7849): (handTracker == NULL)
04-20 21:05:30.268 I/chatty  ( 7849): uid=1000(system) identical 630 lines
04-20 21:05:30.268 E/APxrRuntime( 7849): (handTracker == NULL)
04-20 21:05:30.269 I/SeethroughSetting( 7849): Keep runing WatchDog
04-20 21:05:30.270 E/APxrRuntime( 7849): (handTracker == NULL)
04-20 21:05:30.364 I/chatty  ( 7849): uid=1000(system) identical 310 lines
04-20 21:05:30.365 E/APxrRuntime( 7849): (handTracker == NULL)
