04-30 19:23:39.270   973   973 I PxrConfigServiceClient: PROPERTY String8(property).string():{"CFG_VER":"1.0","CFG_HASH_ALG":"sha256","OUT_DIR":"\/mnt\/vendor\/pvr\/firmwareupdate\/asset_100004009_20260410","BASE_FW_DIR_CONTROLLER":"\/system\/etc\/ctlbin","BASE_FW_DIR_TRACKER":"\/system\/etc\/trackerbin","UPDATED_FW_DIR_CONTROLLER":"\/mnt\/vendor\/pvr\/firmwareupdate\/asset_100004009_20260410\/controller","FW_HASH_SparrowCtrl_sv1.36_PR_tv01_20241012_b136_app.bin":"ebe7333af3d6b25fcccd86afbfe7b3d816e0e5e7f6dc4819f722ba3a6b9f3bd1"} =======443
04-30 19:23:39.270 21843 25143 I PxrNotificationClient: sendPxrNotification,action:teatracker_event_action id:0,value1:power_runtime_info value2:0,ext:{"pkg_name":"com.pvr.seethrough.setting","type":"fov","value":"104","power_need":true}
04-30 19:23:39.270  1897  7484 I PxrNotificationService: sendPxrMessage callingPid:21843 action teatracker_event_action ,value1:power_runtime_info ,value2:0 ,ext:{"pkg_name":"com.pvr.seethrough.setting","type":"fov","value":"104","power_need":true} ,mPvrCallbacks.size():15
04-30 19:23:39.271  1346 14056 I PowerAdvisor: noteSystemState {"pkg_name":"com.pvr.seethrough.setting","type":"fov","value":"104","power_need":true}, 1000
04-30 19:23:39.271  1346 14056 I PowerEvents: [FEAT_POWER_MONITOR_COMMON][0] noteSystemState com.pvr.seethrough.setting, fov, 104, null
04-30 19:23:39.271 21843 25143 E PCTP    : PCTP upload:{"pkg_name":"com.pvr.seethrough.setting","type":"fov","value":"104","power_need":true}
04-30 19:23:39.271 21843 25143 W PxrConfigServiceClient:  open getConfigPropertyDirectAccess type:0 configName:key_et_enable token:(null) 
04-30 19:23:39.282 21843 25143 W oxr_config: from config service, et  enable 0
04-30 19:23:39.282 21843 25143 W PxrConfigServiceClient:  open getConfigPropertyDirectAccess type:0 configName:key_ft_enable token: 
04-30 19:23:39.295 21843 25143 W oxr_config: from config service, ft  enable 0
04-30 19:23:39.296 21843 25143 I OpenXR-Loader: Info [GENERAL | xrCreateInstance | OpenXR-Loader] : LoaderInstance::CreateInstance succeeded with 0 layers enabled and runtime interface - created instance = 0x00000072ee98a500
04-30 19:23:39.296 21843 25143 E PxrPlugin: Instance RuntimeName=Pico(XRT) by Pico et al '99d719953' RuntimeVersion=3.0.1
04-30 19:23:39.297 21843 25143 E PxrPlugin: isSupportXrHandtrackerFunction:isSupportXrHandtrackerFunction = true,Runtime support XR_EXT_hand_tracking
04-30 19:23:39.297 21843 25143 I PxrPlugin: CreateGlContext Start, next->context = 0x0,0x73b79e4480
04-30 19:23:39.297 21843 25143 I PxrPlugin: EGL vendor:Android
04-30 19:23:39.297 21843 25143 I PxrPlugin: EGL version:1.5 Android META-EGL
04-30 19:23:39.297 21843 25143 I PxrPlugin: EGL extensions:EGL_KHR_get_all_proc_addresses EGL_ANDROID_presentation_time EGL_KHR_swap_buffers_with_damage EGL_ANDROID_get_native_client_buffer EGL_ANDROID_front_buffer_auto_refresh EGL_ANDROID_get_frame_timestamps EGL_EXT_surface_SMPTE2086_metadata EGL_EXT_surface_CTA861_3_metadata EGL_EXT_gl_colorspace_scrgb EGL_EXT_gl_colorspace_scrgb_linear EGL_EXT_gl_colorspace_display_p3_linear EGL_EXT_gl_colorspace_display_p3 EGL_EXT_gl_colorspace_display_p3_passthrough EGL_EXT_gl_colorspace_bt2020_linear EGL_EXT_gl_colorspace_bt2020_pq EGL_KHR_image EGL_KHR_image_base EGL_EXT_image_gl_colorspace EGL_KHR_lock_surface EGL_KHR_gl_colorspace EGL_KHR_gl_texture_2D_image EGL_KHR_gl_texture_3D_image EGL_KHR_gl_texture_cubemap_image EGL_KHR_gl_renderbuffer_image EGL_KHR_reusable_sync EGL_KHR_fence_sync EGL_KHR_create_context EGL_KHR_surfaceless_context EGL_EXT_create_context_robustness EGL_ANDROID_image_native_buffer EGL_KHR_wait_sync EGL_ANDROID_recordable EGL_KHR_partial_update EGL_EXT_pixel_format_float EGL_KHR_create_c
04-30 19:23:39.297 21843 25143 I PxrPlugin: Configurations supported number: 72
04-30 19:23:39.297 21843 25143 I PxrPlugin: eglChooseConfig get config max number: 32
04-30 19:23:39.297 21843 25143 E PxrPlugin: eglChooseConfig get config number: 1
04-30 19:23:39.297 21843 25143 I PxrPlugin: CreateGlContext, next->context = 0x73b79e4480, next->display = 0x1, next->config = 0x0
04-30 19:23:39.297 21843 25143 W PxrConfigServiceClient:  open getConfigPropertyDirectAccess type:0 configName:sdk_basic_BodyTrackingSupport token:(null) 
04-30 19:23:39.310 21843 25143 E oxr_config: bodytrackingproperties oxr_get_body_tracking_enable 889 get config service compatible = 1
04-30 19:23:39.310 21843 25143 E oxr_config: bodytrackingproperties oxr_get_body_tracking_enable 894 BT enable result = 1
04-30 19:23:39.310 21843 25143 I PxrPlugin: handtrackingproperties plugin Pxr_Initialize  handTrackingSystemProperties.supportsHandTracking = 1
04-30 19:23:39.310 21843 25143 I PxrPlugin: bodytrackingproperties plugin Pxr_Initialize  bodyTrackingSystemProperties.supportsBodyTracking = 1
04-30 19:23:39.310 21843 25143 E PxrPlugin: bodytrackingproperties plugin Pxr_Initialize  occlusionProperties.supportsOcclusion = 0
04-30 19:23:39.310 21843 25143 I PxrPlugin: handtrackingproperties plugin xrGetSystemProperties XR_TYPE_SYSTEM_HAND_TRACKING_PROPERTIES_EXT OK - initiallizing hand tracking...
04-30 19:23:39.311 21843 25143 E APxrRuntime: ipc_guardian_android_blocking_connect unsupported
04-30 19:23:39.311 21843 25143 E APxrRuntime: ipc_mrservice_android_blocking_connect unsupported
04-30 19:23:39.311  1893  2734 E APxrRuntime: PxrRuntime MOL xrVersion: R2.1.12.0
04-30 19:23:39.311   968  2641 I pxrhmdservice : Debug <getParameter> - CreateGd32ipdClient client=[0x7ce6221750] [0x7c5ad9b038 0x7c5ad9b220]
04-30 19:23:39.311   960  7396 E gd32ipdservice: L1:a0 08 00 00 00 a8 
04-30 19:23:39.315  2906  3277 I Shortcut: checkShowExitActivity , startExitActivity
04-30 19:23:39.316  2906  3277 W Shortcut: AmsUtils , getTopRunningTask ....taskInfo: TaskInfo{userId=0 stackId=42 taskId=559 displayId=0 isRunning=true baseIntent=Intent { act=android.intent.action.MAIN cat=[android.intent.category.LAUNCHER] flg=0x10000000 pkg=com.pvr.seethrough.setting cmp=com.pvr.seethrough.setting/.MainActivity } baseActivity=ComponentInfo{com.pvr.seethrough.setting/com.pvr.seethrough.setting.MainActivity} topActivity=ComponentInfo{com.pvr.seethrough.setting/com.pvr.seethrough.setting.MainActivity} origActivity=null realActivity=ComponentInfo{com.pvr.seethrough.setting/com.pvr.seethrough.setting.MainActivity} numActivities=1 lastActiveTime=545641232 supportsSplitScreenMultiWindow=true resizeMode=0
04-30 19:23:39.317  2906  3277 W Shortcut: AmsUtils , getTopRunningTask ....taskInfo: TaskInfo{userId=0 stackId=42 taskId=559 displayId=0 isRunning=true baseIntent=Intent { act=android.intent.action.MAIN cat=[android.intent.category.LAUNCHER] flg=0x10000000 pkg=com.pvr.seethrough.setting cmp=com.pvr.seethrough.setting/.MainActivity } baseActivity=ComponentInfo{com.pvr.seethrough.setting/com.pvr.seethrough.setting.MainActivity} topActivity=ComponentInfo{com.pvr.seethrough.setting/com.pvr.seethrough.setting.MainActivity} origActivity=null realActivity=ComponentInfo{com.pvr.seethrough.setting/com.pvr.seethrough.setting.MainActivity} numActivities=1 lastActiveTime=545641232 supportsSplitScreenMultiWindow=true resizeMode=0
04-30 19:23:39.317  2906  3277 W Shortcut: DockUtils , ignoreVrApp , packageName=com.pvr.seethrough.setting
04-30 19:23:39.317  2906  3277 I Shortcut: DockMainView checkShowExitActivity,needShow=false,dockIsRunning=false,ExitIsRunning=false,hasNearVisible=false,isVrApp=false,topApp=ComponentInfo{com.pvr.seethrough.setting/com.pvr.seethrough.setting.MainActivity}
04-30 19:23:39.318   960  7396 E gd32ipdservice: L1:79 2c 1a 60 06 29 
04-30 19:23:39.318   960  7396 E gd32ipdservice: L1:retry_cnt=7 ret=6 callingUid=0
04-30 19:23:39.318   968  2641 I pxrhmdservice : Debug <getParameter> - GetIPDPosition client=[0x7ce6221750] ipd_position=[6700]
04-30 19:23:39.318  1893  2734 I pxrhmdservice : Call <getGD32IPDPosition> - pvrserviceclient=0x7439335340.
04-30 19:23:39.319 21843 25143 E APxrRuntime: running_mode fixed latency found:0,set: 3.000000
04-30 19:23:39.319 21843 25143 E APxrRuntime: running_mode work_harder found:0, set: 0
04-30 19:23:39.319 21843 25143 E APxrRuntime: running_mode margin found:0, set: 0.000000s
04-30 19:23:39.319 21843 25143 E APxrRuntime: running_mode fix_fps found:0, set: 0.000000
04-30 19:23:39.319 21843 25143 E APxrRuntime: running_mode fix_padding found:0, set: 0.000000
04-30 19:23:39.319 21843 25143 E APxrRuntime: running_mode virtual_fetch found:0, set: 0
04-30 19:23:39.319   968  2641 I pxrhmdservice : Set Thread Priority: tid=25185, policy=1073741825, priority=9
04-30 19:23:39.319 21843 25143 W APxrRuntime: debug_get_log_option_persist.pxr.log_EGL_LOG raw:(null)
04-30 19:23:39.319  1893  2734 I pxrhmdservice : Call <setThreadPriority> - pvrserviceclient=0x7439335340.
04-30 19:23:39.319  1893  2734 W PxrCompositor: cpu Set thread priority 9 for tid 25185
04-30 19:23:39.325 21843 25143 W APxrRuntime: oxr_session_create newly_installed_app: 0
04-30 19:23:39.325 21843 25143 W xrt_session: oxr_session_manage_state, client: com.pvr.seethrough.setting, action=1, state=XR_SESSION_STATE_UNKNOWN
04-30 19:23:39.325 21843 25143 W xrt_session: oxr_session_change_state from 0 to 1
04-30 19:23:39.325   968  2641 I pxrhmdservice : Call <getRefreshRate> - sys.pvr.display.type=[72.000000] done.
04-30 19:23:39.325   968  2641 I pxrhmdservice : Call <getRefreshRate> - refreshRate=[72.000000 72.000000 72.000000].
04-30 19:23:39.325  1893  2734 I pxrhmdservice : Call <getRefreshRate> - pvrserviceclient=0x7439335340.
04-30 19:23:39.325  1893  2734 I PxrCompositor: PXRSDK_FT getDisplayRate 72.000000
04-30 19:23:39.325 21843 25143 E APxrRuntime: oxr_session_create floor_height 1.656937
04-30 19:23:39.325 21843 25143 W pico-ipc-client: prefetch_app 0
04-30 19:23:39.326 21843 25143 W PxrConfigServiceClient:  open getConfigPropertyDirectAccess type:0 configName:sys_tracking_enable_standalone_mode_tracker token: 
04-30 19:23:39.326 21843 21843 W pico-ipc-client: prefetch_app 0
04-30 19:23:39.326 21843 21843 I pico-ipc-client: registerActivityLifecycleCallbacks activity:com.pvr.seethrough.setting.MainActivity@333b837, resume:true, preload:false
04-30 19:23:39.326 21843 21843 I SurfaceViewFinder: SurfaceViewFinder found SurfaceView of unity!
04-30 19:23:39.326 21843 21843 I EngineListener: Window Focus:true, Surface created:true, App preload:false
04-30 19:23:39.326 21843 21843 I EngineListener: Activity resume:true, Window Focus:true, Surface created:true, App preload:false, Achieved:true
04-30 19:23:39.327 21843 21843 E APxrRuntime: Native activity resumed name = com.pvr.seethrough.setting
04-30 19:23:39.327 21843 21843 W PxrConfigServiceClient:  open getConfigPropertyDirectAccess type:0 configName:key_et_enable token:(null) 
04-30 19:23:39.331 21843 21843 W oxr_config: from config service, et  enable 0
04-30 19:23:39.331 21843 21843 W PxrConfigServiceClient:  open getConfigPropertyDirectAccess type:0 configName:key_ft_enable token: 
04-30 19:23:39.342 21843 25143 W oxr_config: from config service, oxr_get_motion_tracking_enable  enable 0
04-30 19:23:39.342 21843 25143 I PxrPlugin: up.mPxrPluginLogLevel =4.000000
04-30 19:23:39.342 21843 25143 I PxrPlugin: up.mPxrUnityLogLevel =4.000000
04-30 19:23:39.342 21843 25143 I PxrPlugin: up.mFoveationSubsampledEnabled = 0
04-30 19:23:39.342 21843 25143 E APxrRuntime: set config start in runtime session, ConfigsSetEXT:6,0
04-30 19:23:39.344 21843 21843 W oxr_config: from config service, ft  enable 0
04-30 19:23:39.344 21843 21843 E APxrRuntime: session_on_foucus_changed 0 0 
04-30 19:23:39.344 21843 21843 W xrt_session: com.pvr.seethrough.setting, session_on_foucus_changed
04-30 19:23:39.344  2143 19324 E Guardian:: xrBSetUser,in_user = com.pvr.seethrough.setting
04-30 19:23:39.344  2143 19324 E Guardian:: xrBSetUser,mCurrentUser = com.pvr.seethrough.setting
04-30 19:23:39.344  2143 19324 E Guardian:: is system app
04-30 19:23:39.344  2143 19324 E Guardian:: xrBShutdownGuardianSystem,in_user = com.pvr.seethrough.setting
04-30 19:23:39.344  2143 19324 E Guardian:: is system app
04-30 19:23:39.344  1346 14056 I SmtResourceControl: [FEAT_PERF_RES_CONTROL][10] set process running cpuset pid :2143  cpusetLevel : 2  timeout-1
04-30 19:23:39.344 17875 25002 E MRService:: xrBSetUser,in_user = com.pvr.seethrough.setting
04-30 19:23:39.345 17875 25002 E MRService:: xrBSetUser,mCurrentUser = com.pvr.seethrough.setting
04-30 19:23:39.345 17875 25002 E MRService:: is system app
04-30 19:23:39.345 17875 25002 E MRService:: xrBShutdownGuardianSystem,in_user = com.pvr.seethrough.setting
04-30 19:23:39.345 17875 25002 E MRService:: is system app
04-30 19:23:39.345 17875 25002 E MRService:: xrBSetSeethroughBackground,in_user = com.pvr.seethrough.setting,in_value = 1
04-30 19:23:39.345 17875 25002 E MRService:: track_behavior: xrBSetSeethroughBackground,in_value = 1
04-30 19:23:39.345  1893  2734 W APxrRuntime: (sss) Push RESUME event to current app = com.pvr.seethrough.setting state.ready_to_be_visible:0, state.visible:0
04-30 19:23:39.345  1893  2734 W APxrRuntime: (sss) current app changed = com.pvr.seethrough.setting
04-30 19:23:39.345 21843 21843 W xrt_session: com.pvr.seethrough.setting, session_on_activity_resume: in: 0x1
04-30 19:23:39.345 21843 21843 W APxrRuntime: Java_com_pico_picoopenxr_ipc_Client_NativeActivityResumed: 0x72ef107200
04-30 19:23:39.345  1346  1542 I SmtResourceControl: [FEAT_PERF_RES_CONTROL][20] find process :ProcessRecord{5ff0200 2143:com.pico.guardian/1000 PRSmt{245c68b p:0 t:null sa:0 usps:0 sps:2 kt:0 fs:0 inSfile:false freezeBlockFlags:0 pendingInstallProviderCount:0}}
04-30 19:23:39.345  1346  1542 I SmtResourceControl: [FEAT_PERF_RES_CONTROL][30] process  :ProcessRecord{5ff0200 2143:com.pico.guardian/1000 PRSmt{245c68b p:0 t:null sa:0 usps:0 sps:2 kt:0 fs:0 inSfile:false freezeBlockFlags:0 pendingInstallProviderCount:0}}  cpuset has been set to : 2  timeout-1   scenes : 2
04-30 19:23:39.345  1346  1542 I SmtResourceControl: [FEAT_PERF_RES_CONTROL][20] update lru process  :ProcessRecord{5ff0200 2143:com.pico.guardian/1000 PRSmt{245c68b p:0 t:null sa:0 usps:0 sps:2 kt:0 fs:0 inSfile:false freezeBlockFlags:0 pendingInstallProviderCount:0}}  final cpuset level: 2  timeout-1   scenes : 2
04-30 19:23:39.346  1346  1542 I SmtResourceControl: [FEAT_PERF_RES_CONTROL][30] add new force cpuset proc :2143  processGroup : -1  timeout-1
04-30 19:23:39.346  1346  1542 I SmtResourceControl: [FEAT_PERF_RES_CONTROL][20] update force process  :ProcessRecord{5ff0200 2143:com.pico.guardian/1000 PRSmt{245c68b p:0 t:null sa:0 usps:0 sps:2 kt:0 fs:0 inSfile:false freezeBlockFlags:0 pendingInstallProviderCount:0}}  final cpuset level: 2  timeout-1   scenes : 2
04-30 19:23:39.350  1893  2862 W APxrRuntime: (sss) Make application resume:com.pvr.seethrough.setting
04-30 19:23:39.351  1893  2862 W APxrRuntime: (sss) visible condition is statisfied, current app = com.pvr.seethrough.setting state.ready_to_be_visible:1, state.visible:0
04-30 19:23:39.364  2143  2672 E Guardian:: process event 29
04-30 19:23:39.369 21843 25143 I PxrPlugin: InitializeSession---call initGetMrcPosePICO
04-30 19:23:39.369 21843 25143 I PxrPlugin: initGetMrcPosePICO: pfnXrGetMrcPosePICO = 0x72ee554064
04-30 19:23:39.369 21843 25143 I PxrPlugin: InitializeSession---call initSetMrcPosePICO
04-30 19:23:39.369 21843 25143 I PxrPlugin: initSetMrcPosePICO: pfnXrSetMrcPosePICO = 0x72ee5541b4
04-30 19:23:39.369 21843 25143 I PxrPlugin: InitializeSession---call initSetIsSupportMovingMrcPico
04-30 19:23:39.369 21843 25143 I PxrPlugin: xrSetIsSupportMovingMrcPICO: pfnXrSetIsSupportMovingMrcPico = 0x72ee554304
04-30 19:23:39.369 21843 25143 E PxrPlugin:  System Properties: Name=PICO 4 HMD VendorId=42
04-30 19:23:39.369 21843 25143 W APxrRuntime: actionsystem runtime oxr_session_attach_action_sets 1331 after oxr_find_profile_for_device, profiles.left path str = /interaction_profiles/bytedance/pico4_controller 
04-30 19:23:39.369 21843 25143 E PxrPlugin: up.pfnXrStartCVControllerThreadPico interface has been deprecated
04-30 19:23:39.369 21843 25143 I [PxrUnity]: PluginDisplaySystem Register Started.
04-30 19:23:39.369 21843 25143 I [PxrUnity]: PluginDisplaySystem PicoVRDisplayProvider Started.
04-30 19:23:39.369 21843 25143 I [PxrUnity]: PicoVRSystem GetSDKVersion API xrVersion : 0x200050d, result: 0.
04-30 19:23:39.369 21843 25143 I [PxrUnity]: PluginDisplaySystem Register Ended.
04-30 19:23:39.369 21843 25143 I [PxrUnity]: PluginInputSystem RegisterInputLifecycleProvider Started.
04-30 19:23:39.369 21843 25143 I [PxrUnity]: PluginInputSystem RegisterInputLifecycleProvider Ended.
04-30 19:23:39.371   964 25043 I PvrTrackingService: logDebugControllerPose,left confidence 1, pose1 -0.993260,-0.046333,0.029472,-0.102075,-135.817960,-300.156951,-179.769531,pose2 -0.993260,-0.046333,0.029472,-0.102075,-139.846112,-318.289797,-175.299681
04-30 19:23:39.379  2143  2680 E Guardian:: GuardianSystem::Boundary is be colsed : 1,0,0
04-30 19:23:39.382 21843 25143 I [PxrUnity]: PluginDisplaySystem Initialize Started.
04-30 19:23:39.385 21843 25143 I SysMtpClient: Get SysMtpService start!
04-30 19:23:39.385  1376  1376 I SysMtpController: get share memory type : 1   result: 0!
04-30 19:23:39.385 21843 25143 E MTPDATA : map fd(92) fdSize(135200) getSize(135200) address(0x743826a000)
04-30 19:23:39.385  1376  1376 I SysMtpController: get share memory type : 8   result: 0!
04-30 19:23:39.385 21843 25143 E MTPDATA : map fd(93) fdSize(1568) getSize(1568) address(0x7441e40000)
04-30 19:23:39.385  1376  1376 I SysMtpController: get share memory type : 2   result: 0!
04-30 19:23:39.385 21843 25143 E MTPDATA : map fd(94) fdSize(108576) getSize(108576) address(0x7438236000)
04-30 19:23:39.385  1376  1376 I SysMtpController: get share memory type : 16   result: 0!
04-30 19:23:39.385 21843 25143 E MTPDATA : map fd(95) fdSize(589856) getSize(589856) address(0x72e82d4000)
04-30 19:23:39.386  1376  1376 I SysMtpController: get share memory type : 32   result: 0!
04-30 19:23:39.386 21843 25143 E MTPDATA : map fd(96) fdSize(6176) getSize(6176) address(0x74417c7000)
04-30 19:23:39.386  1376  1376 I SysMtpController: get share memory type : 64   result: 0!
04-30 19:23:39.386 21843 25143 E MTPDATA : map fd(97) fdSize(10784) getSize(10784) address(0x744176c000)
04-30 19:23:39.386  1376  1376 I SysMtpController: get share memory type : 128   result: 0!
04-30 19:23:39.386 21843 25143 E MTPDATA : map fd(98) fdSize(6176) getSize(6176) address(0x74417bb000)
04-30 19:23:39.386  1376  1376 I SysMtpController: get share memory type : 256   result: 0!
04-30 19:23:39.386 21843 25143 E MTPDATA : map fd(99) fdSize(4128) getSize(4128) address(0x74416fc000)
04-30 19:23:39.386  1376  1376 I SysMtpController: get share memory type : 512   result: 0!
04-30 19:23:39.386 21843 25143 E MTPDATA : map fd(100) fdSize(14368) getSize(14368) address(0x744161f000)
04-30 19:23:39.386  1376  1376 I SysMtpController: get share memory type : 1024   result: 0!
04-30 19:23:39.386 21843 25143 E MTPDATA : map fd(101) fdSize(43040) getSize(43040) address(0x74383f7000)
04-30 19:23:39.386  1376  1376 I SysMtpController: get share memory type : 2048   result: 0!
04-30 19:23:39.386 21843 25143 E MTPDATA : map fd(102) fdSize(84000) getSize(84000) address(0x7438221000)
04-30 19:23:39.386  1376  1376 I SysMtpController: get share memory type : 4096   result: 0!
04-30 19:23:39.386 21843 25143 E MTPDATA : map fd(103) fdSize(14368) getSize(14368) address(0x7441600000)
04-30 19:23:39.386  1376  1376 I SysMtpController: get share memory type : 8192   result: 0!
04-30 19:23:39.386 21843 25143 E MTPDATA : map fd(104) fdSize(6176) getSize(6176) address(0x74416fa000)
04-30 19:23:39.386  1376  1376 I SysMtpController: get share memory type : 16384   result: 0!
04-30 19:23:39.386 21843 25143 E MTPDATA : map fd(105) fdSize(6176) getSize(6176) address(0x74416bf000)
04-30 19:23:39.386  1376  1376 I SysMtpController: get share memory type : 32768   result: 0!
04-30 19:23:39.386 21843 25143 E MTPDATA : map fd(106) fdSize(12320) getSize(12320) address(0x7439dc0000)
04-30 19:23:39.386  1376  1376 I SysMtpController: get share memory type : 65536   result: 0!
04-30 19:23:39.387 21843 25143 E MTPDATA : map fd(107) fdSize(4128) getSize(4128) address(0x74415fe000)
04-30 19:23:39.387  1376  1376 I SysMtpController: get share memory type : 131072   result: 0!
04-30 19:23:39.387 21843 25143 E MTPDATA : map fd(108) fdSize(57376) getSize(57376) address(0x743825b000)
04-30 19:23:39.387  1376  1376 I SysMtpController: get share memory type : 262144   result: 0!
04-30 19:23:39.387 21843 25143 E MTPDATA : map fd(109) fdSize(57376) getSize(57376) address(0x7436a97000)
04-30 19:23:39.387  1376  1376 I SysMtpController: get share memory type : 524288   result: 0!
04-30 19:23:39.387 21843 25143 E MTPDATA : map fd(110) fdSize(36) getSize(36) address(0x744161e000)
04-30 19:23:39.387 21843 25143 I SysMtpClient: Get SysMtpService done!
04-30 19:23:39.387 21843 25143 E APxrRuntime: set config start in runtime session, ConfigsSetEXT:3,True
04-30 19:23:39.387  1893  2734 I PxrCompositor: pxr_set_config enter 3 True
04-30 19:23:39.387 21843 25143 I [PxrUnity]: PicoVRSystem Initialize Ended. currRenderAPIType: OpenGLES; single pass: true.
04-30 19:23:39.387 21843 25143 E APxrRuntime: set config start in runtime session, ConfigsSetEXT:5,false
04-30 19:23:39.387  1893  2734 I PxrCompositor: pxr_set_config enter 5 false
04-30 19:23:39.387  1893  2734 E PxrCompositor: pxr_set_config enumIndex out of range, set invalid!!!
04-30 19:23:39.387 21843 25143 I [PxrUnity]: PluginDisplaySystem Initialize Ended.
04-30 19:23:39.387 21843 25143 I [PxrUnity]: PluginInputSystem Lifecycle_Initialize Started.
04-30 19:23:39.387 21843 25143 E APxrRuntime: (path == XR_NULL_PATH)
04-30 19:23:39.387 21843 25143 E PxrPlugin: ctrltype plugin: getControllerType 2276 xrGetCurrentInteractionProfile  Path   so call pfnXrGetPhyControllerTypePico
04-30 19:23:39.387 21843 25143 I [PxrUnity]: PluginInputSystem Lifecycle_Initialize Ended. typemode:6
04-30 19:23:39.388 17875 25018 I PxrNotificationClient: sendPxrNotification,action:com.pxr.guardian.seethrough_state id:0,value1:state value2:3,ext:successed
04-30 19:23:39.388  1897  7484 I PxrNotificationService: sendPxrMessage callingPid:17875 action com.pxr.guardian.seethrough_state ,value1:state ,value2:3 ,ext:successed ,mPvrCallbacks.size():15
04-30 19:23:39.388  1893 23576 I PxrCompositor: notification_callback_onSeethroughState,state,3
04-30 19:23:39.388  1893 23576 I PxrCompositor: notifySeethroughState = 3
04-30 19:23:39.388  1893 23576 I PxrCompositor: notifySeethroughState = 3
04-30 19:23:39.388 17875 25018 I PxrNotificationClient: sendPxrNotification,action:com.pico.pxr_seethrough_isshow id:0,value1:state value2:3,ext:successed
04-30 19:23:39.389 21843 25143 I Unity   : seethroughsetting---UPxr_SubmitLayerSwitch --- enable :False
04-30 19:23:39.389  1897  7484 I PxrNotificationService: sendPxrMessage callingPid:17875 action com.pico.pxr_seethrough_isshow ,value1:state ,value2:3 ,ext:successed ,mPvrCallbacks.size():15
04-30 19:23:39.389 17875 25018 I PxrNotificationClient: sendPxrNotification,action:com.pxr.mrservice.vst_state id:0,value1:state value2:3,ext:successed
04-30 19:23:39.389   968  2641 I pxrhmdservice : PxrHmdServiceCore <seethroughCallBack> value1=state value2=3 ext=successed
04-30 19:23:39.389   968  2641 I pxrhmdservice : AutoIPDManager <isSupportEyetracking> isSupportEyetracking=0
04-30 19:23:39.389  1897  7484 I PxrNotificationService: sendPxrMessage callingPid:17875 action com.pxr.mrservice.vst_state ,value1:state ,value2:3 ,ext:successed ,mPvrCallbacks.size():15
04-30 19:23:39.389 17875 25018 I PxrSeethroughServiceClient: [###:1327]: Call <###> -.mode=[3]
04-30 19:23:39.389   972   972 I PxrSeethroughService: [###:4501]: Call <###> with mode=[3]
04-30 19:23:39.390  1346  2086 I ScenePowerInfo: [FEAT_POWER_MONITOR_COMMON][0] vst scene change, state: 3, screen_on, null
04-30 19:23:39.390  1346  2086 I ScenePowerInfo: [FEAT_POWER_MONITOR_COMMON][0] vst scene change, state: 3, app_front, null
04-30 19:23:39.389  1346 14056 I PowerAdvisor: [FEAT_SCENE_ADJUST_FREQ][0] onEventChanged, value1: state, value2: 3, ext: successed
04-30 19:23:39.390   972   972 I Photoid : [I 04/30 19:23:39.390 ] VSTPriority curr_vst_mode=0, mode=3, curr_vst_mode_update_flag=1
04-30 19:23:39.390   972   972 I Photoid : [I 04/30 19:23:39.390 ] VSTPriority curr_vst_mode=3
04-30 19:23:39.390 17875 25018 E MRService:: GsCameraClientRGB begin to start frame...
04-30 19:23:39.390 17875 25018 I NDK-CAMERA: [CreateCamera][90]: RGBCameraAHB::CreateCamera called
04-30 19:23:39.391   972   972 I PxrSeethroughService: Call <###> - start, pid=[17875],rgbCameraStatus=[1].
04-30 19:23:39.391   972   972 I PxrSeethroughService: Call <###> - i=[0],rgbCamera=[0],serviceMode=[0],Started=[-1].
04-30 19:23:39.391   972   972 I PxrSeethroughService: Call <###> - i=[1],rgbCamera=[1],serviceMode=[0],Started=[-1].
04-30 19:23:39.391   972   972 I PxrSeethroughService: Call <###> - rgb_status=[1].
04-30 19:23:39.391   972   972 I PxrSeethroughService: Call <###> - mPrevServiceMode=[0],serviceMode=[1]
04-30 19:23:39.391   972   972 I PxrSeethroughService: Call <###> - serviceMode=[1].
04-30 19:23:39.391   972   972 I PxrSeethroughService: Call <###> - end, pid=[17875],rgbCameraStatus=[1].
04-30 19:23:39.391   972  2497 I PxrSeethroughService: [###:3682]: Info <###> - station[0x6e848179166d1469 0x74fe925480 0x74fc083038 0x74fc08376c 0x74fc0832a0]
04-30 19:23:39.391   973  2991 E Stationservice: L1:in GetServiceFps, mCameraFpsConfig=1, mStationProtocolVersion=1
04-30 19:23:39.391   972  2497 E Stationclient: L1:GetServiceFps, status=1
04-30 19:23:39.391   972  2497 I PxrSeethroughService: [###:3706]: Debug <###> - GetServiceFps fps=[1]
04-30 19:23:39.391   972   972 I PxrSeethroughService: [###:4057]: Debug <###> - startPreview ret=[0]
04-30 19:23:39.391 17875 25018 I NDK-CAMERA: [CreateCamera][102]: OpenRGBCamera successfully
04-30 19:23:39.391   973  2991 E Stationservice: L1:in GetServiceFps, mCameraFpsConfig=1, mStationProtocolVersion=1
04-30 19:23:39.391   972  2497 E Stationclient: L1:GetServiceFps, status=1
04-30 19:23:39.391   972  2497 I PxrSeethroughService: [###:4617]: Debug <###> - GetServiceFps fps=[1]
04-30 19:23:39.391   972  2497 I PxrSeethroughService: func: ###, line: 3757, open rgb camera begin.
04-30 19:23:39.391   972  2497 I PvrTrackingCamera: disconnect: Camera 4 E, mStatus 1.
04-30 19:23:39.392   972  2497 W PvrTrackingCamera: initialize: Camera 4 waited provider for 0 ms
04-30 19:23:39.393   942  1344 I SDM     : ResourceImpl::SetMaxBandwidthMode: new bandwidth mode=1
04-30 19:23:39.394 21843 25143 E PxrPlugin:  engine version 2.3.4.6_slayer
04-30 19:23:39.394 21843 25143 E PxrPlugin:  engine version 23460
04-30 19:23:39.394 21843 25143 E PxrPlugin: parse_engine_info:plugin_version:
04-30 19:23:39.394 21843 25143 E APxrRuntime: set config start in runtime session, ConfigsSetEXT:0,UnityXR_2.3.4.6_slayers_2021.3.5f1
04-30 19:23:39.394 21843 25143 E APxrRuntime:  engine version UnityXR_2.3.4.6_slayers_2021.3.5f1
04-30 19:23:39.394 21843 25143 E APxrRuntime:  engine version 2.3.4.6_slayer
04-30 19:23:39.394 21843 25143 E APxrRuntime:  engine version 23460
04-30 19:23:39.394  1893  2734 I PxrCompositor: pxr_set_config enter 0 UnityXR_2.3.4.6_slayers_2021.3.5f1
04-30 19:23:39.394  2143 25077 E Guardian:: onVstStatusChanged value1=state, value2=3, ext=successed
04-30 19:23:39.395   972  2497 I PvrTrackingCamera: [startPreview,72] Camera, 4, mNumPartialResults 1, mUsePartialResult:0
04-30 19:23:39.395   972  2497 I PvrTrackingCamera: createBuffer format:35, width:2328, height:1748
04-30 19:23:39.395   972  2497 I PvrTrackingCamera: createBuffer,71:cam 4, phisical camera count 1
04-30 19:23:39.395   972  2497 I PvrTrackingCamera: startPreview, stream count 1
04-30 19:23:39.395   972  2497 I PvrTrackingCamera: Camera 4: Creating new stream 0: 2328 x 1748, format 35, dataspace 146931712 rotation 0 consumer usage 3, physicalCameraId 
04-30 19:23:39.395   972  2497 I PvrTrackingCamera: startPreview, stream id 0
04-30 19:23:39.395   972  2497 I PvrTrackingCamera: updateRequestTemplate,cam-4, update request template
04-30 19:23:39.395   972  2497 I PvrTrackingCamera: updateRequestTemplate,513: tag1: 1
04-30 19:23:39.395   972  2497 I PvrTrackingCamera: updateRequestTemplate,516: tag2: 1
04-30 19:23:39.395   972  2497 I PvrTrackingCamera: updateRequestTemplate, exposure 3000000
04-30 19:23:39.395   972  2497 I PvrTrackingCamera: updateRequestTemplate, gain 1200
04-30 19:23:39.396  2067  2389 E APxrRuntime:  oxr_session_poll:XRT_COMPOSITOR_EVENT_SEETHROUGH_CHANGE-------:3
04-30 19:23:39.396  2067  2389 I XRShell-Native: XR_TYPE_EVENT_SEETHROUGH_STATE_CHANGED, state is 3
04-30 19:23:39.396  2067  3675 I XRShell : EventDispatcher , dispatchKeyEvent2Ext , Event{clientId=-1, displayId=0, action=3, keyCode=-1000, buttonId=-1, deviceId=-1, isMotion=false, x=0.0, y=0.0, eventTime=112985, null}
04-30 19:23:39.396  1901  2210 W SYSTEM_EXT: seethrough status changed [3]
04-30 19:23:39.396  1901  2210 W SYSTEM_EXT: seethroughVisibleChanged [true]
04-30 19:23:39.396  1901  2210 W SYSTEM_EXT: already enter seethrough, ignore hide all [enter seethrough]
04-30 19:23:39.396  1901  2210 W SYSTEM_EXT: CALL CODE_SEETHROUGH_STATE inSeethrough :true
04-30 19:23:39.397  2067 20635 I XRShell : CODE_SEETHROUGH_STATE state :1
04-30 19:23:39.398   922 21481 E CHIUSECASE: [ERROR  ] chxsensorselectmode.cpp:677 FindBestSensorMode() seletedSensorModeIndex value is NULL
04-30 19:23:39.398   922 21481 E CHIUSECASE: [ERROR  ] chxsensorselectmode.cpp:682 FindBestSensorMode() seleted_sensormode_index is -1
04-30 19:23:39.398   922 21481 I CHIUSECASE: Selected Usecase: 7, SelectedMode W=2328, H=1748, FPS:50, NumBatchedFrames:1, modeIndex:5, op_mode: 0x8002
04-30 19:23:39.399  1346 30359 I SmartPowerMonitor: [FEAT_POWER_MONITOR_COMMON][0] noteSensorStateChange uid: 1000, sensor: 11, state: 1
04-30 19:23:39.399   930   930 I sensors-hal: batch:229, android.sensor.accelerometer/11, period=200000000, max_latency=0
04-30 19:23:39.399   930   930 I sensors-hal: batch:240, android.sensor.accelerometer/11, period=200000000, max_latency=0 request completed
04-30 19:23:39.399   930   930 I sensors-hal: activate:194, android.sensor.accelerometer/11 en=1
04-30 19:23:39.399   930   930 I sensors-hal: get_qmi_debug_flag:264, support_qmi_debug : false
04-30 19:23:39.400   930   930 I sensors-hal: activate:207, android.sensor.accelerometer/11 en=1 completed
04-30 19:23:39.401   930   930 I sensors-hal: batch:229, android.sensor.accelerometer/11, period=20000000, max_latency=0
04-30 19:23:39.401   930   930 I sensors-hal: batch:240, android.sensor.accelerometer/11, period=20000000, max_latency=0 request completed
04-30 19:23:39.403   930 25195 I sensors-hal: handle_indication_realtime:456,  SCHED_FIFO(10) for qmi_cbk
04-30 19:23:39.410  2067  2389 I XRShell-Native: nativeSendSeeThroughStateToEngine, state=1
04-30 19:23:39.411 21843 25143 I [PxrUnity]: PluginDisplaySystem Start Started.
04-30 19:23:39.411 21843 25143 I [PxrUnity]: PluginDisplaySystem Start Ended.
04-30 19:23:39.411 21843 25143 I [PxrUnity]: PluginDisplaySystem GfxThread_Start Started.
04-30 19:23:39.411 21843 25143 E APxrRuntime: set config start in runtime session, ConfigsSetEXT:8,72.000000
04-30 19:23:39.411  1893  2734 I PxrCompositor: pxr_set_config enter 8 72.000000
04-30 19:23:39.411  1893  2734 I PxrCompositor: PXRSDK_FT Engine call setDisplayFrequency g_fDisplayRate=72.000000
04-30 19:23:39.411   968   968 I pxrhmdservice : Call <getRefreshRate> - sys.pvr.display.type=[72.000000] done.
04-30 19:23:39.411   968   968 I pxrhmdservice : Call <getRefreshRate> - refreshRate=[72.000000 72.000000 72.000000].
04-30 19:23:39.412  1893  2734 I pxrhmdservice : Call <getRefreshRate> - pvrserviceclient=0x7439335340.
04-30 19:23:39.412  1893  2734 I PxrCompositor: PXRSDK_FT pxrSetDisplayFrequencyInternal setRefreshRate:72.000000, current rate: 72.000000
04-30 19:23:39.412  1893  2734 I PxrCompositor: PXRSDK_FT setRate is the same as getRate:72.000000
04-30 19:23:39.412   968  2641 I pxrhmdservice : Call <getRefreshRate> - sys.pvr.display.type=[72.000000] done.
04-30 19:23:39.412   968  2641 I pxrhmdservice : Call <getRefreshRate> - refreshRate=[72.000000 72.000000 72.000000].
04-30 19:23:39.412  1893  2734 I pxrhmdservice : Call <getRefreshRate> - pvrserviceclient=0x7439335340.
04-30 19:23:39.412   922 21481 I CVP     : File: vendor/qcom/proprietary/cv-noship/cvp2/src/cpu/platform/android/cvpSession.cpp Line: 173 Function: cvpGetDebugEnable() Msg:  CVP Debug Logs Disabled 
04-30 19:23:39.412 21843 25143 I [PxrUnity]: PluginDisplaySystem GfxThread_Start Ended.
04-30 19:23:39.412 21843 25143 I [PxrUnity]: PluginInputSystem Lifecycle_Start Started.
04-30 19:23:39.412 21843 25143 I [PxrUnity]: PicoJNIContext getCurrentActivity Started.
04-30 19:23:39.414   922 21481 I CVP     : File: vendor/qcom/proprietary/cv-noship/cvp2/src/cpu/cvpPower.cpp Line: 621 Function: cvpEstimatePowerDme() Msg: DME Voting
04-30 19:23:39.414   922 21481 I CVP     : File: vendor/qcom/proprietary/cv-noship/cvp2/src/cpu/cvpPower.cpp Line: 1573 Function: cvpAggreatePower() Msg: After aggregation
04-30 19:23:39.414   922 21481 I CVP     : File: vendor/qcom/proprietary/cv-noship/cvp2/src/cpu/cvpPower.cpp Line: 85 Function: cvpPrintPower() Msg: Actual      Clock: Fdu 19991460, Ica 7464960, Od 0, Mpu 0, Fw 50400000
04-30 19:23:39.414   922 21481 I CVP     : File: vendor/qcom/proprietary/cv-noship/cvp2/src/cpu/cvpPower.cpp Line: 89 Function: cvpPrintPower() Msg: Operational Clock: Fdu 19991460, Ica 7464960, Od 0, Mpu 0, Fw 50400000
04-30 19:23:39.414   922 21481 I CVP     : File: vendor/qcom/proprietary/cv-noship/cvp2/src/cpu/cvpPower.cpp Line: 91 Function: cvpPrintPower() Msg: Actual     Bw: Ddr 94684470, SysCache 0
04-30 19:23:39.414   922 21481 I CVP     : File: vendor/qcom/proprietary/cv-noship/cvp2/src/cpu/cvpPower.cpp Line: 93 Function: cvpPrintPower() Msg: Opeational Bw: Ddr 94684470, SysCache 0
04-30 19:23:39.414   922 21481 I CVP     : File: vendor/qcom/proprietary/cv-noship/cvp2/src/cpu/cvpPvtUtils.cpp Line: 163 Function: cvpSetPower() Msg: Update power to KMD
04-30 19:23:39.414   922 21481 I CVP     : File: vendor/qcom/proprietary/cv-noship/cvp2/src/cpu/cvpPower.cpp Line: 85 Function: cvpPrintPower() Msg: Actual      Clock: Fdu 19991460, Ica 7464960, Od 0, Mpu 0, Fw 50400000
04-30 19:23:39.414   922 21481 I CVP     : File: vendor/qcom/proprietary/cv-noship/cvp2/src/cpu/cvpPower.cpp Line: 89 Function: cvpPrintPower() Msg: Operational Clock: Fdu 19991460, Ica 7464960, Od 0, Mpu 0, Fw 50400000
04-30 19:23:39.414   922 21481 I CVP     : File: vendor/qcom/proprietary/cv-noship/cvp2/src/cpu/cvpPower.cpp Line: 91 Function: cvpPrintPower() Msg: Actual     Bw: Ddr 94684470, SysCache 0
04-30 19:23:39.414   922 21481 I CVP     : File: vendor/qcom/proprietary/cv-noship/cvp2/src/cpu/cvpPower.cpp Line: 93 Function: cvpPrintPower() Msg: Opeational Bw: Ddr 94684470, SysCache 0
04-30 19:23:39.415 21843 25143 E SensorManager: getFullSensorList check calling is 1000
04-30 19:23:39.416  1346 30359 I SmartPowerMonitor: [FEAT_POWER_MONITOR_COMMON][0] noteSensorStateChange uid: 1000, sensor: 82, state: 1
04-30 19:23:39.416 21843 25143 I [PxrUnity]: PluginInputSystem UpdateDeviceConnectionState deviceId : 0, connected : true 
04-30 19:23:39.416  2143 25077 E Guardian:: xrBGetBoundaryEnable,in_user = com.pvr.seethrough.setting
04-30 19:23:39.416 21843 25143 I [PxrUnity]: PluginInputSystem Start Started.
04-30 19:23:39.416 21843 25143 E APxrRuntime: set config start in runtime session, ConfigsSetEXT:1,2
04-30 19:23:39.416 21843 25143 E APxrRuntime: pxr_set_trackingorigin level type 2, xrEnableFloorLevel 1
04-30 19:23:39.416  1893  2734 I PxrCompositor: pxr_set_config enter 1 2
04-30 19:23:39.416 21843 25143 I [PxrUnity]: PluginInputSystem Start Ended.
04-30 19:23:39.416 21843 25143 I [PxrUnity]: PluginInputSystem Lifecycle_Start Ended.
04-30 19:23:39.426   972  3604 I Photoid : [I 04/30 19:23:39.426 ] VSTPriority changed the priority type=1, level=14
04-30 19:23:39.476  2143  2680 E APxrRuntime:  oxr_session_poll:XRT_COMPOSITOR_EVENT_SEETHROUGH_CHANGE-------:3
04-30 19:23:39.485 17875 25018 E APxrRuntime:  oxr_session_poll:XRT_COMPOSITOR_EVENT_SEETHROUGH_CHANGE-------:3
04-30 19:23:39.486   972  2497 I BufferQueueProducer: [ImageReader-2328x1748f23u3m5-972-34] connect: api 4, w*h = 2328 * 1748
04-30 19:23:39.486   972  2497 I PvrTrackingCamera: configureConsumerQueue,0
04-30 19:23:39.486   972  2497 I PvrTrackingCamera: startPreview,103: endConfigure mRepeating 1
04-30 19:23:39.487   972  2497 I PvrTrackingCamera: startPreview reader 4, running 1
04-30 19:23:39.487   972  2497 I PxrSeethroughService: func: ###, line: 3760, open rgb camera end.
04-30 19:23:39.487   972  2497 I PxrSeethroughService: [###:3764]: Debug <###> - see_start_preview
04-30 19:23:39.487   972  2497 I PxrSeethroughService: [###:3771]: Debug <###> - rgb_camera_waittime=[300] ----------------------------------------------------
04-30 19:23:39.487   972  2497 I PxrSeethroughService: [###:3774]: Debug <###> - rgb_have_synced=[1] ----------------------------------------------------
04-30 19:23:39.487   972 25215 I PvrTrackingCamera: processFrame-4 start
04-30 19:23:39.487   972 25215 E PvrTrackingCamera: processFrame, sched_setaffinity failed, err -1
04-30 19:23:39.498   973  2991 E Stationservice: L1:CameraRGBSyncSet, onoff = on, mCameraStreamFlag=f
04-30 19:23:39.499   973  2991 E Stationservice: KEYLOG:CameraRGBSyncSet:result:0x01
04-30 19:23:39.507  4531 19199 I ByteCast: cybergarageDevice:deviceSearchResponse, ssdpPacket:/192.168.1.42 ssdpST urn:dial-multiscreen-org:service:dial:1
04-30 19:23:39.514  4531 19199 I ByteCast: cybergarageDevice:deviceSearchResponse, ssdpPacket:/192.168.1.42 ssdpST urn:dial-multiscreen-org:service:dial:1
04-30 19:23:39.526 17875 25016 E MRService:: process event 29
04-30 19:23:39.527   968  2655 I pxrhmdservice : Call <getCommonDataThread> - boot_completed=[1] ------------------------
04-30 19:23:39.616 21843 25143 I Unity   : seethroughsetting---UI---SetBasePath---/data/misc/user/0/boundary/
04-30 19:23:39.616 21843 25143 W Unity   : seethroughsetting---StoreToast---HideShelf---HideToast
04-30 19:23:39.616 21843 25143 I Unity   : seethroughsetting_2.1.17
04-30 19:23:39.617 21843 25143 I MainActivity: language = zh***country = CN
04-30 19:23:39.617 21843 25143 I MainActivity: newlanguage = zh-Hans-CN
04-30 19:23:39.617 21843 25143 I Unity   : seethroughsetting---UI---InitLanguage---zh-Hans-CN
04-30 19:23:39.627 21843 25143 I Unity   : seethroughsetting---UI---InitDeviceMode---Pico A8110
04-30 19:23:39.628 21843 25143 I Unity   : seethroughsetting---Camera Offset---HideLine_curControllerModel:---None
04-30 19:23:39.628 21843 25143 I Unity   : ToBService PXR_EnterpriseTools StartUp
04-30 19:23:39.632 21843 25143 I PvrManagerInternal: PvrManagerInternal
04-30 19:23:39.633 21843 25143 W ContextImpl: Calling a method in the system process without a qualified user: android.app.ContextImpl.bindService:1649 android.content.ContextWrapper.bindService:705 com.pvr.tobservice.ToBServiceHelper.bindTobService:67 com.picoxr.tobservice.ToBServiceUtils.bindTobService:75 com.unity3d.player.UnityPlayer.nativeRender:-2 
04-30 19:23:39.633  1346 30359 W ActivityManager: Unable to start service Intent { pkg=com.pvr.seethrough.setting cmp=com.pvr.tobservice/.service.ToBService } U=0: not found
04-30 19:23:39.634 21843 25143 I Unity   : seethroughsetting---MainView---Start---0.866
04-30 19:23:39.638   972 25215 I PxrSeethroughService: [###:4694]: Debug <###> line <4694> - see_get_first_frame
04-30 19:23:39.638 21843 25143 I Unity   : PXRLog XR Platform----SDK Version:2.3.4.6_slayers
04-30 19:23:39.640 21843 25143 I Unity   : PXRLog XR Platform----SDK logLevel:4
04-30 19:23:39.640 21843 25143 I Unity   : [PXR_Plugin/System]UPxr_EnableEyeTracking() enable:False
04-30 19:23:39.641 21843 25143 E PxrPlugin: Pxr_SetTrackingMode called. ===2
04-30 19:23:39.641  1893 23576 I PxrCompositor: eyetrackingSC:pxrSetTrackingMode Enter  0
04-30 19:23:39.641  1893 23576 I PxrCompositor:  eyetrackingSC: sxrSetTrackingMode app input gAppSupportEyeTk = 0
04-30 19:23:39.641  1893 23576 I PxrCompositor:  eyetrackingSC: sxrSetTrackingMode app input gAppSupportFaceTk = 0
04-30 19:23:39.641  1893 23576 I PxrCompositor:  eyetrackingSC: sxrSetTrackingMode app input gAppSupportFaceLibSync = 0
04-30 19:23:39.641  1893 23576 I PxrCompositor:   pxrSetTrackingMode : Using application defined tracking mode (0).
04-30 19:23:39.641  1893 23576 I PxrCompositor: eyetrackingSC:pxrGetSupportedTrackingModes Enter
04-30 19:23:39.641  1893 23576 I TrackingClient: GetSupportedTrackingMode 3
04-30 19:23:39.641  1893 23576 I EyeTrackingClient: GetSupportedTrackingMode 8192
04-30 19:23:39.641  1893 23576 I PxrCompositor:   eyetrackingSC:sxrGetSupportedTrackingModes supportedEyeTracking = 0====3==eyetrackingModes=
04-30 19:23:39.641  1893 23576 I PxrCompositor: eyetrackingSC:sxrGetSupportedTrackingModes Exit result = 8259
04-30 19:23:39.641  1893 23576 I PxrCompositor:   pxrTrackingservice  PVR_TRACKING_SERVICE setMode : 0
04-30 19:23:39.641  1893 23576 I TrackingClient: SetTrackingMode 0
04-30 19:23:39.641  1893 23576 E PxrCompositor:   pxrTrackingservice PVR_TRACKING_SERVICE setmode Error
04-30 19:23:39.641  1893 23576 I PxrCompositor: pxrSetTrackingMode Exit
04-30 19:23:39.642  1893 23576 I EyeTrackingClient: GetSupportedTrackingMode 8192
04-30 19:23:39.643 21843 25143 E PxrPlugin: Pxr_SetTrackingMode called. ===2
04-30 19:23:39.643  1893 23576 I PxrCompositor: eyetrackingSC:pxrSetTrackingMode Enter  0
04-30 19:23:39.643  1893 23576 I PxrCompositor:  eyetrackingSC: sxrSetTrackingMode app input gAppSupportEyeTk = 0
04-30 19:23:39.643  1893 23576 I PxrCompositor:  eyetrackingSC: sxrSetTrackingMode app input gAppSupportFaceTk = 0
04-30 19:23:39.643  1893 23576 I PxrCompositor:  eyetrackingSC: sxrSetTrackingMode app input gAppSupportFaceLibSync = 0
04-30 19:23:39.643  1893 23576 I PxrCompositor:   pxrSetTrackingMode : Using application defined tracking mode (0).
04-30 19:23:39.643  1893 23576 I PxrCompositor: eyetrackingSC:pxrGetSupportedTrackingModes Enter
04-30 19:23:39.643  1893 23576 I TrackingClient: GetSupportedTrackingMode 3
04-30 19:23:39.643  1893 23576 I EyeTrackingClient: GetSupportedTrackingMode 8192
04-30 19:23:39.643  1893 23576 I PxrCompositor:   eyetrackingSC:sxrGetSupportedTrackingModes supportedEyeTracking = 0====3==eyetrackingModes=
04-30 19:23:39.643  1893 23576 I PxrCompositor: eyetrackingSC:sxrGetSupportedTrackingModes Exit result = 8259
04-30 19:23:39.643  1893 23576 I PxrCompositor:   pxrTrackingservice  PVR_TRACKING_SERVICE setMode : 0
04-30 19:23:39.643  1893 23576 I TrackingClient: SetTrackingMode 0
04-30 19:23:39.643  1893 23576 E PxrCompositor:   pxrTrackingservice PVR_TRACKING_SERVICE setmode Error
04-30 19:23:39.643  1893 23576 I PxrCompositor: pxrSetTrackingMode Exit
04-30 19:23:39.643  1893 23576 I EyeTrackingClient: GetSupportedTrackingMode 8192
04-30 19:23:39.644 21843 25143 E PxrPlugin: Pxr_SetTrackingMode called. ===2
04-30 19:23:39.644  1893 23576 I PxrCompositor: eyetrackingSC:pxrSetTrackingMode Enter  0
04-30 19:23:39.644  1893 23576 I PxrCompositor:  eyetrackingSC: sxrSetTrackingMode app input gAppSupportEyeTk = 0
04-30 19:23:39.644  1893 23576 I PxrCompositor:  eyetrackingSC: sxrSetTrackingMode app input gAppSupportFaceTk = 0
04-30 19:23:39.644  1893 23576 I PxrCompositor:  eyetrackingSC: sxrSetTrackingMode app input gAppSupportFaceLibSync = 0
04-30 19:23:39.644  1893 23576 I PxrCompositor:   pxrSetTrackingMode : Using application defined tracking mode (0).
04-30 19:23:39.644  1893 23576 I PxrCompositor: eyetrackingSC:pxrGetSupportedTrackingModes Enter
04-30 19:23:39.644  1893 23576 I TrackingClient: GetSupportedTrackingMode 3
04-30 19:23:39.644  1893 23576 I EyeTrackingClient: GetSupportedTrackingMode 8192
04-30 19:23:39.644  1893 23576 I PxrCompositor:   eyetrackingSC:sxrGetSupportedTrackingModes supportedEyeTracking = 0====3==eyetrackingModes=
04-30 19:23:39.644  1893 23576 I PxrCompositor: eyetrackingSC:sxrGetSupportedTrackingModes Exit result = 8259
04-30 19:23:39.644  1893 23576 I PxrCompositor:   pxrTrackingservice  PVR_TRACKING_SERVICE setMode : 0
04-30 19:23:39.644  1893 23576 I TrackingClient: SetTrackingMode 0
04-30 19:23:39.644  1893 23576 E PxrCompositor:   pxrTrackingservice PVR_TRACKING_SERVICE setmode Error
04-30 19:23:39.644  1893 23576 I PxrCompositor: pxrSetTrackingMode Exit
04-30 19:23:39.645  1893 23576 I EyeTrackingClient: GetSupportedTrackingMode 8192
04-30 19:23:39.646 21843 25143 I PxrNotificationClient: sendPxrNotification,action:teatracker_event_action id:0,value1:power_runtime_info value2:0,ext:{"pkg_name":"com.pvr.seethrough.setting","type":"ffr","value":"0","power_need":true}
04-30 19:23:39.646  1897  7484 I PxrNotificationService: sendPxrMessage callingPid:21843 action teatracker_event_action ,value1:power_runtime_info ,value2:0 ,ext:{"pkg_name":"com.pvr.seethrough.setting","type":"ffr","value":"0","power_need":true} ,mPvrCallbacks.size():15
04-30 19:23:39.647  1346 30359 I PowerAdvisor: noteSystemState {"pkg_name":"com.pvr.seethrough.setting","type":"ffr","value":"0","power_need":true}, 1000
04-30 19:23:39.647 21843 25143 E PCTP    : PCTP upload:{"pkg_name":"com.pvr.seethrough.setting","type":"ffr","value":"0","power_need":true}
04-30 19:23:39.647  1346 30359 I PowerEvents: [FEAT_POWER_MONITOR_COMMON][0] noteSystemState com.pvr.seethrough.setting, ffr, 0, null
04-30 19:23:39.647 21843 25143 E APxrRuntime: set config start in runtime session, ConfigsSetEXT:7,0
04-30 19:23:39.647 21843 25143 I Unity   : PXR MRC Awake openMRC = False ,MRCInitSucceed = False.
04-30 19:23:39.648 21843 25143 W Unity   : XRRig has been deprecated. Use the XROrigin component instead.
04-30 19:23:39.649 21843 25143 I Unity   : PUI--------------ro.pvr.product.name = Phoenix
04-30 19:23:39.651 21843 25143 I Unity   : seethroughsetting---Camera Offset---LoadController---controller ------head
04-30 19:23:39.652 21843 25143 W Unity   : CursorManager-------ControlCVRayShow---RayController is null!!!
04-30 19:23:39.652 21843 25143 I Unity   : PUI------- DOT is not null
04-30 19:23:39.652 21843 25143 I Unity   : PUI------- start is not null
04-30 19:23:39.653 21843 25143 E APxrRuntime: (path == XR_NULL_PATH)
04-30 19:23:39.653 21843 25143 E PxrPlugin: ctrltype plugin: getControllerType 2276 xrGetCurrentInteractionProfile  Path   so call pfnXrGetPhyControllerTypePico
04-30 19:23:39.654 21843 25143 W Unity   : CursorManager-------ControlCVRayShow---RayController is null!!!
04-30 19:23:39.654 21843 25143 I Unity   : PUI------- DOT is not null
04-30 19:23:39.654 21843 25143 I Unity   : PUI------- start is not null
04-30 19:23:39.654 21843 25143 E APxrRuntime: (path == XR_NULL_PATH)
04-30 19:23:39.654 21843 25143 E PxrPlugin: ctrltype plugin: getControllerType 2276 xrGetCurrentInteractionProfile  Path   so call pfnXrGetPhyControllerTypePico
04-30 19:23:39.656 21843 25143 I Unity   : SeethroughSetting_PaintLR_Start
04-30 19:23:39.657 21843 25143 I Unity   : SeethroughSetting_PaintLR_End
04-30 19:23:39.660 21843 25143 E PxrPlugin: Pxr_GetLayerImageCount failed invalid layerId: 1
04-30 19:23:39.661 21843 25143 I Unity   : seethroughsetting---UPxr_SubmitLayerSwitch --- enable :True
04-30 19:23:39.666 21843 25143 I Unity   : [SHOOTS_UNITY]stub info: stub_version=0.0.22.0, unity_version=2021.3.5f1, app_version=2.1.17, app_id=com.pvr.seethrough.setting
04-30 19:23:39.666 21843 25143 I Unity   : [SHOOTS_UNITY]temp dir: /sdcard/Android/media/com.pvr.seethrough.setting/files
04-30 19:23:39.667 21843 25143 I Unity   : [SHOOTS_UNITY]Write port to /sdcard/Android/media/com.pvr.seethrough.setting/files/21843.stub_port
04-30 19:23:39.667 21843 25143 I Unity   : [SHOOTS_UNITY]temp dir: /sdcard/Android/data/com.pvr.seethrough.setting/files
04-30 19:23:39.667 21843 25143 I Unity   : [SHOOTS_UNITY]Write port to /sdcard/Android/data/com.pvr.seethrough.setting/files/21843.stub_port
04-30 19:23:39.667 21843 25143 I Unity   : [SHOOTS_UNITY]Unity Stub listening to port 43305
04-30 19:23:39.668 21843 25143 I SeethroughSetting: UnityResumeComplete
04-30 19:23:39.670  1346 30359 W SensorService: sensor 0000000b already enabled in connection 0x7425fe4a40 (ignoring)
04-30 19:23:39.670   930   930 I sensors-hal: batch:229, android.sensor.accelerometer/11, period=200000000, max_latency=0
04-30 19:23:39.670   930   930 I sensors-hal: batch:240, android.sensor.accelerometer/11, period=200000000, max_latency=0 request completed
04-30 19:23:39.670   930   930 I sensors-hal: batch:229, android.sensor.accelerometer/11, period=20000000, max_latency=0
04-30 19:23:39.670   930   930 I sensors-hal: batch:240, android.sensor.accelerometer/11, period=20000000, max_latency=0 request completed
04-30 19:23:39.672 21843 21843 W ViewRootImpl: Will skip draw vr actvity :com.pvr.seethrough.setting/com.pvr.seethrough.setting.MainActivity
04-30 19:23:39.673 21843 25143 W xrt_session: com.pvr.seethrough.setting: client: oxr_session_handler_xrtCompositorEventResumeChange, receive RESUME changed event
04-30 19:23:39.673 21843 25143 W xrt_session: oxr_session_manage_state, client: com.pvr.seethrough.setting, action=2, state=XR_SESSION_STATE_IDLE
04-30 19:23:39.673 21843 25143 E xrt_session: oxr_session_manage_state: client com.pvr.seethrough.setting reiceive resumed when session is idle:activity resumed:1
04-30 19:23:39.673 21843 25143 W xrt_session: oxr_session_change_state from 1 to 2
04-30 19:23:39.673 21843 25143 E APxrRuntime:  oxr_session_poll:XRT_COMPOSITOR_EVENT_SEETHROUGH_CHANGE-------:3
04-30 19:23:39.673 21843 25143 E APxrRuntime: set_desired_fps:invalid param,0.013889,0
04-30 19:23:39.673 21843 25143 W APxrRuntime: set_desired_fps done,-1,13.888889,0,0
