04-21 19:56:20.721 21046 26213 I Unity   : GestureDetectorXR: 发送 relative | 右手 关节=26 追踪=26 示例=(0.144,1.023,0.136) | 左手 关节=26 追踪=26 示例=(0.088,0.583,0.054)
04-21 19:56:20.721 21046 26213 I Unity   : UnityEngine.DebugLogHandler:Internal_Log(LogType, LogOption, String, Object)
04-21 19:56:20.721 21046 26213 I Unity   : UnityEngine.DebugLogHandler:LogFormat(LogType, Object, String, Object[])
04-21 19:56:20.721 21046 26213 I Unity   : UnityEngine.Logger:Log(LogType, Object)
04-21 19:56:20.721 21046 26213 I Unity   : UnityEngine.Debug:Log(Object)
04-21 19:56:20.721 21046 26213 I Unity   : GestureDetectorXR:SendHandDataThroughController(String) (at /home/likunwei/dataCollection/BeaVR-app/BeaVR-Unity/Assets/Scripts/Gesture Detection/GestureDetectorXR.cs:431)
04-21 19:56:20.721 21046 26213 I Unity   : GestureDetectorXR:Update() (at /home/likunwei/dataCollection/BeaVR-app/BeaVR-Unity/Assets/Scripts/Gesture Detection/GestureDetectorXR.cs:214)
04-21 19:56:20.721 21046 26213 I Unity   : 
04-21 19:56:20.748  4365 25094 I ByteCast: cybergarageDevice:deviceSearchResponse, ssdpPacket:/192.168.1.45 ssdpST urn:schemas-upnp-org:device:InternetGatewayDevice:1
04-21 19:56:20.758  2138  2658 E Guardian:: GsDialog::mDialogAccumulatedNumber >= 5
04-21 19:56:20.776 21046 26213 I Unity   : [App→Bot] Resolution 转发频率: 71.8 Hz
04-21 19:56:20.776 21046 26213 I Unity   : UnityEngine.DebugLogHandler:Internal_Log(LogType, LogOption, String, Object)
04-21 19:56:20.776 21046 26213 I Unity   : UnityEngine.DebugLogHandler:LogFormat(LogType, Object, String, Object[])
04-21 19:56:20.776 21046 26213 I Unity   : UnityEngine.Logger:Log(LogType, Object)
04-21 19:56:20.776 21046 26213 I Unity   : UnityEngine.Debug:Log(Object)
04-21 19:56:20.776 21046 26213 I Unity   : NetMQController:SendMessage(String, String) (at /home/likunwei/dataCollection/BeaVR-app/BeaVR-Unity/Assets/Scripts/Network/NetMQController.cs:335)
04-21 19:56:20.776 21046 26213 I Unity   : GestureDetectorXR:SendResolutionThroughController() (at /home/likunwei/dataCollection/BeaVR-app/BeaVR-Unity/Assets/Scripts/Gesture Detection/GestureDetectorXR.cs:509)
04-21 19:56:20.776 21046 26213 I Unity   : GestureDetectorXR:Update() (at /home/likunwei/dataCollection/BeaVR-app/BeaVR-Unity/Assets/Scripts/Gesture Detection/GestureDetectorXR.cs:203)
04-21 19:56:20.776 21046 26213 I Unity   : 
04-21 19:56:20.777 21046 26213 I Unity   : [App→Bot] Pause 转发频率: 71.8 Hz
04-21 19:56:20.777 21046 26213 I Unity   : UnityEngine.DebugLogHandler:Internal_Log(LogType, LogOption, String, Object)
04-21 19:56:20.777 21046 26213 I Unity   : UnityEngine.DebugLogHandler:LogFormat(LogType, Object, String, Object[])
04-21 19:56:20.777 21046 26213 I Unity   : UnityEngine.Logger:Log(LogType, Object)
04-21 19:56:20.777 21046 26213 I Unity   : UnityEngine.Debug:Log(Object)
04-21 19:56:20.777 21046 26213 I Unity   : NetMQController:SendMessage(String, String) (at /home/likunwei/dataCollection/BeaVR-app/BeaVR-Unity/Assets/Scripts/Network/NetMQController.cs:335)
04-21 19:56:20.777 21046 26213 I Unity   : GestureDetectorXR:SendPauseStatusThroughController() (at /home/likunwei/dataCollection/BeaVR-app/BeaVR-Unity/Assets/Scripts/Gesture Detection/GestureDetectorXR.cs:525)
04-21 19:56:20.777 21046 26213 I Unity   : GestureDetectorXR:Update() (at /home/likunwei/dataCollection/BeaVR-app/BeaVR-Unity/Assets/Scripts/Gesture Detection/GestureDetectorXR.cs:204)
04-21 19:56:20.777 21046 26213 I Unity   : 
04-21 19:56:20.777 21046 26213 I Unity   : [App→Bot] RightHand 转发频率: 71.8 Hz
04-21 19:56:20.777 21046 26213 I Unity   : UnityEngine.DebugLogHandler:Internal_Log(LogType, LogOption, String, Object)
04-21 19:56:20.777 21046 26213 I Unity   : UnityEngine.DebugLogHandler:LogFormat(LogType, Object, String, Object[])
04-21 19:56:20.777 21046 26213 I Unity   : UnityEngine.Logger:Log(LogType, Object)
04-21 19:56:20.777 21046 26213 I Unity   : UnityEngine.Debug:Log(Object)
04-21 19:56:20.777 21046 26213 I Unity   : NetMQController:SendMessage(String, String) (at /home/likunwei/dataCollection/BeaVR-app/BeaVR-Unity/Assets/Scripts/Network/NetMQController.cs:335)
04-21 19:56:20.777 21046 26213 I Unity   : GestureDetectorXR:SendHandDataThroughController(String) (at /home/likunwei/dataCollection/BeaVR-app/BeaVR-Unity/Assets/Scripts/Gesture Detection/GestureDetectorXR.cs:341)
04-21 19:56:20.777 21046 26213 I Unity   : GestureDetectorXR:Update() (at /home/likunwei/dataCollection/BeaVR-app/BeaVR-Unity/Assets/Scripts/Gesture Detection/GestureDetectorXR.cs:214)
04-21 19:56:20.777 21046 26213 I Unity   : 
04-21 19:56:20.777 21046 26213 I Unity   : [App→Bot] LeftHand 转发频率: 71.8 Hz
04-21 19:56:20.777 21046 26213 I Unity   : UnityEngine.DebugLogHandler:Internal_Log(LogType, LogOption, String, Object)
04-21 19:56:20.777 21046 26213 I Unity   : UnityEngine.DebugLogHandler:LogFormat(LogType, Object, String, Object[])
04-21 19:56:20.777 21046 26213 I Unity   : UnityEngine.Logger:Log(LogType, Object)
04-21 19:56:20.777 21046 26213 I Unity   : UnityEngine.Debug:Log(Object)
04-21 19:56:20.777 21046 26213 I Unity   : NetMQController:SendMessage(String, String) (at /home/likunwei/dataCollection/BeaVR-app/BeaVR-Unity/Assets/Scripts/Network/NetMQController.cs:335)
04-21 19:56:20.777 21046 26213 I Unity   : GestureDetectorXR:SendHandDataThroughController(String) (at /home/likunwei/dataCollection/BeaVR-app/BeaVR-Unity/Assets/Scripts/Gesture Detection/GestureDetectorXR.cs:348)
04-21 19:56:20.777 21046 26213 I Unity   : GestureDetectorXR:Update() (at /home/likunwei/dataCollection/BeaVR-app/BeaVR-Unity/Assets/Scripts/Gesture Detection/GestureDetectorXR.cs:214)
04-21 19:56:20.777 21046 26213 I Unity   : 
04-21 19:56:20.778 21046 26213 I Unity   : [PICO→App] 右手发送频率: 71.8 Hz
04-21 19:56:20.778 21046 26213 I Unity   : UnityEngine.DebugLogHandler:Internal_Log(LogType, LogOption, String, Object)
04-21 19:56:20.778 21046 26213 I Unity   : UnityEngine.DebugLogHandler:LogFormat(LogType, Object, String, Object[])
04-21 19:56:20.778 21046 26213 I Unity   : UnityEngine.Logger:Log(LogType, Object)
04-21 19:56:20.778 21046 26213 I Unity   : UnityEngine.Debug:Log(Object)
04-21 19:56:20.778 21046 26213 I Unity   : GestureDetectorXR:SendHandDataThroughController(String) (at /home/likunwei/dataCollection/BeaVR-app/BeaVR-Unity/Assets/Scripts/Gesture Detection/GestureDetectorXR.cs:362)
04-21 19:56:20.778 21046 26213 I Unity   : GestureDetectorXR:Update() (at /home/likunwei/dataCollection/BeaVR-app/BeaVR-Unity/Assets/Scripts/Gesture Detection/GestureDetectorXR.cs:214)
04-21 19:56:20.778 21046 26213 I Unity   : 
04-21 19:56:20.778 21046 26213 I Unity   : [PICO→App] 左手发送频率: 71.8 Hz
04-21 19:56:20.778 21046 26213 I Unity   : UnityEngine.DebugLogHandler:Internal_Log(LogType, LogOption, String, Object)
04-21 19:56:20.778 21046 26213 I Unity   : UnityEngine.DebugLogHandler:LogFormat(LogType, Object, String, Object[])
04-21 19:56:20.778 21046 26213 I Unity   : UnityEngine.Logger:Log(LogType, Object)
04-21 19:56:20.778 21046 26213 I Unity   : UnityEngine.Debug:Log(Object)
04-21 19:56:20.778 21046 26213 I Unity   : GestureDetectorXR:SendHandDataThroughController(String) (at /home/likunwei/dataCollection/BeaVR-app/BeaVR-Unity/Assets/Scripts/Gesture Detection/GestureDetectorXR.cs:370)
04-21 19:56:20.778 21046 26213 I Unity   : GestureDetectorXR:Update() (at /home/likunwei/dataCollection/BeaVR-app/BeaVR-Unity/Assets/Scripts/Gesture Detection/GestureDetectorXR.cs:214)
04-21 19:56:20.778 21046 26213 I Unity   : 
04-21 19:56:20.856  2138  2658 E Guardian:: GsDialog::mDialogAccumulatedNumber >= 5
04-21 19:56:20.875 21046 26314 E APxrRuntime: PassthroughFB-submit_passthrough_layer_effect passthrough layer count is illegal!
04-21 19:56:20.953  2138  2658 E Guardian:: GsDialog::mDialogAccumulatedNumber >= 5
04-21 19:56:21.051  2138  2658 E Guardian:: GsDialog::mDialogAccumulatedNumber >= 5
04-21 19:56:21.113 21046 26314 E APxrRuntime: PassthroughFB-submit_passthrough_layer_effect passthrough layer count is illegal!
04-21 19:56:21.149  2138  2658 I PxrNotificationClient: sendPxrNotification,action:com.pxr.dialog_ui.state id:0,value1:state value2:8,ext:successed
04-21 19:56:21.149  1892  2094 I chatty  : uid=1000(system) Binder:1892_1 expire 2 lines
04-21 19:56:21.150  2138  2658 E Guardian:: notify vr shell dialog state = 8
04-21 19:56:21.150  1892  1892 I chatty  : uid=1000(system) com.picovr.systemext expire 15 lines
04-21 19:56:21.156  1892  1892 I Surface : create surface : Surface(name=android.graphics.SurfaceTexture@ceda198)/@0xbfa4df1 from : SurfaceTexture-0-1892-36
04-21 19:56:21.174  1892  4875 I chatty  : uid=1000(system) AsyncTask #1 expire 15 lines
04-21 19:56:21.174  2021  3622 I XRShell : CODE_WIN_CREATE windowId :38,  windowType : 4006, shapeType : 0, parentId -1, subType = 45, flags = 10000 , hasBinder=true
04-21 19:56:21.174  2021  3622 I XRShell : XREngine ---> createWindow START panelId : 38 windowType : 4006 parentId : -1
04-21 19:56:21.175  2021  3622 I XRShell : CODE_WIN_NEW_SURFACE windowId :38 displayId:-1 w = 400 h = 370 scale = 1.0
04-21 19:56:21.175  2021  3622 I XRShell : XREngine ---> createWindowSurface START panelId : 38 width : 400 height : 370 scale : 1.0
04-21 19:56:21.182  2021  2387 I XRShell : XREngine ---> createWindow END panelId : 38
04-21 19:56:21.182  2021  2387 E XRShell-Native: createPanelSurface panel_id=38
04-21 19:56:21.182  1883  3249 I Surface : create surface : Surface(name=129582804505)/@0x96ff07d from : SurfaceTexture-505-1883-93
04-21 19:56:21.183  2021  2387 E APxrRuntime: oxr_xrCreateSwapchainAndroidSurfaceKHR: w 400 h 370 texIdOES 505, surface:0x25da
04-21 19:56:21.183  2021  2387 E XRShell-Native: XREngine Native ---> createSurface success, LayerType=1 , width:400, height:370 , mAppSurfaceObj=0x25da
04-21 19:56:21.183  2021  2387 I XRShell-Native: nativeCreatePanelSurface , surface=0x25da
04-21 19:56:21.183  2021  2387 I XRShell : XREngine ---> createWindowSurface END panelId : 38
04-21 19:56:21.184  2021  3622 I XRShell : CODE_WIN_UPDATE_VISIBLE windowId :38 visible = true
04-21 19:56:21.184  2021  3622 I XRShell : XREngine ---> setWindowVisible panelId : 38 visible : true
04-21 19:56:21.184  2021  3622 I XRShell : report window num event:0 app windows
04-21 19:56:21.185  2021  3622 I XRShell : CODE_WIN_UPDATE_VISIBLE windowId :38 visible = true
04-21 19:56:21.185  2021  3622 I XRShell : XREngine ---> setWindowVisible panelId : 38 visible : true
04-21 19:56:21.185  2021  3622 I XRShell : report window num event:0 app windows
04-21 19:56:21.196 21046 26314 W APxrRuntime: PXRSDK_PM ENGINE FPS: 72, 5402800068928
04-21 19:56:21.203   961 26256 I chatty  : uid=0(root) Binder:961_2 expire 10 lines
04-21 19:56:21.209  2021  2387 E APxrRuntime: set config start in runtime session, ConfigsSetEXT:20000,1
04-21 19:56:21.210  1887  3606 I chatty  : uid=1000(system) Binder:1887_4 expire 10 lines
04-21 19:56:21.212 21046 26213 W xrt_session: oxr_session_handler_xrtCompositorEventStateChange: client: com.Sysmo.BeaVR.beta, 1,0:5
04-21 19:56:21.212 21046 26213 W xrt_session: oxr_session_manage_state, client: com.Sysmo.BeaVR.beta, action=4, state=XR_SESSION_STATE_FOCUSED
04-21 19:56:21.212 21046 26213 W APxrRuntime: oxr_session_change_state------------0x7041c605c0    0x7041bee600
04-21 19:56:21.212 21046 26213 W APxrRuntime: ipc_instance_activity_focusable_changed------------0x7041bee600    0x7041bee780   0x7041bee7d8
04-21 19:56:21.212 21046 26213 W APxrRuntime: ipc_client_activity_focusable_changed------------0x7041986500    0x7041986520
04-21 19:56:21.212 21046 26213 W xrt_session: oxr_session_change_state from 5 to 4
04-21 19:56:21.212 21046 21046 I pico-ipc-client: showDialog -------------
04-21 19:56:21.212  2021  2387 E XRShell-Native: XREngine Native ---> create projection SwapChain, layer_ptr: 0x704125b580
04-21 19:56:21.212  2021  2387 E APxrRuntime: createInfo->format = 0x00008058,c->info.formats[0] = 0x00008c43
04-21 19:56:21.213  2021  2387 E APxrRuntime: createInfo->format = 0x00008058,c->info.formats[1] = 0x00008229
04-21 19:56:21.213  2021  2387 E APxrRuntime: createInfo->format = 0x00008058,c->info.formats[2] = 0x0000822b
04-21 19:56:21.213  2021  2387 E APxrRuntime: createInfo->format = 0x00008058,c->info.formats[3] = 0x00008058
04-21 19:56:21.213  2021  2387 E APxrRuntime: REMOVE_GAMMA_MANUALLY
04-21 19:56:21.213 21046 26213 I Unity   : XrEventDataBufferFunction sessionstate=4
04-21 19:56:21.213 21046 26213 I Unity   : UnityEngine.DebugLogHandler:Internal_Log(LogType, LogOption, String, Object)
04-21 19:56:21.213 21046 26213 I Unity   : UnityEngine.DebugLogHandler:LogFormat(LogType, Object, String, Object[])
04-21 19:56:21.213 21046 26213 I Unity   : UnityEngine.Logger:Log(LogType, Object)
04-21 19:56:21.213 21046 26213 I Unity   : UnityEngine.Debug:Log(Object)
04-21 19:56:21.213 21046 26213 I Unity   : Unity.XR.PXR.PXR_Loader:XrEventDataBufferFunction(XrEventDataBuffer&) (at /home/likunwei/下载/PICO Unity Integration SDK-3.4.0-20260226/Runtime/Scripts/PXR_Loader.cs:464)
04-21 19:56:21.213 21046 26213 I Unity   : 
04-21 19:56:21.216  2021  2387 E APxrRuntime: oxr_create_swapchain(), createInfo->width:1440, createInfo->height:1584, createInfo->arraySize:2
04-21 19:56:21.217  2021  2387 W xrt_session: oxr_session_handler_xrtCompositorEventStateChange: client: com.picoxr.xrshell, 1,1:4
04-21 19:56:21.217  2021  2387 W xrt_session: oxr_session_manage_state, client: com.picoxr.xrshell, action=5, state=XR_SESSION_STATE_VISIBLE
04-21 19:56:21.217  2021  2387 W xrt_session: oxr_session_change_state from 4 to 5
04-21 19:56:21.217  2021  2387 I XRShell-Native: XrEventDataSessionStateChanged: state XR_SESSION_STATE_VISIBLE->XR_SESSION_STATE_FOCUSED session=482129818240 time=0
04-21 19:56:21.217  2021  2387 I XRShell : XREngine onSessionStateChanged : 5
04-21 19:56:21.219 21046 21046 E stereo  : PackageName:com.Sysmo.BeaVR.beta type:null
04-21 19:56:21.224  1392  1468 E WindowManager: App trying to use insecure INPUT_FEATURE_NO_INPUT_CHANNEL flag. Ignoring
04-21 19:56:21.227 21046 26365 I PxrMetric: FPS=72/72,MTP=31.06ms,AppSW=off,FrmEarly=0,FrmLate=1,FrmCpu=1.99ms,FrmGpu=0.65ms,FrmTime=4.65ms,ATWGPU=1.32ms,VsyncDelay=1,GPU=14%/441Mhz,GPUTemp=60.6C,LayerCnt=1,Pkg=com.Sysmo.BeaVR.beta,FrmId=3490
04-21 19:56:21.348 21046 26314 E APxrRuntime: PassthroughFB-submit_passthrough_layer_effect passthrough layer count is illegal!
04-21 19:56:21.362  2021  2387 E APxrRuntime: oxr_session_poll XRT_COMPOSITOR_EVENT_MAIN_SESSION_PACKAGE_CHANGE event, display_state: 6DOF_DIALOG, package_name: com.Sysmo.BeaVR.beta
04-21 19:56:21.362  2021  2387 I XRShell-Native: XR_TYPE_EVENT_DATA_MAIN_SESSION_PACKAGE_CHANGED_PICO, packageName is com.Sysmo.BeaVR.beta, displayState is 4
04-21 19:56:21.363  1392  3334 W ApiLayer: showing3dApp [com.Sysmo.BeaVR.beta], xrRuntimeState [4]
04-21 19:56:21.448   961 27029 I chatty  : uid=0(root) Binder:961_2 expire 1 line
04-21 19:56:21.448   961 27028 I chatty  : uid=0(root) Binder:961_2 expire 1 line
04-21 19:56:21.452   961 27030 I chatty  : uid=0(root) Binder:961_2 expire 1 line
04-21 19:56:21.584 21046 26314 E APxrRuntime: PassthroughFB-submit_passthrough_layer_effect passthrough layer count is illegal!
04-21 19:56:21.723 21046 26213 I Unity   : [App→Bot] RightHand 26关节数据: 0:0.1888849,0.909076,0.07932103 1:0.1907894,0.9640303,0.08126169 2:0.159934,0.9363614,0.08184016 3:0.1482701,0.9610938,0.09300607 4:0.1426734,0.9848824,0.1090621 5:0.1420583,1.007347,0.1286802 6:0.1734548,0.9346225,0.07626379 7:0.1715657,0.9983327,0.07340175 8:0.1634362,1.029029,0.09766537 9:0.1538662,1.029838,0.1173128 10:0.143955,1.022728,0.135643 11:0.1889628,0.9328097,0.08078471 12:0.192616,0.9952509,0.08173862 13:0.187894,1.033637,0.1091869 14:0.1737336,1.032402,0.1305662 15:0.1584015,1.022716,0.1493372 16:0.2005904,0.9299558,0.08666563 17:0.2082089,0.9871362,0.09378213 18:0.2044591,1.022886,0.1203963 19:0.1918493,1.023676,0.1376886 20:0.1777662,1.020215,0.154368 21:0.2101885,0.924471,0.09486163 22:0.2210695,0.9790541,0.1110213 23:0.2197429,1.001358,0.1278987 24:0.2104868,1.006072,0.1420002 25:0.1981765,1.008172,0.1578957
04-21 19:56:21.723 21046 26213 I Unity   : UnityEngine.DebugLogHandler:Internal_Log(LogType, LogOption, String, Object)
04-21 19:56:21.723 21046 26213 I Unity   : UnityEngine.DebugLogHandler:LogFormat(LogType, Object, String, Object
04-21 19:56:21.724 21046 26213 I Unity   : [PICO获取] 右手26关节: 0:(0.189,0.909,0.079) 1:(0.191,0.964,0.081) 2:(0.160,0.936,0.082) 3:(0.148,0.961,0.093) 4:(0.143,0.985,0.109) 5:(0.142,1.007,0.129) 6:(0.173,0.935,0.076) 7:(0.172,0.998,0.073) 8:(0.163,1.029,0.098) 9:(0.154,1.030,0.117) 10:(0.144,1.023,0.136) 11:(0.189,0.933,0.081) 12:(0.193,0.995,0.082) 13:(0.188,1.034,0.109) 14:(0.174,1.032,0.131) 15:(0.158,1.023,0.149) 16:(0.201,0.930,0.087) 17:(0.208,0.987,0.094) 18:(0.204,1.023,0.120) 19:(0.192,1.024,0.138) 20:(0.178,1.020,0.154) 21:(0.210,0.924,0.095) 22:(0.221,0.979,0.111) 23:(0.220,1.001,0.128) 24:(0.210,1.006,0.142) 25:(0.198,1.008,0.158)
04-21 19:56:21.724 21046 26213 I Unity   : UnityEngine.DebugLogHandler:Internal_Log(LogType, LogOption, String, Object)
04-21 19:56:21.724 21046 26213 I Unity   : UnityEngine.DebugLogHandler:LogFormat(LogType, Object, String, Object[])
04-21 19:56:21.724 21046 26213 I Unity   : UnityEngine.Logger:Log(LogType, Object)
04-21 19:56:21.724 21046 26213 I Unity   : UnityEngine.Debug:Log(Object)
04-21 19:56:21.724 21046 26213 I Unity   : GestureDetectorXR:SendHandDataThroughController(String) (at /home/likunwei/dataCollection/BeaVR-app/BeaVR-Unity/Assets/Scripts/Gesture Detection/GestureDetectorXR.cs:411)
04-21 19:56:21.724 21046 26213 I Unity   : GestureDetector
04-21 19:56:21.724 21046 26213 I Unity   : [PICO获取] 左手26关节: 0:(0.040,0.739,0.075) 1:(0.047,0.689,0.054) 2:(0.042,0.703,0.093) 3:(0.055,0.677,0.096) 4:(0.074,0.655,0.091) 5:(0.097,0.642,0.078) 6:(0.038,0.710,0.081) 7:(0.039,0.649,0.060) 8:(0.057,0.615,0.051) 9:(0.072,0.599,0.052) 10:(0.088,0.583,0.054) 11:(0.044,0.717,0.067) 12:(0.051,0.661,0.041) 13:(0.072,0.621,0.025) 14:(0.089,0.602,0.023) 15:(0.107,0.584,0.023) 16:(0.050,0.724,0.058) 17:(0.060,0.674,0.031) 18:(0.085,0.640,0.016) 19:(0.102,0.626,0.016) 20:(0.118,0.611,0.017) 21:(0.059,0.733,0.052) 22:(0.076,0.688,0.020) 23:(0.093,0.666,0.014) 24:(0.105,0.654,0.012) 25:(0.121,0.641,0.014)
04-21 19:56:21.724 21046 26213 I Unity   : UnityEngine.DebugLogHandler:Internal_Log(LogType, LogOption, String, Object)
04-21 19:56:21.724 21046 26213 I Unity   : UnityEngine.DebugLogHandler:LogFormat(LogType, Object, String, Object[])
04-21 19:56:21.724 21046 26213 I Unity   : UnityEngine.Logger:Log(LogType, Object)
04-21 19:56:21.724 21046 26213 I Unity   : UnityEngine.Debug:Log(Object)
04-21 19:56:21.724 21046 26213 I Unity   : GestureDetectorXR:SendHandDataThroughController(String) (at /home/likunwei/dataCollection/BeaVR-app/BeaVR-Unity/Assets/Scripts/Gesture Detection/GestureDetectorXR.cs:412)
04-21 19:56:21.724 21046 26213 I Unity   : GestureDetector
04-21 19:56:21.724 21046 26213 I Unity   : GestureDetectorXR: 发送 relative | 右手 关节=26 追踪=26 示例=(0.144,1.023,0.136) | 左手 关节=26 追踪=26 示例=(0.088,0.583,0.054)
04-21 19:56:21.724 21046 26213 I Unity   : UnityEngine.DebugLogHandler:Internal_Log(LogType, LogOption, String, Object)
04-21 19:56:21.724 21046 26213 I Unity   : UnityEngine.DebugLogHandler:LogFormat(LogType, Object, String, Object[])
04-21 19:56:21.724 21046 26213 I Unity   : UnityEngine.Logger:Log(LogType, Object)
04-21 19:56:21.724 21046 26213 I Unity   : UnityEngine.Debug:Log(Object)
04-21 19:56:21.724 21046 26213 I Unity   : GestureDetectorXR:SendHandDataThroughController(String) (at /home/likunwei/dataCollection/BeaVR-app/BeaVR-Unity/Assets/Scripts/Gesture Detection/GestureDetectorXR.cs:431)
04-21 19:56:21.724 21046 26213 I Unity   : GestureDetectorXR:Update() (at /home/likunwei/dataCollection/BeaVR-app/BeaVR-Unity/Assets/Scripts/Gesture Detection/GestureDetectorXR.cs:214)
04-21 19:56:21.724 21046 26213 I Unity   : 
04-21 19:56:21.763 21046 26213 I Unity   : [App→Bot] Resolution 转发数据: None
04-21 19:56:21.763 21046 26213 I Unity   : UnityEngine.DebugLogHandler:Internal_Log(LogType, LogOption, String, Object)
04-21 19:56:21.763 21046 26213 I Unity   : UnityEngine.DebugLogHandler:LogFormat(LogType, Object, String, Object[])
04-21 19:56:21.763 21046 26213 I Unity   : UnityEngine.Logger:Log(LogType, Object)
04-21 19:56:21.763 21046 26213 I Unity   : UnityEngine.Debug:Log(Object)
04-21 19:56:21.763 21046 26213 I Unity   : NetMQController:SendMessage(String, String) (at /home/likunwei/dataCollection/BeaVR-app/BeaVR-Unity/Assets/Scripts/Network/NetMQController.cs:343)
04-21 19:56:21.763 21046 26213 I Unity   : GestureDetectorXR:SendResolutionThroughController() (at /home/likunwei/dataCollection/BeaVR-app/BeaVR-Unity/Assets/Scripts/Gesture Detection/GestureDetectorXR.cs:509)
04-21 19:56:21.763 21046 26213 I Unity   : GestureDetectorXR:Update() (at /home/likunwei/dataCollection/BeaVR-app/BeaVR-Unity/Assets/Scripts/Gesture Detection/GestureDetectorXR.cs:203)
04-21 19:56:21.763 21046 26213 I Unity   : 
04-21 19:56:21.764 21046 26213 I Unity   : [App→Bot] RightHand 手腕数据: 手腕=0.1888849,0.909076,0.07932103 手掌=0.1907894,0.9640303,0.08126169
04-21 19:56:21.764 21046 26213 I Unity   : UnityEngine.DebugLogHandler:Internal_Log(LogType, LogOption, String, Object)
04-21 19:56:21.764 21046 26213 I Unity   : UnityEngine.DebugLogHandler:LogFormat(LogType, Object, String, Object[])
04-21 19:56:21.764 21046 26213 I Unity   : UnityEngine.Logger:Log(LogType, Object)
04-21 19:56:21.764 21046 26213 I Unity   : UnityEngine.Debug:Log(Object)
04-21 19:56:21.764 21046 26213 I Unity   : NetMQController:SendMessage(String, String) (at /home/likunwei/dataCollection/BeaVR-app/BeaVR-Unity/Assets/Scripts/Network/NetMQController.cs:352)
04-21 19:56:21.764 21046 26213 I Unity   : GestureDetectorXR:SendHandDataThroughController(String) (at /home/likunwei/dataCollection/BeaVR-app/BeaVR-Unity/Assets/Scripts/Gesture Detection/GestureDetectorXR.cs:341)
04-21 19:56:21.764 21046 26213 I Unity   : GestureDetectorXR:Update() (at /home/likunwei/dataCollection/BeaVR-app/BeaVR-Unity/Assets/Scripts/Gesture Detection/GestureDetectorXR.cs:214)
04-21 19:56:21.764 21046 26213 I Unity   : 
04-21 19:56:21.764 21046 26213 I Unity   : [PICO获取] 右手腕=(0.189,0.909,0.079) 右手掌=(0.191,0.964,0.081) | 左手腕=(0.040,0.739,0.075) 左手掌=(0.047,0.689,0.054)
04-21 19:56:21.764 21046 26213 I Unity   : UnityEngine.DebugLogHandler:Internal_Log(LogType, LogOption, String, Object)
04-21 19:56:21.764 21046 26213 I Unity   : UnityEngine.DebugLogHandler:LogFormat(LogType, Object, String, Object[])
04-21 19:56:21.764 21046 26213 I Unity   : UnityEngine.Logger:Log(LogType, Object)
04-21 19:56:21.764 21046 26213 I Unity   : UnityEngine.Debug:Log(Object)
04-21 19:56:21.764 21046 26213 I Unity   : GestureDetectorXR:SendHandDataThroughController(String) (at /home/likunwei/dataCollection/BeaVR-app/BeaVR-Unity/Assets/Scripts/Gesture Detection/GestureDetectorXR.cs:385)
04-21 19:56:21.764 21046 26213 I Unity   : GestureDetectorXR:Update() (at /home/likunwei/dataCollection/BeaVR-app/BeaVR-Unity/Assets/Scripts/Gesture Detection/GestureDetectorXR.cs:214)
04-21 19:56:21.764 21046 26213 I Unity   : 
04-21 19:56:21.777 21046 26213 I Unity   : [App→Bot] Resolution 转发频率: 71.9 Hz
04-21 19:56:21.777 21046 26213 I Unity   : UnityEngine.DebugLogHandler:Internal_Log(LogType, LogOption, String, Object)
04-21 19:56:21.777 21046 26213 I Unity   : UnityEngine.DebugLogHandler:LogFormat(LogType, Object, String, Object[])
04-21 19:56:21.777 21046 26213 I Unity   : UnityEngine.Logger:Log(LogType, Object)
04-21 19:56:21.777 21046 26213 I Unity   : UnityEngine.Debug:Log(Object)
04-21 19:56:21.777 21046 26213 I Unity   : NetMQController:SendMessage(String, String) (at /home/likunwei/dataCollection/BeaVR-app/BeaVR-Unity/Assets/Scripts/Network/NetMQController.cs:335)
04-21 19:56:21.777 21046 26213 I Unity   : GestureDetectorXR:SendResolutionThroughController() (at /home/likunwei/dataCollection/BeaVR-app/BeaVR-Unity/Assets/Scripts/Gesture Detection/GestureDetectorXR.cs:509)
04-21 19:56:21.777 21046 26213 I Unity   : GestureDetectorXR:Update() (at /home/likunwei/dataCollection/BeaVR-app/BeaVR-Unity/Assets/Scripts/Gesture Detection/GestureDetectorXR.cs:203)
04-21 19:56:21.777 21046 26213 I Unity   : 
04-21 19:56:21.778 21046 26213 I Unity   : [App→Bot] Pause 转发频率: 71.9 Hz
04-21 19:56:21.778 21046 26213 I Unity   : UnityEngine.DebugLogHandler:Internal_Log(LogType, LogOption, String, Object)
04-21 19:56:21.778 21046 26213 I Unity   : UnityEngine.DebugLogHandler:LogFormat(LogType, Object, String, Object[])
04-21 19:56:21.778 21046 26213 I Unity   : UnityEngine.Logger:Log(LogType, Object)
04-21 19:56:21.778 21046 26213 I Unity   : UnityEngine.Debug:Log(Object)
04-21 19:56:21.778 21046 26213 I Unity   : NetMQController:SendMessage(String, String) (at /home/likunwei/dataCollection/BeaVR-app/BeaVR-Unity/Assets/Scripts/Network/NetMQController.cs:335)
04-21 19:56:21.778 21046 26213 I Unity   : GestureDetectorXR:SendPauseStatusThroughController() (at /home/likunwei/dataCollection/BeaVR-app/BeaVR-Unity/Assets/Scripts/Gesture Detection/GestureDetectorXR.cs:525)
04-21 19:56:21.778 21046 26213 I Unity   : GestureDetectorXR:Update() (at /home/likunwei/dataCollection/BeaVR-app/BeaVR-Unity/Assets/Scripts/Gesture Detection/GestureDetectorXR.cs:204)
04-21 19:56:21.778 21046 26213 I Unity   : 
04-21 19:56:21.778 21046 26213 I Unity   : [App→Bot] RightHand 转发频率: 71.9 Hz
04-21 19:56:21.778 21046 26213 I Unity   : UnityEngine.DebugLogHandler:Internal_Log(LogType, LogOption, String, Object)
04-21 19:56:21.778 21046 26213 I Unity   : UnityEngine.DebugLogHandler:LogFormat(LogType, Object, String, Object[])
04-21 19:56:21.778 21046 26213 I Unity   : UnityEngine.Logger:Log(LogType, Object)
04-21 19:56:21.778 21046 26213 I Unity   : UnityEngine.Debug:Log(Object)
04-21 19:56:21.778 21046 26213 I Unity   : NetMQController:SendMessage(String, String) (at /home/likunwei/dataCollection/BeaVR-app/BeaVR-Unity/Assets/Scripts/Network/NetMQController.cs:335)
04-21 19:56:21.778 21046 26213 I Unity   : GestureDetectorXR:SendHandDataThroughController(String) (at /home/likunwei/dataCollection/BeaVR-app/BeaVR-Unity/Assets/Scripts/Gesture Detection/GestureDetectorXR.cs:341)
04-21 19:56:21.778 21046 26213 I Unity   : GestureDetectorXR:Update() (at /home/likunwei/dataCollection/BeaVR-app/BeaVR-Unity/Assets/Scripts/Gesture Detection/GestureDetectorXR.cs:214)
04-21 19:56:21.778 21046 26213 I Unity   : 
04-21 19:56:21.779 21046 26213 I Unity   : [App→Bot] LeftHand 转发频率: 71.9 Hz
04-21 19:56:21.779 21046 26213 I Unity   : UnityEngine.DebugLogHandler:Internal_Log(LogType, LogOption, String, Object)
04-21 19:56:21.779 21046 26213 I Unity   : UnityEngine.DebugLogHandler:LogFormat(LogType, Object, String, Object[])
04-21 19:56:21.779 21046 26213 I Unity   : UnityEngine.Logger:Log(LogType, Object)
04-21 19:56:21.779 21046 26213 I Unity   : UnityEngine.Debug:Log(Object)
04-21 19:56:21.779 21046 26213 I Unity   : NetMQController:SendMessage(String, String) (at /home/likunwei/dataCollection/BeaVR-app/BeaVR-Unity/Assets/Scripts/Network/NetMQController.cs:335)
04-21 19:56:21.779 21046 26213 I Unity   : GestureDetectorXR:SendHandDataThroughController(String) (at /home/likunwei/dataCollection/BeaVR-app/BeaVR-Unity/Assets/Scripts/Gesture Detection/GestureDetectorXR.cs:348)
04-21 19:56:21.779 21046 26213 I Unity   : GestureDetectorXR:Update() (at /home/likunwei/dataCollection/BeaVR-app/BeaVR-Unity/Assets/Scripts/Gesture Detection/GestureDetectorXR.cs:214)
04-21 19:56:21.779 21046 26213 I Unity   : 
04-21 19:56:21.779 21046 26213 I Unity   : [PICO→App] 右手发送频率: 71.9 Hz
04-21 19:56:21.779 21046 26213 I Unity   : UnityEngine.DebugLogHandler:Internal_Log(LogType, LogOption, String, Object)
04-21 19:56:21.779 21046 26213 I Unity   : UnityEngine.DebugLogHandler:LogFormat(LogType, Object, String, Object[])
04-21 19:56:21.779 21046 26213 I Unity   : UnityEngine.Logger:Log(LogType, Object)
04-21 19:56:21.779 21046 26213 I Unity   : UnityEngine.Debug:Log(Object)
04-21 19:56:21.779 21046 26213 I Unity   : GestureDetectorXR:SendHandDataThroughController(String) (at /home/likunwei/dataCollection/BeaVR-app/BeaVR-Unity/Assets/Scripts/Gesture Detection/GestureDetectorXR.cs:362)
04-21 19:56:21.779 21046 26213 I Unity   : GestureDetectorXR:Update() (at /home/likunwei/dataCollection/BeaVR-app/BeaVR-Unity/Assets/Scripts/Gesture Detection/GestureDetectorXR.cs:214)
04-21 19:56:21.779 21046 26213 I Unity   : 
04-21 19:56:21.779 21046 26213 I Unity   : [PICO→App] 左手发送频率: 71.9 Hz
04-21 19:56:21.779 21046 26213 I Unity   : UnityEngine.DebugLogHandler:Internal_Log(LogType, LogOption, String, Object)
04-21 19:56:21.779 21046 26213 I Unity   : UnityEngine.DebugLogHandler:LogFormat(LogType, Object, String, Object[])
04-21 19:56:21.779 21046 26213 I Unity   : UnityEngine.Logger:Log(LogType, Object)
04-21 19:56:21.779 21046 26213 I Unity   : UnityEngine.Debug:Log(Object)
04-21 19:56:21.779 21046 26213 I Unity   : GestureDetectorXR:SendHandDataThroughController(String) (at /home/likunwei/dataCollection/BeaVR-app/BeaVR-Unity/Assets/Scripts/Gesture Detection/GestureDetectorXR.cs:370)
04-21 19:56:21.779 21046 26213 I Unity   : GestureDetectorXR:Update() (at /home/likunwei/dataCollection/BeaVR-app/BeaVR-Unity/Assets/Scripts/Gesture Detection/GestureDetectorXR.cs:214)
04-21 19:56:21.779 21046 26213 I Unity   : 
04-21 19:56:21.822 21046 26314 E APxrRuntime: PassthroughFB-submit_passthrough_layer_effect passthrough layer count is illegal!
04-21 19:56:22.020   925   925 E android.hardware.wifi@1.0-service: cyx convertHidlNanEnableReque 9529 contentavg=1016
04-21 19:56:22.059 21046 26314 E APxrRuntime: PassthroughFB-submit_passthrough_layer_effect passthrough layer count is illegal!
04-21 19:56:22.198 21046 26314 W APxrRuntime: PXRSDK_PM ENGINE FPS: 72, 5403801458667
04-21 19:56:22.228 21046 26365 I PxrMetric: FPS=72/72,MTP=31.62ms,AppSW=off,FrmEarly=0,FrmLate=0,FrmCpu=1.95ms,FrmGpu=1.26ms,FrmTime=4.82ms,ATWGPU=2.12ms,VsyncDelay=1,GPU=25%/441Mhz,GPUTemp=60.2C,LayerCnt=3,Pkg=com.Sysmo.BeaVR.beta,FrmId=3562
04-21 19:56:22.296 21046 26314 E APxrRuntime: PassthroughFB-submit_passthrough_layer_effect passthrough layer count is illegal!
04-21 19:56:22.532 21046 26314 E APxrRuntime: PassthroughFB-submit_passthrough_layer_effect passthrough layer count is illegal!
04-21 19:56:22.657  2021  2387 E XRShell-Native: EventDispatcher , main source change , last=4 , curr=32
04-21 19:56:22.725 21046 26213 I Unity   : GestureDetectorXR: 发送 relative | 右手 关节=26 追踪=26 示例=(-0.123,0.808,0.152) | 左手 关节=26 追踪=26 示例=(0.088,0.583,0.054)
04-21 19:56:22.725 21046 26213 I Unity   : UnityEngine.DebugLogHandler:Internal_Log(LogType, LogOption, String, Object)
04-21 19:56:22.725 21046 26213 I Unity   : UnityEngine.DebugLogHandler:LogFormat(LogType, Object, String, Object[])
04-21 19:56:22.725 21046 26213 I Unity   : UnityEngine.Logger:Log(LogType, Object)
04-21 19:56:22.725 21046 26213 I Unity   : UnityEngine.Debug:Log(Object)
04-21 19:56:22.725 21046 26213 I Unity   : GestureDetectorXR:SendHandDataThroughController(String) (at /home/likunwei/dataCollection/BeaVR-app/BeaVR-Unity/Assets/Scripts/Gesture Detection/GestureDetectorXR.cs:431)
04-21 19:56:22.725 21046 26213 I Unity   : GestureDetectorXR:Update() (at /home/likunwei/dataCollection/BeaVR-app/BeaVR-Unity/Assets/Scripts/Gesture Detection/GestureDetectorXR.cs:214)
04-21 19:56:22.725 21046 26213 I Unity   : 
04-21 19:56:22.768 21046 26314 E APxrRuntime: PassthroughFB-submit_passthrough_layer_effect passthrough layer count is illegal!
04-21 19:56:22.780 21046 26213 I Unity   : [App→Bot] Resolution 转发频率: 71.9 Hz
04-21 19:56:22.780 21046 26213 I Unity   : UnityEngine.DebugLogHandler:Internal_Log(LogType, LogOption, String, Object)
04-21 19:56:22.780 21046 26213 I Unity   : UnityEngine.DebugLogHandler:LogFormat(LogType, Object, String, Object[])
04-21 19:56:22.780 21046 26213 I Unity   : UnityEngine.Logger:Log(LogType, Object)
04-21 19:56:22.780 21046 26213 I Unity   : UnityEngine.Debug:Log(Object)
04-21 19:56:22.780 21046 26213 I Unity   : NetMQController:SendMessage(String, String) (at /home/likunwei/dataCollection/BeaVR-app/BeaVR-Unity/Assets/Scripts/Network/NetMQController.cs:335)
04-21 19:56:22.780 21046 26213 I Unity   : GestureDetectorXR:SendResolutionThroughController() (at /home/likunwei/dataCollection/BeaVR-app/BeaVR-Unity/Assets/Scripts/Gesture Detection/GestureDetectorXR.cs:509)
04-21 19:56:22.780 21046 26213 I Unity   : GestureDetectorXR:Update() (at /home/likunwei/dataCollection/BeaVR-app/BeaVR-Unity/Assets/Scripts/Gesture Detection/GestureDetectorXR.cs:203)
04-21 19:56:22.780 21046 26213 I Unity   : 
04-21 19:56:22.781 21046 26213 I Unity   : [App→Bot] Pause 转发频率: 71.9 Hz
04-21 19:56:22.781 21046 26213 I Unity   : UnityEngine.DebugLogHandler:Internal_Log(LogType, LogOption, String, Object)
04-21 19:56:22.781 21046 26213 I Unity   : UnityEngine.DebugLogHandler:LogFormat(LogType, Object, String, Object[])
04-21 19:56:22.781 21046 26213 I Unity   : UnityEngine.Logger:Log(LogType, Object)
04-21 19:56:22.781 21046 26213 I Unity   : UnityEngine.Debug:Log(Object)
04-21 19:56:22.781 21046 26213 I Unity   : NetMQController:SendMessage(String, String) (at /home/likunwei/dataCollection/BeaVR-app/BeaVR-Unity/Assets/Scripts/Network/NetMQController.cs:335)
04-21 19:56:22.781 21046 26213 I Unity   : GestureDetectorXR:SendPauseStatusThroughController() (at /home/likunwei/dataCollection/BeaVR-app/BeaVR-Unity/Assets/Scripts/Gesture Detection/GestureDetectorXR.cs:525)
04-21 19:56:22.781 21046 26213 I Unity   : GestureDetectorXR:Update() (at /home/likunwei/dataCollection/BeaVR-app/BeaVR-Unity/Assets/Scripts/Gesture Detection/GestureDetectorXR.cs:204)
04-21 19:56:22.781 21046 26213 I Unity   : 
04-21 19:56:22.781 21046 26213 I Unity   : [App→Bot] RightHand 转发频率: 71.9 Hz
04-21 19:56:22.781 21046 26213 I Unity   : UnityEngine.DebugLogHandler:Internal_Log(LogType, LogOption, String, Object)
04-21 19:56:22.781 21046 26213 I Unity   : UnityEngine.DebugLogHandler:LogFormat(LogType, Object, String, Object[])
04-21 19:56:22.781 21046 26213 I Unity   : UnityEngine.Logger:Log(LogType, Object)
04-21 19:56:22.781 21046 26213 I Unity   : UnityEngine.Debug:Log(Object)
04-21 19:56:22.781 21046 26213 I Unity   : NetMQController:SendMessage(String, String) (at /home/likunwei/dataCollection/BeaVR-app/BeaVR-Unity/Assets/Scripts/Network/NetMQController.cs:335)
04-21 19:56:22.781 21046 26213 I Unity   : GestureDetectorXR:SendHandDataThroughController(String) (at /home/likunwei/dataCollection/BeaVR-app/BeaVR-Unity/Assets/Scripts/Gesture Detection/GestureDetectorXR.cs:341)
04-21 19:56:22.781 21046 26213 I Unity   : GestureDetectorXR:Update() (at /home/likunwei/dataCollection/BeaVR-app/BeaVR-Unity/Assets/Scripts/Gesture Detection/GestureDetectorXR.cs:214)
04-21 19:56:22.781 21046 26213 I Unity   : 
04-21 19:56:22.782 21046 26213 I Unity   : [App→Bot] LeftHand 转发频率: 71.9 Hz
04-21 19:56:22.782 21046 26213 I Unity   : UnityEngine.DebugLogHandler:Internal_Log(LogType, LogOption, String, Object)
04-21 19:56:22.782 21046 26213 I Unity   : UnityEngine.DebugLogHandler:LogFormat(LogType, Object, String, Object[])
04-21 19:56:22.782 21046 26213 I Unity   : UnityEngine.Logger:Log(LogType, Object)
04-21 19:56:22.782 21046 26213 I Unity   : UnityEngine.Debug:Log(Object)
04-21 19:56:22.782 21046 26213 I Unity   : NetMQController:SendMessage(String, String) (at /home/likunwei/dataCollection/BeaVR-app/BeaVR-Unity/Assets/Scripts/Network/NetMQController.cs:335)
04-21 19:56:22.782 21046 26213 I Unity   : GestureDetectorXR:SendHandDataThroughController(String) (at /home/likunwei/dataCollection/BeaVR-app/BeaVR-Unity/Assets/Scripts/Gesture Detection/GestureDetectorXR.cs:348)
04-21 19:56:22.782 21046 26213 I Unity   : GestureDetectorXR:Update() (at /home/likunwei/dataCollection/BeaVR-app/BeaVR-Unity/Assets/Scripts/Gesture Detection/GestureDetectorXR.cs:214)
04-21 19:56:22.782 21046 26213 I Unity   : 
04-21 19:56:22.782 21046 26213 I Unity   : [PICO→App] 右手发送频率: 71.9 Hz
04-21 19:56:22.782 21046 26213 I Unity   : UnityEngine.DebugLogHandler:Internal_Log(LogType, LogOption, String, Object)
04-21 19:56:22.782 21046 26213 I Unity   : UnityEngine.DebugLogHandler:LogFormat(LogType, Object, String, Object[])
04-21 19:56:22.782 21046 26213 I Unity   : UnityEngine.Logger:Log(LogType, Object)
04-21 19:56:22.782 21046 26213 I Unity   : UnityEngine.Debug:Log(Object)
04-21 19:56:22.782 21046 26213 I Unity   : GestureDetectorXR:SendHandDataThroughController(String) (at /home/likunwei/dataCollection/BeaVR-app/BeaVR-Unity/Assets/Scripts/Gesture Detection/GestureDetectorXR.cs:362)
04-21 19:56:22.782 21046 26213 I Unity   : GestureDetectorXR:Update() (at /home/likunwei/dataCollection/BeaVR-app/BeaVR-Unity/Assets/Scripts/Gesture Detection/GestureDetectorXR.cs:214)
04-21 19:56:22.782 21046 26213 I Unity   : 
04-21 19:56:22.782 21046 26213 I Unity   : [PICO→App] 左手发送频率: 71.9 Hz
04-21 19:56:22.782 21046 26213 I Unity   : UnityEngine.DebugLogHandler:Internal_Log(LogType, LogOption, String, Object)
04-21 19:56:22.782 21046 26213 I Unity   : UnityEngine.DebugLogHandler:LogFormat(LogType, Object, String, Object[])
04-21 19:56:22.782 21046 26213 I Unity   : UnityEngine.Logger:Log(LogType, Object)
04-21 19:56:22.782 21046 26213 I Unity   : UnityEngine.Debug:Log(Object)
04-21 19:56:22.782 21046 26213 I Unity   : GestureDetectorXR:SendHandDataThroughController(String) (at /home/likunwei/dataCollection/BeaVR-app/BeaVR-Unity/Assets/Scripts/Gesture Detection/GestureDetectorXR.cs:370)
04-21 19:56:22.782 21046 26213 I Unity   : GestureDetectorXR:Update() (at /home/likunwei/dataCollection/BeaVR-app/BeaVR-Unity/Assets/Scripts/Gesture Detection/GestureDetectorXR.cs:214)
04-21 19:56:22.782 21046 26213 I Unity   : 
04-21 19:56:23.005 21046 26314 E APxrRuntime: PassthroughFB-submit_passthrough_layer_effect passthrough layer count is illegal!
04-21 19:56:23.060   961 27038 I chatty  : uid=0(root) Binder:961_2 expire 1 line
04-21 19:56:23.064   961 27039 I chatty  : uid=0(root) Binder:961_2 expire 1 line
04-21 19:56:23.176   961 27036 I chatty  : uid=0(root) Binder:961_2 expire 1 line
04-21 19:56:23.180   961 27037 I chatty  : uid=0(root) Binder:961_2 expire 1 line
04-21 19:56:23.200 21046 26314 W APxrRuntime: PXRSDK_PM ENGINE FPS: 72, 5404803894604
04-21 19:56:23.207   961 27033 I chatty  : uid=0(root) Binder:961_2 expire 1 line
04-21 19:56:23.208   961 27034 I chatty  : uid=0(root) Binder:961_2 expire 1 line
04-21 19:56:23.211   961 27035 I chatty  : uid=0(root) Binder:961_2 expire 1 line
04-21 19:56:23.230 21046 26365 I PxrMetric: FPS=72/72,MTP=32.46ms,AppSW=off,FrmEarly=0,FrmLate=0,FrmCpu=1.87ms,FrmGpu=1.35ms,FrmTime=4.70ms,ATWGPU=2.14ms,VsyncDelay=1,GPU=26%/441Mhz,GPUTemp=59.4C,LayerCnt=3,Pkg=com.Sysmo.BeaVR.beta,FrmId=3634
04-21 19:56:23.243 21046 26314 E APxrRuntime: PassthroughFB-submit_passthrough_layer_effect passthrough layer count is illegal!
04-21 19:56:23.342 21051 26263 I chatty  : uid=1000(system) expire 17 lines
04-21 19:56:23.479 21046 26314 E APxrRuntime: PassthroughFB-submit_passthrough_layer_effect passthrough layer count is illegal!
04-21 19:56:23.715 21046 26314 E APxrRuntime: PassthroughFB-submit_passthrough_layer_effect passthrough layer count is illegal!
04-21 19:56:23.728 21046 26213 I Unity   : GestureDetectorXR: 发送 relative | 右手 关节=26 追踪=26 示例=(-0.063,0.890,0.171) | 左手 关节=26 追踪=26 示例=(0.088,0.583,0.054)
04-21 19:56:23.728 21046 26213 I Unity   : UnityEngine.DebugLogHandler:Internal_Log(LogType, LogOption, String, Object)
04-21 19:56:23.728 21046 26213 I Unity   : UnityEngine.DebugLogHandler:LogFormat(LogType, Object, String, Object[])
04-21 19:56:23.728 21046 26213 I Unity   : UnityEngine.Logger:Log(LogType, Object)
04-21 19:56:23.728 21046 26213 I Unity   : UnityEngine.Debug:Log(Object)
04-21 19:56:23.728 21046 26213 I Unity   : GestureDetectorXR:SendHandDataThroughController(String) (at /home/likunwei/dataCollection/BeaVR-app/BeaVR-Unity/Assets/Scripts/Gesture Detection/GestureDetectorXR.cs:431)
04-21 19:56:23.728 21046 26213 I Unity   : GestureDetectorXR:Update() (at /home/likunwei/dataCollection/BeaVR-app/BeaVR-Unity/Assets/Scripts/Gesture Detection/GestureDetectorXR.cs:214)
04-21 19:56:23.728 21046 26213 I Unity   : 
04-21 19:56:23.769 21046 26213 I Unity   : [App→Bot] Resolution 转发数据: None
04-21 19:56:23.769 21046 26213 I Unity   : UnityEngine.DebugLogHandler:Internal_Log(LogType, LogOption, String, Object)
04-21 19:56:23.769 21046 26213 I Unity   : UnityEngine.DebugLogHandler:LogFormat(LogType, Object, String, Object[])
04-21 19:56:23.769 21046 26213 I Unity   : UnityEngine.Logger:Log(LogType, Object)
04-21 19:56:23.769 21046 26213 I Unity   : UnityEngine.Debug:Log(Object)
04-21 19:56:23.769 21046 26213 I Unity   : NetMQController:SendMessage(String, String) (at /home/likunwei/dataCollection/BeaVR-app/BeaVR-Unity/Assets/Scripts/Network/NetMQController.cs:343)
04-21 19:56:23.769 21046 26213 I Unity   : GestureDetectorXR:SendResolutionThroughController() (at /home/likunwei/dataCollection/BeaVR-app/BeaVR-Unity/Assets/Scripts/Gesture Detection/GestureDetectorXR.cs:509)
04-21 19:56:23.769 21046 26213 I Unity   : GestureDetectorXR:Update() (at /home/likunwei/dataCollection/BeaVR-app/BeaVR-Unity/Assets/Scripts/Gesture Detection/GestureDetectorXR.cs:203)
04-21 19:56:23.769 21046 26213 I Unity   : 
04-21 19:56:23.770 21046 26213 I Unity   : [App→Bot] RightHand 手腕数据: 手腕=-0.09312543,0.7949027,0.1078397 手掌=-0.1073337,0.8469168,0.1187353
04-21 19:56:23.770 21046 26213 I Unity   : UnityEngine.DebugLogHandler:Internal_Log(LogType, LogOption, String, Object)
04-21 19:56:23.770 21046 26213 I Unity   : UnityEngine.DebugLogHandler:LogFormat(LogType, Object, String, Object[])
04-21 19:56:23.770 21046 26213 I Unity   : UnityEngine.Logger:Log(LogType, Object)
04-21 19:56:23.770 21046 26213 I Unity   : UnityEngine.Debug:Log(Object)
04-21 19:56:23.770 21046 26213 I Unity   : NetMQController:SendMessage(String, String) (at /home/likunwei/dataCollection/BeaVR-app/BeaVR-Unity/Assets/Scripts/Network/NetMQController.cs:352)
04-21 19:56:23.770 21046 26213 I Unity   : GestureDetectorXR:SendHandDataThroughController(String) (at /home/likunwei/dataCollection/BeaVR-app/BeaVR-Unity/Assets/Scripts/Gesture Detection/GestureDetectorXR.cs:341)
04-21 19:56:23.770 21046 26213 I Unity   : GestureDetectorXR:Update() (at /home/likunwei/dataCollection/BeaVR-app/BeaVR-Unity/Assets/Scripts/Gesture Detection/GestureDetectorXR.cs:214)
04-21 19:56:23.770 21046 26213 I Unity   : 
04-21 19:56:23.771 21046 26213 I Unity   : [PICO获取] 右手腕=(-0.093,0.795,0.108) 右手掌=(-0.107,0.847,0.119) | 左手腕=(0.040,0.739,0.075) 左手掌=(0.047,0.689,0.054)
04-21 19:56:23.771 21046 26213 I Unity   : UnityEngine.DebugLogHandler:Internal_Log(LogType, LogOption, String, Object)
04-21 19:56:23.771 21046 26213 I Unity   : UnityEngine.DebugLogHandler:LogFormat(LogType, Object, String, Object[])
04-21 19:56:23.771 21046 26213 I Unity   : UnityEngine.Logger:Log(LogType, Object)
04-21 19:56:23.771 21046 26213 I Unity   : UnityEngine.Debug:Log(Object)
04-21 19:56:23.771 21046 26213 I Unity   : GestureDetectorXR:SendHandDataThroughController(String) (at /home/likunwei/dataCollection/BeaVR-app/BeaVR-Unity/Assets/Scripts/Gesture Detection/GestureDetectorXR.cs:385)
04-21 19:56:23.771 21046 26213 I Unity   : GestureDetectorXR:Update() (at /home/likunwei/dataCollection/BeaVR-app/BeaVR-Unity/Assets/Scripts/Gesture Detection/GestureDetectorXR.cs:214)
04-21 19:56:23.771 21046 26213 I Unity   : 
04-21 19:56:23.783 21046 26213 I Unity   : [App→Bot] Resolution 转发频率: 71.6 Hz
04-21 19:56:23.783 21046 26213 I Unity   : UnityEngine.DebugLogHandler:Internal_Log(LogType, LogOption, String, Object)
04-21 19:56:23.783 21046 26213 I Unity   : UnityEngine.DebugLogHandler:LogFormat(LogType, Object, String, Object[])
04-21 19:56:23.783 21046 26213 I Unity   : UnityEngine.Logger:Log(LogType, Object)
04-21 19:56:23.783 21046 26213 I Unity   : UnityEngine.Debug:Log(Object)
04-21 19:56:23.783 21046 26213 I Unity   : NetMQController:SendMessage(String, String) (at /home/likunwei/dataCollection/BeaVR-app/BeaVR-Unity/Assets/Scripts/Network/NetMQController.cs:335)
04-21 19:56:23.783 21046 26213 I Unity   : GestureDetectorXR:SendResolutionThroughController() (at /home/likunwei/dataCollection/BeaVR-app/BeaVR-Unity/Assets/Scripts/Gesture Detection/GestureDetectorXR.cs:509)
04-21 19:56:23.783 21046 26213 I Unity   : GestureDetectorXR:Update() (at /home/likunwei/dataCollection/BeaVR-app/BeaVR-Unity/Assets/Scripts/Gesture Detection/GestureDetectorXR.cs:203)
04-21 19:56:23.783 21046 26213 I Unity   : 
04-21 19:56:23.783 21046 26213 I Unity   : [App→Bot] Pause 转发频率: 71.6 Hz
04-21 19:56:23.783 21046 26213 I Unity   : UnityEngine.DebugLogHandler:Internal_Log(LogType, LogOption, String, Object)
04-21 19:56:23.783 21046 26213 I Unity   : UnityEngine.DebugLogHandler:LogFormat(LogType, Object, String, Object[])
04-21 19:56:23.783 21046 26213 I Unity   : UnityEngine.Logger:Log(LogType, Object)
04-21 19:56:23.783 21046 26213 I Unity   : UnityEngine.Debug:Log(Object)
04-21 19:56:23.783 21046 26213 I Unity   : NetMQController:SendMessage(String, String) (at /home/likunwei/dataCollection/BeaVR-app/BeaVR-Unity/Assets/Scripts/Network/NetMQController.cs:335)
04-21 19:56:23.783 21046 26213 I Unity   : GestureDetectorXR:SendPauseStatusThroughController() (at /home/likunwei/dataCollection/BeaVR-app/BeaVR-Unity/Assets/Scripts/Gesture Detection/GestureDetectorXR.cs:525)
04-21 19:56:23.783 21046 26213 I Unity   : GestureDetectorXR:Update() (at /home/likunwei/dataCollection/BeaVR-app/BeaVR-Unity/Assets/Scripts/Gesture Detection/GestureDetectorXR.cs:204)
04-21 19:56:23.783 21046 26213 I Unity   : 
04-21 19:56:23.784 21046 26213 I Unity   : [App→Bot] RightHand 转发频率: 71.6 Hz
04-21 19:56:23.784 21046 26213 I Unity   : UnityEngine.DebugLogHandler:Internal_Log(LogType, LogOption, String, Object)
04-21 19:56:23.784 21046 26213 I Unity   : UnityEngine.DebugLogHandler:LogFormat(LogType, Object, String, Object[])
04-21 19:56:23.784 21046 26213 I Unity   : UnityEngine.Logger:Log(LogType, Object)
04-21 19:56:23.784 21046 26213 I Unity   : UnityEngine.Debug:Log(Object)
04-21 19:56:23.784 21046 26213 I Unity   : NetMQController:SendMessage(String, String) (at /home/likunwei/dataCollection/BeaVR-app/BeaVR-Unity/Assets/Scripts/Network/NetMQController.cs:335)
04-21 19:56:23.784 21046 26213 I Unity   : GestureDetectorXR:SendHandDataThroughController(String) (at /home/likunwei/dataCollection/BeaVR-app/BeaVR-Unity/Assets/Scripts/Gesture Detection/GestureDetectorXR.cs:341)
04-21 19:56:23.784 21046 26213 I Unity   : GestureDetectorXR:Update() (at /home/likunwei/dataCollection/BeaVR-app/BeaVR-Unity/Assets/Scripts/Gesture Detection/GestureDetectorXR.cs:214)
04-21 19:56:23.784 21046 26213 I Unity   : 
04-21 19:56:23.784 21046 26213 I Unity   : [App→Bot] LeftHand 转发频率: 71.6 Hz
04-21 19:56:23.784 21046 26213 I Unity   : UnityEngine.DebugLogHandler:Internal_Log(LogType, LogOption, String, Object)
04-21 19:56:23.784 21046 26213 I Unity   : UnityEngine.DebugLogHandler:LogFormat(LogType, Object, String, Object[])
04-21 19:56:23.784 21046 26213 I Unity   : UnityEngine.Logger:Log(LogType, Object)
04-21 19:56:23.784 21046 26213 I Unity   : UnityEngine.Debug:Log(Object)
04-21 19:56:23.784 21046 26213 I Unity   : NetMQController:SendMessage(String, String) (at /home/likunwei/dataCollection/BeaVR-app/BeaVR-Unity/Assets/Scripts/Network/NetMQController.cs:335)
04-21 19:56:23.784 21046 26213 I Unity   : GestureDetectorXR:SendHandDataThroughController(String) (at /home/likunwei/dataCollection/BeaVR-app/BeaVR-Unity/Assets/Scripts/Gesture Detection/GestureDetectorXR.cs:348)
04-21 19:56:23.784 21046 26213 I Unity   : GestureDetectorXR:Update() (at /home/likunwei/dataCollection/BeaVR-app/BeaVR-Unity/Assets/Scripts/Gesture Detection/GestureDetectorXR.cs:214)
04-21 19:56:23.784 21046 26213 I Unity   : 
04-21 19:56:23.784 21046 26213 I Unity   : [PICO→App] 右手发送频率: 71.6 Hz
04-21 19:56:23.784 21046 26213 I Unity   : UnityEngine.DebugLogHandler:Internal_Log(LogType, LogOption, String, Object)
04-21 19:56:23.784 21046 26213 I Unity   : UnityEngine.DebugLogHandler:LogFormat(LogType, Object, String, Object[])
04-21 19:56:23.784 21046 26213 I Unity   : UnityEngine.Logger:Log(LogType, Object)
04-21 19:56:23.784 21046 26213 I Unity   : UnityEngine.Debug:Log(Object)
04-21 19:56:23.784 21046 26213 I Unity   : GestureDetectorXR:SendHandDataThroughController(String) (at /home/likunwei/dataCollection/BeaVR-app/BeaVR-Unity/Assets/Scripts/Gesture Detection/GestureDetectorXR.cs:362)
04-21 19:56:23.784 21046 26213 I Unity   : GestureDetectorXR:Update() (at /home/likunwei/dataCollection/BeaVR-app/BeaVR-Unity/Assets/Scripts/Gesture Detection/GestureDetectorXR.cs:214)
04-21 19:56:23.784 21046 26213 I Unity   : 
04-21 19:56:23.784 21046 26213 I Unity   : [PICO→App] 左手发送频率: 71.6 Hz
04-21 19:56:23.784 21046 26213 I Unity   : UnityEngine.DebugLogHandler:Internal_Log(LogType, LogOption, String, Object)
04-21 19:56:23.784 21046 26213 I Unity   : UnityEngine.DebugLogHandler:LogFormat(LogType, Object, String, Object[])
04-21 19:56:23.784 21046 26213 I Unity   : UnityEngine.Logger:Log(LogType, Object)
04-21 19:56:23.784 21046 26213 I Unity   : UnityEngine.Debug:Log(Object)
04-21 19:56:23.784 21046 26213 I Unity   : GestureDetectorXR:SendHandDataThroughController(String) (at /home/likunwei/dataCollection/BeaVR-app/BeaVR-Unity/Assets/Scripts/Gesture Detection/GestureDetectorXR.cs:370)
04-21 19:56:23.784 21046 26213 I Unity   : GestureDetectorXR:Update() (at /home/likunwei/dataCollection/BeaVR-app/BeaVR-Unity/Assets/Scripts/Gesture Detection/GestureDetectorXR.cs:214)
04-21 19:56:23.784 21046 26213 I Unity   : 
04-21 19:56:23.819  4365 25094 I ByteCast: cybergarageDevice:deviceSearchResponse, ssdpPacket:/192.168.1.45 ssdpST urn:schemas-upnp-org:device:InternetGatewayDevice:1
04-21 19:56:23.952 21046 26314 E APxrRuntime: PassthroughFB-submit_passthrough_layer_effect passthrough layer count is illegal!
