04-24 11:31:30.100  2122  2122 I GsBroadcastReceiver: receive screen on
04-24 11:31:30.102  2047  2374 W xrt_session: oxr_session_change_state from 2 to 3
04-24 11:31:30.102  1886  2074 I PvrManagerService:  pvrmanager PermissionGrant check calling is 0
04-24 11:31:30.102  1878  2770 I PxrNotificationClient: sendPxrNotification,action:com.notificaton.fakedata id:0,value1:com.notificaton.fakedata value2:0,ext:(null)
04-24 11:31:30.102  1886 16182 I ProximityPowerPolicyController: writeBatteryFileThread start
04-24 11:31:30.102  1883  2587 I PxrNotificationService: sendPxrMessage callingPid:1878 action com.notificaton.fakedata ,value1:com.notificaton.fakedata ,value2:0 ,ext: ,mPvrCallbacks.size():14
04-24 11:31:30.102  1878  2770 W xrt_session: update_server_state_locked():  main = 4 focus = 4
04-24 11:31:30.102  1878  2770 W xrt_session: handle_focused_client_events’╝Ücom.picoxr.xrshell1,0.0
04-24 11:31:30.102  1878  2770 E APxrRuntime: sendAppStateChangeNotification------- com.picoxr.xrshell: :visible 1,focused 0,state 1
04-24 11:31:30.102  1878  2770 I PxrNotificationClient: sendPxrNotification,action:pxr.action.appstate_change id:0,value1:com.picoxr.xrshell value2:1,ext:(null)
04-24 11:31:30.103  1883  2587 I PxrNotificationService: sendPxrMessage callingPid:1878 action pxr.action.appstate_change ,value1:com.picoxr.xrshell ,value2:1 ,ext: ,mPvrCallbacks.size():14
04-24 11:31:30.103  1878  2770 W xrt_session: handle_focused_client_events’╝Ücom.Sysmo.BeaVR.beta1,1.0
04-24 11:31:30.103  2047  2374 E APxrRuntime: Call error '-15'!
04-24 11:31:30.103  1886 16182 I ProximityPowerPolicyController: writeBatteryFileThread end
04-24 11:31:30.104  6137 12564 I [PxrUnityNative]: [Input.cpp][PFillDeviceDefinition][257]: Started. deviceId : 0 
04-24 11:31:30.108  2047  2374 W xrt_session: oxr_session_handler_xrtCompositorEventStateChange: client: com.picoxr.xrshell, 1,0:3
04-24 11:31:30.108  2047  2374 W xrt_session: oxr_session_manage_state, client: com.picoxr.xrshell, action=4, state=XR_SESSION_STATE_SYNCHRONIZED
04-24 11:31:30.108  2047  2374 W xrt_session: oxr_session_change_state from 3 to 4
04-24 11:31:30.108  2047  2374 E APxrRuntime: oxr_session_poll:XR_TYPE_EVENT_DATA_MAIN_SESSION_VISIBILITY_CHANGED_EXTT-------:1
04-24 11:31:30.108  2047  2374 I XRShell-Native: XrEventDataSessionStateChanged: state XR_SESSION_STATE_IDLE->XR_SESSION_STATE_READY session=517642843072 time=0
04-24 11:31:30.109  2047  2374 I XRShell : XREngine onSessionStateChanged : 2
04-24 11:31:30.109  2047  2374 I XRShell-Native: XrEventDataSessionStateChanged: state XR_SESSION_STATE_READY->XR_SESSION_STATE_SYNCHRONIZED session=517642843072 time=0
04-24 11:31:30.109  2047  2374 I XRShell : XREngine onSessionStateChanged : 3
04-24 11:31:30.109  2047  2374 I XRShell-Native: XrEventDataSessionStateChanged: state XR_SESSION_STATE_SYNCHRONIZED->XR_SESSION_STATE_VISIBLE session=517642843072 time=0
04-24 11:31:30.109  2047  2374 I XRShell : XREngine onSessionStateChanged : 4
04-24 11:31:30.110   967  2615 I pxrhmdservice : Call <getCommonDataThread> - boot_completed=[1] ------------------------
04-24 11:31:30.121   932   932 W /vendor/bin/hw/vendor.qti.hardware.perf@2.1-service: type=1400 audit(0.0:1519): avc: denied { search } for comm=41646170744C61756E636820566D name="599" dev="proc" ino=412129 scontext=u:r:hal_perf_default:s0 tcontext=u:r:servicemanager:s0 tclass=dir permissive=0
04-24 11:31:30.121   932   932 W /vendor/bin/hw/vendor.qti.hardware.perf@2.1-service: type=1400 audit(0.0:1518): avc: denied { search } for comm=41646170744C61756E636820566D name="599" dev="proc" ino=412129 scontext=u:r:hal_perf_default:s0 tcontext=u:r:servicemanager:s0 tclass=dir permissive=0
04-24 11:31:30.121   932   932 W /vendor/bin/hw/vendor.qti.hardware.perf@2.1-service: type=1400 audit(0.0:1520): avc: denied { search } for comm=41646170744C61756E636820566D name="600" dev="proc" ino=324416 scontext=u:r:hal_perf_default:s0 tcontext=u:r:hwservicemanager:s0 tclass=dir permissive=0
04-24 11:31:30.121   932   932 W /vendor/bin/hw/vendor.qti.hardware.perf@2.1-service: type=1400 audit(0.0:1521): avc: denied { search } for comm=41646170744C61756E636820566D name="600" dev="proc" ino=324416 scontext=u:r:hal_perf_default:s0 tcontext=u:r:hwservicemanager:s0 tclass=dir permissive=0
04-24 11:31:30.121   932   932 W /vendor/bin/hw/vendor.qti.hardware.perf@2.1-service: type=1400 audit(0.0:1522): avc: denied { search } for comm=41646170744C61756E636820566D name="1762" dev="proc" ino=666796 scontext=u:r:hal_perf_default:s0 tcontext=u:r:audioserver:s0 tclass=dir permissive=0
04-24 11:31:30.121  2961  2961 I ProvisionApplication: ScreenStatusReceiver onReceive: null
04-24 11:31:30.121  2961  2961 I provision_ipd: ACTION_SCREEN_ON,  mNeedReCheckIpdfalse
04-24 11:31:30.122  2961  2961 I ProvisionUtils: isCompleteProvision value: 1
04-24 11:31:30.125  4158  4158 I SwiftService: onReceive android.intent.action.SCREEN_ON
04-24 11:31:30.125  4158  4158 I TrackingClient: get swift version 2
04-24 11:31:30.132   967  2614 E pxrhmdservice : Call <getConfig> - pxr_auto_brightness_enable is NULL.
04-24 11:31:30.140   975  2402 I PxrConfigServiceClient: PROPERTY String8(property).string():50 =======3
04-24 11:31:30.140   975  2402 E Stationservice: L1:get_camerafps_from_config get i:0, realLens = 3
04-24 11:31:30.140   975  2402 E Stationservice: L1:get sys_station_camera_fps:50
04-24 11:31:30.140   975  2402 E Stationservice: L1:get_camerafps_from_config, get fps success:0,50
04-24 11:31:30.140   975  2402 E Stationservice: L1:stationservice power control wake up
04-24 11:31:30.140   975  2402 E Stationservice: L1:SOTA_enable, _sota_enabled:1!
04-24 11:31:30.140   975  2402 E Stationservice: L1:[vendor/picovr/services/StationService-new/service/MCUServer.cpp][MCU]powerOn
04-24 11:31:30.140   975  2402 E Stationservice: L1:[MCU]mcuServerModeSet, mcuserver mode:1, 0x5d0ac028
04-24 11:31:30.140   975  2402 E Stationservice: L1:[vendor/picovr/services/StationService-new/service/MCUServer.cpp][MCU]mcuThreadRun, is_thread_running=0, enable=1
04-24 11:31:30.140   975 16190 E Stationservice: L1:process: start
04-24 11:31:30.140   975  2402 E Stationservice: L1:power off station:0
04-24 11:31:30.140   975  2401 E Stationservice: L1:SOTA_check_upgrade, _l_sota_dev size:0
04-24 11:31:30.140   975  2401 E Stationservice: L1:SOTA_check_upgrade, _l_sota_dev is empty
04-24 11:31:30.140   975 16192 E Stationservice: L1:[MCU]mcuProcessThread, start 1
04-24 11:31:30.140   975 16191 E Stationservice: L1:[MCU]mcuRecvThread, start 1
04-24 11:31:30.140   957  1126 E gd32ipdservice: L1:brt_level = 63
04-24 11:31:30.140   957  1126 E gd32ipdservice: L1:mBrightness = 63
04-24 11:31:30.140   957  1126 E gd32ipdservice: L1:recover brt to 63
04-24 11:31:30.141   967  2624 I pxrhmdservice : Call <startKnockDetector> - enableKnock 0
04-24 11:31:30.141   963  2591 E PxrConfigServiceClient: PROPERTY String8(proptery).string():0 =======1
04-24 11:31:30.141   967  2624 W pxrhmdservice : HeadSensorThread::GetInstance()->start
04-24 11:31:30.141   963  2591 I PvrTrackingService: getConfig, name sys_tracking_camera_fps, value 0
04-24 11:31:30.141   963  2591 I PvrTrackingService: getTrackingCameraFPS, ret 0
04-24 11:31:30.141   967  2624 I pxrhmdservice : start this=0x79d6647780
04-24 11:31:30.141   963  2591 I PvrTrackingService: onServiceStatusCallback_l 9
04-24 11:31:30.141   967  2624 I pxrhmdservice : Knock <start> DEBUG <start> - 2 0.
04-24 11:31:30.142  2122  2652 E Guardian:: process event 0
04-24 11:31:30.142  1340  3907 I SmartPowerMonitor: [FEAT_POWER_MONITOR_COMMON][0] noteSensorStateChange uid: 0, sensor: 82, state: 1
04-24 11:31:30.142  1886  2074 I PvrManagerService:  pvrmanager PermissionGrant check calling is 0
04-24 11:31:30.142  2122  2662 E PxrPlugin: up.pfnXrStartCVControllerThreadPico interface has been deprecated
04-24 11:31:30.142  2122  2662 W APxrRuntime: TopApp 0
04-24 11:31:30.143   963  1410 I PvrTrackingService: serviceStatusLoop, setClientStatus to STARTED
04-24 11:31:30.143   963  1410 I PvrTrackingService: start 6dof by wakeup
04-24 11:31:30.143  1878  2770 E InputDeviceManager: p_CreateControllerClient  2122
04-24 11:31:30.143   963 16193 I PvrTrackingService: AlgorithmManager::startAlgorithm, type 5, parm 0, pid 963, state 4
04-24 11:31:30.143   963 16193 I PvrTrackingService: [startAlgorithm:1267] acquire lock success
04-24 11:31:30.143   963 16193 I PvrTrackingService: resetPoseOffset
04-24 11:31:30.143  2122  2662 E APxrRuntime: CreateHandTracker runtime oxr_hand_tracker_create 2154 hand_tracker->xdev 0x788ca52800 hand_tracker 0x78863a53c0 *out_hand_tracker 0x78863a53c0 **out_hand_tracker 0x788fee2300
04-24 11:31:30.143   963 16193 I PvrTrackingService: setPoseOffset, before [1.000000,0.000000,0.000000,0.000000,0.000000,0.000000,0.000000,0],after [1.000000,0.000000,0.000000,0.000000,0.000000,0.000000,0.000000,0]
04-24 11:31:30.143   963 16193 I PvrTrackingService: createHandle, createParms 
04-24 11:31:30.143   963 16193 I PICO_SLAM: SLAM createHandle begin 52816536
04-24 11:31:30.143   963 16193 I PICO_SLAM: SLAM version:  SLAM 2.0.0.7 0e8a6fb
04-24 11:31:30.143  2122  2662 E APxrRuntime: CreateHandTracker runtime oxr_hand_tracker_create 2154 hand_tracker->xdev 0x788ca52800 hand_tracker 0x78863ab200 *out_hand_tracker 0x78863ab200 **out_hand_tracker 0x788fee2300
04-24 11:31:30.143  2122  2662 I PxrPlugin: ctrltype plugin: getControllerType 7002 xrGetCurrentInteractionProfile pico4_controller ret = 0 Path  /interaction_profiles/bytedance/pico4_controller
04-24 11:31:30.143   919   919 I sensors-hal: batch:229, android.sensor.proximity/82, period=1000000, max_latency=0
04-24 11:31:30.143   919   919 I sensors-hal: batch:240, android.sensor.proximity/82, period=1000000, max_latency=0 request completed
04-24 11:31:30.144   967  2624 I pxrhmdservice : DEBUG <startKnockDetector> - enableKnock=[0] flag=[3] done.
04-24 11:31:30.144   967  2624 I pxrhmdservice : Call <pvrManagerCallBack> - system_vrmode_start mHmdServiceStatus=[0x1].
04-24 11:31:30.144   967  2624 I pxrhmdservice : thermal monitor: Reset thermal state.
04-24 11:31:30.144   967  2624 E pxrhmdservice : Call <resetThermalMonitor> - resetThermalState instance=[0x7a5b026d58]
04-24 11:31:30.144   967  2624 I pxrhmdservice : Call <servicecore_status_cb> - refreshrate=[72] [3500] hmdservicestatus=[1].
04-24 11:31:30.144   967  2624 I pxrhmdservice : Call <servicecore_status_cb> - status=[22] arg=[3500 0].
04-24 11:31:30.144   967  2624 E pxrhmdservice : Get status notifycation:status = 22
04-24 11:31:30.144   967  2624 I pxrhmdservice : Get status callback:22
04-24 11:31:30.144   967  2624 I pxrhmdservice : onServiceStatusCallback_l pvrservice=0x7a5f17f380 push serviceStatusCtx=0x79d6609060
04-24 11:31:30.144   967  2624 I pxrhmdservice : Call <callBackBacklightOffset> - handleStatusNotifycation backlightoffset_callback[3500 0].
04-24 11:31:30.145  4158  4158 I Utils   : getConfig, sys_tracking_enable_standalone_mode_tracker 
04-24 11:31:30.145  4158  4158 I SwiftV2Event: Report Event enter_find_mode-Params {"triggering_conditions":"screen_on","tracker_version":2,"wifi_type":"5g","is_connect_bluetooth":0,"tracking_mode":"full_body_tracking"}
04-24 11:31:30.147   963 16193 I PICO_SLAM: JK Construct Alter3DoF
04-24 11:31:30.147   963 16193 I PICO_SLAM: ORI load gyro successfully!
04-24 11:31:30.147   963 16193 I PICO_SLAM: PropSet LFRevert 0
04-24 11:31:30.147  6140 12635 I VSTBroadcastReceiver: onScreenOnRunnable
04-24 11:31:30.148   963  2777 I /system/bin/pvrtrackingservice: vendor/qcom/proprietary/commonsys-intf/adsprpc/src/apps_std_imp.c:741: Successfully opened file /vendor/lib/rfsa/adsp/libpico_cv_dsp_skel.so
04-24 11:31:30.149   967  2616 I pxrhmdservice : serviceStatusCallback _pvrservice=0x7a5f17f380 front _serviceStatusCtx=0x79d6609060
04-24 11:31:30.149   967  2616 I pxrhmdservice : Notification Client[0] onClientStatusChange
04-24 11:31:30.149  1878  1921 I pxrhmdservice : Call <onClientStatusChange> - mVrServiceClient:[0x78f547c340].
04-24 11:31:30.149  1878  1921 I pxrhmdservice : Call <onClientStatusChange> - mVrServiceClient:[0x78f547c340] mClientStatusCallBack:[0x788eaaf9e8] arg:[0x78f0c167f0] status=[22] arg=[3500] argCnt=[2].
04-24 11:31:30.149  1878  1921 I PxrCompositor: aboutAdjustMCU pxr_changeMcuDelayNotify, Status 22,argCnt 2, arg[0] 3500
04-24 11:31:30.149  1878  1921 I PxrCompositor: aboutAdjustMCU pxr_changeMcuDelayNotify, Status 22,argCnt 2, arg[1] 0
04-24 11:31:30.149   967  2616 I pxrhmdservice : Debug <getParameter> - CreateGd32ipdClient client=[0x7a5f16c750] [0x79d3d2e038 0x79d3d2e220]
04-24 11:31:30.149   957  1133 E gd32ipdservice: L1:a0 33 00 00 00 93 
04-24 11:31:30.150   957  1133 E gd32ipdservice: L1:uart_open = 9
04-24 11:31:30.150   957  1126 E gd32ipdservice: L1:a0 05 00 3f 00 9a 
04-24 11:31:30.153  6140 12635 E MRService:: process event 0
04-24 11:31:30.153   957  1133 E gd32ipdservice: L1:79 ac 0d 90 06 00 
04-24 11:31:30.153  6140 12637 E PxrPlugin: up.pfnXrStartCVControllerThreadPico interface has been deprecated
04-24 11:31:30.153   957  1133 E gd32ipdservice: L1:retry_cnt=3 ret=6 callingUid=0
04-24 11:31:30.153   967  2616 I pxrhmdservice : Call <getParameter> - GetBacklightOffset ret=[0] [3500 1680 0].
04-24 11:31:30.153  6140 12637 W APxrRuntime: TopApp 0
04-24 11:31:30.153   967  2616 I pxrhmdservice : Info <getParameter> - backlightoffset key=backlightoffset, value=3500,1680,72
04-24 11:31:30.153  1878  2770 E InputDeviceManager: p_CreateControllerClient  6140
04-24 11:31:30.153  6140 12637 E APxrRuntime: CreateHandTracker runtime oxr_hand_tracker_create 2154 hand_tracker->xdev 0x78f0d07800 hand_tracker 0x78882446c0 *out_hand_tracker 0x78882446c0 **out_hand_tracker 0x788eb30330
04-24 11:31:30.153  6140 12637 E APxrRuntime: CreateHandTracker runtime oxr_hand_tracker_create 2154 hand_tracker->xdev 0x78f0d07800 hand_tracker 0x788c713480 *out_hand_tracker 0x788c713480 **out_hand_tracker 0x788eb30330
04-24 11:31:30.153  6140 12637 I PxrPlugin: ctrltype plugin: getControllerType 7002 xrGetCurrentInteractionProfile pico4_controller ret = 0 Path  /interaction_profiles/bytedance/pico4_controller
04-24 11:31:30.153  1878  1921 I pxrhmdservice : Call <getBacklightOffset> - pvrserviceclient=0x78f547c340.
04-24 11:31:30.153  1878  1921 I PxrCompositor: aboutAdjustMCU pxr_changeMcuDelayNotify, HMDService_getBacklightOffset success
04-24 11:31:30.153  1878  1921 I PxrCompositor: aboutAdjustMCU pxr_changeMcuDelayNotify, target 3500, default offsetValue 3500, step 70
04-24 11:31:30.153  1878  1921 I PxrCompositor: aboutAdjustMCU pxr_changeMcuDelayNotify ,72 Mcu currentValue = 3500
04-24 11:31:30.153  1878  1921 I PxrCompositor: aboutAdjustMCU pxr_changeMcuDelayNotify  xrTimeToHalfExposureLeft 20.129999
04-24 11:31:30.153  1878  1921 I PxrCompositor: aboutAdjustMCU pxr_changeMcuDelayNotify  xrTimeToHalfExposureRight 6.780000
04-24 11:31:30.153  1878  1921 I PxrCompositor: aboutAdjustMCU pxr_changeMcuDelayNotify, currentValue equal target
04-24 11:31:30.153   967  2616 I pxrhmdservice : Notification Client[0] onClientStatusChange done
04-24 11:31:30.153   967  2616 I pxrhmdservice : Notification Client[2] onClientStatusChange
04-24 11:31:30.153  6140 12621 I pxrhmdservice : Call <onClientStatusChange> - mVrServiceClient:[0x78f547c340].
04-24 11:31:30.153  6140 12621 I pxrhmdservice : Call <onClientStatusChange> - mVrServiceClient:[0x78f547c340] mClientStatusCallBack:[0x78934d1c5c] arg:[0x78f0c160a8] status=[22] arg=[3500] argCnt=[2].
04-24 11:31:30.153   967  2616 I pxrhmdservice : Notification Client[2] onClientStatusChange done
04-24 11:31:30.156   957  1126 E gd32ipdservice: L1:79 
04-24 11:31:30.156   957  1126 E gd32ipdservice: L1:retry_cnt=3 ret=1 callingUid=0
04-24 11:31:30.156   957  1126 E gd32ipdservice: L1:brt retrycnt = 1
04-24 11:31:30.157  1886  2074 I PvrManagerService:  pvrmanager PermissionGrant check calling is 0
04-24 11:31:30.160   967  2614 E pxrhmdservice : Call <getConfig> - pxr_auto_brightness_enable is NULL.
04-24 11:31:30.162  2122  2662 W xrt_session: oxr_session_manage_state, client: com.pico.guardian, action=3, state=XR_SESSION_STATE_IDLE
04-24 11:31:30.162  2122  2662 W xrt_session: oxr_session_change_state from 1 to 2
04-24 11:31:30.162  2122  2662 W xrt_session: oxr_session_change_state from 2 to 3
04-24 11:31:30.162  1878  2770 I PxrNotificationClient: sendPxrNotification,action:com.notificaton.fakedata id:0,value1:com.notificaton.fakedata value2:0,ext:(null)
04-24 11:31:30.162  6140 12637 E MRService:: mr render fps = 61
04-24 11:31:30.162  6140 12637 W xrt_session: oxr_session_manage_state, client: com.pico.mrservice, action=3, state=XR_SESSION_STATE_IDLE
04-24 11:31:30.162  6140 12637 W xrt_session: oxr_session_change_state from 1 to 2
04-24 11:31:30.162  1883  2587 I PxrNotificationService: sendPxrMessage callingPid:1878 action com.notificaton.fakedata ,value1:com.notificaton.fakedata ,value2:0 ,ext: ,mPvrCallbacks.size():14
04-24 11:31:30.163  1878  2770 W xrt_session: update_server_state_locked():  main = 4 focus = 4
04-24 11:31:30.163  1878  2770 W xrt_session: handle_focused_client_events’╝Ücom.pico.guardian1,0.2
04-24 11:31:30.163  1878  2770 E APxrRuntime: sendAppStateChangeNotification------- com.pico.guardian: :visible 1,focused 0,state 1
04-24 11:31:30.163  1878  2770 I PxrNotificationClient: sendPxrNotification,action:pxr.action.appstate_change id:0,value1:com.pico.guardian value2:1,ext:(null)
04-24 11:31:30.163  1883  2587 I PxrNotificationService: sendPxrMessage callingPid:1878 action pxr.action.appstate_change ,value1:com.pico.guardian ,value2:1 ,ext: ,mPvrCallbacks.size():14
04-24 11:31:30.163  1878  2770 W xrt_session: handle_focused_client_events’╝Ücom.picoxr.xrshell1,0.0
04-24 11:31:30.163  1878  2770 W xrt_session: handle_focused_client_events’╝Ücom.pico.mrservice1,0.2
04-24 11:31:30.163  1878  2770 E APxrRuntime: sendAppStateChangeNotification------- com.pico.mrservice: :visible 1,focused 0,state 1
04-24 11:31:30.163  1878  2770 I PxrNotificationClient: sendPxrNotification,action:pxr.action.appstate_change id:0,value1:com.pico.mrservice value2:1,ext:(null)
04-24 11:31:30.164  1883 13098 I PxrNotificationService: sendPxrMessage callingPid:1878 action pxr.action.appstate_change ,value1:com.pico.mrservice ,value2:1 ,ext: ,mPvrCallbacks.size():14
04-24 11:31:30.164  4163  4684 W com.pvr.versio: Reducing the number of considered missed Gc histogram windows from 164 to 100
04-24 11:31:30.164  1878  2770 W xrt_session: handle_focused_client_events’╝Ücom.Sysmo.BeaVR.beta1,1.0
04-24 11:31:30.164  2122  2662 E APxrRuntime: Call error '-15'!
04-24 11:31:30.164   967   967 I pxrhmdservice : Set Thread Priority: tid=2374, policy=1073741825, priority=9
04-24 11:31:30.164  1878  2770 I pxrhmdservice : Call <setThreadPriority> - pvrserviceclient=0x78f547c340.
04-24 11:31:30.164  1878  2770 W PxrCompositor: cpu Set thread priority 9 for tid 2374
04-24 11:31:30.164  6140 12637 W xrt_session: oxr_session_change_state from 2 to 3
04-24 11:31:30.164  1878  2770 I PxrNotificationClient: sendPxrNotification,action:com.notificaton.fakedata id:0,value1:com.notificaton.fakedata value2:0,ext:(null)
04-24 11:31:30.164  1883 13098 I PxrNotificationService: sendPxrMessage callingPid:1878 action com.notificaton.fakedata ,value1:com.notificaton.fakedata ,value2:0 ,ext: ,mPvrCallbacks.size():14
04-24 11:31:30.164  1878  2770 W xrt_session: update_server_state_locked():  main = 4 focus = 4
04-24 11:31:30.164  1878  2770 W xrt_session: handle_focused_client_events’╝Ücom.pico.guardian1,0.2
04-24 11:31:30.164  1878  2770 W xrt_session: handle_focused_client_events’╝Ücom.picoxr.xrshell1,0.0
04-24 11:31:30.164  1878  2770 W xrt_session: handle_focused_client_events’╝Ücom.pico.mrservice1,0.2
04-24 11:31:30.164  1878  2770 W xrt_session: handle_focused_client_events’╝Ücom.Sysmo.BeaVR.beta1,1.0
04-24 11:31:30.164  6140 12637 E APxrRuntime: Call error '-15'!
04-24 11:31:30.165  6140 12637 I PxrNotificationClient: sendPxrNotification,action:com.pxr.guardian.seethrough_state id:0,value1:state value2:0,ext:successed
04-24 11:31:30.165  1878  1921 I PxrCompositor: notification_callback_onSeethroughState,state,0
04-24 11:31:30.165  1878  1921 I PxrCompositor: notifySeethroughState = 0
04-24 11:31:30.165  1878  1921 I PxrCompositor: notifySeethroughState = 0
04-24 11:31:30.165  1883 13098 I PxrNotificationService: sendPxrMessage callingPid:6140 action com.pxr.guardian.seethrough_state ,value1:state ,value2:0 ,ext:successed ,mPvrCallbacks.size():14
04-24 11:31:30.165  2122 12785 E Guardian:: onVstStatusChanged value1=state, value2=0, ext=successed
04-24 11:31:30.165  6140 12637 I PxrNotificationClient: sendPxrNotification,action:com.pico.pxr_seethrough_isshow id:0,value1:state value2:0,ext:successed
04-24 11:31:30.165  1883 13098 I PxrNotificationService: sendPxrMessage callingPid:6140 action com.pico.pxr_seethrough_isshow ,value1:state ,value2:0 ,ext:successed ,mPvrCallbacks.size():14
04-24 11:31:30.165   967   967 I pxrhmdservice : PxrHmdServiceCore <seethroughCallBack> value1=state value2=0 ext=successed
04-24 11:31:30.165   967   967 I pxrhmdservice : AutoIPDManager <isSupportEyetracking> isSupportEyetracking=0
04-24 11:31:30.165  6140 12637 I PxrNotificationClient: sendPxrNotification,action:com.pxr.mrservice.vst_state id:0,value1:state value2:0,ext:successed
04-24 11:31:30.165  1883 13098 I PxrNotificationService: sendPxrMessage callingPid:6140 action com.pxr.mrservice.vst_state ,value1:state ,value2:0 ,ext:successed ,mPvrCallbacks.size():14
04-24 11:31:30.165  1340  3907 I PowerAdvisor: [FEAT_SCENE_ADJUST_FREQ][0] onEventChanged, value1: state, value2: 0, ext: successed
04-24 11:31:30.165  1340  2131 I ScenePowerInfo: [FEAT_POWER_MONITOR_COMMON][0] vst scene change, state: 0, screen_on, null
04-24 11:31:30.165  1340  2131 I ScenePowerInfo: [FEAT_POWER_MONITOR_COMMON][0] vst scene change, state: 0, app_front, null
04-24 11:31:30.165  6140 12637 I PxrSeethroughServiceClient: [###:1327]: Call <###> -.mode=[0]
04-24 11:31:30.166   972  2550 I PxrSeethroughService: [###:4501]: Call <###> with mode=[0]
04-24 11:31:30.166   972  2550 I Photoid : [I 04/24 11:31:30.166 ] VSTPriority curr_vst_mode=3, mode=0, curr_vst_mode_update_flag=1
04-24 11:31:30.166   972  2550 I Photoid : [I 04/24 11:31:30.166 ] VSTPriority curr_vst_mode=0
04-24 11:31:30.166  1878  2770 W APxrRuntime: Handle destroy swapchain, id=0, pid=6140
04-24 11:31:30.166  6140 12637 I PxrPlugin: Pxr_DestroyLayer layerId=0
04-24 11:31:30.166  6140 12637 E APxrRuntime: set config start in runtime session, ConfigsSetEXT:13,10
04-24 11:31:30.166  6140 12637 W APxrRuntime: set_desired_fps done,10,13.917066,1,7
04-24 11:31:30.166  6140 12637 W xrt_session: oxr_session_handler_xrtCompositorEventStateChange: client: com.pico.mrservice, 1,0:3
04-24 11:31:30.166  6140 12637 W xrt_session: oxr_session_manage_state, client: com.pico.mrservice, action=4, state=XR_SESSION_STATE_SYNCHRONIZED
04-24 11:31:30.166  6140 12637 W xrt_session: oxr_session_change_state from 3 to 4
04-24 11:31:30.167   758 16186 E ResolverController: No valid NAT64 prefix (101, <unspecified>/0)
04-24 11:31:30.171  2122  2662 E Guardian:: GuardianSystem::Boundary is be colsed : 0,0,0
04-24 11:31:30.171  2122  2662 W xrt_session: oxr_session_handler_xrtCompositorEventStateChange: client: com.pico.guardian, 1,0:3
04-24 11:31:30.171  2122  2662 W xrt_session: oxr_session_manage_state, client: com.pico.guardian, action=4, state=XR_SESSION_STATE_SYNCHRONIZED
04-24 11:31:30.171  2122  2662 W xrt_session: oxr_session_change_state from 3 to 4
04-24 11:31:30.171  2122  2662 E Guardian:: guardian PXR_TYPE_EVENT_DATA_CONTROLLER, type = 0, controller = 1, status = 0
04-24 11:31:30.172   963  2777 I /system/bin/pvrtrackingservice: vendor/qcom/proprietary/commonsys-intf/adsprpc/src/apps_std_imp.c:741: Successfully opened file /vendor/lib/rfsa/adsp/libc++abi.so.1
04-24 11:31:30.176  2047  2374 E APxrRuntime:  oxr_session_poll:XRT_COMPOSITOR_EVENT_SEETHROUGH_CHANGE-------:0
04-24 11:31:30.176  2047  2374 I XRShell-Native: XR_TYPE_EVENT_SEETHROUGH_STATE_CHANGED, state is 0
04-24 11:31:30.177  2047  3592 I XRShell : EventDispatcher , dispatchKeyEvent2Ext , Event{clientId=-1, displayId=0, action=0, keyCode=-1000, buttonId=-1, deviceId=-1, isMotion=false, x=0.0, y=0.0, eventTime=3077, null}
04-24 11:31:30.177  1882  2201 W SYSTEM_EXT: seethrough status changed [0]
04-24 11:31:30.177  1882  2201 W SYSTEM_EXT: seethroughVisibleChanged [false]
04-24 11:31:30.177  1882  2201 W SYSTEM_EXT: restoreAllVisibleContainer failed [exit seethrough] by nothing to restore, flag [0x1000]
04-24 11:31:30.177  1882  2201 W SYSTEM_EXT: CALL CODE_SEETHROUGH_STATE inSeethrough :false
04-24 11:31:30.177  2047  3845 I XRShell : CODE_SEETHROUGH_STATE state :0
04-24 11:31:30.178   963  2777 I /system/bin/pvrtrackingservice: vendor/qcom/proprietary/commonsys-intf/adsprpc/src/apps_std_imp.c:741: Successfully opened file /vendor/lib/rfsa/adsp/libc++.so.1
04-24 11:31:30.190  2047  2374 I XRShell-Native: nativeSendSeeThroughStateToEngine, state=0
04-24 11:31:30.214   975   975 I PxrConfigServiceClient: PROPERTY String8(property).string():{"CFG_VER":"1.0","CFG_HASH_ALG":"sha256","OUT_DIR":"\/mnt\/vendor\/pvr\/firmwareupdate\/asset_100004009_20260410","BASE_FW_DIR_CONTROLLER":"\/system\/etc\/ctlbin","BASE_FW_DIR_TRACKER":"\/system\/etc\/trackerbin","UPDATED_FW_DIR_CONTROLLER":"\/mnt\/vendor\/pvr\/firmwareupdate\/asset_100004009_20260410\/controller","FW_HASH_SparrowCtrl_sv1.36_PR_tv01_20241012_b136_app.bin":"ebe7333af3d6b25fcccd86afbfe7b3d816e0e5e7f6dc4819f722ba3a6b9f3bd1"} =======443
04-24 11:31:30.218   963 16193 I /system/bin/pvrtrackingservice: vendor/qcom/proprietary/commonsys-intf/adsprpc/src/fastrpc_apps_user.c:989: remote_handle64_open: Successfully opened handle 0xb0caee70 for file:///libpico_cv_dsp_skel.so?pico_cv_dsp_skel_handle_invoke&_modver=1.0&_dom=cdsp on domain 3
04-24 11:31:30.218   963 16193 I SLAM    : [I 04/24 11:31:30.218 963 16193] cdsp domain handle open success
04-24 11:31:30.220   963  2777 I /system/bin/pvrtrackingservice: vendor/qcom/proprietary/commonsys-intf/adsprpc/src/apps_std_imp.c:741: Successfully opened file /vendor/lib/rfsa/adsp/libslamDSP_skel.so
04-24 11:31:30.227   963 16193 I /system/bin/pvrtrackingservice: vendor/qcom/proprietary/commonsys-intf/adsprpc/src/fastrpc_apps_user.c:989: remote_handle64_open: Successfully opened handle 0xb0caf260 for file:///libslamDSP_skel.so?slamDSP_skel_handle_invoke&_modver=1.0&_dom=cdsp on domain 3
04-24 11:31:30.230  6137 12672 I [PxrUnityNative]: [Display.cpp][CreateEyeTextureStages][846]: Start
04-24 11:31:30.230  6137 12672 I [PxrUnityNative]: [Display.cpp][CreateLayer][898]: Start
04-24 11:31:30.230  6137 12672 I [PxrUnityNative]: [OpenXrProgram.cpp][GetEyeBufferResolution][772]: EyeBufferResolution Width=1440 Height=1584
04-24 11:31:30.230  6137 12672 I [PxrUnityNative]: [OpenXrProgram.cpp][GetEyeBufferResolution][772]: EyeBufferResolution Width=1440 Height=1584
04-24 11:31:30.230  6137 12672 I [PxrUnityNative]: [Display.cpp][CreateLayer][926]: m_TextureScale:1.000000, w=1440, h=1584, arraySize=1
04-24 11:31:30.230  6137 12672 I [PxrUnityNative]: [Display.cpp][CreateLayer][954]: FoveationEnable:True, EyeFoveationEnable:False, EnableSubsampled:False,
04-24 11:31:30.230  6137 12672 I [PxrUnityNative]: [OpenXrProgram.cpp][CreateLayer][577]: start
04-24 11:31:30.230  6137 12672 I [PxrUnityNative]: [OpenXrProgram.cpp][CreateLayer][599]: PICO_CreateLayer layerId=0, layerShape=0, layerFlags=0x0, layerLayout=0, width=1440, height=1584, format=0x8c43, arraySize=1, sampleCount=1, mipmapCount=1, faceCount=1, externalImageCount=0, externalImages[0]=0x0, externalImages[1]=0x0
04-24 11:31:30.230  6137 12672 I [PxrUnityNative]: [OpenXrProgram.cpp][CreateLayer][641]: ffr gl
04-24 11:31:30.230  6137 12672 I [PxrUnityNative]: [OpenXrProgram.cpp][CreateLayer][674]: isSRGB ffr 
04-24 11:31:30.230  6137 12672 I [PxrUnityNative]: [OpenXrProgram.cpp][CreateLayer][683]: Swapchain count =2
04-24 11:31:30.230  6137 12672 I [PxrUnityNative]: [OpenXRHook.cpp][operator()][251]: session_manage_ xrCreateSwapchain  
04-24 11:31:30.230  6137 12672 E APxrRuntime: createInfo->format = 0x00008c43,c->info.formats[0] = 0x00008c43
04-24 11:31:30.231  6137 12672 E APxrRuntime: oxr_create_swapchain(), createInfo->width:1440, createInfo->height:1584, createInfo->arraySize:1
04-24 11:31:30.231  6137 12672 I [PxrUnityNative]: [OpenXrProgram.cpp][CreateLayer][695]: imageCount  =3
04-24 11:31:30.231  6137 12672 I [PxrUnityNative]: [OpenXrProgram.cpp][CreateLayer][712]: PICO_CreateLayer swapChains[0].images[0]=39
04-24 11:31:30.231  6137 12672 I [PxrUnityNative]: [OpenXrProgram.cpp][CreateLayer][712]: PICO_CreateLayer swapChains[0].images[1]=40
04-24 11:31:30.231  6137 12672 I [PxrUnityNative]: [OpenXrProgram.cpp][CreateLayer][712]: PICO_CreateLayer swapChains[0].images[2]=41
04-24 11:31:30.231  6137 12672 I [PxrUnityNative]: [OpenXrProgram.cpp][CreateLayer][732]: PICO_CreateLayer swapChains[0].imageCount=3, swapChains[0].handle=0x78937e0240
04-24 11:31:30.231  6137 12672 I [PxrUnityNative]: [OpenXrProgram.cpp][CreateLayer][734]: PICO_CreateLayer width=1440, height=1584
04-24 11:31:30.231  6137 12672 I [PxrUnityNative]: [OpenXRHook.cpp][operator()][251]: session_manage_ xrCreateSwapchain  
04-24 11:31:30.231  6137 12672 E APxrRuntime: createInfo->format = 0x00008c43,c->info.formats[0] = 0x00008c43
04-24 11:31:30.231  6137 12672 E APxrRuntime: oxr_create_swapchain(), createInfo->width:1440, createInfo->height:1584, createInfo->arraySize:1
04-24 11:31:30.231  6137 12672 I [PxrUnityNative]: [OpenXrProgram.cpp][CreateLayer][695]: imageCount  =3
04-24 11:31:30.231  6137 12672 I [PxrUnityNative]: [OpenXrProgram.cpp][CreateLayer][712]: PICO_CreateLayer swapChains[1].images[0]=42
04-24 11:31:30.231  6137 12672 I [PxrUnityNative]: [OpenXrProgram.cpp][CreateLayer][712]: PICO_CreateLayer swapChains[1].images[1]=43
04-24 11:31:30.231  6137 12672 I [PxrUnityNative]: [OpenXrProgram.cpp][CreateLayer][712]: PICO_CreateLayer swapChains[1].images[2]=44
04-24 11:31:30.231  6137 12672 I [PxrUnityNative]: [OpenXrProgram.cpp][CreateLayer][732]: PICO_CreateLayer swapChains[1].imageCount=3, swapChains[1].handle=0x78937b9dc0
04-24 11:31:30.231  6137 12672 I [PxrUnityNative]: [OpenXrProgram.cpp][CreateLayer][734]: PICO_CreateLayer width=1440, height=1584
04-24 11:31:30.231  6137 12672 I [PxrUnityNative]: [OpenXrProgram.cpp][CreateLayer][755]: end
04-24 11:31:30.231  6137 12672 I [PxrUnityNative]: [OpenXrProgram.cpp][GetLayerImageCount][794]: Pxr_GetLayerImageCount eye = 0, imageCount=3
04-24 11:31:30.231  6137 12672 I [PxrUnityNative]: [OpenXrProgram.cpp][GetLayerImage][817]: Pxr_GetLayerImage eye=0, layerId=0, imageIndex=0, image=0x27
04-24 11:31:30.231  6137 12672 I [PxrUnityNative]: [OpenXrProgram.cpp][GetLayerImage][817]: Pxr_GetLayerImage eye=0, layerId=0, imageIndex=1, image=0x28
04-24 11:31:30.231  6137 12672 I [PxrUnityNative]: [OpenXrProgram.cpp][GetLayerImage][817]: Pxr_GetLayerImage eye=0, layerId=0, imageIndex=2, image=0x29
04-24 11:31:30.231  6137 12672 I [PxrUnityNative]: [OpenXrProgram.cpp][GetLayerImageCount][794]: Pxr_GetLayerImageCount eye = 1, imageCount=3
04-24 11:31:30.231  6137 12672 I [PxrUnityNative]: [OpenXrProgram.cpp][GetLayerImage][817]: Pxr_GetLayerImage eye=1, layerId=0, imageIndex=0, image=0x2a
04-24 11:31:30.231  6137 12672 I [PxrUnityNative]: [OpenXrProgram.cpp][GetLayerImage][817]: Pxr_GetLayerImage eye=1, layerId=0, imageIndex=1, image=0x2b
04-24 11:31:30.231  6137 12672 I [PxrUnityNative]: [OpenXrProgram.cpp][GetLayerImage][817]: Pxr_GetLayerImage eye=1, layerId=0, imageIndex=2, image=0x2c
04-24 11:31:30.231  6137 12672 I [PxrUnityNative]: [OpenXrProgram.cpp][GetEyeBufferResolution][772]: EyeBufferResolution Width=1440 Height=1584
04-24 11:31:30.231  6137 12672 I [PxrUnityNative]: [OpenXrProgram.cpp][GetEyeBufferResolution][772]: EyeBufferResolution Width=1440 Height=1584
04-24 11:31:30.231  6137 12672 I [PxrUnityNative]: [Display.cpp][CreateTexture][1037]: Start
04-24 11:31:30.231  6137 12672 I [PxrUnityNative]: [Display.cpp][CreateTexture][1118]: outXRTextureId : 7, 0, 1440, 1584
04-24 11:31:30.231  6137 12672 I [PxrUnityNative]: [Display.cpp][CreateTexture][1037]: Start
04-24 11:31:30.231  6137 12672 I [PxrUnityNative]: [Display.cpp][CreateTexture][1118]: outXRTextureId : 8, 1, 1440, 1584
04-24 11:31:30.231  6137 12672 I [PxrUnityNative]: [Display.cpp][CreateTexture][1037]: Start
04-24 11:31:30.231  6137 12672 I [PxrUnityNative]: [Display.cpp][CreateTexture][1118]: outXRTextureId : 9, 0, 1440, 1584
04-24 11:31:30.231  6137 12672 I [PxrUnityNative]: [Display.cpp][CreateTexture][1037]: Start
04-24 11:31:30.231  6137 12672 I [PxrUnityNative]: [Display.cpp][CreateTexture][1118]: outXRTextureId : 10, 1, 1440, 1584
04-24 11:31:30.231  6137 12672 I [PxrUnityNative]: [Display.cpp][CreateTexture][1037]: Start
04-24 11:31:30.231  6137 12672 I [PxrUnityNative]: [Display.cpp][CreateTexture][1118]: outXRTextureId : 11, 0, 1440, 1584
04-24 11:31:30.231  6137 12672 I [PxrUnityNative]: [Display.cpp][CreateTexture][1037]: Start
04-24 11:31:30.231  6137 12672 I [PxrUnityNative]: [Display.cpp][CreateTexture][1118]: outXRTextureId : 12, 1, 1440, 1584
04-24 11:31:30.231  6137 12672 I [PxrUnityNative]: [FoveatedRendering.cpp][UpdateFoveationImages][194]: FoveationLevelProfileInfo.level=0, verticalOffset=0.000000, dynamic=1 ,isETFR=0
04-24 11:31:30.231  6137 12672 I [PxrUnityNative]: [FoveatedRendering.cpp][UpdateFoveationImages][207]: start CreateLayer 2 handle=0x78937e0240
04-24 11:31:30.231  6137 12672 I [PxrUnityNative]: [FoveatedRendering.cpp][UpdateFoveationImages][207]: start CreateLayer 2 handle=0x78937b9dc0
04-24 11:31:30.231  6137 12672 I [PxrUnityNative]: [FoveatedRendering.cpp][UpdateFoveationImages][214]: end 
04-24 11:31:30.232   963 16193 I PICO_SLAM: CALIB use factory
04-24 11:31:30.234   963 16193 I /system/bin/pvrtrackingservice: vendor/qcom/proprietary/commonsys-intf/adsprpc/src/fastrpc_apps_user.c:989: remote_handle64_open: Successfully opened handle 0xb0ef70a0 for file:///libpico_cv_dsp_skel.so?pico_cv_dsp_skel_handle_invoke&_modver=1.0&_dom=cdsp on domain 3
04-24 11:31:30.234   963 16193 I SLAM    : [I 04/24 11:31:30.234 963 16193] cdsp domain handle open success
04-24 11:31:30.240  6137 12564 E APxrRuntime:  oxr_session_poll:XRT_COMPOSITOR_EVENT_SEETHROUGH_CHANGE-------:3
04-24 11:31:30.240  6137 12564 W APxrRuntime: set_desired_fps done,-1,13.917066,0,0
04-24 11:31:30.240  6137 12564 W xrt_session: com.Sysmo.BeaVR.beta: client: oxr_session_handler_xrtCompositorEventResumeChange, receive RESUME changed event
04-24 11:31:30.240  6137 12564 W xrt_session: oxr_session_manage_state, client: com.Sysmo.BeaVR.beta, action=2, state=XR_SESSION_STATE_STOPPING
04-24 11:31:30.240  6137 12564 E xrt_session: oxr_session_manage_state: client com.Sysmo.BeaVR.beta did not end session yet
04-24 11:31:30.240  6137 12564 E APxrRuntime:  oxr_session_poll:XRT_COMPOSITOR_EVENT_SEETHROUGH_CHANGE-------:0
04-24 11:31:30.240  6137 12564 W APxrRuntime: set_desired_fps done,-1,13.917066,0,0
04-24 11:31:30.240  6137 12564 I Unity   : XrEventDataBufferFunction sessionstate=4
04-24 11:31:30.240  6137 12564 I Unity   : UnityEngine.DebugLogHandler:Internal_Log(LogType, LogOption, String, Object)
04-24 11:31:30.240  6137 12564 I Unity   : UnityEngine.DebugLogHandler:LogFormat(LogType, Object, String, Object[])
04-24 11:31:30.240  6137 12564 I Unity   : UnityEngine.Logger:Log(LogType, Object)
04-24 11:31:30.240  6137 12564 I Unity   : UnityEngine.Debug:Log(Object)
04-24 11:31:30.240  6137 12564 I Unity   : Unity.XR.PXR.PXR_Loader:XrEventDataBufferFunction(XrEventDataBuffer&) (at /home/likunwei/õĖŗĶĮĮ/PICO Unity Integration SDK-3.4.0-20260226/Runtime/Scripts/PXR_Loader.cs:464)
04-24 11:31:30.240  6137 12564 I Unity   : 
04-24 11:31:30.240  6140 12621 E MRService:: xrBSetSeethroughBackground,in_user = com.Sysmo.BeaVR.beta,in_value = 1
04-24 11:31:30.240   975  2402 E Stationservice: L1:power on station
04-24 11:31:30.241  6140 12621 E MRService:: track_behavior: xrBSetSeethroughBackground,in_value = 1
04-24 11:31:30.241  6137 12672 E APxrRuntime: PassthroughFB: Detect passthrough layer not submitted, try resume it again ret:0
04-24 11:31:30.241  6137 12672 W APxrRuntime: PXRSDK_PM ENGINE FPS: 1, 3501672308194
04-24 11:31:30.241  6137 12564 I Unity   : XrEventDataBufferFunction sessionstate=3
04-24 11:31:30.241  6137 12564 I Unity   : UnityEngine.DebugLogHandler:Internal_Log(LogType, LogOption, String, Object)
04-24 11:31:30.241  6137 12564 I Unity   : UnityEngine.DebugLogHandler:LogFormat(LogType, Object, String, Object[])
04-24 11:31:30.241  6137 12564 I Unity   : UnityEngine.Logger:Log(LogType, Object)
04-24 11:31:30.241  6137 12564 I Unity   : UnityEngine.Debug:Log(Object)
04-24 11:31:30.241  6137 12564 I Unity   : Unity.XR.PXR.PXR_Loader:XrEventDataBufferFunction(XrEventDataBuffer&) (at /home/likunwei/õĖŗĶĮĮ/PICO Unity Integration SDK-3.4.0-20260226/Runtime/Scripts/PXR_Loader.cs:464)
04-24 11:31:30.241  6137 12564 I Unity   : 
04-24 11:31:30.241  6137 12564 I [PxrUnityNative]: [OpenXrProgram.cpp][HandleSessionStateChangedEvent][535]: session_manage_state XR_SESSION_STATE_STOPPING received
04-24 11:31:30.241  6137 12564 I Unity   : XrEventDataBufferFunction sessionstate=6
04-24 11:31:30.241  6137 12564 I Unity   : UnityEngine.DebugLogHandler:Internal_Log(LogType, LogOption, String, Object)
04-24 11:31:30.241  6137 12564 I Unity   : UnityEngine.DebugLogHandler:LogFormat(LogType, Object, String, Object[])
04-24 11:31:30.241  6137 12564 I Unity   : UnityEngine.Logger:Log(LogType, Object)
04-24 11:31:30.241  6137 12564 I Unity   : UnityEngine.Debug:Log(Object)
04-24 11:31:30.241  6137 12564 I Unity   : Unity.XR.PXR.PXR_Loader:XrEventDataBufferFunction(XrEventDataBuffer&) (at /home/likunwei/õĖŗĶĮĮ/PICO Unity Integration SDK-3.4.0-20260226/Runtime/Scripts/PXR_Loader.cs:464)
04-24 11:31:30.241  6137 12564 I Unity   : 
04-24 11:31:30.241  6137 12564 I Unity   : PXR_Loader FrameID >>>>>>SeethroughStateChanged status =3
04-24 11:31:30.241  6137 12564 I Unity   : UnityEngine.DebugLogHandler:Internal_Log(LogType, LogOption, String, Object)
04-24 11:31:30.241  6137 12564 I Unity   : UnityEngine.DebugLogHandler:LogFormat(LogType, Object, String, Object[])
04-24 11:31:30.241  6137 12564 I Unity   : UnityEngine.Logger:Log(LogType, Object)
04-24 11:31:30.241  6137 12564 I Unity   : UnityEngine.Debug:Log(Object)
04-24 11:31:30.241  6137 12564 I Unity   : Unity.XR.PXR.PLog:i(String, String, Boolean) (at /home/likunwei/õĖŗĶĮĮ/PICO Unity Integration SDK-3.4.0-20260226/Runtime/Scripts/Utils/PXR_Log.cs:60)
04-24 11:31:30.241  6137 12564 I Unity   : Unity.XR.PXR.PXR_Loader:XrEventDataBufferFunction(XrEventDataBuffer&) (at /home/likunwei/õĖŗĶĮĮ/PICO Unity Integration SDK-3.4.0-20260226/Runtime/Scripts/PXR_Loader.cs:510)
04-24 11:31:30.241  6137 12564 I Unity   : 
04-24 11:31:30.241  6137 12722 I PxrMetric: FPS=72/72,MTP=-94.20ms,AppSW=off,FrmEarly=0,FrmLate=1,FrmCpu=6.72ms,FrmGpu=0.40ms,FrmTime=52.10ms,ATWGPU=0.95ms,VsyncDelay=1,GPU=10%/441Mhz,GPUTemp=51.6C,LayerCnt=1,Pkg=com.Sysmo.BeaVR.beta,FrmId=161
04-24 11:31:30.241  6137 12564 I [PxrUnityNative]: [OpenXrProgram.cpp][PollEvent][478]: handtrackinghandtracking type: 1200006064
04-24 11:31:30.241  6137 12564 I [PxrUnityNative]: [OpenXrProgram.cpp][PollEvent][481]: handtrackinghandtracking event: 2
04-24 11:31:30.241  6137 12564 I [PxrUnityNative]: [Display.cpp][onEvent][1361]: IProgramEvent type=1200006064
04-24 11:31:30.241  6137 12564 I [PxrUnityNative]: [Input.cpp][onEvent][850]: IProgramEvent type=1200006064
04-24 11:31:30.241  6137 12564 I [PxrUnityNative]: [Input.cpp][onEvent][854]: IProgramEvent eventDataPerfSettingsEXT.eventtype=21
04-24 11:31:30.241  6137 12564 I [PxrUnityNative]: [Input.cpp][onEvent][862]: PXR_DEVICE_INPUTDEVICE_CHANGED ’╝Ü2
04-24 11:31:30.241  6137 12564 I Unity   : PXR_Loader FrameID >>>>>>Controller eventType=XR_DEVICE_INPUTDEVICE_CHANGED, status=2, action=0
04-24 11:31:30.241  6137 12564 I Unity   : UnityEngine.DebugLogHandler:Internal_Log(LogType, LogOption, String, Object)
04-24 11:31:30.241  6137 12564 I Unity   : UnityEngine.DebugLogHandler:LogFormat(LogType, Object, String, Object[])
04-24 11:31:30.241  6137 12564 I Unity   : UnityEngine.Logger:Log(LogType, Object)
04-24 11:31:30.241  6137 12564 I Unity   : UnityEngine.Debug:Log(Object)
04-24 11:31:30.241  6137 12564 I Unity   : Unity.XR.PXR.PLog:i(String, String, Boolean) (at /home/likunwei/õĖŗĶĮĮ/PICO Unity Integration SDK-3.4.0-20260226/Runtime/Scripts/Utils/PXR_Log.cs:60)
04-24 11:31:30.241  6137 12564 I Unity   : Unity.XR.PXR.PXR_Loader:XrEventDataBufferFunction(XrEventDataBuffer&) (at /home/likunwei/õĖŗĶĮĮ/PICO Unity Integration SDK-3.4.0-20260226/Runtime/Scripts/PXR_Loader.cs:481)
04-24 11:31:30.241  6137 12564 I Unity   : 
04-24 11:31:30.241  6137 12564 I [PxrUnityNative]: [OpenXrProgram.cpp][PollEvent][478]: handtrackinghandtracking type: 1200006064
04-24 11:31:30.241  6137 12564 I [PxrUnityNative]: [Display.cpp][onEvent][1361]: IProgramEvent type=1200006064
04-24 11:31:30.241  6137 12564 I [PxrUnityNative]: [Input.cpp][onEvent][850]: IProgramEvent type=1200006064
04-24 11:31:30.241  6137 12564 I [PxrUnityNative]: [Input.cpp][onEvent][854]: IProgramEvent eventDataPerfSettingsEXT.eventtype=0
04-24 11:31:30.241  6137 12564 I [PxrUnityNative]: [Input.cpp][onEvent][858]:  Update controller connect = 1,0
04-24 11:31:30.241  6137 12564 I Unity   : PXR_Loader FrameID >>>>>>SeethroughStateChanged status =0
04-24 11:31:30.241  6137 12564 I Unity   : UnityEngine.DebugLogHandler:Internal_Log(LogType, LogOption, String, Object)
04-24 11:31:30.241  6137 12564 I Unity   : UnityEngine.DebugLogHandler:LogFormat(LogType, Object, String, Object[])
04-24 11:31:30.241  6137 12564 I Unity   : UnityEngine.Logger:Log(LogType, Object)
04-24 11:31:30.241  6137 12564 I Unity   : UnityEngine.Debug:Log(Object)
04-24 11:31:30.241  6137 12564 I Unity   : Unity.XR.PXR.PLog:i(String, String, Boolean) (at /home/likunwei/õĖŗĶĮĮ/PICO Unity Integration SDK-3.4.0-20260226/Runtime/Scripts/Utils/PXR_Log.cs:60)
04-24 11:31:30.241  6137 12564 I Unity   : Unity.XR.PXR.PXR_Loader:XrEventDataBufferFunction(XrEventDataBuffer&) (at /home/likunwei/õĖŗĶĮĮ/PICO Unity Integration SDK-3.4.0-20260226/Runtime/Scripts/PXR_Loader.cs:510)
04-24 11:31:30.241  6137 12564 I Unity   : 
04-24 11:31:30.243  6137 12672 I [PxrUnityNative]: [Display.cpp][GfxThread_PopulateNextFrameDesc][298]: session_manage_state PollEvent PXR_TYPE_EVENT_DATA_SESSION_STATE_STOPPING received .
04-24 11:31:30.243  6137 12672 I [PxrUnityNative]: [OpenXRHook.cpp][operator()][223]: session_manage_ xrEndSession before 
04-24 11:31:30.243   967   967 I pxrhmdservice : Set Thread Priority: tid=12672, policy=1073741824, priority=0
04-24 11:31:30.243  1878  2770 I pxrhmdservice : Call <setThreadPriority> - pvrserviceclient=0x78f547c340.
04-24 11:31:30.243  1878  2770 I PxrNotificationClient: sendPxrNotification,action:com.notificaton.fakedata id:0,value1:com.notificaton.fakedata value2:0,ext:(null)
04-24 11:31:30.244  1883 13098 I PxrNotificationService: sendPxrMessage callingPid:1878 action com.notificaton.fakedata ,value1:com.notificaton.fakedata ,value2:0 ,ext: ,mPvrCallbacks.size():14
04-24 11:31:30.244  1878  2770 W xrt_session: update_server_state_locked():  main = -1 focus = -1
04-24 11:31:30.244  1878  2770 W xrt_session: handle_focused_client_events’╝Ücom.pico.guardian1,0.2
04-24 11:31:30.244  1878  2770 W xrt_session: handle_focused_client_events’╝Ücom.picoxr.xrshell1,0.0
04-24 11:31:30.244  1878  2770 W xrt_session: handle_focused_client_events’╝Ücom.pico.mrservice1,0.2
04-24 11:31:30.244  6137 12672 W xrt_session: oxr_session_manage_state, client: com.Sysmo.BeaVR.beta, action=9, state=XR_SESSION_STATE_STOPPING
04-24 11:31:30.244  6137 12672 W xrt_session: oxr_session_change_state from 6 to 1
04-24 11:31:30.244  6137 12672 W xrt_session: oxr_session_change_state from 1 to 2
04-24 11:31:30.244  6137 12672 E APxrRuntime: ipc_client_device_stop_tracking!
04-24 11:31:30.244  6137 12672 I [PxrUnityNative]: [OpenXRHook.cpp][operator()][225]: session_manage_ xrEndSession after 
04-24 11:31:30.244  6137 12672 I [PxrUnityNative]: [EXThandtracking.cpp][PostEndSession][53]:  start
04-24 11:31:30.244  6137 12672 I [PxrUnityNative]: [OpenXrProgram.cpp][EndXr][920]: session_manage_ EndXr end,ret =0
04-24 11:31:30.244  6137 12672 E [PxrUnityNative]: [Display.cpp][GfxThread_PopulateNextFrameDesc][326]: session is not Ready.
04-24 11:31:30.245  6137 12672 E [PxrUnityNative]: [Display.cpp][GfxThread_SubmitCurrentFrame][443]: No frames have been queue'd for submission.
04-24 11:31:30.246  6137 12564 I Unity   : XrEventDataBufferFunction sessionstate=1
04-24 11:31:30.246  6137 12564 I Unity   : UnityEngine.DebugLogHandler:Internal_Log(LogType, LogOption, String, Object)
04-24 11:31:30.246  6137 12564 I Unity   : UnityEngine.DebugLogHandler:LogFormat(LogType, Object, String, Object[])
04-24 11:31:30.246  6137 12564 I Unity   : UnityEngine.Logger:Log(LogType, Object)
04-24 11:31:30.246  6137 12564 I Unity   : UnityEngine.Debug:Log(Object)
04-24 11:31:30.246  6137 12564 I Unity   : Unity.XR.PXR.PXR_Loader:XrEventDataBufferFunction(XrEventDataBuffer&) (at /home/likunwei/õĖŗĶĮĮ/PICO Unity Integration SDK-3.4.0-20260226/Runtime/Scripts/PXR_Loader.cs:464)
04-24 11:31:30.246  6137 12564 I Unity   : 
04-24 11:31:30.246  6137 12564 I [PxrUnityNative]: [OpenXrProgram.cpp][HandleSessionStateChangedEvent][525]: session_manage_state XR_SESSION_STATE_READY received
04-24 11:31:30.246  2047  2374 E APxrRuntime: oxr_session_poll:XR_TYPE_EVENT_DATA_MAIN_SESSION_VISIBILITY_CHANGED_EXTT-------:0
04-24 11:31:30.246  6137 12564 I Unity   : XrEventDataBufferFunction sessionstate=2
04-24 11:31:30.246  6137 12564 I Unity   : UnityEngine.DebugLogHandler:Internal_Log(LogType, LogOption, String, Object)
04-24 11:31:30.246  6137 12564 I Unity   : UnityEngine.DebugLogHandler:LogFormat(LogType, Object, String, Object[])
04-24 11:31:30.246  6137 12564 I Unity   : UnityEngine.Logger:Log(LogType, Object)
04-24 11:31:30.246  6137 12564 I Unity   : UnityEngine.Debug:Log(Object)
04-24 11:31:30.246  6137 12564 I Unity   : Unity.XR.PXR.PXR_Loader:XrEventDataBufferFunction(XrEventDataBuffer&) (at /home/likunwei/õĖŗĶĮĮ/PICO Unity Integration SDK-3.4.0-20260226/Runtime/Scripts/PXR_Loader.cs:464)
04-24 11:31:30.246  6137 12564 I Unity   : 
04-24 11:31:30.246  6137 12672 I [PxrUnityNative]: [Display.cpp][GfxThread_PopulateNextFrameDesc][295]: session_manage_state PollEvent PXR_TYPE_EVENT_DATA_SESSION_STATE_READY received .
04-24 11:31:30.246  6137 12672 I [PxrUnityNative]: [OpenXrProgram.cpp][BeginXr][885]: BeginXr start
04-24 11:31:30.247  6137 12672 I [PxrUnityNative]: [OpenXRHook.cpp][operator()][164]: session_manage_ xrBeginSession  before 
04-24 11:31:30.247  1878  2770 I PxrCompositor: pxr_set_config enter 1 2
04-24 11:31:30.247  6137 12672 E APxrRuntime: pxr_set_trackingorigin level type 2, xrEnableFloorLevel 1
04-24 11:31:30.247  1878  2770 W APxrRuntime: CpuFreqPolicy: Disable for [com.Sysmo.BeaVR.beta] index=4, top=0
04-24 11:31:30.247  1878  2770 E PxrCompositor: g_iSeethroughState 0.000000
04-24 11:31:30.247  6137 12672 W APxrRuntime: set_desired_fps done,-1,13.917066,0,0
04-24 11:31:30.247  1878  2770 E InputDeviceManager: p_CreateControllerClient  6137
04-24 11:31:30.247  1878  2770 I PxrCompositor: pxr_set_config enter 8 0.000000
04-24 11:31:30.247  1878  2770 I PxrCompositor:  PXRSDK_FT Engine don't call setDisplayFrequency,using recommand refreshRate = 90.000000
04-24 11:31:30.247   967   967 I pxrhmdservice : Call <getRefreshRate> - sys.pvr.display.type=[72.000000] done.
04-24 11:31:30.247   967   967 I pxrhmdservice : Call <getRefreshRate> - refreshRate=[72.000000 72.000000 72.000000].
04-24 11:31:30.247  1878  2770 I pxrhmdservice : Call <getRefreshRate> - pvrserviceclient=0x78f547c340.
04-24 11:31:30.247  1878  2770 I PxrCompositor: PXRSDK_FT pxrSetDisplayFrequencyInternal setRefreshRate:90.000000, current rate: 72.000000
04-24 11:31:30.247   967  2581 I pxrhmdservice : Call <setRefreshRate> - refreshRate=[90.000000],checkResult=1.
04-24 11:31:30.247   967  2581 I pxrhmdservice : Call <setRefreshRate> - refreshRate[90.000000] > max_refreshrate[72.000000].
04-24 11:31:30.247  1878  2770 E PxrCompositor: call HMDService_setRefreshRate refreshRate = 90.000000
04-24 11:31:30.247  1878  2770 E PxrCompositor: PXRSDK_FT SetRefreshRate fail,use getRate rate 72.000000
04-24 11:31:30.247   967   967 I pxrhmdservice : Call <getRefreshRate> - sys.pvr.display.type=[72.000000] done.
04-24 11:31:30.247   967   967 I pxrhmdservice : Call <getRefreshRate> - refreshRate=[72.000000 72.000000 72.000000].
04-24 11:31:30.247  1878  2770 I pxrhmdservice : Call <getRefreshRate> - pvrserviceclient=0x78f547c340.
04-24 11:31:30.247  6137 12672 E APxrRuntime: Call error '-1'!
04-24 11:31:30.247  6137 12672 I [PxrUnityNative]: [OpenXRHook.cpp][operator()][166]: session_manage_ xrBeginSession  after 
04-24 11:31:30.247  6137 12672 I [PxrUnityNative]: [EXThandtracking.cpp][PostBeginSession][35]:  handTrackingSystemProperties  =1
04-24 11:31:30.247  6137 12672 E APxrRuntime: CreateHandTracker runtime oxr_hand_tracker_create 2154 hand_tracker->xdev 0x786811cc00 hand_tracker 0x78937ed780 *out_hand_tracker 0x78937ed780 **out_hand_tracker 0x77a07dcc10
04-24 11:31:30.248  6137 12672 E APxrRuntime: CreateHandTracker runtime oxr_hand_tracker_create 2154 hand_tracker->xdev 0x786811cc00 hand_tracker 0x78937e7980 *out_hand_tracker 0x78937e7980 **out_hand_tracker 0x77a07dcc10
04-24 11:31:30.248  6137 12672 I [PxrUnityNative]: [EXThandtracking.cpp][PostBeginSession][46]: CreateHandTracker plugin xrCreateHandTrackerEXT up.handTrackerL_= 0x78937ed780 &up.handTrackerL_= 0x78f0cfdde8
