04-24 11:31:38.462  1379  1379 W SceneManagerHelper: submitMediaItemToSceneManager: null value for kEventCodecRenderFrameRate
04-24 11:31:38.462  1379  1379 W SceneManagerHelper: submitMediaItemToSceneManager: null value for kEventCodecVideoVRType
04-24 11:31:38.462  1379  1379 E SceneManagerHelper: submitMediaItemToSceneManager: null value for kEventCodecBufferQueueName
04-24 11:31:38.462  1379  1379 W PxrMediaAnalyticsService: submitMediaItemToSceneManager fail
04-24 11:31:38.462  1379  1379 W PerformanceTrackerHelper: submitMediaItemToProtoBuffer_l: null value for kEventCodecUseSurface
04-24 11:31:38.462  1379  1379 W PxrMediaAnalyticsService: submitMediaItemToProtoBuffer fail
04-24 11:31:38.463  1387 16472 W C2DColorConvert: calcLumaAlign: unknown format (3) passed for luma alignment number.
04-24 11:31:38.463  1387 16472 I OMX-VDEC-1080P: C2D: Start color convertion
04-24 11:31:38.464  1387 16472 W C2DColorConvert: calcLumaAlign: unknown format (3) passed for luma alignment number.
04-24 11:31:38.464  1387 16472 I OMX-VDEC-1080P: C2D: Start color convertion
04-24 11:31:38.465  1387 16472 W C2DColorConvert: calcLumaAlign: unknown format (3) passed for luma alignment number.
04-24 11:31:38.465  1387 16472 I OMX-VDEC-1080P: C2D: Start color convertion
04-24 11:31:38.466  1387 16472 W C2DColorConvert: calcLumaAlign: unknown format (3) passed for luma alignment number.
04-24 11:31:38.466  1387 16472 I OMX-VDEC-1080P: C2D: Start color convertion
04-24 11:31:38.470  1387 16472 W C2DColorConvert: calcLumaAlign: unknown format (3) passed for luma alignment number.
04-24 11:31:38.470  1387 16472 I OMX-VDEC-1080P: C2D: Start color convertion
04-24 11:31:38.473  1387 16472 W C2DColorConvert: calcLumaAlign: unknown format (3) passed for luma alignment number.
04-24 11:31:38.473  1379  1379 W PxrEventUploader: codec_name: OMX.google.aac.decoder
04-24 11:31:38.473  1379  1379 I PxrNotificationClient: sendPxrNotification,action:teatracker_event_action id:0,value1:media_codec_codec_stop value2:0,ext:{"caller_package_name":"com.pvr.seethrough.setting","channel_count":2,"codec_name":"OMX.google.aac.decoder","is_protected":0,"low_latency_mode":0,"metrics_session_id":50,"sample_rate":48000}
04-24 11:31:38.474  1883 13098 E PxrNotificationUtils: non system uid checkSendPxrMessagePermissionWithAction:teatracker_event_action permission granted.
04-24 11:31:38.474  1883 13098 I PxrNotificationService: sendPxrMessage callingPid:1379 action teatracker_event_action ,value1:media_codec_codec_stop ,value2:0 ,ext:{"caller_package_name":"com.pvr.seethrough.setting","channel_count":2,"codec_name":"OMX.google.aac.decoder","is_protected":0,"low_latency_mode":0,"metrics_session_id":50,"sample_rate":48000} ,mPvrCallbacks.size():15
04-24 11:31:38.475  1379  1379 W SceneManagerHelper: submitMediaItemToSceneManager: null value for kEventCodecWidth
04-24 11:31:38.475  1379  1379 W SceneManagerHelper: submitMediaItemToSceneManager: null value for kEventCodecHeight
04-24 11:31:38.475  1379  1379 W SceneManagerHelper: submitMediaItemToSceneManager: null value for kEventCodecRenderFrameRate
04-24 11:31:38.475  1379  1379 W SceneManagerHelper: submitMediaItemToSceneManager: null value for kEventCodecVideoVRType
04-24 11:31:38.475  1379  1379 E SceneManagerHelper: submitMediaItemToSceneManager: null value for kEventCodecBufferQueueName
04-24 11:31:38.475  1379  1379 W PxrMediaAnalyticsService: submitMediaItemToSceneManager fail
04-24 11:31:38.475  1379  1379 W PerformanceTrackerHelper: submitMediaItemToProtoBuffer_l: null value for kEventCodecUseSurface
04-24 11:31:38.475  1379  1379 W PxrMediaAnalyticsService: submitMediaItemToProtoBuffer fail
04-24 11:31:38.508  4368  5099 W System  : A resource failed to call close. 
04-24 11:31:38.534  1387  1641 I OMX-VDEC-1080P: deinit
04-24 11:31:38.534  1387  1641 I OMX-VDEC-1080P: omx_vdec::component_deinit() complete
04-24 11:31:38.540  1379  1379 W PxrEventUploader: codec_name: OMX.qcom.video.decoder.avc
04-24 11:31:38.540  1379  1379 I PxrNotificationClient: sendPxrNotification,action:teatracker_event_action id:0,value1:media_codec_codec_stop value2:0,ext:{"caller_package_name":"com.pvr.seethrough.setting","codec_name":"OMX.qcom.video.decoder.avc","decode_latency_avg":52867,"decode_latency_max":52867,"decode_latency_min":52867,"frame_rate":25,"is_protected":0,"low_latency_mode":0,"metrics_session_id":49,"rotation_degrees":0,"video_height":720,"video_width":1280}
04-24 11:31:38.540  1883 13098 E PxrNotificationUtils: non system uid checkSendPxrMessagePermissionWithAction:teatracker_event_action permission granted.
04-24 11:31:38.541  1883 13098 I PxrNotificationService: sendPxrMessage callingPid:1379 action teatracker_event_action ,value1:media_codec_codec_stop ,value2:0 ,ext:{"caller_package_name":"com.pvr.seethrough.setting","codec_name":"OMX.qcom.video.decoder.avc","decode_latency_avg":52867,"decode_latency_max":52867,"decode_latency_min":52867,"frame_rate":25,"is_protected":0,"low_latency_mode":0,"metrics_session_id":49,"rotation_degrees":0,"video_height":720,"video_width":1280} ,mPvrCallbacks.size():15
04-24 11:31:38.541  1379  1379 W SceneManagerHelper: submitMediaItemToSceneManager: null value for kEventCodecRenderFrameRate
04-24 11:31:38.541  1379  1379 W SceneManagerHelper: submitMediaItemToSceneManager: null value for kEventCodecVideoVRType
04-24 11:31:38.541  1379  1379 E SceneManagerHelper: submitMediaItemToSceneManager: null value for kEventCodecBufferQueueName
04-24 11:31:38.541  1379  1379 W PxrMediaAnalyticsService: submitMediaItemToSceneManager fail
04-24 11:31:38.541  1379  1379 W PerformanceTrackerHelper: submitMediaItemToProtoBuffer_l: null value for kEventCodecUseSurface
04-24 11:31:38.541  1379  1379 W PxrMediaAnalyticsService: submitMediaItemToProtoBuffer fail
04-24 11:31:38.548  6149 16479 I OMXClient: IOmx service obtained
04-24 11:31:38.549  1387  1641 I OMXMaster: makeComponentInstance(OMX.qcom.video.decoder.avc) in android.hardwar process
04-24 11:31:38.549  1387  1641 E         : Service not available yet
04-24 11:31:38.550   971  2698 I PxrMRService: [###:673]: statistics - mono_status=[0] rgb_status=[0] mr_mode=[1] mr_auto_capture=[0] total_cnt=[241]
04-24 11:31:38.552  1387  1641 I OMX-VDEC-1080P: init
04-24 11:31:38.554  1387  1641 I OMX-VDEC-1080P: omx_vdec::component_init() success : OMX.qcom.video.decoder.avc fd=10
04-24 11:31:38.555  6149 16375 I Surface : create surface : Surface(name=android.graphics.SurfaceTexture@e035521)/@0x3e17d46 from : SurfaceTexture-73-6149-1
04-24 11:31:38.555  6149 16478 I BufferQueueProducer: [SurfaceTexture-73-6149-1] connect: api 3, w*h = 1 * 1
04-24 11:31:38.555  6149 16478 I MediaCodec: [OMX.qcom.video.decoder.avc] setting surface generation to 6296578
04-24 11:31:38.555  6149 16478 I BufferQueueProducer: [SurfaceTexture-73-6149-1] disconnect: api 3, w*h = 1 * 1
04-24 11:31:38.555  6149 16478 I BufferQueueProducer: [SurfaceTexture-73-6149-1] connect: api 3, w*h = 1 * 1
04-24 11:31:38.555  1379  1379 W PxrMediaAnalyticsService: submitMediaItemToTeaTracker fail
04-24 11:31:38.555  1379  1379 W SceneManagerHelper: submitMediaItemToSceneManager: null value for kEventCodecRenderFrameRate
04-24 11:31:38.555  1379  1379 W SceneManagerHelper: submitMediaItemToSceneManager: null value for kEventCodecVideoVRType
04-24 11:31:38.556  1379  1379 W PxrMediaAnalyticsService: submitMediaItemToProtoBuffer fail
04-24 11:31:38.557  1387  1641 E OMX-VDEC-1080P: Extension: OMX.google.android.index.useAndroidNativeBuffer is supported
04-24 11:31:38.557  1387  1641 E OMX-VDEC-1080P: get_parameter: unknown param 0x7f000046
04-24 11:31:38.557  1387  1641 E OMXNodeInstance: getParameter(0xea110504:qcom.decoder.avc, ??(0x7f000046)) ERROR: UnsupportedIndex(0x8000101a)
04-24 11:31:38.557  1387  1641 E OMX-VDEC-1080P: set_parameter: Error: 0x80001019, setting param 0x7f00005d
04-24 11:31:38.557  1387  1641 E OMXNodeInstance: setParameter(0xea110504:qcom.decoder.avc, OMX.google.android.index.allocateNativeHandle(0x7f00005d): Output:1 en=0) ERROR: UnsupportedSetting(0x80001019)
04-24 11:31:38.557  6149 16479 I ExtendedACodec: setupVideoDecoder()
04-24 11:31:38.559  1387  2137 I C2DColorConvert: getDummySurfaceDef: half stride for Cb Cr planes 
04-24 11:31:38.560  6149 16479 I ExtendedACodec: Decoder will be in frame by frame mode
04-24 11:31:38.560  1387  1641 E OMX-VDEC-1080P: Setparameter: unknown param 2130706434
04-24 11:31:38.560  1387  1641 E OMX-VDEC-1080P: set_parameter: Error: 0x8000101a, setting param 0x7f000002
04-24 11:31:38.560  1387  1641 E OMXNodeInstance: setParameter(0xea110504:qcom.decoder.avc, ??(0x7f000002)) ERROR: UnsupportedIndex(0x8000101a)
04-24 11:31:38.560  6149 16479 W ExtendedACodec: Failed to set frame packing format on component
04-24 11:31:38.564  1387  2137 E OMXNodeInstance: getConfig(0xea110504:qcom.decoder.avc, ??(0x7f000062)) ERROR: UnsupportedSetting(0x80001019)
04-24 11:31:38.569  1379  1379 W PxrEventUploader: codec_name: OMX.qcom.video.decoder.avc
04-24 11:31:38.569  1379  1379 I PxrNotificationClient: sendPxrNotification,action:teatracker_event_action id:0,value1:media_codec_configure value2:0,ext:{"caller_package_name":"com.pvr.seethrough.setting","codec_name":"OMX.qcom.video.decoder.avc","frame_rate":25,"is_protected":0,"low_latency_mode":0,"metrics_session_id":51,"rotation_degrees":0,"video_height":720,"video_width":1280}
04-24 11:31:38.570  1883 13098 E PxrNotificationUtils: non system uid checkSendPxrMessagePermissionWithAction:teatracker_event_action permission granted.
04-24 11:31:38.570  1883 13098 I PxrNotificationService: sendPxrMessage callingPid:1379 action teatracker_event_action ,value1:media_codec_configure ,value2:0 ,ext:{"caller_package_name":"com.pvr.seethrough.setting","codec_name":"OMX.qcom.video.decoder.avc","frame_rate":25,"is_protected":0,"low_latency_mode":0,"metrics_session_id":51,"rotation_degrees":0,"video_height":720,"video_width":1280} ,mPvrCallbacks.size():15
04-24 11:31:38.570  1379  1379 W SceneManagerHelper: submitMediaItemToSceneManager: discrad invailed keyEvent: media_codec_configure
04-24 11:31:38.570  1379  1379 W PxrMediaAnalyticsService: submitMediaItemToSceneManager fail
04-24 11:31:38.570  1379  1379 W PxrMediaAnalyticsService: submitMediaItemToProtoBuffer fail
04-24 11:31:38.581  1387 16481 I OMX-VDEC-1080P: We discard down scaler when omx not in execute state
04-24 11:31:38.582  1387 16481 I OMX-VDEC-1080P: We discard down scaler when omx not in execute state
04-24 11:31:38.582  6149 16484 I OMXClient: IOmx service obtained
04-24 11:31:38.582  1387  1641 I OMXMaster: makeComponentInstance(OMX.google.aac.decoder) in android.hardwar process
04-24 11:31:38.585  1387  1641 E OMXNodeInstance: getConfig(0xed048860:google.aac.decoder, ConfigAndroidVendorExtension(0x6f100004)) ERROR: Undefined(0x80001001)
04-24 11:31:38.586  6149 16484 W ExtendedACodec: Failed to get extension for extradata parameter
04-24 11:31:38.586  1379  5871 W PxrEventUploader: codec_name: OMX.google.aac.decoder
04-24 11:31:38.586  1379  5871 I PxrNotificationClient: sendPxrNotification,action:teatracker_event_action id:0,value1:media_codec_configure value2:0,ext:{"caller_package_name":"com.pvr.seethrough.setting","channel_count":2,"codec_name":"OMX.google.aac.decoder","is_protected":0,"low_latency_mode":0,"metrics_session_id":52,"sample_rate":48000}
04-24 11:31:38.586  1883 13098 E PxrNotificationUtils: non system uid checkSendPxrMessagePermissionWithAction:teatracker_event_action permission granted.
04-24 11:31:38.587  1883 13098 I PxrNotificationService: sendPxrMessage callingPid:1379 action teatracker_event_action ,value1:media_codec_configure ,value2:0 ,ext:{"caller_package_name":"com.pvr.seethrough.setting","channel_count":2,"codec_name":"OMX.google.aac.decoder","is_protected":0,"low_latency_mode":0,"metrics_session_id":52,"sample_rate":48000} ,mPvrCallbacks.size():15
04-24 11:31:38.587  1379  5871 W SceneManagerHelper: submitMediaItemToSceneManager: discrad invailed keyEvent: media_codec_configure
04-24 11:31:38.587  1379  5871 W PxrMediaAnalyticsService: submitMediaItemToSceneManager fail
04-24 11:31:38.587  1379  5871 W PerformanceTrackerHelper: submitMediaItemToProtoBuffer_l: null value for kEventCodecUseSurface
04-24 11:31:38.587  1379  5871 W PxrMediaAnalyticsService: submitMediaItemToProtoBuffer fail
04-24 11:31:38.601  1340  4574 I TcpSocketTracker: DataStall result: fail percent: 0 sent: 107 receive: 106 last received count 106 retrans: 0 lost: 0 sent since last recv: 0 sockcnt: 24
04-24 11:31:38.601  1340  4572 E NetworkStatusCollect: error: stall, but still has data before current interval 1760
04-24 11:31:38.609  1387  2137 E OMXNodeInstance: getConfig(0xea110504:qcom.decoder.avc, ??(0x7f000062)) ERROR: UnsupportedSetting(0x80001019)
04-24 11:31:38.611  1387 16481 I OMX-VDEC-1080P: reset
04-24 11:31:38.611  1387 16481 I OMX-VDEC-1080P: We discard down scaler when omx not in execute state
04-24 11:31:38.611  1387 16481 I chatty  : uid=1046(mediacodec) omx@1.0-service identical 3 lines
04-24 11:31:38.611  1387 16481 I OMX-VDEC-1080P: We discard down scaler when omx not in execute state
04-24 11:31:38.622  1387  1641 E OMXNodeInstance: getConfig(0xea110504:qcom.decoder.avc, ??(0x7f000062)) ERROR: UnsupportedSetting(0x80001019)
04-24 11:31:38.622  1379  5871 W PxrMediaAnalyticsService: submitMediaItemToTeaTracker fail
04-24 11:31:38.622  1379  5871 W SceneManagerHelper: submitMediaItemToSceneManager: null value for kEventCodecRenderFrameRate
04-24 11:31:38.623  1379  5871 W SceneManagerHelper: submitMediaItemToSceneManager: null value for kEventCodecVideoVRType
04-24 11:31:38.623  1379  5871 W PxrMediaAnalyticsService: submitMediaItemToProtoBuffer fail
04-24 11:31:38.657   654  1338 W ServiceManagement: Waited one second for vendor.qti.hardware.radio.uim_remote_client@1.0::IUimRemoteServiceClient/uimRemoteClient0
04-24 11:31:38.657   654  1338 I ServiceManagement: getService: Trying again for vendor.qti.hardware.radio.uim_remote_client@1.0::IUimRemoteServiceClient/uimRemoteClient0...
04-24 11:31:38.686   963  2754 I SENSOR  : BODYPOSE version: 1.0.0.47 
04-24 11:31:38.686   963  2754 I SENSOR  : Centuar_Services: 20250903A_For_Centuar  SENSOR  
04-24 11:31:38.686   963  2754 I SENSOR  : PClog_StatusInfo:52829.662071,Static:0,OutDoor:0,BrightNessCam3:4.603333,Frq:50.000000,pid:963,cpu:7,creatbodyflag:0,1,trackstatus:0,1TrackingMode:1,m_head_Linecnt:200, HeadDatatype:1
04-24 11:31:38.686   963  2754 I SENSOR  : PClog_TimeStatus:52829.662071,all:2.284843,init:0.000000,1.486511,pred:0.000000,0.540729,update:0.000000,1.558854,p5p:0.000000,3.491145,p5plist:0.000000,2.906354,brute:0.000000,0.318437,reinit:0.000000,0.000000
04-24 11:31:38.905  6149 16348 I Unity   : seethroughsetting---DistinguishLocalOK ------(-0.086232, 0.087247, -0.046353)
04-24 11:31:38.906  6149 16348 W Unity   : MessageAggregatorHandlerMessage_Error2005_System.Int32[]
04-24 11:31:38.906  6149 16348 I Unity   : seethroughsetting---Wall---CreateWall---WallView_CreateWall_PointsCount:73
04-24 11:31:38.907  6149 16348 I Unity   : SeethroughSetting---BtnUp---Click
04-24 11:31:38.907  6149 16348 I Unity   : seethroughsetting---EventSystem---AttemptClick---Click SuccessBtnUp
04-24 11:31:38.907  6149 16348 I Unity   : seethroughsetting---Wall---GetUVPolygon---WallView_GetUVPolgon_girth:5.653075
04-24 11:31:38.911  1379  5871 W PxrEventUploader: codec_name: OMX.google.aac.decoder
04-24 11:31:38.911  1379  5871 I PxrNotificationClient: sendPxrNotification,action:teatracker_event_action id:0,value1:media_codec_codec_stop value2:0,ext:{"caller_package_name":"com.pvr.seethrough.setting","channel_count":2,"codec_name":"OMX.google.aac.decoder","is_protected":0,"low_latency_mode":0,"metrics_session_id":52,"sample_rate":48000}
04-24 11:31:38.911  1883 13098 E PxrNotificationUtils: non system uid checkSendPxrMessagePermissionWithAction:teatracker_event_action permission granted.
04-24 11:31:38.912  1883 13098 I PxrNotificationService: sendPxrMessage callingPid:1379 action teatracker_event_action ,value1:media_codec_codec_stop ,value2:0 ,ext:{"caller_package_name":"com.pvr.seethrough.setting","channel_count":2,"codec_name":"OMX.google.aac.decoder","is_protected":0,"low_latency_mode":0,"metrics_session_id":52,"sample_rate":48000} ,mPvrCallbacks.size():15
04-24 11:31:38.913  1379  5871 W SceneManagerHelper: submitMediaItemToSceneManager: null value for kEventCodecWidth
04-24 11:31:38.913  1379  5871 W SceneManagerHelper: submitMediaItemToSceneManager: null value for kEventCodecHeight
04-24 11:31:38.913  1379  5871 W SceneManagerHelper: submitMediaItemToSceneManager: null value for kEventCodecRenderFrameRate
04-24 11:31:38.913  1379  5871 W SceneManagerHelper: submitMediaItemToSceneManager: null value for kEventCodecVideoVRType
04-24 11:31:38.913  1379  5871 E SceneManagerHelper: submitMediaItemToSceneManager: null value for kEventCodecBufferQueueName
04-24 11:31:38.913  1379  5871 W PxrMediaAnalyticsService: submitMediaItemToSceneManager fail
04-24 11:31:38.914  1379  5871 W PerformanceTrackerHelper: submitMediaItemToProtoBuffer_l: null value for kEventCodecUseSurface
04-24 11:31:38.914  1379  5871 W PxrMediaAnalyticsService: submitMediaItemToProtoBuffer fail
04-24 11:31:38.937  6149 16478 I BufferQueueProducer: [SurfaceTexture-73-6149-1] disconnect: api 3, w*h = 1 * 1
04-24 11:31:38.939  1387  2137 I OMX-VDEC-1080P: deinit
04-24 11:31:38.940  1387  2137 I OMX-VDEC-1080P: omx_vdec::component_deinit() complete
04-24 11:31:38.945  1379  5871 W PxrEventUploader: codec_name: OMX.qcom.video.decoder.avc
04-24 11:31:38.945  1379  5871 I PxrNotificationClient: sendPxrNotification,action:teatracker_event_action id:0,value1:media_codec_codec_stop value2:0,ext:{"caller_package_name":"com.pvr.seethrough.setting","codec_name":"OMX.qcom.video.decoder.avc","decode_latency_avg":161644,"decode_latency_max":267007,"decode_latency_min":55996,"frame_rate":25,"is_protected":0,"low_latency_mode":0,"metrics_session_id":51,"rotation_degrees":0,"use_surface":1,"video_height":720,"video_width":1280}
04-24 11:31:38.945  1883 13098 E PxrNotificationUtils: non system uid checkSendPxrMessagePermissionWithAction:teatracker_event_action permission granted.
04-24 11:31:38.946  1883 13098 I PxrNotificationService: sendPxrMessage callingPid:1379 action teatracker_event_action ,value1:media_codec_codec_stop ,value2:0 ,ext:{"caller_package_name":"com.pvr.seethrough.setting","codec_name":"OMX.qcom.video.decoder.avc","decode_latency_avg":161644,"decode_latency_max":267007,"decode_latency_min":55996,"frame_rate":25,"is_protected":0,"low_latency_mode":0,"metrics_session_id":51,"rotation_degrees":0,"use_surface":1,"video_height":720,"video_width":1280} ,mPvrCallbacks.size():15
04-24 11:31:38.946  1379  5871 W SceneManagerHelper: submitMediaItemToSceneManager: null value for kEventCodecRenderFrameRate
04-24 11:31:38.946  1379  5871 W SceneManagerHelper: submitMediaItemToSceneManager: null value for kEventCodecVideoVRType
04-24 11:31:38.946  1379  5871 I PerformanceTrackerHelper: Save PbBuffer To File, mProtoCodecDataList itemsize: 6, byteSize: 492
04-24 11:31:39.025   922   922 E android.hardware.wifi@1.0-service: cyx convertHidlNanEnableReque 78462 contentavg=232
04-24 11:31:39.112   967  2615 I pxrhmdservice : Call <getCommonDataThread> - boot_completed=[1] ------------------------
04-24 11:31:39.337  6149  6149 I SeethroughSetting: Keep runing WatchDog
04-24 11:31:39.378  6149 16419 I PxrMetric: FPS=68/72,MTP=36.19ms,AppSW=off,FrmEarly=16,FrmLate=2,FrmCpu=1.84ms,FrmGpu=3.09ms,FrmTime=6.07ms,ATWGPU=3.09ms,VsyncDelay=1,GPU=48%/441Mhz,GPUTemp=56.7C,LayerCnt=4,Pkg=com.pvr.seethrough.setting,FrmId=271
04-24 11:31:39.381   975   975 I PxrConfigServiceClient: PROPERTY String8(property).string():{"CFG_VER":"1.0","CFG_HASH_ALG":"sha256","OUT_DIR":"\/mnt\/vendor\/pvr\/firmwareupdate\/asset_100004009_20260410","BASE_FW_DIR_CONTROLLER":"\/system\/etc\/ctlbin","BASE_FW_DIR_TRACKER":"\/system\/etc\/trackerbin","UPDATED_FW_DIR_CONTROLLER":"\/mnt\/vendor\/pvr\/firmwareupdate\/asset_100004009_20260410\/controller","FW_HASH_SparrowCtrl_sv1.36_PR_tv01_20241012_b136_app.bin":"ebe7333af3d6b25fcccd86afbfe7b3d816e0e5e7f6dc4819f722ba3a6b9f3bd1"} =======443
04-24 11:31:39.404  6149 16348 W APxrRuntime: PXRSDK_PM ENGINE FPS: 68, 3510835291159
04-24 11:31:39.463  6140 12637 E MRService:: mr render fps = 72
04-24 11:31:39.551   971  2698 I PxrMRService: [###:673]: statistics - mono_status=[0] rgb_status=[0] mr_mode=[1] mr_auto_capture=[0] total_cnt=[242]
04-24 11:31:39.658   654  1338 W ServiceManagement: Waited one second for vendor.qti.hardware.radio.uim_remote_client@1.0::IUimRemoteServiceClient/uimRemoteClient0
04-24 11:31:39.659   654  1338 I ServiceManagement: getService: Trying again for vendor.qti.hardware.radio.uim_remote_client@1.0::IUimRemoteServiceClient/uimRemoteClient0...
04-24 11:31:39.667  6149 16348 I Unity   : seethroughsetting---Wall---CompleteAni---And Savedata
04-24 11:31:39.668  6149 16348 I SeethroughSetting: 98110287872_98099802112
04-24 11:31:39.668  6149 16348 I Unity   : seethroughsetting---UI---CompleteSeeting---type:STT_LOCAL---IsRecordLocal:True
04-24 11:31:39.668  6149 16348 I Unity   : seethroughsetting---UI---CompleteSeeting---HeadposMax:(-0.05, 1.68, -0.04)HeadposMin:(0.00, 0.00, 0.00)
04-24 11:31:39.677  6149 16348 I SeethroughSetting: stopGetResultArea
04-24 11:31:39.677  6149 16348 I Unity   : StopDistinguish
04-24 11:31:39.677  6149 16350 I SeethroughSetting: StopAreaAlgorithm
04-24 11:31:39.677  6149 16348 E SafetyArea: GSAShutDown Start !
04-24 11:31:39.677  6149 16348 E SafetyArea: CP: Destructor !
04-24 11:31:39.678  6149 16350 I TrackingClient: [SetAlgorithmParameters:258]type 5, key relocation, value 0
04-24 11:31:39.678   963   963 I PvrTrackingService: [setAlgorithmParameters:1792]type 5, key relocation, value 0
04-24 11:31:39.678   963   963 I PvrTrackingService: [setAlgorithmParameters:1989] acquire lock success
04-24 11:31:39.682  6149 16348 E SafetyArea: GSAShutDown delete g_CP success!
04-24 11:31:39.682  6149 16348 E SafetyArea: GSAShutDown, waiting ThreadRun Over ...
04-24 11:31:39.682  6149 16437 E SafetyArea: GSARun Thread : begin process data !
04-24 11:31:39.682  6149 16437 E SafetyArea: GSARun Thread Stoping 0 ...
04-24 11:31:39.682  6149 16348 E SafetyArea: GSAShutDown End !
04-24 11:31:39.682   963   963 I PvrTrackingService: [setAlgorithmParameters:2001] end
04-24 11:31:39.682  6149 16348 I SeethroughSetting: complete setting reset6dof false
04-24 11:31:39.682  6149 16350 I SeethroughSetting: StopAreaAlgorithm end
04-24 11:31:39.685   965  4871 I EyeTrackingService: pxrNotifyCallback: enable_ipd_init:0, 1, ext
04-24 11:31:39.685   971  1178 I PxrMRService: [###:2967]: value1=enable_ipd_init:0 value2=1 ext=ext
04-24 11:31:39.685  1883 13098 I PxrNotificationService: sendPxrMessage callingPid:1881 action action.configure.change.notify.all ,value1:enable_ipd_init:0 ,value2:1 ,ext:ext ,mPvrCallbacks.size():15
04-24 11:31:39.690   971   971 I PxrMRService: [###:2967]: value1=Success value2=2 ext=enable_ipd_init:0
04-24 11:31:39.690   965  4871 I EyeTrackingService: pxrNotifyCallback: Success, 2, enable_ipd_init:0
04-24 11:31:39.691  1883 13098 I PxrNotificationService: sendPxrMessage callingPid:1881 action action.configure.change.notify.all ,value1:Success ,value2:2 ,ext:enable_ipd_init:0 ,mPvrCallbacks.size():15
04-24 11:31:39.692   965  1150 I EyeTrackingService: pxrNotifyCallback: pxr_seethrough_isshow:0, 1, ext
04-24 11:31:39.692   971  1178 I PxrMRService: [###:2967]: value1=pxr_seethrough_isshow:0 value2=1 ext=ext
04-24 11:31:39.692  1883 13098 I PxrNotificationService: sendPxrMessage callingPid:1881 action action.configure.change.notify.all ,value1:pxr_seethrough_isshow:0 ,value2:1 ,ext:ext ,mPvrCallbacks.size():15
04-24 11:31:39.697   965  1150 I EyeTrackingService: pxrNotifyCallback: Success, 2, pxr_seethrough_isshow:0
04-24 11:31:39.697   971   971 I PxrMRService: [###:2967]: value1=Success value2=2 ext=pxr_seethrough_isshow:0
04-24 11:31:39.697   967   967 I pxrhmdservice : Call <pxrConfigurationChangeAllCallBack> - pxr_seethrough_isshow value=0
04-24 11:31:39.697  1883 13098 I PxrNotificationService: sendPxrMessage callingPid:1881 action action.configure.change.notify.all ,value1:Success ,value2:2 ,ext:pxr_seethrough_isshow:0 ,mPvrCallbacks.size():15
04-24 11:31:39.698   971  1178 I PxrMRService: [###:2967]: value1=pxr_ipd_automatic_trigger:1 value2=1 ext=ext
04-24 11:31:39.698   965  4871 I EyeTrackingService: pxrNotifyCallback: pxr_ipd_automatic_trigger:1, 1, ext
04-24 11:31:39.699  1883 13098 I PxrNotificationService: sendPxrMessage callingPid:1881 action action.configure.change.notify.all ,value1:pxr_ipd_automatic_trigger:1 ,value2:1 ,ext:ext ,mPvrCallbacks.size():15
04-24 11:31:39.703   971  1178 I PxrMRService: [###:2967]: value1=Success value2=2 ext=pxr_ipd_automatic_trigger:1
04-24 11:31:39.703   965  1150 I EyeTrackingService: pxrNotifyCallback: Success, 2, pxr_ipd_automatic_trigger:1
04-24 11:31:39.704  1883 13098 I PxrNotificationService: sendPxrMessage callingPid:1881 action action.configure.change.notify.all ,value1:Success ,value2:2 ,ext:pxr_ipd_automatic_trigger:1 ,mPvrCallbacks.size():15
04-24 11:31:39.704  6149 16348 I SeethroughSetting: Notifationcom.pxr.guardian.mesh_state
04-24 11:31:39.704  1883 13098 I PxrNotificationService: sendPxrMessage callingPid:6149 action com.pxr.guardian.mesh_state ,value1:state ,value2:1 ,ext:successed ,mPvrCallbacks.size():15
04-24 11:31:39.704  1878  2790 I PxrCompositor: notification_callback_onGuardianDataChanged,state,1
04-24 11:31:39.704  1878  2790 I PxrCompositor: onGuardianMeshChanged = 1
04-24 11:31:39.704  1878  2790 I PxrCompositor: onGuardianMeshChanged = 1
04-24 11:31:39.705  1886  2074 I PvrManagerService:  pvrmanager PermissionGrant check calling is 1000
04-24 11:31:39.705  1340 13095 I ActivityStartControllerExt: notifyDefaultDisplayTaskMoveToFront : TaskInfo{userId=0 stackId=7 taskId=511 displayId=0 isRunning=true baseIntent=Intent { act=android.intent.action.MAIN cat=[android.intent.category.LAUNCHER] flg=0x10a00000 cmp=com.Sysmo.BeaVR.beta/com.unity3d.player.UnityPlayerActivity } baseActivity=ComponentInfo{com.Sysmo.BeaVR.beta/com.unity3d.player.UnityPlayerActivity} topActivity=ComponentInfo{com.Sysmo.BeaVR.beta/com.unity3d.player.UnityPlayerActivity} origActivity=null realActivity=ComponentInfo{com.Sysmo.BeaVR.beta/com.unity3d.player.UnityPlayerActivity} numActivities=1 lastActiveTime=52820643 supportsSplitScreenMultiWindow=true resizeMode=0
04-24 11:31:39.705   975  2402 E Stationservice: KEYLOG:stationservice power control onEventChange, activity_status activityResuming:com.pvr.seethrough.setting,com.pvr.seethrough.setting.MainActivity
04-24 11:31:39.705  1882 12692 I SYSTEM_EXT: on task moved to front taskId : 511, displayId : 0
04-24 11:31:39.706  1882  2201 W SYSTEM_EXT: onTopActivityChanged top [ComponentInfo{com.Sysmo.BeaVR.beta/com.unity3d.player.UnityPlayerActivity}], pre [ComponentInfo{com.pvr.seethrough.setting/com.pvr.seethrough.setting.MainActivity}]
04-24 11:31:39.706  1882  2201 W SYSTEM_EXT: seethrough settings is showing [false]
04-24 11:31:39.706  1882  2201 W SYSTEM_EXT: seethroughVisibleChanged [false]
04-24 11:31:39.706  1882  2201 W SYSTEM_EXT: restoreAllVisibleContainer by [exit seethrough], FLAG_HIDE_ALL_VISIBLE_APP_BY_SEETHROUGH
04-24 11:31:39.707  1882  2201 W SYSTEM_EXT: updateScenesVisible visibleIdList:[2]
04-24 11:31:39.707  6149  6149 I SeethroughSetting: onPause
04-24 11:31:39.707  1882  2201 W SYSTEM_EXT: CALL CODE_WIN_NEW_SURFACE windowId :2 w = 2250 h = 205 scale = 1.0
04-24 11:31:39.707  6149  6149 I pico-ipc-client: onActivityPaused activity:com.pvr.seethrough.setting.MainActivity@febd27
04-24 11:31:39.708  1340  1539 I FrozenObject: target process is frozen, client name:system_server pid:1340 uid:1000
04-24 11:31:39.708  1340  1539 I addErrorToDropBox: Ready to get DropboxManagerService!
04-24 11:31:39.708  6149  6149 W xrt_session: com.pvr.seethrough.setting, session_on_foucus_changed
04-24 11:31:39.708  1878  2770 W APxrRuntime: swiftle application_paused ipc_server_application_paused 1120 com.pvr.seethrough.setting 6149 resumed 1 session_active 1
04-24 11:31:39.708  1878  2770 W APxrRuntime: (sss) Push PAUSE event to current app = com.pvr.seethrough.setting state.resumed:0, state.visible:1
04-24 11:31:39.708  6149 16489 I ViewRootImpl: windowFocusChanged false,com.pvr.seethrough.setting/com.pvr.seethrough.setting.MainActivity,android.view.ViewRootImpl$W.windowFocusChanged:8670 android.view.IWindow$Stub.onTransact:411 android.os.Binder.execTransactInternal:1030 android.os.Binder.execTransact:1003 <bottom of call stack> <bottom of call stack> 
04-24 11:31:39.708  6149  6149 W xrt_session: com.pvr.seethrough.setting, session_on_activity_pause: in: 0x5
04-24 11:31:39.708  6149  6149 W APxrRuntime: Java_com_pico_picoopenxr_ipc_Client_NativeActivityPaused: 0x787425af00
04-24 11:31:39.709   963 16232 I PvrTrackingService: logDebugControllerPose,right confidence 1, pose1 -0.994977,0.064538,-0.073040,-0.022816,17.803576,-202.201471,-260.961354,pose2 -0.994977,0.064538,-0.073040,-0.022816,26.795967,-217.405026,-253.681624
04-24 11:31:39.709  1340  1539 I addErrorToDropBox: It has been written five times in 10 seconds, so return
04-24 11:31:39.709  2047  3892 I XRShell : CODE_WIN_NEW_SURFACE windowId :2 displayId:3 w = 2250 h = 205 scale = 1.0
04-24 11:31:39.710  2047  3892 I XRShell : XREngine ---> createWindowSurface START panelId : 2 width : 2250 height : 205 scale : 1.0
04-24 11:31:39.710  6149 16348 I Unity   : PXR MRC OnApplicationQuit openMRC = False ,MRCInitSucceed = False.
04-24 11:31:39.710  6149 16348 I [PxrUnity]: PluginDisplaySystem GfxThread_Stop Started. m_IsRuning:true
04-24 11:31:39.710  6149 16348 I [PxrUnity]: PluginDisplaySystem DestroyEyeTextures Started.
04-24 11:31:39.711  6149 16348 I [PxrUnity]: PluginDisplaySystem DestroyEyeTextures Ended.
04-24 11:31:39.711  6149 16348 I [PxrUnity]: PicoVRSystem DestroyLayer Started. layerId : 0
04-24 11:31:39.711  1878  2770 W APxrRuntime: Handle destroy swapchain, id=1, pid=6149
04-24 11:31:39.711  6149 16348 I PxrPlugin: Pxr_DestroyLayer layerId=0
04-24 11:31:39.711  6149 16348 I [PxrUnity]: PluginDisplaySystem GfxThread_Stop Ended.
04-24 11:31:39.712  2047  2374 E XRShell-Native: createPanelSurface panel_id=2
04-24 11:31:39.712  1878 16246 I Surface : create surface : Surface(name=119481253178)/@0xbbca37a from : SurfaceTexture-178-1878-17
04-24 11:31:39.713  1878 16246 E PxrCompositor: pxr_insert_external_surface:  insert textureId = 178, size = (2250, 205), address = 517386915840,count = 1
04-24 11:31:39.713  6149 16348 I [PxrUnity]: PluginDisplaySystem Stop Started.
04-24 11:31:39.713  6149 16348 I [PxrUnity]: PluginDisplaySystem Stop Ended.
04-24 11:31:39.713  6149 16348 I [PxrUnity]: PluginInputSystem Lifecycle_Stop Started.
04-24 11:31:39.713  2047  2374 E APxrRuntime: oxr_xrCreateSwapchainAndroidSurfaceKHR: w 2250 h 205 texIdOES 178, surface:0x25ea
04-24 11:31:39.713  2047  2374 E XRShell-Native: XREngine Native ---> createSurface success, LayerType=1 , width:2250, height:205 , mAppSurfaceObj=0x25ea
04-24 11:31:39.714  6140 12637 E APxrRuntime: pollevent reset security zone, floor_height 0.952366
04-24 11:31:39.714  1340  3907 I SmartPowerMonitor: [FEAT_POWER_MONITOR_COMMON][0] noteSensorStateChange uid: 1000, sensor: 82, state: 0
04-24 11:31:39.714  1878  2770 I TrackingClient: ResetTracking 3,0
04-24 11:31:39.714  1878 16246 I Surface : create surface : Surface(name=58521387166)/@0x5c68788 from : SurfaceTexture-166-1878-18
04-24 11:31:39.714  1878 16246 E PxrCompositor: pxr_insert_external_surface:  insert textureId = 166, size = (400, 100), address = 517386926080,count = 2
04-24 11:31:39.714  1878  2770 I PxrCompositor: notifyKeyEvent = 3,0,1
04-24 11:31:39.714   919   919 I sensors-hal: batch:229, android.sensor.proximity/82, period=1000000, max_latency=0
04-24 11:31:39.715   919   919 I sensors-hal: batch:240, android.sensor.proximity/82, period=1000000, max_latency=0 request completed
04-24 11:31:39.715  2047  2374 E APxrRuntime: oxr_xrCreateSwapchainAndroidSurfaceKHR: w 400 h 100 texIdOES 166, surface:0x25d6
04-24 11:31:39.715   963   963 I PvrTrackingService: resetTracking input [0.981908,0.072430,0.149826,0.090348,0.096397,0.044400,-0.011019],pose_offset [0.998161,-0.000000,-0.060623,-0.000000,0.089562,0.000000,-0.032918] bYawOnly=[1]
04-24 11:31:39.715  6149 16348 I [PxrUnity]: PluginInputSystem DisconnectAllDevices Started.  
04-24 11:31:39.715  6149 16348 I [PxrUnity]: PluginInputSystem DisconnectAllDevices deviceId : 2, connected : false 
04-24 11:31:39.715  6149 16348 I [PxrUnity]: PluginInputSystem UpdateDeviceConnectionState deviceId : 2, connected : false 
04-24 11:31:39.715  6149 16348 I [PxrUnity]: PluginInputSystem DisconnectAllDevices deviceId : 0, connected : false 
04-24 11:31:39.715  6149 16348 I [PxrUnity]: PluginInputSystem UpdateDeviceConnectionState deviceId : 0, connected : false 
04-24 11:31:39.715  6149 16348 I [PxrUnity]: PluginInputSystem DisconnectAllDevices deviceId : 1, connected : false 
04-24 11:31:39.715  6149 16348 I [PxrUnity]: PluginInputSystem Stop Started.
04-24 11:31:39.715  6149 16348 I [PxrUnity]: PluginInputSystem Stop Ended.
04-24 11:31:39.715  6149 16348 I [PxrUnity]: PluginInputSystem Lifecycle_Stop Ended.
04-24 11:31:39.715  2047  2374 E XRShell-Native: XREngine Native ---> createSurface success, LayerType=1 , width:400, height:100 , mAppSurfaceObj=0x25d6
04-24 11:31:39.715  2047  2374 I XRShell : XREngine , changeTouchBarImg , imgType=0
04-24 11:31:39.715  6149 16348 I [PxrUnity]: PluginDisplaySystem Shutdown Started.
04-24 11:31:39.715  6149 16348 E PxrPlugin: up.pfnXrGetConnectDeviceMacPico interface has been deprecated
04-24 11:31:39.715  2047  2374 I XRShell-Native: nativeCreatePanelSurface , surface=0x25ea
04-24 11:31:39.715  6149 16348 W xrt_session: oxr_session_manage_state, client: com.pvr.seethrough.setting, action=8, state=XR_SESSION_STATE_FOCUSED
04-24 11:31:39.715  6149 16348 W xrt_session: oxr_session_change_state from 5 to 4
04-24 11:31:39.715  2047  2374 I XRShell : XREngine ---> createWindowSurface END panelId : 2
04-24 11:31:39.715  6149 16348 W xrt_session: oxr_session_change_state from 4 to 3
04-24 11:31:39.715  6149 16348 W xrt_session: oxr_session_change_state from 3 to 6
04-24 11:31:39.716  2047  2374 E APxrRuntime: pollevent reset security zone, floor_height 0.952366
04-24 11:31:39.716  1878  2770 I TrackingClient: ResetTracking 3,0
04-24 11:31:39.716  1878  2770 I PxrCompositor: notifyKeyEvent = 3,0,1
04-24 11:31:39.716   963   963 I PvrTrackingService: resetTracking input [0.981908,0.072428,0.149826,0.090355,0.096389,0.044393,-0.011028],pose_offset [0.998161,-0.000000,-0.060620,-0.000000,0.089554,0.000000,-0.032910] bYawOnly=[1]
04-24 11:31:39.716  1878  2770 W APxrRuntime: Handle destroy swapchain, id=0, pid=6149
04-24 11:31:39.716  6149 16348 I pico-ipc-client: unregisterActivityLifecycleCallbacks activity :com.pvr.seethrough.setting.MainActivity@febd27
04-24 11:31:39.716  6149 16348 E APxrRuntime: ipc_compositor_destroy_session():E
04-24 11:31:39.717  1878 16246 I BufferQueueProducer: [SurfaceTexture-166-1878-18] connect: api 2, w*h = 400 * 100
04-24 11:31:39.717  1882  2201 W SYSTEM_EXT: requestSurface surface = Surface(name=119481253178)/@0x950880a
04-24 11:31:39.717  1878  2930 E XNR     : check_loading_xnr start
04-24 11:31:39.719  1340  1539 I DisplayManagerService: Display device changed state: "NS_WINDOW_short_cut", ON
04-24 11:31:39.720  1882  2201 I SYSTEM_EXT: add VD cache : AppContainer 0x4f17893[clientId: 2, displayId: 3, size (2250, 205), type: 2003, density: 560, 4f17893, ComponentInfo{com.pvr.shortcut/}, AppContainer 0xe3242ec[clientId: -1, displayId: -1, size (0, 0), type: 0, density: 200, e3242ec, null, null]], size :1
04-24 11:31:39.720  1882  2201 W SYSTEM_EXT: CALL CODE_WIN_UPDATE_VISIBLE windowId :2 visible = true
04-24 11:31:39.720  2047  3845 I XRShell : CODE_WIN_UPDATE_VISIBLE windowId :2 visible = true
04-24 11:31:39.720  1882  2201 I SYSTEM_EXT: requestAllocateSurfaceIfNeeded : AppContainer 0x4f17893[clientId: 2, displayId: 3, size (2250, 205), type: 2003, density: 560, 4f17893, ComponentInfo{com.pvr.shortcut/}, AppContainer 0xe3242ec[clientId: -1, displayId: -1, size (0, 0), type: 0, density: 200, e3242ec, null, null]]
04-24 11:31:39.720  2047  3845 I XRShell : XREngine ---> setWindowVisible panelId : 2 visible : true
04-24 11:31:39.720  1878  2770 W APxrRuntime: Client disconnect[EPOLLHUP]
04-24 11:31:39.720  6149 16348 E APxrRuntime: ipc_client_android_destory ii = 0x78759b4d00
04-24 11:31:39.720  1878  2770 W APxrRuntime: swiftle handle_client_disconnect  handle_client_disconnect 144 com.pvr.seethrough.setting 6149 resumed 0 session_active 1
04-24 11:31:39.720  1878  2770 E PxrControllerServiceClient: [Phoenix_VCMotor_ControllerService]  extren [stopVibrate] clientid:0
04-24 11:31:39.720  6149 16348 I pico-ipc-client: markAsDiscardedByNative()
04-24 11:31:39.720  6149 16348 I pico-ipc-client: shutdown()
04-24 11:31:39.720  2122  2662 E APxrRuntime: pollevent reset security zone, floor_height 0.952366
04-24 11:31:39.720   964   964 I PxrControllerService: [Phoenix_VCMotor_ControllerService]  stopVibrate clicpId  :0
04-24 11:31:39.720   964   964 I HapticThread: stopAllTracks(): stop all haptic
04-24 11:31:39.720   964   964 W PxrControllerService: [Phoenix_VCMotor_ControllerService] playerList is empty
04-24 11:31:39.721  1878  2770 E InputDeviceManager: EnableKey Enter SetPhyControllerEnableKey: EnableKey 0  isEnable:0,
04-24 11:31:39.721  1340 13095 I SmartPowerMonitor: [FEAT_POWER_MONITOR_COMMON][0] noteSensorStateChange uid: 1000, sensor: 11, state: 0
04-24 11:31:39.721  1878  2770 I EyeTrackingClient: GetSupportedTrackingMode 8192
04-24 11:31:39.721  1340 13095 I SmartPowerMonitor: [FEAT_POWER_MONITOR_COMMON][0] noteSensorStateChange uid: 1000, sensor: 41, state: 0
04-24 11:31:39.721  1878  2770 I PxrNotificationClient: sendPxrNotification,action:com.notificaton.fakedata id:0,value1:com.notificaton.fakedata value2:0,ext:(null)
04-24 11:31:39.721   600   600 I hwservicemanager: getTransport: Cannot find entry vendor.qti.hardware.servicetracker@1.0::IServicetracker/default in either framework or device manifest.
04-24 11:31:39.721  1340 13095 I SmartPowerMonitor: [FEAT_POWER_MONITOR_COMMON][0] noteSensorStateChange uid: 1000, sensor: 82, state: 0
04-24 11:31:39.721  1883 13098 I PxrNotificationService: sendPxrMessage callingPid:1878 action com.notificaton.fakedata ,value1:com.notificaton.fakedata ,value2:0 ,ext: ,mPvrCallbacks.size():15
04-24 11:31:39.722  1878  2770 W xrt_session: update_server_state_locked():  main = -1 focus = -1
04-24 11:31:39.722  1878  2770 W xrt_session: handle_focused_client_events’╝Ücom.pico.guardian1,0.2
04-24 11:31:39.722  1878  2770 W xrt_session: handle_focused_client_events’╝Ücom.picoxr.xrshell1,0.0
04-24 11:31:39.722  1878  2770 W xrt_session: handle_focused_client_events’╝Ücom.pico.mrservice1,0.2
04-24 11:31:39.722  1878  2770 I TrackingClient: ResetTracking 3,0
04-24 11:31:39.722  1878  2770 I PxrCompositor: notifyKeyEvent = 3,0,1
04-24 11:31:39.722   963   963 I PvrTrackingService: resetTracking input [0.981905,0.072419,0.149830,0.090386,0.096345,0.044358,-0.011076],pose_offset [0.998162,-0.000000,-0.060606,-0.000000,0.089511,0.000000,-0.032869] bYawOnly=[1]
04-24 11:31:39.722  2122  2662 E APxrRuntime: oxr_session_poll:XR_TYPE_EVENT_DATA_MAIN_SESSION_VISIBILITY_CHANGED_EXTT-------:0
04-24 11:31:39.722  2122  2662 I PxrPlugin: KeyEvent key=3,0,1
04-24 11:31:39.722  2122  2662 I PxrPlugin: KeyEvent key=3,0,1
04-24 11:31:39.722  1882  2201 W SYSTEM_EXT: updateVisible clientId [2] visible [true], force [false], changeType [2], subType [10]
04-24 11:31:39.724  1340  1782 I AUTO_FREEZE: makeQuickJudgment, uid:10129 to do nothing for totalState:60 |isFrozen:false |procState:16 |reason:check inUse event change:true
04-24 11:31:39.724  6149 16348 I OpenXR-Loader: Info [GENERAL | xrDestroyInstance | OpenXR-Loader] : Destroying LoaderInstance = 0x00000078e1e3e6e0
04-24 11:31:39.724  6149 16348 I OpenXR-Loader: Info [GENERAL | xrDestroyInstance | OpenXR-Loader] : RuntimeInterface::UnloadRuntime - Unloading RuntimeInterface
04-24 11:31:39.724  6149 16348 I OpenXR-Loader: Info [GENERAL |  | OpenXR-Loader] : RuntimeInterface being destroyed.
04-24 11:31:39.724  6149 16348 I [PxrUnity]: PluginDisplaySystem Shutdown Ended.
04-24 11:31:39.724  6149 16348 I [PxrUnity]: PluginInputSystem Lifecycle_Shutdown Started.
04-24 11:31:39.724  6149 16348 I [PxrUnity]: PluginInputSystem Shutdown Started.
04-24 11:31:39.724  6149 16348 I [PxrUnity]: PluginInputSystem Lifecycle_Shutdown Ended.
04-24 11:31:39.724  2876 11551 E [NS-SDK]: ViewContainer onTransact  code = 200005
04-24 11:31:39.724  2876 11551 E [NS-SDK]: visible changed displayId [3], vis [true]
04-24 11:31:39.725  1340  1537 I AUTO_FREEZE: makeQuickJudgment, uid:10129 to do nothing for totalState:64 |isFrozen:false |procState:2 |reason:check process state change processState:2
04-24 11:31:39.725  1882  2201 W SYSTEM_EXT: CALL CODE_SEETHROUGH_STATE inSeethrough :false
04-24 11:31:39.725  2876  2876 W [NS-SDK]: ViewContainer updateVisible visible = true
04-24 11:31:39.725  1882  2201 W SYSTEM_EXT: onTopActivityChanged return by seethrough is hide Top App no change ignore this change.
04-24 11:31:39.725  2876  2876 I Shortcut: shortcutview container onstatechange state: 2
04-24 11:31:39.725  2876  2876 I Shortcut: DockMainView , show start
04-24 11:31:39.726  2047  2374 E APxrRuntime: oxr_session_poll XRT_COMPOSITOR_EVENT_MAIN_SESSION_PACKAGE_CHANGE event, display_state: LOADING, package_name: 
04-24 11:31:39.726  2047  2374 E APxrRuntime: oxr_session_poll:XR_TYPE_EVENT_DATA_MAIN_SESSION_VISIBILITY_CHANGED_EXTT-------:0
04-24 11:31:39.726  2047  2374 E XRShell-Native: XREngine Native -----> Home Recenter.
04-24 11:31:39.727  2047  2374 E XRShell-Native: XREngine Native -----> Home Recenter.
04-24 11:31:39.727  2047  2374 I XRShell-Native: XR_TYPE_EVENT_DATA_MAIN_SESSION_PACKAGE_CHANGED_PICO, packageName is , displayState is 0
04-24 11:31:39.727   976   976 I BufferQueueProducer: [VDS: NS_WINDOW_short_cut] connect: api 1, w*h = 2250 * 205
04-24 11:31:39.727  2047  3845 I XRShell : report window num event:0 app windows
04-24 11:31:39.728  1878  2790 I BufferQueueProducer: [SurfaceTexture-178-1878-17] connect: api 1, w*h = 2250 * 205
04-24 11:31:39.728  2047  3845 I XRShell : CODE_SEETHROUGH_STATE state :0
04-24 11:31:39.728  6140 12637 E APxrRuntime: oxr_session_poll:XR_TYPE_EVENT_DATA_MAIN_SESSION_VISIBILITY_CHANGED_EXTT-------:0
04-24 11:31:39.728  6140 12637 I PxrPlugin: KeyEvent key=3,0,1
04-24 11:31:39.728  6140 12637 I PxrPlugin: KeyEvent key=3,0,1
04-24 11:31:39.730  1882  2220 I CameraKeyConfigurator: onTopActivityChanged : com.Sysmo.BeaVR.beta
04-24 11:31:39.730  2876  2876 I Shortcut: DockMainView , show end
04-24 11:31:39.730  1340  5544 W ApiLayer: showing3dApp [], xrRuntimeState [0]
04-24 11:31:39.732  2876  3226 I Shortcut: DockUtils , updateDockStatus , status=1 end
04-24 11:31:39.733  2876  3217 W Shortcut: AmsUtils , getTopRunningTask ....taskInfo: TaskInfo{userId=0 stackId=7 taskId=511 displayId=0 isRunning=true baseIntent=Intent { act=android.intent.action.MAIN cat=[android.intent.category.LAUNCHER] flg=0x10a00000 cmp=com.Sysmo.BeaVR.beta/com.unity3d.player.UnityPlayerActivity } baseActivity=ComponentInfo{com.Sysmo.BeaVR.beta/com.unity3d.player.UnityPlayerActivity} topActivity=ComponentInfo{com.Sysmo.BeaVR.beta/com.unity3d.player.UnityPlayerActivity} origActivity=null realActivity=ComponentInfo{com.Sysmo.BeaVR.beta/com.unity3d.player.UnityPlayerActivity} numActivities=1 lastActiveTime=52820643 supportsSplitScreenMultiWindow=true resizeMode=0
04-24 11:31:39.733  2876  3217 I Shortcut: DockManager,LeftAppDataManager , loadUserInfo  , force=false , fetchUserIconSuccess=true , isSupportUserCenter=true
04-24 11:31:39.737  2047  2374 E APxrRuntime: set config start in runtime session, ConfigsSetEXT:20000,1
04-24 11:31:39.738  1878  2770 I PxrNotificationClient: sendPxrNotification,action:com.notificaton.fakedata id:0,value1:com.notificaton.fakedata value2:1,ext:(null)
04-24 11:31:39.739  1883 13098 I PxrNotificationService: sendPxrMessage callingPid:1878 action com.notificaton.fakedata ,value1:com.notificaton.fakedata ,value2:1 ,ext: ,mPvrCallbacks.size():15
04-24 11:31:39.739  1878  2770 W xrt_session: update_server_state_locked():  main = -1 focus = 1
04-24 11:31:39.739  1878  2770 W xrt_session: handle_focused_client_events’╝Ücom.pico.guardian1,0.2
04-24 11:31:39.739  1878  2770 W xrt_session: handle_focused_client_events’╝Ücom.picoxr.xrshell1,1.0
04-24 11:31:39.739  1878  2770 E APxrRuntime: sendAppStateChangeNotification------- com.picoxr.xrshell: :visible 1,focused 1,state 3
04-24 11:31:39.739  1878  2770 I PxrNotificationClient: sendPxrNotification,action:pxr.action.appstate_change id:0,value1:com.picoxr.xrshell value2:3,ext:(null)
04-24 11:31:39.739  1883  2587 I PxrNotificationService: sendPxrMessage callingPid:1878 action pxr.action.appstate_change ,value1:com.picoxr.xrshell ,value2:3 ,ext: ,mPvrCallbacks.size():15
04-24 11:31:39.739  6140 12637 I PxrPlugin: KeyEvent key=3,0,1
04-24 11:31:39.740  1878  2770 W xrt_session: handle_focused_client_events’╝Ücom.pico.mrservice1,0.2
04-24 11:31:39.740  1878  2770 I PxrCompositor: pxr_set_config enter 20000 1
04-24 11:31:39.740  1878  2770 E PxrCompositor: pxr_set_config enumIndex out of range, set invalid!!!
04-24 11:31:39.741  2047  2374 E XRShell-Native: XREngine Native ---> create projection SwapChain, layer_ptr: 0x7885e2d380
04-24 11:31:39.741  2047  2374 E APxrRuntime: createInfo->format = 0x00008058,c->info.formats[0] = 0x00008c43
04-24 11:31:39.741  2047  2374 E APxrRuntime: createInfo->format = 0x00008058,c->info.formats[1] = 0x00008229
04-24 11:31:39.741  2047  2374 E APxrRuntime: createInfo->format = 0x00008058,c->info.formats[2] = 0x0000822b
04-24 11:31:39.741  2047  2374 E APxrRuntime: createInfo->format = 0x00008058,c->info.formats[3] = 0x00008058
04-24 11:31:39.741  2047  2374 E APxrRuntime: REMOVE_GAMMA_MANUALLY
04-24 11:31:39.745  2047  2374 E APxrRuntime: oxr_create_swapchain(), createInfo->width:1440, createInfo->height:1584, createInfo->arraySize:2
04-24 11:31:39.746  2047  2374 I XRShell-Native: nativeSendSeeThroughStateToEngine, state=0
04-24 11:31:39.746  2047  2374 W xrt_session: oxr_session_handler_xrtCompositorEventStateChange: client: com.picoxr.xrshell, 1,1:4
04-24 11:31:39.746  2047  2374 W xrt_session: oxr_session_manage_state, client: com.picoxr.xrshell, action=5, state=XR_SESSION_STATE_VISIBLE
04-24 11:31:39.746  2047  2374 W xrt_session: oxr_session_change_state from 4 to 5
04-24 11:31:39.747  1878  2770 I PxrBroadcastReceiver: last visible package = com.picoxr.xrshell
04-24 11:31:39.747  2047  2374 E XRShell-Native: XREngine Native -----> Home Recenter.
04-24 11:31:39.747  2047  2374 I XRShell-Native: XrEventDataSessionStateChanged: state XR_SESSION_STATE_VISIBLE->XR_SESSION_STATE_FOCUSED session=517642843072 time=0
04-24 11:31:39.747  2047  2374 I XRShell : XREngine onSessionStateChanged : 5
04-24 11:31:39.755  1882  2220 W SYSTEM_EXT: dispatchRunningAppState [[{"clientId":2,"displayId":3,"type":2003,"visible":true,"createTime":1776948683533,"lastActiveTime":0}]]
04-24 11:31:39.771  2876  3217 W Shortcut: AmsUtils , getTopRunningTask ....taskInfo: TaskInfo{userId=0 stackId=7 taskId=511 displayId=0 isRunning=true baseIntent=Intent { act=android.intent.action.MAIN cat=[android.intent.category.LAUNCHER] flg=0x10a00000 cmp=com.Sysmo.BeaVR.beta/com.unity3d.player.UnityPlayerActivity } baseActivity=ComponentInfo{com.Sysmo.BeaVR.beta/com.unity3d.player.UnityPlayerActivity} topActivity=ComponentInfo{com.Sysmo.BeaVR.beta/com.unity3d.player.UnityPlayerActivity} origActivity=null realActivity=ComponentInfo{com.Sysmo.BeaVR.beta/com.unity3d.player.UnityPlayerActivity} numActivities=1 lastActiveTime=52820643 supportsSplitScreenMultiWindow=true resizeMode=0
04-24 11:31:39.772  2876  3217 I Shortcut: DockMainView checkShowExitActivity,needShow=true,dockIsRunning=true,ExitIsRunning=false,hasNearVisible=false,isVrApp=true,topApp=ComponentInfo{com.Sysmo.BeaVR.beta/com.unity3d.player.UnityPlayerActivity}
04-24 11:31:39.772  2876  3217 W ContextImpl: Calling a method in the system process without a qualified user: android.app.ContextImpl.startActivity:927 android.content.ContextWrapper.startActivity:383 com.pvr.shortcut.utils.ExtensionKt.safeStartActivity:164 com.pvr.shortcut.utils.DockUtils.launchExitActivity:507 com.pvr.shortcut.utils.DockUtils.access$launchExitActivity:102 
04-24 11:31:39.773  2876  3217 W ContextImpl: Calling a method in the system process without a qualified user: android.app.ContextImpl.startActivity:939 android.app.ContextImpl.startActivity:928 android.content.ContextWrapper.startActivity:383 com.pvr.shortcut.utils.ExtensionKt.safeStartActivity:164 com.pvr.shortcut.utils.DockUtils.launchExitActivity:507 
04-24 11:31:39.773  1340 13095 W ProcessIntercept: [FEAT_PROCESS_INTERCEPT][260] Allow to start app with system signature com.pvr.shortcut
04-24 11:31:39.773  1340 13095 I ActivityTaskManager: START u0 {flg=0x10000000 cmp=com.pvr.shortcut/.dock.activity.ExitActivity} from uid 1000
04-24 11:31:39.773  1886  2074 I PvrManagerService:  pvrmanager PermissionGrant check calling is 1000
04-24 11:31:39.773  1878  1878 I PxrAppSplashManager: ActivityStartingListener packageName == com.pvr.shortcut
04-24 11:31:39.774   975  2402 E Stationservice: KEYLOG:stationservice power control onEventChange, activity_status activityStarting:com.pvr.shortcut,com.pvr.shortcut.dock.activity.ExitActivity
