04-21 19:55:29.009 21050 26493 W APxrRuntime: PXRSDK_PM ENGINE FPS: 72, 5350612444052
04-21 19:55:29.013 21050 26569 I PxrMetric: FPS=4/72,MTP=40.27ms,AppSW=off,FrmEarly=3,FrmLate=0,FrmCpu=2.20ms,FrmGpu=4.36ms,FrmTime=8.08ms,ATWGPU=2.77ms,VsyncDelay=1,GPU=43%/441Mhz,GPUTemp=55.5C,LayerCnt=4,Pkg=com.pvr.seethrough.setting,FrmId=406
04-21 19:55:29.036   961 26327 I PvrTrackingService: logDebugControllerPose,right confidence 0, pose1 -0.880249,0.185882,0.112389,-0.421876,132.469056,-9.929300,-84.583615,pose2 -0.880249,0.185882,0.112389,-0.421876,146.225717,-12.207830,-71.523438
04-21 19:55:29.135   967  2608 I pxrhmdservice : Call <getCommonDataThread> - boot_completed=[1] ------------------------
04-21 19:55:29.140  4365 25094 I ByteCast: cybergarageDevice:deviceSearchResponse, ssdpPacket:/192.168.1.89 ssdpST urn:schemas-upnp-org:device:InternetGatewayDevice:1
04-21 19:55:29.168 21050 21050 I SeethroughSetting: Keep runing WatchDog
04-21 19:55:29.297  2149  3155 E SensorClient: Client_edition: 20250328A
04-21 19:55:29.297  2149  3155 E SensorClient: Controller_Client_info ,pret:13883.396944,imut:13883.394811,P:-0.009929,-0.132469,-0.084584,Q:-0.880249,0.112389,-0.185882,-0.421876,type:0
04-21 19:55:29.314 21050 26640 I MediaCodec: kWhatCodecPerformanceNotify, fps: 25, avgLatencyMs: -1
04-21 19:55:29.342  4365 25094 I ByteCast: cybergarageDevice:deviceSearchResponse, ssdpPacket:/192.168.1.133 ssdpST urn:dial-multiscreen-org:service:dial:1
04-21 19:55:29.344   972   972 I PxrConfigServiceClient: PROPERTY String8(property).string():{"CFG_VER":"1.0","CFG_HASH_ALG":"sha256","OUT_DIR":"\/mnt\/vendor\/pvr\/firmwareupdate\/asset_100004009_20260410","BASE_FW_DIR_CONTROLLER":"\/system\/etc\/ctlbin","BASE_FW_DIR_TRACKER":"\/system\/etc\/trackerbin","UPDATED_FW_DIR_CONTROLLER":"\/mnt\/vendor\/pvr\/firmwareupdate\/asset_100004009_20260410\/controller","FW_HASH_SparrowCtrl_sv1.36_PR_tv01_20241012_b136_app.bin":"ebe7333af3d6b25fcccd86afbfe7b3d816e0e5e7f6dc4819f722ba3a6b9f3bd1"} =======443
04-21 19:55:29.426  1392  5583 I BatteryServiceExt: shouldShutdownLocked mIsScreenOn=true no need shutdown
04-21 19:55:29.428  1392  1529 I AUTO_FREEZE: makeQuickJudgment, uid:10117 to freeze for totalState:0 |isFrozen:false |procState:11 |reason:check start perform not hasTimeout broadcast for action = android.intent.action.BATTERY_CHANGED
04-21 19:55:29.678   951  1141 E gd32ipdservice: L1:a0 06 00 00 00 a6 
04-21 19:55:29.678   951  1141 E gd32ipdservice: L1:uart_open = 9
04-21 19:55:29.682   951  1141 E gd32ipdservice: L1:79 3f 00 46 
04-21 19:55:29.682   951  1141 E gd32ipdservice: L1:retry_cnt=3 ret=4 callingUid=0
04-21 19:55:29.720   970  2701 I PxrMRService: [###:673]: statistics - mono_status=[0] rgb_status=[0] mr_mode=[1] mr_auto_capture=[0] total_cnt=[1778]
04-21 19:55:29.750   961 26737 I PICO_SLAM: Reloc T_good  (0.125772, -0.234141, -0.091299)(-0.233386, -0.972306, 0.008809, -0.008637)
04-21 19:55:29.807   961 26272 W PICO_SLAM: Monitor high 0.000001 60 100
04-21 19:55:29.993   961 26737 I PICO_SLAM: Reloc T_good  (0.123472, -0.235563, -0.093967)(-0.233264, -0.972351, 0.008980, -0.006465)
04-21 19:55:30.011 21050 26493 W APxrRuntime: PXRSDK_PM ENGINE FPS: 72, 5351614464364
04-21 19:55:30.014 21050 26569 I PxrMetric: FPS=71/72,MTP=40.56ms,AppSW=off,FrmEarly=0,FrmLate=0,FrmCpu=2.31ms,FrmGpu=4.06ms,FrmTime=7.91ms,ATWGPU=3.84ms,VsyncDelay=1,GPU=46%/441Mhz,GPUTemp=58.6C,LayerCnt=4,Pkg=com.pvr.seethrough.setting,FrmId=478
04-21 19:55:30.135   967  2608 I pxrhmdservice : Call <getCommonDataThread> - boot_completed=[1] ------------------------
04-21 19:55:30.139   971  3538 I Photoid : [I 04/21 19:55:30.138 ] Photoid lsm:0 sm:0 sh:0 cm:0 ch:0 vh:100 vg:0.1
04-21 19:55:30.141   961 26434 E npu_user_driver: npu_set_property status: 0
04-21 19:55:30.141   961 26433 E npu_user_driver: npu_set_property status: 0
04-21 19:55:30.150   961 26625 E npu_user_driver: npu_set_property status: 0
04-21 19:55:30.155   961 26737 I PICO_SLAM: Reloc T_good  (0.123972, -0.233657, -0.091447)(-0.232617, -0.972512, 0.008848, -0.005696)
04-21 19:55:30.168 21050 21050 I SeethroughSetting: Keep runing WatchDog
04-21 19:55:30.170   961 26738 I PICO_SLAM: Reloc T_final (0.123599, -0.234886, -0.094328)(-0.232640, -0.972496, 0.009504, -0.006344)
04-21 19:55:30.197   961 26433 E npu_user_driver: npu_set_property status: 0
04-21 19:55:30.202   961 26434 E npu_user_driver: npu_set_property status: 0
04-21 19:55:30.207   961 26256 I PICO_SLAM: FrameHs checkRelocResult SUCCESS !!!
04-21 19:55:30.207   961 26256 I PICO_SLAM: RelocCK write reloc safety area points to /data/misc/user/0/boundary/stdataforalgorithm.txt, SUCCESS
04-21 19:55:30.208   961 26256 I PICO_SLAM: MergeMap sum 107 each 16,5,43,43,
04-21 19:55:30.210   961 26256 I PICO_SLAM: SLAM start6DoF(reloc) end 13879523
04-21 19:55:30.210   961 26256 I PICO_SLAM: FrameHs checkRelocResult map a29451f7-4861-4a92-84d7-32b035cc76d8 merged. H:0.019197
04-21 19:55:30.211   961 26272 I PvrTrackingService: checkRelocState ,end reloc, takes 23183.241 ms
04-21 19:55:30.211   961 26272 I PvrTrackingService: setSlamReloc, 1
04-21 19:55:30.211   961 26272 I PvrTrackingService: call alg_controller_set_slam_reloc
04-21 19:55:30.211   961 26272 I SWIFT2.0: slam_reloc 1
04-21 19:55:30.211   961  1156 I PvrTrackingService: enterFence, status 0
04-21 19:55:30.211   961  1156 I PvrTrackingService: exit relocating
04-21 19:55:30.215   961  1156 W PvrTrackingService: enterFence, call enterFence
04-21 19:55:30.215   961  1156 I PvrTrackingService: enterFence, exit
04-21 19:55:30.235   961 26434 E npu_user_driver: npu_set_property status: 0
04-21 19:55:30.240   961 26433 E npu_user_driver: npu_set_property status: 0
04-21 19:55:30.293   971  3538 I Photoid : [I 04/21 19:55:30.293 ] Photoid lsm:0 sm:3 sh:0.74384 cm:0 ch:0 vh:-0.69384 vg:0.146937
04-21 19:55:30.314 21050 26640 I MediaCodec: kWhatCodecPerformanceNotify, fps: 24, avgLatencyMs: -1
04-21 19:55:30.364   972   972 I PxrConfigServiceClient: PROPERTY String8(property).string():{"CFG_VER":"1.0","CFG_HASH_ALG":"sha256","OUT_DIR":"\/mnt\/vendor\/pvr\/firmwareupdate\/asset_100004009_20260410","BASE_FW_DIR_CONTROLLER":"\/system\/etc\/ctlbin","BASE_FW_DIR_TRACKER":"\/system\/etc\/trackerbin","UPDATED_FW_DIR_CONTROLLER":"\/mnt\/vendor\/pvr\/firmwareupdate\/asset_100004009_20260410\/controller","FW_HASH_SparrowCtrl_sv1.36_PR_tv01_20241012_b136_app.bin":"ebe7333af3d6b25fcccd86afbfe7b3d816e0e5e7f6dc4819f722ba3a6b9f3bd1"} =======443
04-21 19:55:30.378   961 26272 I PICO_SLAM: Monitor s [1,1,512,10,0] o [-0.225636,-0.958226,-0.174832,0.294127,-0.306011,-0.212454] c [4,0] u [3,0.743840] i [81,40,338,264]
04-21 19:55:30.399 21050 26493 I Unity   : TOBConfig set jumpSetOriginDir:False
04-21 19:55:30.399 21050 26493 I Unity   : seethroughsetting---CreateAreaView---DistinguishResult---10 iType:
04-21 19:55:30.399 21050 26493 I Unity   : seethroughsetting---CreateAreaView---ShowResult---Distinguish Data is ok, just show
04-21 19:55:30.399 21050 26493 I Unity   : seethroughsetting---ReadWallData---Ground Height----0.7438398
04-21 19:55:30.400 21050 26493 I SeethroughSetting: stopGetResultArea
04-21 19:55:30.400 21050 26493 I Unity   : HideView
04-21 19:55:30.400 21050 26493 I SeethroughSetting: stopGetResultArea
04-21 19:55:30.400 21050 26493 W Unity   : MessageAggregatorHandlerMessage_Error2005_System.Int32[]
04-21 19:55:30.400 21050 26493 I PxrPlugin: ctrltype plugin:  getControllerType 2270 xrGetCurrentInteractionProfile ret = 0 Path  /interaction_profiles/bytedance/pico4_controller
04-21 19:55:30.405 21050 26493 I Unity   : seethroughsetting---UI---ShowSelect type=---0
04-21 19:55:30.405 21050 26493 I Unity   : seethroughsetting---Wall---CreatCircle---(0.9, -0.74384, 0)
04-21 19:55:30.405  1356 16311 W PxrEventUploader: codec_name: OMX.google.aac.decoder
04-21 19:55:30.406  1356 16311 I PxrNotificationClient: sendPxrNotification,action:teatracker_event_action id:0,value1:media_codec_codec_stop value2:0,ext:{"caller_package_name":"com.pvr.seethrough.setting","channel_count":2,"codec_name":"OMX.google.aac.decoder","is_protected":0,"low_latency_mode":0,"metrics_session_id":87,"sample_rate":48000}
04-21 19:55:30.407 21050 26493 I Unity   : seethroughsetting---ViewManager---push---DistinguishLocalOK 
04-21 19:55:30.407  1356 16311 W SceneManagerHelper: submitMediaItemToSceneManager: null value for kEventCodecWidth
04-21 19:55:30.407  1356 16311 W SceneManagerHelper: submitMediaItemToSceneManager: null value for kEventCodecHeight
04-21 19:55:30.407  1356 16311 W SceneManagerHelper: submitMediaItemToSceneManager: null value for kEventCodecRenderFrameRate
04-21 19:55:30.407  1356 16311 W SceneManagerHelper: submitMediaItemToSceneManager: null value for kEventCodecVideoVRType
04-21 19:55:30.407  1356 16311 E SceneManagerHelper: submitMediaItemToSceneManager: null value for kEventCodecBufferQueueName
04-21 19:55:30.407  1356 16311 W PxrMediaAnalyticsService: submitMediaItemToSceneManager fail
04-21 19:55:30.407  1356 16311 W PerformanceTrackerHelper: submitMediaItemToProtoBuffer_l: null value for kEventCodecUseSurface
04-21 19:55:30.407  1356 16311 W PxrMediaAnalyticsService: submitMediaItemToProtoBuffer fail
04-21 19:55:30.450   961 26785 E npu_user_driver: npu_set_property status: 0
04-21 19:55:30.450   961 26784 E npu_user_driver: npu_set_property status: 0
04-21 19:55:30.454   961 26786 E npu_user_driver: npu_set_property status: 0
04-21 19:55:30.466  1353 25662 I PVRMediaExtractorFactory: ffmpeg probe failed, then will try qcom parser
04-21 19:55:30.466  1353 25662 W RefBase : CallStack::getCurrentInternal not linked, returning null
04-21 19:55:30.466  1353 25662 W RefBase : CallStack::logStackInternal not linked
04-21 19:55:30.467  1353 25662 I MMParserExtractor: Created(0x754eec7b60)
04-21 19:55:30.472 21050 26640 I BufferQueueProducer: [SurfaceTexture-68-21050-0] disconnect: api 3, w*h = 1 * 1
04-21 19:55:30.473  1363  1479 I OMX-VDEC-1080P: deinit
04-21 19:55:30.473  1363  1479 I OMX-VDEC-1080P: omx_vdec::component_deinit() complete
04-21 19:55:30.485  1356 16311 W PxrEventUploader: codec_name: OMX.qcom.video.decoder.avc
04-21 19:55:30.485  1356 16311 I PxrNotificationClient: sendPxrNotification,action:teatracker_event_action id:0,value1:media_codec_codec_stop value2:0,ext:{"caller_package_name":"com.pvr.seethrough.setting","codec_name":"OMX.qcom.video.decoder.avc","decode_latency_avg":3733641,"decode_latency_max":13460947,"decode_latency_min":68305,"first_frame_latency":68304,"frame_rate":25,"hdr_color_sapce":3,"is_protected":0,"low_latency_mode":0,"metrics_session_id":86,"playback_duration":5,"render_frame_rate":26,"rotation_degrees":0,"use_surface":1,"video_height":720,"video_vr_type":-1,"video_width":1280}
04-21 19:55:30.488  1356 16311 I PerformanceTrackerHelper: Save PbBuffer To File, mProtoCodecDataList itemsize: 18, byteSize: 1476
04-21 19:55:30.491 21050 26493 I Unity   : seethroughsetting---Content---InitPragraph---2
04-21 19:55:30.494  1356 16311 W PxrEventUploader: file_type: video/mp4
04-21 19:55:30.494  1356 16311 W PxrEventUploader: video_encode_type: video/avc
04-21 19:55:30.494  1356 16311 W PxrEventUploader: audio_encode_type: audio/mp4a-latm
04-21 19:55:30.494  1356 16311 I PxrNotificationClient: sendPxrNotification,action:teatracker_event_action id:0,value1:media_extractor_start value2:0,ext:{"audio_encode_type":"audio/mp4a-latm","audio_track_count":1,"caller_package_name":"media.extractor","file_type":"video/mp4","metrics_session_id":88,"subtitle_track_count":0,"video_encode_type":"video/avc"}
04-21 19:55:30.495  1356 16311 W SceneManagerHelper: submitMediaItemToSceneManager: discrad invailed keyEvent: media_extractor_start
04-21 19:55:30.495  1356 16311 W PxrMediaAnalyticsService: submitMediaItemToSceneManager fail
04-21 19:55:30.495  1356 16311 W PerformanceTrackerHelper: submitMediaItemToProtoBuffer_l: null value for kEventCodecUseSurface
04-21 19:55:30.495  1356 16311 W PxrMediaAnalyticsService: submitMediaItemToProtoBuffer fail
04-21 19:55:30.506 21050 26799 I OMXClient: IOmx service obtained
04-21 19:55:30.506  1363  1363 I OMXMaster: makeComponentInstance(OMX.qcom.video.decoder.avc) in android.hardwar process
04-21 19:55:30.506  1363  1363 E         : Service not available yet
04-21 19:55:30.509  1363  1363 I OMX-VDEC-1080P: init
04-21 19:55:30.513  1363  1363 I OMX-VDEC-1080P: omx_vdec::component_init() success : OMX.qcom.video.decoder.avc fd=10
04-21 19:55:30.514  1363  1363 E OMX-VDEC-1080P: Extension: OMX.google.android.index.useAndroidNativeBuffer is supported
04-21 19:55:30.514  1363  1363 E OMX-VDEC-1080P: get_parameter: unknown param 0x7f000046
04-21 19:55:30.514  1363  1363 E OMXNodeInstance: getParameter(0xe8c40f84:qcom.decoder.avc, ??(0x7f000046)) ERROR: UnsupportedIndex(0x8000101a)
04-21 19:55:30.514 21050 26799 I ExtendedACodec: setupVideoDecoder()
04-21 19:55:30.515  1363  1479 I OMX-VDEC-1080P: C2D: Set Resolution, Interlace(false) Conversion(0XB -> 0X3) src(1280X720) dest(1280X720)
04-21 19:55:30.523  1363  1363 I C2DColorConvert: getDummySurfaceDef: half stride for Cb Cr planes 
04-21 19:55:30.525 21050 26799 I ExtendedACodec: Decoder will be in frame by frame mode
04-21 19:55:30.525  1363  1363 E OMX-VDEC-1080P: Setparameter: unknown param 2130706434
04-21 19:55:30.525  1363  1363 E OMX-VDEC-1080P: set_parameter: Error: 0x8000101a, setting param 0x7f000002
04-21 19:55:30.525  1363  1363 E OMXNodeInstance: setParameter(0xe8c40f84:qcom.decoder.avc, ??(0x7f000002)) ERROR: UnsupportedIndex(0x8000101a)
04-21 19:55:30.525 21050 26799 W ExtendedACodec: Failed to set frame packing format on component
04-21 19:55:30.525   961 26327 I SENSOR  : PCLog_end_stand_still_1,13884.622720
04-21 19:55:30.526  1363  1479 E OMXNodeInstance: getParameter(0xe8c40f84:qcom.decoder.avc, ??(0x7f000044)) ERROR: UnsupportedSetting(0x80001019)
04-21 19:55:30.528  1356 16311 W PxrEventUploader: codec_name: OMX.qcom.video.decoder.avc
04-21 19:55:30.528  1356 16311 I PxrNotificationClient: sendPxrNotification,action:teatracker_event_action id:0,value1:media_codec_configure value2:0,ext:{"caller_package_name":"com.pvr.seethrough.setting","codec_name":"OMX.qcom.video.decoder.avc","frame_rate":25,"is_protected":0,"low_latency_mode":0,"metrics_session_id":89,"rotation_degrees":0,"video_height":720,"video_width":1280}
04-21 19:55:30.530  1356 16311 W SceneManagerHelper: submitMediaItemToSceneManager: discrad invailed keyEvent: media_codec_configure
04-21 19:55:30.530  1356 16311 W PxrMediaAnalyticsService: submitMediaItemToSceneManager fail
04-21 19:55:30.530  1356 16311 W PerformanceTrackerHelper: submitMediaItemToProtoBuffer_l: null value for kEventCodecUseSurface
04-21 19:55:30.530  1356 16311 W PxrMediaAnalyticsService: submitMediaItemToProtoBuffer fail
04-21 19:55:30.552 21050 26804 I OMXClient: IOmx service obtained
04-21 19:55:30.552  1363  1479 I OMXMaster: makeComponentInstance(OMX.google.aac.decoder) in android.hardwar process
04-21 19:55:30.555  1363  1479 E OMXNodeInstance: getConfig(0xec420b00:google.aac.decoder, ConfigAndroidVendorExtension(0x6f100004)) ERROR: Undefined(0x80001001)
04-21 19:55:30.555 21050 26804 W ExtendedACodec: Failed to get extension for extradata parameter
04-21 19:55:30.555  1356 16311 W PxrEventUploader: codec_name: OMX.google.aac.decoder
04-21 19:55:30.555  1356 16311 I PxrNotificationClient: sendPxrNotification,action:teatracker_event_action id:0,value1:media_codec_configure value2:0,ext:{"caller_package_name":"com.pvr.seethrough.setting","channel_count":2,"codec_name":"OMX.google.aac.decoder","is_protected":0,"low_latency_mode":0,"metrics_session_id":90,"sample_rate":48000}
04-21 19:55:30.558  1356 16311 W SceneManagerHelper: submitMediaItemToSceneManager: discrad invailed keyEvent: media_codec_configure
04-21 19:55:30.558  1356 16311 W PxrMediaAnalyticsService: submitMediaItemToSceneManager fail
04-21 19:55:30.558  1356 16311 W PerformanceTrackerHelper: submitMediaItemToProtoBuffer_l: null value for kEventCodecUseSurface
04-21 19:55:30.558  1356 16311 W PxrMediaAnalyticsService: submitMediaItemToProtoBuffer fail
04-21 19:55:30.575  1363 26805 I SoftAAC2: Reconfiguring decoder: 0->48000 Hz, 0->2 channels
04-21 19:55:30.577  1363  1479 E OMXNodeInstance: getParameter(0xe8c40f84:qcom.decoder.avc, ??(0x7f000044)) ERROR: UnsupportedSetting(0x80001019)
04-21 19:55:30.578  1363 26801 I OMX-VDEC-1080P: reset
04-21 19:55:30.610  1363 26801 I OMX-VDEC-1080P: C2D: Start color convertion
04-21 19:55:30.612  1363 26801 W C2DColorConvert: calcLumaAlign: unknown format (3) passed for luma alignment number.
04-21 19:55:30.613  1363 26801 I OMX-VDEC-1080P: C2D: Start color convertion
04-21 19:55:30.613  1363  1363 E OMXNodeInstance: getParameter(0xe8c40f84:qcom.decoder.avc, ??(0x7f000044)) ERROR: UnsupportedSetting(0x80001019)
04-21 19:55:30.615  1363 26801 W C2DColorConvert: calcLumaAlign: unknown format (3) passed for luma alignment number.
04-21 19:55:30.615  1363 26801 I OMX-VDEC-1080P: C2D: Start color convertion
04-21 19:55:30.616  1363 26801 W C2DColorConvert: calcLumaAlign: unknown format (3) passed for luma alignment number.
04-21 19:55:30.616  1363 26801 I OMX-VDEC-1080P: C2D: Start color convertion
04-21 19:55:30.617  1363 26801 W C2DColorConvert: calcLumaAlign: unknown format (3) passed for luma alignment number.
04-21 19:55:30.617  1363 26801 I OMX-VDEC-1080P: C2D: Start color convertion
04-21 19:55:30.618  1363 26801 W C2DColorConvert: calcLumaAlign: unknown format (3) passed for luma alignment number.
04-21 19:55:30.618  1363 26801 I OMX-VDEC-1080P: C2D: Start color convertion
04-21 19:55:30.620  1356 16311 W PxrMediaAnalyticsService: submitMediaItemToTeaTracker fail
04-21 19:55:30.620  1363 26801 W C2DColorConvert: calcLumaAlign: unknown format (3) passed for luma alignment number.
04-21 19:55:30.620  1356 16311 W SceneManagerHelper: submitMediaItemToSceneManager: null value for kEventCodecRenderFrameRate
04-21 19:55:30.620  1356 16311 W SceneManagerHelper: submitMediaItemToSceneManager: null value for kEventCodecVideoVRType
04-21 19:55:30.620  1356 16311 E SceneManagerHelper: submitMediaItemToSceneManager: null value for kEventCodecBufferQueueName
04-21 19:55:30.620  1363 26801 I OMX-VDEC-1080P: C2D: Start color convertion
04-21 19:55:30.620  1356 16311 W PxrMediaAnalyticsService: submitMediaItemToSceneManager fail
04-21 19:55:30.620  1356 16311 W PerformanceTrackerHelper: submitMediaItemToProtoBuffer_l: null value for kEventCodecUseSurface
04-21 19:55:30.620  1356 16311 W PxrMediaAnalyticsService: submitMediaItemToProtoBuffer fail
04-21 19:55:30.625  1356 16311 W PxrEventUploader: codec_name: OMX.google.aac.decoder
04-21 19:55:30.626  1356 16311 I PxrNotificationClient: sendPxrNotification,action:teatracker_event_action id:0,value1:media_codec_codec_stop value2:0,ext:{"caller_package_name":"com.pvr.seethrough.setting","channel_count":2,"codec_name":"OMX.google.aac.decoder","is_protected":0,"low_latency_mode":0,"metrics_session_id":90,"sample_rate":48000}
04-21 19:55:30.626  1363 26801 W C2DColorConvert: calcLumaAlign: unknown format (3) passed for luma alignment number.
04-21 19:55:30.627  1363 26801 I OMX-VDEC-1080P: C2D: Start color convertion
04-21 19:55:30.627  1356 16311 W SceneManagerHelper: submitMediaItemToSceneManager: null value for kEventCodecWidth
04-21 19:55:30.627  1356 16311 W SceneManagerHelper: submitMediaItemToSceneManager: null value for kEventCodecHeight
04-21 19:55:30.627  1356 16311 W SceneManagerHelper: submitMediaItemToSceneManager: null value for kEventCodecRenderFrameRate
04-21 19:55:30.627  1356 16311 W SceneManagerHelper: submitMediaItemToSceneManager: null value for kEventCodecVideoVRType
04-21 19:55:30.627  1356 16311 E SceneManagerHelper: submitMediaItemToSceneManager: null value for kEventCodecBufferQueueName
04-21 19:55:30.627  1356 16311 W PxrMediaAnalyticsService: submitMediaItemToSceneManager fail
04-21 19:55:30.627  1356 16311 W PerformanceTrackerHelper: submitMediaItemToProtoBuffer_l: null value for kEventCodecUseSurface
04-21 19:55:30.627  1356 16311 W PxrMediaAnalyticsService: submitMediaItemToProtoBuffer fail
04-21 19:55:30.628  1363 26801 W C2DColorConvert: calcLumaAlign: unknown format (3) passed for luma alignment number.
04-21 19:55:30.628  1363 26801 I OMX-VDEC-1080P: C2D: Start color convertion
04-21 19:55:30.629  1363 26801 W C2DColorConvert: calcLumaAlign: unknown format (3) passed for luma alignment number.
04-21 19:55:30.665  1363  1363 I OMX-VDEC-1080P: deinit
04-21 19:55:30.666  1363  1363 I OMX-VDEC-1080P: omx_vdec::component_deinit() complete
04-21 19:55:30.672  1356 16311 W PxrEventUploader: codec_name: OMX.qcom.video.decoder.avc
04-21 19:55:30.672  1356 16311 I PxrNotificationClient: sendPxrNotification,action:teatracker_event_action id:0,value1:media_codec_codec_stop value2:0,ext:{"caller_package_name":"com.pvr.seethrough.setting","codec_name":"OMX.qcom.video.decoder.avc","decode_latency_avg":45603,"decode_latency_max":45603,"decode_latency_min":45603,"frame_rate":25,"is_protected":0,"low_latency_mode":0,"metrics_session_id":89,"rotation_degrees":0,"video_height":720,"video_width":1280}
04-21 19:55:30.673  1356 16311 W SceneManagerHelper: submitMediaItemToSceneManager: null value for kEventCodecRenderFrameRate
04-21 19:55:30.673  1356 16311 W SceneManagerHelper: submitMediaItemToSceneManager: null value for kEventCodecVideoVRType
04-21 19:55:30.673  1356 16311 E SceneManagerHelper: submitMediaItemToSceneManager: null value for kEventCodecBufferQueueName
04-21 19:55:30.673  1356 16311 W PxrMediaAnalyticsService: submitMediaItemToSceneManager fail
04-21 19:55:30.673  1356 16311 W PerformanceTrackerHelper: submitMediaItemToProtoBuffer_l: null value for kEventCodecUseSurface
04-21 19:55:30.673  1356 16311 W PxrMediaAnalyticsService: submitMediaItemToProtoBuffer fail
04-21 19:55:30.686 21050 26808 I OMXClient: IOmx service obtained
04-21 19:55:30.686  1363  1363 I OMXMaster: makeComponentInstance(OMX.qcom.video.decoder.avc) in android.hardwar process
04-21 19:55:30.687  1363  1363 E         : Service not available yet
04-21 19:55:30.688  1363  1363 I OMX-VDEC-1080P: init
04-21 19:55:30.690  1363  1363 I OMX-VDEC-1080P: omx_vdec::component_init() success : OMX.qcom.video.decoder.avc fd=10
04-21 19:55:30.691 21050 26518 I Surface : create surface : Surface(name=android.graphics.SurfaceTexture@f9b3cf4)/@0xa637c1d from : SurfaceTexture-79-21050-1
04-21 19:55:30.692 21050 26807 I BufferQueueProducer: [SurfaceTexture-79-21050-1] connect: api 3, w*h = 1 * 1
04-21 19:55:30.692 21050 26807 I MediaCodec: [OMX.qcom.video.decoder.avc] setting surface generation to 21555202
04-21 19:55:30.692 21050 26807 I BufferQueueProducer: [SurfaceTexture-79-21050-1] disconnect: api 3, w*h = 1 * 1
04-21 19:55:30.692 21050 26807 I BufferQueueProducer: [SurfaceTexture-79-21050-1] connect: api 3, w*h = 1 * 1
04-21 19:55:30.692  1356 16311 W PxrMediaAnalyticsService: submitMediaItemToTeaTracker fail
04-21 19:55:30.692  1356 16311 W SceneManagerHelper: submitMediaItemToSceneManager: null value for kEventCodecRenderFrameRate
04-21 19:55:30.692  1356 16311 W SceneManagerHelper: submitMediaItemToSceneManager: null value for kEventCodecVideoVRType
04-21 19:55:30.695  1356 16311 W PxrMediaAnalyticsService: submitMediaItemToProtoBuffer fail
04-21 19:55:30.695  1363  1363 E OMX-VDEC-1080P: Extension: OMX.google.android.index.useAndroidNativeBuffer is supported
04-21 19:55:30.695  1363  1363 E OMX-VDEC-1080P: get_parameter: unknown param 0x7f000046
04-21 19:55:30.695  1363  1363 E OMXNodeInstance: getParameter(0xe8c40f84:qcom.decoder.avc, ??(0x7f000046)) ERROR: UnsupportedIndex(0x8000101a)
04-21 19:55:30.696  1363  4724 E OMX-VDEC-1080P: set_parameter: Error: 0x80001019, setting param 0x7f00005d
04-21 19:55:30.696  1363  4724 E OMXNodeInstance: setParameter(0xe8c40f84:qcom.decoder.avc, OMX.google.android.index.allocateNativeHandle(0x7f00005d): Output:1 en=0) ERROR: UnsupportedSetting(0x80001019)
04-21 19:55:30.696 21050 26808 I ExtendedACodec: setupVideoDecoder()
04-21 19:55:30.702  1363  4724 I C2DColorConvert: getDummySurfaceDef: half stride for Cb Cr planes 
04-21 19:55:30.703 21050 26808 I ExtendedACodec: Decoder will be in frame by frame mode
04-21 19:55:30.703  1363  4724 E OMX-VDEC-1080P: Setparameter: unknown param 2130706434
04-21 19:55:30.703  1363  4724 E OMX-VDEC-1080P: set_parameter: Error: 0x8000101a, setting param 0x7f000002
04-21 19:55:30.703  1363  4724 E OMXNodeInstance: setParameter(0xe8c40f84:qcom.decoder.avc, ??(0x7f000002)) ERROR: UnsupportedIndex(0x8000101a)
04-21 19:55:30.703 21050 26808 W ExtendedACodec: Failed to set frame packing format on component
04-21 19:55:30.705  1363  1363 E OMXNodeInstance: getConfig(0xe8c40f84:qcom.decoder.avc, ??(0x7f000062)) ERROR: UnsupportedSetting(0x80001019)
04-21 19:55:30.706  1356 16311 W PxrEventUploader: codec_name: OMX.qcom.video.decoder.avc
04-21 19:55:30.706  1356 16311 I PxrNotificationClient: sendPxrNotification,action:teatracker_event_action id:0,value1:media_codec_configure value2:0,ext:{"caller_package_name":"com.pvr.seethrough.setting","codec_name":"OMX.qcom.video.decoder.avc","frame_rate":25,"is_protected":0,"low_latency_mode":0,"metrics_session_id":91,"rotation_degrees":0,"video_height":720,"video_width":1280}
04-21 19:55:30.707  1356 16311 W SceneManagerHelper: submitMediaItemToSceneManager: discrad invailed keyEvent: media_codec_configure
04-21 19:55:30.707  1356 16311 W PxrMediaAnalyticsService: submitMediaItemToSceneManager fail
04-21 19:55:30.707  1356 16311 W PxrMediaAnalyticsService: submitMediaItemToProtoBuffer fail
04-21 19:55:30.720   970  2701 I PxrMRService: [###:673]: statistics - mono_status=[0] rgb_status=[0] mr_mode=[1] mr_auto_capture=[0] total_cnt=[1779]
04-21 19:55:30.727 21050 26813 I OMXClient: IOmx service obtained
04-21 19:55:30.727  1363 26810 I OMX-VDEC-1080P: We discard down scaler when omx not in execute state
04-21 19:55:30.727  1363  4724 I OMXMaster: makeComponentInstance(OMX.google.aac.decoder) in android.hardwar process
04-21 19:55:30.727  1363 26810 I OMX-VDEC-1080P: We discard down scaler when omx not in execute state
04-21 19:55:30.730  1363  4724 E OMXNodeInstance: getConfig(0xea35b000:google.aac.decoder, ConfigAndroidVendorExtension(0x6f100004)) ERROR: Undefined(0x80001001)
04-21 19:55:30.730 21050 26813 W ExtendedACodec: Failed to get extension for extradata parameter
04-21 19:55:30.730  1356 16311 W PxrEventUploader: codec_name: OMX.google.aac.decoder
04-21 19:55:30.730  1356 16311 I PxrNotificationClient: sendPxrNotification,action:teatracker_event_action id:0,value1:media_codec_configure value2:0,ext:{"caller_package_name":"com.pvr.seethrough.setting","channel_count":2,"codec_name":"OMX.google.aac.decoder","is_protected":0,"low_latency_mode":0,"metrics_session_id":92,"sample_rate":48000}
04-21 19:55:30.733  1356 16311 W SceneManagerHelper: submitMediaItemToSceneManager: discrad invailed keyEvent: media_codec_configure
04-21 19:55:30.733  1356 16311 W PxrMediaAnalyticsService: submitMediaItemToSceneManager fail
04-21 19:55:30.733  1356 16311 W PerformanceTrackerHelper: submitMediaItemToProtoBuffer_l: null value for kEventCodecUseSurface
04-21 19:55:30.733  1356 16311 W PxrMediaAnalyticsService: submitMediaItemToProtoBuffer fail
04-21 19:55:30.746  1363  4724 E OMXNodeInstance: getConfig(0xe8c40f84:qcom.decoder.avc, ??(0x7f000062)) ERROR: UnsupportedSetting(0x80001019)
04-21 19:55:30.747  1363 26810 I OMX-VDEC-1080P: reset
04-21 19:55:30.747  1363 26810 I OMX-VDEC-1080P: We discard down scaler when omx not in execute state
04-21 19:55:30.747  1363 26810 I chatty  : uid=1046(mediacodec) omx@1.0-service identical 2 lines
04-21 19:55:30.747  1363 26810 I OMX-VDEC-1080P: We discard down scaler when omx not in execute state
04-21 19:55:30.766  1363  1479 E OMXNodeInstance: getConfig(0xe8c40f84:qcom.decoder.avc, ??(0x7f000062)) ERROR: UnsupportedSetting(0x80001019)
04-21 19:55:30.768  1356 16311 W PxrMediaAnalyticsService: submitMediaItemToTeaTracker fail
04-21 19:55:30.768  1356 16311 W SceneManagerHelper: submitMediaItemToSceneManager: null value for kEventCodecRenderFrameRate
04-21 19:55:30.768  1356 16311 W SceneManagerHelper: submitMediaItemToSceneManager: null value for kEventCodecVideoVRType
04-21 19:55:30.769  1356 16311 W PxrMediaAnalyticsService: submitMediaItemToProtoBuffer fail
04-21 19:55:30.839   961 26327 I SENSOR  : BODYPOSE version: 1.0.0.47 
04-21 19:55:30.839   961 26327 I SENSOR  : Centuar_Services: 20250903A_For_Centuar  SENSOR  
04-21 19:55:30.839   961 26327 I SENSOR  : PCLog_IMU_Data_1: 13884.936145,-0.025771,-0.002821,0.038183,4.546334,-8.386525,2.286502,9.809743,25.603865,Trackingmode:1
04-21 19:55:30.890   925   925 E android.hardware.wifi@1.0-service: cyx convertHidlNanEnableReque 7179 contentavg=260
04-21 19:55:30.899   961 26345 I libHandTracking: [I 04/21 19:55:30.899 961 26345] Get disable option: 0, call alg times: 36800
04-21 19:55:30.998   961 26327 I PvrTrackingService: logDebugControllerPose,right confidence 1, pose1 -0.877334,0.221639,0.174443,-0.388241,132.469058,-9.929300,-84.583618,pose2 -0.877334,0.221639,0.174443,-0.388241,143.972844,-12.678521,-69.579940
04-21 19:55:31.015 21050 26493 W APxrRuntime: PXRSDK_PM ENGINE FPS: 64, 5352618827697
04-21 19:55:31.019 21050 26569 I PxrMetric: FPS=72/72,MTP=38.28ms,AppSW=off,FrmEarly=13,FrmLate=2,FrmCpu=2.33ms,FrmGpu=3.96ms,FrmTime=8.27ms,ATWGPU=3.41ms,VsyncDelay=1,GPU=44%/441Mhz,GPUTemp=54.0C,LayerCnt=4,Pkg=com.pvr.seethrough.setting,FrmId=542
04-21 19:55:31.135   967  2608 I pxrhmdservice : Call <getCommonDataThread> - boot_completed=[1] ------------------------
04-21 19:55:31.160   961 26327 I SENSOR  : PCLog_stand_2_move_Angle_Change 1,13885.257504,20.162536
04-21 19:55:31.160   961 26327 I PvrTrackingService: right controller is moving
04-21 19:55:31.160   972  1165 E Stationservice: KEYLOG:in StopCountForControllerStillMode, hand=2
04-21 19:55:31.160   972  1165 E Stationservice: KEYLOG:in _StopCountForControllerStillMode, hand=2
04-21 19:55:31.160   972  1165 E Stationservice: KEYLOG:UpdateControllerTargetStillStatus, set right to 1
04-21 19:55:31.161   972  1165 E Stationservice: KEYLOG:SetStillCmd, success
04-21 19:55:31.161   972  1165 E Stationservice: KEYLOG:UpdateControllerCurrentStillStatus, set right to 1
04-21 19:55:31.161   972  1165 E Stationservice: KEYLOG:in _StopCountForControllerStillMode, hand=2, successfully
04-21 19:55:31.161   972  1165 E Stationservice: L1:SOTA_enable, _sota_prop[1].upgrade_enable:1!
04-21 19:55:31.161   972  1165 E Stationservice: L1:SOTA_dev_reinsert, dev:1
04-21 19:55:31.161   972  1165 E Stationservice: L1:SOTA_dev_pushback, dev:1
04-21 19:55:31.161   972  1165 E Stationservice: L1:SOTA_dev_pushback, dev:1, _sota_prop[dev].support_sota:1, _sota_prop[dev].firmware_ready:1!
04-21 19:55:31.161   972  1165 E Stationservice: KEYLOG:SOTA_dev_pushback, insert dev:1 to list success
04-21 19:55:31.161   972  2411 E Stationservice: L1:SOTA_check_upgrade, _l_sota_dev size:1
04-21 19:55:31.161   972  2411 E Stationservice: L1:-----sota sys_dir:/system/etc/ctlbin
04-21 19:55:31.162   972  2411 E Stationservice: L1:SOTA file:PhoenixCtrl_sv3.26_PR_tv01_20240621_b326_app.bin
04-21 19:55:31.162   972  2411 E Stationservice: L1:SOTA:---new version:326 name:/system/etc/ctlbin/PhoenixCtrl_sv3.26_PR_tv01_20240621_b326_app.bin
04-21 19:55:31.162   972  2411 E Stationservice: L1:SOTA file:PhoenixSta_sv2.96_PR_20250805_b296_app.bin
04-21 19:55:31.162   972  2411 E Stationservice: L1:SOTA:---new version:296 name:/system/etc/ctlbin/PhoenixSta_sv2.96_PR_20250805_b296_app.bin
04-21 19:55:31.162   972  2411 E Stationservice: L1:-----sota test_dir:/sdcard/sotabin
04-21 19:55:31.162   972  2411 E Stationservice: L1:path:/sdcard/sotabin is NULL, return
04-21 19:55:31.162   972  2411 E Stationservice: L1:-----sota tracker_dir:/sdcard/sotabin
04-21 19:55:31.162   972  2411 E Stationservice: L1:SOTA file:Swift2.0_sv1.89_20241213_b189_app.bin
04-21 19:55:31.162   972  2411 E Stationservice: L1:SOTA:---new version:189 name:/system/etc/trackerbin/Swift2.0_sv1.89_20241213_b189_app.bin
04-21 19:55:31.162   972  2411 E Stationservice: L1:SOTA file:Swift_hm01_20230707_b97.bin
04-21 19:55:31.162   972  2411 E Stationservice: L1:Swift_hm01_20230707_b97.bin parse not satisfy
04-21 19:55:31.162   972  2411 E Stationservice: L1:SOTA file:public.pem
04-21 19:55:31.162   972  2411 E Stationservice: L1:public.pem parse not satisfy
04-21 19:55:31.162   961 26327 I PvrTrackingService: onControllerMoving
04-21 19:55:31.164   972  2410 E Stationservice: L1:enter json_parse.
04-21 19:55:31.164   972  2410 E Stationservice: L1:sota csjon left:0, right:0, station:0, tracker1:0, tracker2:0, trackek3:0
04-21 19:55:31.164   961  1156 E Stationclient: L1:StopCountForControllerStillMode, status=0
04-21 19:55:31.165   961  1156 I PvrTrackingService: stopCountForStillMode, StopCountForControllerStillMode ret 0
04-21 19:55:31.165   961  1156 I PvrTrackingService: startMotor, SetVCMotorEvent, controller 2 ret 0
04-21 19:55:31.165   961  1156 I PvrTrackingService: onActiveInputDeviceChange, next 2, current 1
04-21 19:55:31.168   961  1156 I PvrTrackingService: onCameraHandModeChanged, input device 2, tracker count 0, freq 2,in 1, 0
04-21 19:55:31.170 21050 21050 I SeethroughSetting: Keep runing WatchDog
04-21 19:55:31.171   972 26254 E Stationservice: L1:force40:bb 01 01 55 01 50 52 30 32 39 36 02 00 01 aa 00 01 3f e7 63 ba bb 00 00 00 00 10 02 01 00 11 03 01 03 03 00 00 40 00 bb 
04-21 19:55:31.171   972 26254 E Stationservice: L1:station support new still
04-21 19:55:31.171   972 26254 E Stationservice: L1:SOTA_dev_insert, dev:2, PR0296, support:1, ready:0, A0B1:-1, type:1
04-21 19:55:31.171   972 26254 E Stationservice: KEYLOG:MCUCallBackDataProcess:get DEVINFO:PR0296
04-21 19:55:31.171   972  1165 E Stationservice: L1:GetCameraSupportHandMode, camera support hand mode = 1
04-21 19:55:31.171   961  1156 E Stationclient: L1:GetCameraSupportHandMode, res=1
04-21 19:55:31.171   961  1156 I PvrTrackingService: isSupported, type ret 1, supported 1
04-21 19:55:31.171   961  1156 I PvrTrackingCamera: func: setCameraParam, line: 278, camera 0 full head mode 0.
04-21 19:55:31.171   961  1156 I PvrTrackingService: setHandRunStatus, status 0
04-21 19:55:31.171   961  1156 W SENSOR  : Swift_set_hand_run_status:0
04-21 19:55:31.171   961  1156 I PvrTrackingService: stopHandTracking, start,1,0x6fb43b7958
04-21 19:55:31.171   961  1156 I PvrTrackingService: stopHandTracking, total 19350.672339, screenoff 11876.459080, real 7474
04-21 19:55:31.171   961  1156 I PxrNotificationClient: sendPxrNotification,action:teatracker_event_action id:0,value1:close_gesture_recognition_mode value2:0,ext:{
04-21 19:55:31.171   961  1156 I PxrNotificationClient:    "high_frequency_status" : "off",
04-21 19:55:31.171   961  1156 I PxrNotificationClient:    "psensor_status" : "on",
04-21 19:55:31.171   961  1156 I PxrNotificationClient:    "screen_status" : "on",
04-21 19:55:31.171   961  1156 I PxrNotificationClient:    "stay_duration" : 7474
04-21 19:55:31.171   961  1156 I PxrNotificationClient: }
04-21 19:55:31.172   961  1156 E libHandTracking: [E 04/21 19:55:31.172 961 1156] PicoPipe Start Distroy Graph.
04-21 19:55:31.172   961  1156 I libHandTracking: [I 04/21 19:55:31.172 961 1156] PicoPipe DisableNode [converter] Success.
04-21 19:55:31.172   961  1156 I libHandTracking: [I 04/21 19:55:31.172 961 1156] PicoPipe DisableNode [data] Success.
04-21 19:55:31.172   961  1156 I libHandTracking: [I 04/21 19:55:31.172 961 1156] PicoPipe DisableNode [filter] Success.
04-21 19:55:31.172   961  1156 I libHandTracking: [I 04/21 19:55:31.172 961 1156] PicoPipe DisableNode [hci] Success.
04-21 19:55:31.172   961  1156 I libHandTracking: [I 04/21 19:55:31.172 961 1156] PicoPipe DisableNode [iou_tracker] Success.
04-21 19:55:31.172   961  1156 I libHandTracking: [I 04/21 19:55:31.172 961 1156] PicoPipe DisableNode [mixstage_detector] Success.
04-21 19:55:31.172   961  1156 I libHandTracking: [I 04/21 19:55:31.172 961 1156] PicoPipe DisableNode [nn26dof] Success.
04-21 19:55:31.172   961  1156 I libHandTracking: [I 04/21 19:55:31.172 961 1156] PicoPipe DisableNode [output] Success.
04-21 19:55:31.172   961  1156 I libHandTracking: [I 04/21 19:55:31.172 961 1156] PicoPipe DisableNode [pcl] Success.
04-21 19:55:31.172   961  1156 I libHandTracking: [I 04/21 19:55:31.172 961 1156] PicoPipe DisableNode [posetracker] Success.
04-21 19:55:31.172   961  1156 I libHandTracking: [I 04/21 19:55:31.172 961 1156] PicoPipe DisableNode [predictor] Success.
04-21 19:55:31.172   961  1156 I libHandTracking: [I 04/21 19:55:31.172 961 1156] PicoPipe DisableNode [vary_frequency] Success.
04-21 19:55:31.172   961  1156 I libHandTracking: [I 04/21 19:55:31.172 961 1156] PicoPipe Terminating thread pool[handpose].
04-21 19:55:31.173   961  1156 E libHandTracking: [E 04/21 19:55:31.173 961 1156] PicoPipe All Node Disabled.
04-21 19:55:31.179   961 26345 I PvrTrackingService: updateSlamImage, exit full hand mode
04-21 19:55:31.179   972  1165 E Stationservice: L1:SetHandMode, onoff = off
04-21 19:55:31.180   961  1156 E npu_user_driver: * NPU_Stats: npu_free_buffer_v2(): 0.00 ms
04-21 19:55:31.180   961  1156 I chatty  : uid=0(root) command_looper identical 575 lines
04-21 19:55:31.181   972  1165 I chatty  : uid=0(root) send_thread expire 60 lines
04-21 19:55:31.181  3223 26339 E Stationclient: L1:SetHandMode, res=0
04-21 19:55:31.181  3223 26339 I CamQuick: 1563 setFullHeadMode() call SetHandMode, onoff 0 ret 0
04-21 19:55:31.194   961 26327 I chatty  : uid=0(root) Binder:961_2 expire 34 lines
04-21 19:55:31.196   972  2411 I chatty  : uid=0(root) sota_thread expire 13 lines
04-21 19:55:31.219   961 26340 I chatty  : uid=0(root) Binder:961_2 expire 8 lines
04-21 19:55:31.219   961 26376 I chatty  : uid=0(root) Binder:961_2 expire 5 lines
04-21 19:55:31.219   961 26350 I chatty  : uid=0(root) Binder:961_2 expire 5 lines
04-21 19:55:31.219   961 26345 I chatty  : uid=0(root) Binder:961_2 expire 12 lines
04-21 19:55:31.223   972  2410 I chatty  : uid=0(root) sota_config_thr expire 37 lines
04-21 19:55:31.259   961  2729 I chatty  : uid=0(root) cp_xxxx_0 expire 27 lines
04-21 19:55:31.279   961 26817 I chatty  : uid=0(root) Binder:961_2 expire 4 lines
04-21 19:55:31.280   970   970 I chatty  : uid=0(root) Binder:970_4 expire 15 lines
04-21 19:55:31.280   962   962 I chatty  : uid=0(root) pxrcontrollerse expire 18 lines
04-21 19:55:31.280   967  2580 I chatty  : uid=0(root) Binder:967_3 expire 57 lines
04-21 19:55:31.280  1883  6383 I chatty  : uid=1000(system) Binder:1883_8 expire 15 lines
04-21 19:55:31.280   971   971 I chatty  : uid=0(root) Binder:971_3 expire 35 lines
04-21 19:55:31.281 21051 26241 I chatty  : uid=1000(system) expire 11 lines
04-21 19:55:31.281 21051 26239 I chatty  : uid=1000(system) expire 33 lines
04-21 19:55:31.281 21050 26486 I TrackingClient: onServiceStatusChanged,key 0, size 4
04-21 19:55:31.281 21050 26486 I TrackingClient: onServiceStatusChanged, input device 2
04-21 19:55:31.281 21050 26814 I TrackingClient: onServiceStatusChanged,key 0, size 4
04-21 19:55:31.281 21050 26814 I TrackingClient: onServiceStatusChanged, input device 2
04-21 19:55:31.281  2149  2870 I TrackingClient: onServiceStatusChanged,key 0, size 4
04-21 19:55:31.281  2149  2870 I TrackingClient: onServiceStatusChanged, input device 2
04-21 19:55:31.282  2138  2601 I TrackingClient: onServiceStatusChanged,key 0, size 4
04-21 19:55:31.282  2138  2601 I TrackingClient: onServiceStatusChanged, input device 2
04-21 19:55:31.282  2021  3622 I chatty  : uid=1000(system) Binder:2021_4 expire 3 lines
04-21 19:55:31.282  2900 22809 I TrackingClient: onServiceStatusChanged,key 0, size 4
04-21 19:55:31.282  2900 22809 I TrackingClient: onServiceStatusChanged, input device 2
04-21 19:55:31.282  3989  4221 I TrackingClient: onServiceStatusChanged,key 0, size 4
04-21 19:55:31.282  3989  4221 I TrackingClient: onServiceStatusChanged, input device 2
04-21 19:55:31.282  2897  3666 I TrackingClient: onServiceStatusChanged,key 0, size 4
04-21 19:55:31.282  2897  3666 I TrackingClient: onServiceStatusChanged, input device 2
04-21 19:55:31.282  5328 25376 I TrackingClient: onServiceStatusChanged,key 0, size 4
04-21 19:55:31.282  5328 25376 I TrackingClient: onServiceStatusChanged, input device 2
04-21 19:55:31.282  2988  6496 I TrackingClient: onServiceStatusChanged,key 0, size 4
04-21 19:55:31.282  2988  6496 I TrackingClient: onServiceStatusChanged, input device 2
04-21 19:55:31.282  5333  7914 I TrackingClient: onServiceStatusChanged,key 0, size 4
04-21 19:55:31.282  2339  2981 I TrackingClient: onServiceStatusChanged,key 0, size 4
04-21 19:55:31.283  5333  7914 I TrackingClient: onServiceStatusChanged, input device 2
04-21 19:55:31.283  2339  2981 I TrackingClient: onServiceStatusChanged, input device 2
04-21 19:55:31.283  2021  2298 I chatty  : uid=1000(system) Binder:2021_1 expire 15 lines
04-21 19:55:31.283 21046 26248 I chatty  : uid=10127(com.Sysmo.BeaVR.beta) expire 6 lines
04-21 19:55:31.284  2138 23604 I TrackingClient: onServiceStatusChanged,key 0, size 4
04-21 19:55:31.284  2138 23604 I TrackingClient: onServiceStatusChanged, input device 2
04-21 19:55:31.280  1890  2089 I TrackingClient: onServiceStatusChanged,key 0, size 4
04-21 19:55:31.284  1890  2089 I TrackingClient: onServiceStatusChanged, input device 2
04-21 19:55:31.282  4175  4792 I TrackingClient: onServiceStatusChanged,key 0, size 4
04-21 19:55:31.284  4175  4792 I TrackingClient: onServiceStatusChanged, input device 2
04-21 19:55:31.293 21050 26493 I PxrPlugin: ctrltype plugin: getControllerType 7002 xrGetCurrentInteractionProfile pico4_controller ret = 0 Path  /interaction_profiles/bytedance/pico4_controller
04-21 19:55:31.293 21050 26493 I Unity   : Controller State: 1
04-21 19:55:31.293 21050 26493 I Unity   : Controller State 2: 1
04-21 19:55:31.303 21050 26493 I Unity   : ControllerMode Change : LeftController False   RightController : True HnadEnable :False ActiveInputDevice ：HeadActive
04-21 19:55:31.346  2138  2658 I PxrPlugin: ctrltype plugin: getControllerType 7002 xrGetCurrentInteractionProfile pico4_controller ret = 0 Path  /interaction_profiles/bytedance/pico4_controller
04-21 19:55:31.346  2138  2658 E Guardian:: guardian PXR_TYPE_EVENT_DATA_CONTROLLER, type = 21, controller = 0, status = 1
04-21 19:55:31.382   972   972 I chatty  : uid=0(root) send_thread expire 10 lines
04-21 19:55:31.538   966  2135 I chatty  : uid=0(root) fanControl expire 19 lines
04-21 19:55:31.720   970  2701 I chatty  : uid=0(root) pxrmrsystemserv expire 14 lines
04-21 19:55:32.019 21050 26493 W APxrRuntime: PXRSDK_PM ENGINE FPS: 72, 5353622703790
04-21 19:55:32.021 21050 26569 I PxrMetric: FPS=64/72,MTP=36.53ms,AppSW=off,FrmEarly=0,FrmLate=0,FrmCpu=2.20ms,FrmGpu=2.45ms,FrmTime=6.05ms,ATWGPU=2.89ms,VsyncDelay=1,GPU=42%/441Mhz,GPUTemp=54.0C,LayerCnt=4,Pkg=com.pvr.seethrough.setting,FrmId=614
04-21 19:55:32.118  4365 25094 I ByteCast: cybergarageDevice:deviceSearchResponse, ssdpPacket:/192.168.1.89 ssdpST urn:schemas-upnp-org:device:InternetGatewayDevice:1
04-21 19:55:32.136   967  2608 I chatty  : uid=0(root) /system/bin/pxrhmdservice expire 14 lines
04-21 19:55:32.178 21050 21050 I SeethroughSetting: Keep runing WatchDog
04-21 19:55:32.201   961 26330 I chatty  : uid=0(root) Binder:961_2 expire 10 lines
04-21 19:55:32.629 21050 26493 I Unity   : seethroughsetting---DistinguishLocalOK ------(0.398354, 0.325508, 0.273145)
04-21 19:55:32.630 21050 26493 W Unity   : MessageAggregatorHandlerMessage_Error2005_System.Int32[]
04-21 19:55:32.630 21050 26493 I Unity   : seethroughsetting---Wall---CreateWall---WallView_CreateWall_PointsCount:73
04-21 19:55:32.631 21050 26493 I Unity   : SeethroughSetting---BtnUp---Click
04-21 19:55:32.631 21050 26493 I Unity   : seethroughsetting---EventSystem---AttemptClick---Click SuccessBtnUp
04-21 19:55:32.631 21050 26493 I Unity   : seethroughsetting---Wall---GetUVPolygon---WallView_GetUVPolgon_girth:5.653075
04-21 19:55:32.633  1356 16311 W PxrEventUploader: codec_name: OMX.google.aac.decoder
04-21 19:55:32.633  1356 16311 I PxrNotificationClient: sendPxrNotification,action:teatracker_event_action id:0,value1:media_codec_codec_stop value2:0,ext:{"caller_package_name":"com.pvr.seethrough.setting","channel_count":2,"codec_name":"OMX.google.aac.decoder","is_protected":0,"low_latency_mode":0,"metrics_session_id":92,"sample_rate":48000}
04-21 19:55:32.634  1356 16311 W SceneManagerHelper: submitMediaItemToSceneManager: null value for kEventCodecWidth
04-21 19:55:32.635  1356 16311 W SceneManagerHelper: submitMediaItemToSceneManager: null value for kEventCodecHeight
04-21 19:55:32.635  1356 16311 W SceneManagerHelper: submitMediaItemToSceneManager: null value for kEventCodecRenderFrameRate
04-21 19:55:32.635  1356 16311 W SceneManagerHelper: submitMediaItemToSceneManager: null value for kEventCodecVideoVRType
04-21 19:55:32.635  1356 16311 E SceneManagerHelper: submitMediaItemToSceneManager: null value for kEventCodecBufferQueueName
04-21 19:55:32.635  1356 16311 W PxrMediaAnalyticsService: submitMediaItemToSceneManager fail
04-21 19:55:32.635  1356 16311 W PerformanceTrackerHelper: submitMediaItemToProtoBuffer_l: null value for kEventCodecUseSurface
04-21 19:55:32.635  1356 16311 W PxrMediaAnalyticsService: submitMediaItemToProtoBuffer fail
04-21 19:55:32.663 21050 26807 I BufferQueueProducer: [SurfaceTexture-79-21050-1] disconnect: api 3, w*h = 1 * 1
04-21 19:55:32.664  1363  1479 I OMX-VDEC-1080P: deinit
04-21 19:55:32.664  1363  1479 I OMX-VDEC-1080P: omx_vdec::component_deinit() complete
04-21 19:55:32.669  1356 16311 W PxrEventUploader: codec_name: OMX.qcom.video.decoder.avc
04-21 19:55:32.669  1356 16311 I PxrNotificationClient: sendPxrNotification,action:teatracker_event_action id:0,value1:media_codec_codec_stop value2:0,ext:{"caller_package_name":"com.pvr.seethrough.setting","codec_name":"OMX.qcom.video.decoder.avc","decode_latency_avg":797903,"decode_latency_max":1157254,"decode_latency_min":56260,"frame_rate":25,"is_protected":0,"low_latency_mode":0,"metrics_session_id":91,"playback_duration":1,"rotation_degrees":0,"use_surface":1,"video_height":720,"video_width":1280}
04-21 19:55:32.670  1356 16311 W SceneManagerHelper: submitMediaItemToSceneManager: null value for kEventCodecRenderFrameRate
04-21 19:55:32.670  1356 16311 W SceneManagerHelper: submitMediaItemToSceneManager: null value for kEventCodecVideoVRType
04-21 19:55:32.670  1356 16311 I PerformanceTrackerHelper: Save PbBuffer To File, mProtoCodecDataList itemsize: 19, byteSize: 1558
04-21 19:55:33.020 21050 26493 W APxrRuntime: PXRSDK_PM ENGINE FPS: 70, 5354623974519
04-21 19:55:33.023 21050 26569 I PxrMetric: FPS=72/72,MTP=37.53ms,AppSW=off,FrmEarly=3,FrmLate=1,FrmCpu=1.96ms,FrmGpu=3.69ms,FrmTime=6.90ms,ATWGPU=2.71ms,VsyncDelay=1,GPU=47%/441Mhz,GPUTemp=53.2C,LayerCnt=4,Pkg=com.pvr.seethrough.setting,FrmId=684
04-21 19:55:33.127  1392  5583 I BatteryServiceExt: shouldShutdownLocked mIsScreenOn=true no need shutdown
04-21 19:55:33.128  1392  1529 I AUTO_FREEZE: makeQuickJudgment, uid:10117 to freeze for totalState:0 |isFrozen:false |procState:11 |reason:check start perform not hasTimeout broadcast for action = android.intent.action.BATTERY_CHANGED
04-21 19:55:33.179 21050 21050 I SeethroughSetting: Keep runing WatchDog
04-21 19:55:33.409 21050 26493 I Unity   : seethroughsetting---Wall---CompleteAni---And Savedata
04-21 19:55:33.411 21050 26493 I SeethroughSetting: 97814056960_97803571200
04-21 19:55:33.411 21050 26493 I Unity   : seethroughsetting---UI---CompleteSeeting---type:STT_LOCAL---IsRecordLocal:True
04-21 19:55:33.411 21050 26493 I Unity   : seethroughsetting---UI---CompleteSeeting---HeadposMax:(0.18, 0.89, -0.09)HeadposMin:(0.00, 0.00, 0.00)
04-21 19:55:33.420 21050 26493 I SeethroughSetting: stopGetResultArea
04-21 19:55:33.420 21050 26493 I Unity   : StopDistinguish
04-21 19:55:33.420 21050 26495 I SeethroughSetting: StopAreaAlgorithm
04-21 19:55:33.421 21050 26495 I TrackingClient: [SetAlgorithmParameters:258]type 5, key relocation, value 0
04-21 19:55:33.421 21050 26493 E SafetyArea: GSAShutDown Start !
04-21 19:55:33.421 21050 26493 E SafetyArea: CP: Destructor !
04-21 19:55:33.421 21050 26493 E SafetyArea: GSAShutDown delete g_CP success!
04-21 19:55:33.421 21050 26493 E SafetyArea: GSAShutDown, waiting ThreadRun Over ...
04-21 19:55:33.421 21050 26613 E SafetyArea: GSARun Thread : begin process data !
04-21 19:55:33.421 21050 26613 E SafetyArea: GSARun Thread Stoping 0 ...
04-21 19:55:33.421 21050 26493 E SafetyArea: GSAShutDown End !
04-21 19:55:33.421 21050 26493 I SeethroughSetting: complete setting reset6dof false
04-21 19:55:33.421   961  1409 I chatty  : uid=0(root) Binder:961_1 expire 43 lines
04-21 19:55:33.423   965  3784 I chatty  : uid=0(root) Binder:965_4 expire 6 lines
04-21 19:55:33.425 21050 26495 I SeethroughSetting: StopAreaAlgorithm end
04-21 19:55:33.430 21050 26493 I SeethroughSetting: Notifationcom.pxr.guardian.mesh_state
04-21 19:55:33.431  1890  2089 I PvrManagerService:  pvrmanager PermissionGrant check calling is 1000
04-21 19:55:33.431  1392 20485 I ActivityStartControllerExt: notifyDefaultDisplayTaskMoveToFront : TaskInfo{userId=0 stackId=25 taskId=476 displayId=0 isRunning=true baseIntent=Intent { act=android.intent.action.MAIN cat=[android.intent.category.LAUNCHER] flg=0x10a00000 cmp=com.Sysmo.BeaVR.beta/com.unity3d.player.UnityPlayerActivity } baseActivity=ComponentInfo{com.Sysmo.BeaVR.beta/com.unity3d.player.UnityPlayerActivity} topActivity=ComponentInfo{com.Sysmo.BeaVR.beta/com.unity3d.player.UnityPlayerActivity} origActivity=null realActivity=ComponentInfo{com.Sysmo.BeaVR.beta/com.unity3d.player.UnityPlayerActivity} numActivities=1 lastActiveTime=13859098 supportsSplitScreenMultiWindow=true resizeMode=0
04-21 19:55:33.431   972  2412 I chatty  : uid=0(root) send_thread expire 14 lines
