04-20 21:04:46.959 I/chatty  ( 7849): uid=1000(system) identical 894 lines
04-20 21:04:46.959 E/APxrRuntime( 7849): (handTracker == NULL)
04-20 21:04:46.960 W/ServiceManagement(  651): Waited one second for vendor.qti.hardware.radio.uim_remote_client@1.0::IUimRemoteServiceClient/uimRemoteClient0
04-20 21:04:46.960 I/ServiceManagement(  651): getService: Trying again for vendor.qti.hardware.radio.uim_remote_client@1.0::IUimRemoteServiceClient/uimRemoteClient0...
04-20 21:04:46.961 E/APxrRuntime( 7849): (handTracker == NULL)
04-20 21:04:47.043 I/chatty  ( 7849): uid=1000(system) identical 230 lines
04-20 21:04:47.043 E/APxrRuntime( 7849): (handTracker == NULL)
04-20 21:04:47.044 I/MediaCodec( 7849): kWhatCodecPerformanceNotify, fps: 25, avgLatencyMs: -1
04-20 21:04:47.045 E/APxrRuntime( 7849): (handTracker == NULL)
04-20 21:04:47.372 I/chatty  ( 7849): uid=1000(system) identical 1038 lines
04-20 21:04:47.372 E/APxrRuntime( 7849): (handTracker == NULL)
04-20 21:04:47.374 I/SeethroughSetting( 7849): Keep runing WatchDog
04-20 21:04:47.374 E/APxrRuntime( 7849): (handTracker == NULL)
04-20 21:04:47.571 I/chatty  ( 7849): uid=1000(system) identical 646 lines
04-20 21:04:47.571 E/APxrRuntime( 7849): (handTracker == NULL)
04-20 21:04:47.571 I/ProximityPowerPolicyController( 1889): psensor mPsensorGotoSleep for far2,PSENSOR_FAR_LOCKED_TIME = 10 second(s)
04-20 21:04:47.573 E/APxrRuntime( 7849): (handTracker == NULL)
04-20 21:04:47.658 I/chatty  ( 7849): uid=1000(system) identical 270 lines
04-20 21:04:47.658 E/APxrRuntime( 7849): (handTracker == NULL)
04-20 21:04:47.658 I/pxrhmdservice (  961): Call <getCommonDataThread> - boot_completed=[1] ------------------------
04-20 21:04:47.659 E/APxrRuntime( 7849): (handTracker == NULL)
04-20 21:04:47.705 I/chatty  ( 7849): uid=1000(system) identical 150 lines
04-20 21:04:47.705 E/APxrRuntime( 7849): (handTracker == NULL)
04-20 21:04:47.706 I/PxrConfigServiceClient(  967): PROPERTY String8(property).string():{"CFG_VER":"1.0","CFG_HASH_ALG":"sha256","OUT_DIR":"\/mnt\/vendor\/pvr\/firmwareupdate\/asset_100004009_20260410","BASE_FW_DIR_CONTROLLER":"\/system\/etc\/ctlbin","BASE_FW_DIR_TRACKER":"\/system\/etc\/trackerbin","UPDATED_FW_DIR_CONTROLLER":"\/mnt\/vendor\/pvr\/firmwareupdate\/asset_100004009_20260410\/controller","FW_HASH_SparrowCtrl_sv1.36_PR_tv01_20241012_b136_app.bin":"ebe7333af3d6b25fcccd86afbfe7b3d816e0e5e7f6dc4819f722ba3a6b9f3bd1"} =======443
04-20 21:04:47.707 E/APxrRuntime( 7849): (handTracker == NULL)
04-20 21:04:47.960 I/chatty  ( 7849): uid=1000(system) identical 758 lines
04-20 21:04:47.960 E/APxrRuntime( 7849): (handTracker == NULL)
04-20 21:04:47.961 W/ServiceManagement(  651): Waited one second for vendor.qti.hardware.radio.uim_remote_client@1.0::IUimRemoteServiceClient/uimRemoteClient0
04-20 21:04:47.962 I/ServiceManagement(  651): getService: Trying again for vendor.qti.hardware.radio.uim_remote_client@1.0::IUimRemoteServiceClient/uimRemoteClient0...
04-20 21:04:47.962 E/APxrRuntime( 7849): (handTracker == NULL)
04-20 21:04:48.042 I/chatty  ( 7849): uid=1000(system) identical 262 lines
04-20 21:04:48.042 E/APxrRuntime( 7849): (handTracker == NULL)
04-20 21:04:48.044 I/MediaCodec( 7849): kWhatCodecPerformanceNotify, fps: 25, avgLatencyMs: -1
04-20 21:04:48.044 E/APxrRuntime( 7849): (handTracker == NULL)
04-20 21:04:48.406 I/chatty  ( 7849): uid=1000(system) identical 1174 lines
04-20 21:04:48.406 E/APxrRuntime( 7849): (handTracker == NULL)
04-20 21:04:48.409 I/SeethroughSetting( 7849): Keep runing WatchDog
04-20 21:04:48.410 E/APxrRuntime( 7849): (handTracker == NULL)
04-20 21:04:48.656 I/chatty  ( 7849): uid=1000(system) identical 654 lines
04-20 21:04:48.657 E/APxrRuntime( 7849): (handTracker == NULL)
04-20 21:04:48.658 I/pxrhmdservice (  961): Call <getCommonDataThread> - boot_completed=[1] ------------------------
04-20 21:04:48.659 E/APxrRuntime( 7849): (handTracker == NULL)
04-20 21:04:48.728 I/chatty  ( 7849): uid=1000(system) identical 182 lines
04-20 21:04:48.728 E/APxrRuntime( 7849): (handTracker == NULL)
04-20 21:04:48.728 I/PxrConfigServiceClient(  967): PROPERTY String8(property).string():{"CFG_VER":"1.0","CFG_HASH_ALG":"sha256","OUT_DIR":"\/mnt\/vendor\/pvr\/firmwareupdate\/asset_100004009_20260410","BASE_FW_DIR_CONTROLLER":"\/system\/etc\/ctlbin","BASE_FW_DIR_TRACKER":"\/system\/etc\/trackerbin","UPDATED_FW_DIR_CONTROLLER":"\/mnt\/vendor\/pvr\/firmwareupdate\/asset_100004009_20260410\/controller","FW_HASH_SparrowCtrl_sv1.36_PR_tv01_20241012_b136_app.bin":"ebe7333af3d6b25fcccd86afbfe7b3d816e0e5e7f6dc4819f722ba3a6b9f3bd1"} =======443
04-20 21:04:48.731 E/APxrRuntime( 7849): (handTracker == NULL)
04-20 21:04:48.962 I/chatty  ( 7849): uid=1000(system) identical 614 lines
04-20 21:04:48.962 E/APxrRuntime( 7849): (handTracker == NULL)
04-20 21:04:48.963 W/ServiceManagement(  651): Waited one second for vendor.qti.hardware.radio.uim_remote_client@1.0::IUimRemoteServiceClient/uimRemoteClient0
04-20 21:04:48.963 I/ServiceManagement(  651): getService: Trying again for vendor.qti.hardware.radio.uim_remote_client@1.0::IUimRemoteServiceClient/uimRemoteClient0...
04-20 21:04:48.965 E/APxrRuntime( 7849): (handTracker == NULL)
04-20 21:04:49.042 I/chatty  ( 7849): uid=1000(system) identical 215 lines
04-20 21:04:49.044 E/APxrRuntime( 7849): (handTracker == NULL)
04-20 21:04:49.044 I/MediaCodec( 7849): kWhatCodecPerformanceNotify, fps: 25, avgLatencyMs: -1
04-20 21:04:49.044 E/APxrRuntime( 7849): (handTracker == NULL)
04-20 21:04:49.302 I/chatty  ( 7849): uid=1000(system) identical 701 lines
04-20 21:04:49.302 E/APxrRuntime( 7849): (handTracker == NULL)
04-20 21:04:49.302 I/PxrFanService(  960): FanControlSetDriver changed settings - [1602823145846]	[1592810412047] 
04-20 21:04:49.303 E/APxrRuntime( 7849): (handTracker == NULL)
04-20 21:04:49.419 I/chatty  ( 7849): uid=1000(system) identical 358 lines
04-20 21:04:49.419 E/APxrRuntime( 7849): (handTracker == NULL)
04-20 21:04:49.420 I/SeethroughSetting( 7849): Keep runing WatchDog
04-20 21:04:49.421 E/APxrRuntime( 7849): (handTracker == NULL)
04-20 21:04:49.658 I/chatty  ( 7849): uid=1000(system) identical 766 lines
04-20 21:04:49.658 E/APxrRuntime( 7849): (handTracker == NULL)
04-20 21:04:49.659 I/pxrhmdservice (  961): Call <getCommonDataThread> - boot_completed=[1] ------------------------
04-20 21:04:49.661 E/APxrRuntime( 7849): (handTracker == NULL)
04-20 21:04:49.742 I/chatty  ( 7849): uid=1000(system) identical 254 lines
04-20 21:04:49.742 E/APxrRuntime( 7849): (handTracker == NULL)
04-20 21:04:49.743 I/PxrConfigServiceClient(  967): PROPERTY String8(property).string():{"CFG_VER":"1.0","CFG_HASH_ALG":"sha256","OUT_DIR":"\/mnt\/vendor\/pvr\/firmwareupdate\/asset_100004009_20260410","BASE_FW_DIR_CONTROLLER":"\/system\/etc\/ctlbin","BASE_FW_DIR_TRACKER":"\/system\/etc\/trackerbin","UPDATED_FW_DIR_CONTROLLER":"\/mnt\/vendor\/pvr\/firmwareupdate\/asset_100004009_20260410\/controller","FW_HASH_SparrowCtrl_sv1.36_PR_tv01_20241012_b136_app.bin":"ebe7333af3d6b25fcccd86afbfe7b3d816e0e5e7f6dc4819f722ba3a6b9f3bd1"} =======443
04-20 21:04:49.744 E/APxrRuntime( 7849): (handTracker == NULL)
04-20 21:04:49.799 I/chatty  ( 7849): uid=1000(system) identical 158 lines
04-20 21:04:49.799 E/APxrRuntime( 7849): (handTracker == NULL)
04-20 21:04:49.800 I/ByteCast( 4477): cybergarageDevice:deviceSearchResponse, ssdpPacket:/192.168.1.103 ssdpST urn:dial-multiscreen-org:service:dial:1
04-20 21:04:49.801 E/APxrRuntime( 7849): (handTracker == NULL)
04-20 21:04:49.964 I/chatty  ( 7849): uid=1000(system) identical 550 lines
04-20 21:04:49.964 E/APxrRuntime( 7849): (handTracker == NULL)
04-20 21:04:49.964 W/ServiceManagement(  651): Waited one second for vendor.qti.hardware.radio.uim_remote_client@1.0::IUimRemoteServiceClient/uimRemoteClient0
04-20 21:04:49.965 I/ServiceManagement(  651): getService: Trying again for vendor.qti.hardware.radio.uim_remote_client@1.0::IUimRemoteServiceClient/uimRemoteClient0...
04-20 21:04:49.966 E/APxrRuntime( 7849): (handTracker == NULL)
04-20 21:04:50.043 I/chatty  ( 7849): uid=1000(system) identical 262 lines
04-20 21:04:50.043 E/APxrRuntime( 7849): (handTracker == NULL)
04-20 21:04:50.044 I/MediaCodec( 7849): kWhatCodecPerformanceNotify, fps: 25, avgLatencyMs: -1
04-20 21:04:50.045 E/APxrRuntime( 7849): (handTracker == NULL)
04-20 21:04:50.430 I/chatty  ( 7849): uid=1000(system) identical 1254 lines
04-20 21:04:50.430 E/APxrRuntime( 7849): (handTracker == NULL)
04-20 21:04:50.430 I/SeethroughSetting( 7849): Keep runing WatchDog
04-20 21:04:50.431 E/APxrRuntime( 7849): (handTracker == NULL)
04-20 21:04:50.658 I/chatty  ( 7849): uid=1000(system) identical 750 lines
04-20 21:04:50.658 E/APxrRuntime( 7849): (handTracker == NULL)
04-20 21:04:50.659 I/pxrhmdservice (  961): Call <getCommonDataThread> - boot_completed=[1] ------------------------
04-20 21:04:50.660 E/APxrRuntime( 7849): (handTracker == NULL)
04-20 21:04:50.757 I/chatty  ( 7849): uid=1000(system) identical 286 lines
04-20 21:04:50.757 E/APxrRuntime( 7849): (handTracker == NULL)
04-20 21:04:50.757 I/PxrConfigServiceClient(  967): PROPERTY String8(property).string():{"CFG_VER":"1.0","CFG_HASH_ALG":"sha256","OUT_DIR":"\/mnt\/vendor\/pvr\/firmwareupdate\/asset_100004009_20260410","BASE_FW_DIR_CONTROLLER":"\/system\/etc\/ctlbin","BASE_FW_DIR_TRACKER":"\/system\/etc\/trackerbin","UPDATED_FW_DIR_CONTROLLER":"\/mnt\/vendor\/pvr\/firmwareupdate\/asset_100004009_20260410\/controller","FW_HASH_SparrowCtrl_sv1.36_PR_tv01_20241012_b136_app.bin":"ebe7333af3d6b25fcccd86afbfe7b3d816e0e5e7f6dc4819f722ba3a6b9f3bd1"} =======443
04-20 21:04:50.759 E/APxrRuntime( 7849): (handTracker == NULL)
04-20 21:04:50.823 I/chatty  ( 7849): uid=1000(system) identical 214 lines
04-20 21:04:50.823 E/APxrRuntime( 7849): (handTracker == NULL)
04-20 21:04:50.824 I/ByteCast( 4477): cybergarageDevice:deviceSearchResponse, ssdpPacket:/192.168.1.103 ssdpST urn:dial-multiscreen-org:service:dial:1
04-20 21:04:50.825 E/APxrRuntime( 7849): (handTracker == NULL)
04-20 21:04:50.952 I/BatteryServiceExt( 1345): shouldShutdownLocked batteryLevel=100,mOffBatteryLevel=100 no need shutdown
04-20 21:04:50.965 I/chatty  ( 7849): uid=1000(system) identical 454 lines
04-20 21:04:50.965 E/APxrRuntime( 7849): (handTracker == NULL)
04-20 21:04:50.966 W/ServiceManagement(  651): Waited one second for vendor.qti.hardware.radio.uim_remote_client@1.0::IUimRemoteServiceClient/uimRemoteClient0
04-20 21:04:50.966 I/ServiceManagement(  651): getService: Trying again for vendor.qti.hardware.radio.uim_remote_client@1.0::IUimRemoteServiceClient/uimRemoteClient0...
04-20 21:04:50.968 E/APxrRuntime( 7849): (handTracker == NULL)
04-20 21:04:51.043 I/chatty  ( 7849): uid=1000(system) identical 254 lines
04-20 21:04:51.043 E/APxrRuntime( 7849): (handTracker == NULL)
04-20 21:04:51.044 I/MediaCodec( 7849): kWhatCodecPerformanceNotify, fps: 25, avgLatencyMs: -1
04-20 21:04:51.045 E/APxrRuntime( 7849): (handTracker == NULL)
04-20 21:04:51.297 I/chatty  ( 7849): uid=1000(system) identical 806 lines
04-20 21:04:51.297 E/APxrRuntime( 7849): (handTracker == NULL)
04-20 21:04:51.298 I/pxrhmdservice (  961): thermal monitor: item[0] - sum:27648400, count:500, avg:55296
04-20 21:04:51.298 I/pxrhmdservice (  961): thermal monitor: Check temp[55296] timer[19]
04-20 21:04:51.298 I/pxrhmdservice (  961): thermal monitor: item[1] - sum:27322100, count:500, avg:54644
04-20 21:04:51.298 I/pxrhmdservice (  961): thermal monitor: Check temp[54644] timer[19]
04-20 21:04:51.298 I/pxrhmdservice (  961): thermal monitor: item[2] - sum:26730100, count:500, avg:53460
04-20 21:04:51.298 I/pxrhmdservice (  961): thermal monitor: Check temp[53460] timer[19]
04-20 21:04:51.298 I/pxrhmdservice (  961): thermal monitor: item[3] - sum:26862500, count:500, avg:53725
04-20 21:04:51.298 I/pxrhmdservice (  961): thermal monitor: Check temp[53725] timer[19]
04-20 21:04:51.298 I/pxrhmdservice (  961): thermal monitor: item[4] - sum:27181100, count:500, avg:54362
04-20 21:04:51.298 I/pxrhmdservice (  961): thermal monitor: Check temp[54362] timer[19]
04-20 21:04:51.298 I/pxrhmdservice (  961): thermal monitor: item[5] - sum:27647400, count:500, avg:55294
04-20 21:04:51.298 I/pxrhmdservice (  961): thermal monitor: Check temp[55294] timer[19]
04-20 21:04:51.298 I/pxrhmdservice (  961): thermal monitor: item[6] - sum:27721100, count:500, avg:55442
04-20 21:04:51.298 I/pxrhmdservice (  961): thermal monitor: Check temp[55442] timer[19]
04-20 21:04:51.298 I/pxrhmdservice (  961): thermal monitor: item[7] - sum:28505600, count:500, avg:57011
04-20 21:04:51.298 I/pxrhmdservice (  961): thermal monitor: Check temp[57011] timer[19]
04-20 21:04:51.298 I/pxrhmdservice (  961): thermal monitor: item[8] - sum:27258500, count:500, avg:54517
04-20 21:04:51.298 I/pxrhmdservice (  961): thermal monitor: Check temp[54517] timer[19]
04-20 21:04:51.298 I/pxrhmdservice (  961): thermal monitor: item[9] - sum:27757000, count:500, avg:55514
04-20 21:04:51.298 I/pxrhmdservice (  961): thermal monitor: Check temp[55514] timer[19]
04-20 21:04:51.298 I/pxrhmdservice (  961): thermal monitor: item[10] - sum:27665700, count:500, avg:55331
04-20 21:04:51.298 I/pxrhmdservice (  961): thermal monitor: Check temp[55331] timer[19]
04-20 21:04:51.299 I/pxrhmdservice (  961): thermal monitor: item[11] - sum:28281500, count:500, avg:56563
04-20 21:04:51.299 I/pxrhmdservice (  961): thermal monitor: Check temp[56563] timer[19]
04-20 21:04:51.299 I/pxrhmdservice (  961): thermal monitor: item[12] - sum:25929900, count:500, avg:51859
04-20 21:04:51.299 I/pxrhmdservice (  961): thermal monitor: Check temp[51859] timer[19]
04-20 21:04:51.299 I/pxrhmdservice (  961): thermal monitor: item[13] - sum:26481200, count:500, avg:52962
04-20 21:04:51.299 I/pxrhmdservice (  961): thermal monitor: Check temp[52962] timer[19]
04-20 21:04:51.299 E/APxrRuntime( 7849): (handTracker == NULL)
04-20 21:04:51.448 I/chatty  ( 7849): uid=1000(system) identical 462 lines
04-20 21:04:51.448 E/APxrRuntime( 7849): (handTracker == NULL)
04-20 21:04:51.449 I/SeethroughSetting( 7849): Keep runing WatchDog
04-20 21:04:51.450 E/APxrRuntime( 7849): (handTracker == NULL)
04-20 21:04:51.571 I/chatty  ( 7849): uid=1000(system) identical 382 lines
04-20 21:04:51.571 E/APxrRuntime( 7849): (handTracker == NULL)
04-20 21:04:51.571 I/OMX-VDEC-1080P( 1381): We discard down scaler when omx not in execute state
04-20 21:04:51.573 E/APxrRuntime( 7849): (handTracker == NULL)
04-20 21:04:51.659 I/chatty  ( 7849): uid=1000(system) identical 269 lines
04-20 21:04:51.659 I/pxrhmdservice (  961): Call <getCommonDataThread> - boot_completed=[1] ------------------------
04-20 21:04:51.659 E/APxrRuntime( 7849): (handTracker == NULL)
04-20 21:04:51.659 E/APxrRuntime( 7849): (handTracker == NULL)
04-20 21:04:51.780 I/chatty  ( 7849): uid=1000(system) identical 375 lines
04-20 21:04:51.780 E/APxrRuntime( 7849): (handTracker == NULL)
04-20 21:04:51.781 I/PxrConfigServiceClient(  967): PROPERTY String8(property).string():{"CFG_VER":"1.0","CFG_HASH_ALG":"sha256","OUT_DIR":"\/mnt\/vendor\/pvr\/firmwareupdate\/asset_100004009_20260410","BASE_FW_DIR_CONTROLLER":"\/system\/etc\/ctlbin","BASE_FW_DIR_TRACKER":"\/system\/etc\/trackerbin","UPDATED_FW_DIR_CONTROLLER":"\/mnt\/vendor\/pvr\/firmwareupdate\/asset_100004009_20260410\/controller","FW_HASH_SparrowCtrl_sv1.36_PR_tv01_20241012_b136_app.bin":"ebe7333af3d6b25fcccd86afbfe7b3d816e0e5e7f6dc4819f722ba3a6b9f3bd1"} =======443
04-20 21:04:51.784 E/APxrRuntime( 7849): (handTracker == NULL)
04-20 21:04:51.846 I/chatty  ( 7849): uid=1000(system) identical 206 lines
04-20 21:04:51.846 E/APxrRuntime( 7849): (handTracker == NULL)
04-20 21:04:51.848 I/ByteCast( 4477): cybergarageDevice:deviceSearchResponse, ssdpPacket:/192.168.1.103 ssdpST urn:dial-multiscreen-org:service:dial:1
04-20 21:04:51.849 E/APxrRuntime( 7849): (handTracker == NULL)
04-20 21:04:51.964 I/chatty  ( 7849): uid=1000(system) identical 374 lines
04-20 21:04:51.964 E/APxrRuntime( 7849): (handTracker == NULL)
04-20 21:04:51.967 W/ServiceManagement(  651): Waited one second for vendor.qti.hardware.radio.uim_remote_client@1.0::IUimRemoteServiceClient/uimRemoteClient0
04-20 21:04:51.968 I/ServiceManagement(  651): getService: Trying again for vendor.qti.hardware.radio.uim_remote_client@1.0::IUimRemoteServiceClient/uimRemoteClient0...
04-20 21:04:51.970 E/APxrRuntime( 7849): (handTracker == NULL)
04-20 21:04:52.043 I/chatty  ( 7849): uid=1000(system) identical 246 lines
04-20 21:04:52.043 E/APxrRuntime( 7849): (handTracker == NULL)
04-20 21:04:52.045 I/MediaCodec( 7849): kWhatCodecPerformanceNotify, fps: 25, avgLatencyMs: -1
04-20 21:04:52.045 E/APxrRuntime( 7849): (handTracker == NULL)
04-20 21:04:52.214 I/chatty  ( 7849): uid=1000(system) identical 550 lines
04-20 21:04:52.214 E/APxrRuntime( 7849): (handTracker == NULL)
04-20 21:04:52.214 I/OMX-VDEC-1080P( 1381): We discard down scaler when omx not in execute state
04-20 21:04:52.215 I/OMX-VDEC-1080P( 1381): We discard down scaler when omx not in execute state
04-20 21:04:52.216 E/APxrRuntime( 7849): (handTracker == NULL)
04-20 21:04:52.223 I/chatty  ( 7849): uid=1000(system) identical 30 lines
04-20 21:04:52.223 E/APxrRuntime( 7849): (handTracker == NULL)
04-20 21:04:52.224 W/PxrEventUploader( 1372): codec_name: OMX.google.aac.decoder
04-20 21:04:52.224 I/PxrNotificationClient( 1372): sendPxrNotification,action:teatracker_event_action id:0,value1:media_codec_codec_stop value2:0,ext:{"caller_package_name":"com.pvr.seethrough.setting","channel_count":2,"codec_name":"OMX.google.aac.decoder","is_protected":0,"low_latency_mode":0,"metrics_session_id":75,"sample_rate":48000}
04-20 21:04:52.224 E/PxrNotificationUtils( 1886): non system uid checkSendPxrMessagePermissionWithAction:teatracker_event_action permission granted.
04-20 21:04:52.225 E/APxrRuntime( 7849): (handTracker == NULL)
04-20 21:04:52.225 E/APxrRuntime( 7849): (handTracker == NULL)
04-20 21:04:52.225 I/PxrNotificationService( 1886): sendPxrMessage callingPid:1372 action teatracker_event_action ,value1:media_codec_codec_stop ,value2:0 ,ext:{"caller_package_name":"com.pvr.seethrough.setting","channel_count":2,"codec_name":"OMX.google.aac.decoder","is_protected":0,"low_latency_mode":0,"metrics_session_id":75,"sample_rate":48000} ,mPvrCallbacks.size():17
04-20 21:04:52.225 E/APxrRuntime( 7849): (handTracker == NULL)
04-20 21:04:52.225 I/chatty  ( 7849): uid=1000(system) identical 4 lines
04-20 21:04:52.225 E/APxrRuntime( 7849): (handTracker == NULL)
04-20 21:04:52.226 W/SceneManagerHelper( 1372): submitMediaItemToSceneManager: null value for kEventCodecWidth
04-20 21:04:52.226 W/SceneManagerHelper( 1372): submitMediaItemToSceneManager: null value for kEventCodecHeight
04-20 21:04:52.226 W/SceneManagerHelper( 1372): submitMediaItemToSceneManager: null value for kEventCodecRenderFrameRate
04-20 21:04:52.226 W/SceneManagerHelper( 1372): submitMediaItemToSceneManager: null value for kEventCodecVideoVRType
04-20 21:04:52.226 E/SceneManagerHelper( 1372): submitMediaItemToSceneManager: null value for kEventCodecBufferQueueName
04-20 21:04:52.226 W/PxrMediaAnalyticsService( 1372): submitMediaItemToSceneManager fail
04-20 21:04:52.226 W/PerformanceTrackerHelper( 1372): submitMediaItemToProtoBuffer_l: null value for kEventCodecUseSurface
04-20 21:04:52.226 W/PxrMediaAnalyticsService( 1372): submitMediaItemToProtoBuffer fail
04-20 21:04:52.227 E/APxrRuntime( 7849): (handTracker == NULL)
04-20 21:04:52.232 I/chatty  ( 7849): uid=1000(system) identical 22 lines
04-20 21:04:52.232 E/APxrRuntime( 7849): (handTracker == NULL)
04-20 21:04:52.232 I/OMXClient( 7849): IOmx service obtained
04-20 21:04:52.233 I/OMXMaster( 1381): makeComponentInstance(OMX.google.aac.decoder) in android.hardwar process
04-20 21:04:52.234 E/APxrRuntime( 7849): (handTracker == NULL)
04-20 21:04:52.235 I/chatty  ( 7849): uid=1000(system) identical 6 lines
04-20 21:04:52.235 E/APxrRuntime( 7849): (handTracker == NULL)
04-20 21:04:52.235 E/OMXNodeInstance( 1381): getConfig(0xe625b300:google.aac.decoder, ConfigAndroidVendorExtension(0x6f100004)) ERROR: Undefined(0x80001001)
04-20 21:04:52.236 W/ExtendedACodec( 7849): Failed to get extension for extradata parameter
04-20 21:04:52.236 E/APxrRuntime( 7849): (handTracker == NULL)
04-20 21:04:52.236 W/PxrEventUploader( 1372): codec_name: OMX.google.aac.decoder
04-20 21:04:52.236 E/APxrRuntime( 7849): (handTracker == NULL)
04-20 21:04:52.236 E/APxrRuntime( 7849): (handTracker == NULL)
04-20 21:04:52.236 I/PxrNotificationClient( 1372): sendPxrNotification,action:teatracker_event_action id:0,value1:media_codec_configure value2:0,ext:{"caller_package_name":"com.pvr.seethrough.setting","channel_count":2,"codec_name":"OMX.google.aac.decoder","is_protected":0,"low_latency_mode":0,"metrics_session_id":76,"sample_rate":48000}
04-20 21:04:52.236 E/APxrRuntime( 7849): (handTracker == NULL)
04-20 21:04:52.237 I/chatty  ( 7849): uid=1000(system) identical 3 lines
04-20 21:04:52.237 E/APxrRuntime( 7849): (handTracker == NULL)
04-20 21:04:52.237 E/PxrNotificationUtils( 1886): non system uid checkSendPxrMessagePermissionWithAction:teatracker_event_action permission granted.
04-20 21:04:52.237 I/PxrNotificationService( 1886): sendPxrMessage callingPid:1372 action teatracker_event_action ,value1:media_codec_configure ,value2:0 ,ext:{"caller_package_name":"com.pvr.seethrough.setting","channel_count":2,"codec_name":"OMX.google.aac.decoder","is_protected":0,"low_latency_mode":0,"metrics_session_id":76,"sample_rate":48000} ,mPvrCallbacks.size():17
04-20 21:04:52.238 W/SceneManagerHelper( 1372): submitMediaItemToSceneManager: discrad invailed keyEvent: media_codec_configure
04-20 21:04:52.238 W/PxrMediaAnalyticsService( 1372): submitMediaItemToSceneManager fail
04-20 21:04:52.238 W/PerformanceTrackerHelper( 1372): submitMediaItemToProtoBuffer_l: null value for kEventCodecUseSurface
04-20 21:04:52.238 W/PxrMediaAnalyticsService( 1372): submitMediaItemToProtoBuffer fail
04-20 21:04:52.238 E/APxrRuntime( 7849): (handTracker == NULL)
04-20 21:04:52.489 I/chatty  ( 7849): uid=1000(system) identical 798 lines
04-20 21:04:52.489 E/APxrRuntime( 7849): (handTracker == NULL)
04-20 21:04:52.489 I/SeethroughSetting( 7849): Keep runing WatchDog
04-20 21:04:52.490 E/APxrRuntime( 7849): (handTracker == NULL)
04-20 21:04:52.658 I/chatty  ( 7849): uid=1000(system) identical 574 lines
04-20 21:04:52.658 E/APxrRuntime( 7849): (handTracker == NULL)
04-20 21:04:52.659 I/pxrhmdservice (  961): Call <getCommonDataThread> - boot_completed=[1] ------------------------
04-20 21:04:52.660 E/APxrRuntime( 7849): (handTracker == NULL)
04-20 21:04:52.767 I/chatty  ( 7849): uid=1000(system) identical 350 lines
04-20 21:04:52.767 E/APxrRuntime( 7849): (handTracker == NULL)
04-20 21:04:52.767 I/ByteCast( 4477): cybergarageDevice:deviceSearchResponse, ssdpPacket:/192.168.1.103 ssdpST urn:dial-multiscreen-org:service:dial:1
04-20 21:04:52.771 E/APxrRuntime( 7849): (handTracker == NULL)
04-20 21:04:52.798 I/chatty  ( 7849): uid=1000(system) identical 102 lines
04-20 21:04:52.798 E/APxrRuntime( 7849): (handTracker == NULL)
04-20 21:04:52.800 I/PxrConfigServiceClient(  967): PROPERTY String8(property).string():{"CFG_VER":"1.0","CFG_HASH_ALG":"sha256","OUT_DIR":"\/mnt\/vendor\/pvr\/firmwareupdate\/asset_100004009_20260410","BASE_FW_DIR_CONTROLLER":"\/system\/etc\/ctlbin","BASE_FW_DIR_TRACKER":"\/system\/etc\/trackerbin","UPDATED_FW_DIR_CONTROLLER":"\/mnt\/vendor\/pvr\/firmwareupdate\/asset_100004009_20260410\/controller","FW_HASH_SparrowCtrl_sv1.36_PR_tv01_20241012_b136_app.bin":"ebe7333af3d6b25fcccd86afbfe7b3d816e0e5e7f6dc4819f722ba3a6b9f3bd1"} =======443
04-20 21:04:52.800 E/APxrRuntime( 7849): (handTracker == NULL)
04-20 21:04:52.964 I/chatty  ( 7849): uid=1000(system) identical 502 lines
04-20 21:04:52.964 E/APxrRuntime( 7849): (handTracker == NULL)
04-20 21:04:52.969 W/ServiceManagement(  651): Waited one second for vendor.qti.hardware.radio.uim_remote_client@1.0::IUimRemoteServiceClient/uimRemoteClient0
04-20 21:04:52.970 I/ServiceManagement(  651): getService: Trying again for vendor.qti.hardware.radio.uim_remote_client@1.0::IUimRemoteServiceClient/uimRemoteClient0...
04-20 21:04:52.972 E/APxrRuntime( 7849): (handTracker == NULL)
04-20 21:04:53.045 I/chatty  ( 7849): uid=1000(system) identical 214 lines
04-20 21:04:53.045 E/APxrRuntime( 7849): (handTracker == NULL)
04-20 21:04:53.045 I/MediaCodec( 7849): kWhatCodecPerformanceNotify, fps: 26, avgLatencyMs: -1
04-20 21:04:53.048 E/APxrRuntime( 7849): (handTracker == NULL)
04-20 21:04:53.518 I/chatty  ( 7849): uid=1000(system) identical 1558 lines
04-20 21:04:53.519 E/APxrRuntime( 7849): (handTracker == NULL)
04-20 21:04:53.520 I/SeethroughSetting( 7849): Keep runing WatchDog
04-20 21:04:53.520 E/APxrRuntime( 7849): (handTracker == NULL)
04-20 21:04:53.659 I/chatty  ( 7849): uid=1000(system) identical 470 lines
04-20 21:04:53.659 E/APxrRuntime( 7849): (handTracker == NULL)
04-20 21:04:53.659 I/pxrhmdservice (  961): Call <getCommonDataThread> - boot_completed=[1] ------------------------
04-20 21:04:53.661 E/APxrRuntime( 7849): (handTracker == NULL)
04-20 21:04:53.814 I/chatty  ( 7849): uid=1000(system) identical 518 lines
04-20 21:04:53.814 E/APxrRuntime( 7849): (handTracker == NULL)
04-20 21:04:53.814 I/PxrConfigServiceClient(  967): PROPERTY String8(property).string():{"CFG_VER":"1.0","CFG_HASH_ALG":"sha256","OUT_DIR":"\/mnt\/vendor\/pvr\/firmwareupdate\/asset_100004009_20260410","BASE_FW_DIR_CONTROLLER":"\/system\/etc\/ctlbin","BASE_FW_DIR_TRACKER":"\/system\/etc\/trackerbin","UPDATED_FW_DIR_CONTROLLER":"\/mnt\/vendor\/pvr\/firmwareupdate\/asset_100004009_20260410\/controller","FW_HASH_SparrowCtrl_sv1.36_PR_tv01_20241012_b136_app.bin":"ebe7333af3d6b25fcccd86afbfe7b3d816e0e5e7f6dc4819f722ba3a6b9f3bd1"} =======443
04-20 21:04:53.816 E/APxrRuntime( 7849): (handTracker == NULL)
04-20 21:04:53.969 I/chatty  ( 7849): uid=1000(system) identical 518 lines
04-20 21:04:53.969 E/APxrRuntime( 7849): (handTracker == NULL)
04-20 21:04:53.971 W/ServiceManagement(  651): Waited one second for vendor.qti.hardware.radio.uim_remote_client@1.0::IUimRemoteServiceClient/uimRemoteClient0
04-20 21:04:53.971 I/ServiceManagement(  651): getService: Trying again for vendor.qti.hardware.radio.uim_remote_client@1.0::IUimRemoteServiceClient/uimRemoteClient0...
04-20 21:04:53.971 E/APxrRuntime( 7849): (handTracker == NULL)
04-20 21:04:54.045 I/chatty  ( 7849): uid=1000(system) identical 238 lines
04-20 21:04:54.045 E/APxrRuntime( 7849): (handTracker == NULL)
04-20 21:04:54.045 I/MediaCodec( 7849): kWhatCodecPerformanceNotify, fps: 25, avgLatencyMs: -1
04-20 21:04:54.049 E/APxrRuntime( 7849): (handTracker == NULL)
04-20 21:04:54.160 I/ProcStatsSmt( 1345): begin processCollect
04-20 21:04:54.161 I/ProcStatsSmt( 1345): processCollect oomAdj data, keepAlive:4|native:139|system:4|persistProc:8|persistSer:0|foreground:4|visible:3|perceptible:2|perceptibleLow:0|backup:0|heavyWeight:0|serviceA:3|home:0|previous:0|serviceB:2|cached:23|unknown:1|total:193
04-20 21:04:54.161 I/ProcStatsSmt( 1345): processCollect taskState data, R:0 S:193 D:0 T:0 t:0 X:0 Z:0 P:0 I:0
04-20 21:04:54.187 I/chatty  ( 7849): uid=1000(system) identical 349 lines
04-20 21:04:54.187 E/APxrRuntime( 7849): (handTracker == NULL)
04-20 21:04:54.187 E/gd32ipdservice(  948): L1:AddServiceListener: Add listener 0x743f5014c0, 1
04-20 21:04:54.188 E/APxrRuntime( 7849): (handTracker == NULL)
04-20 21:04:54.188 E/gd32ipdservice(  948): L1:a0 0f 00 00 00 af 
04-20 21:04:54.188 E/gd32ipdservice(  948): L1:uart_open = 9
04-20 21:04:54.192 E/APxrRuntime( 7849): (handTracker == NULL)
04-20 21:04:54.193 I/chatty  ( 7849): uid=1000(system) identical 6 lines
04-20 21:04:54.193 E/APxrRuntime( 7849): (handTracker == NULL)
04-20 21:04:54.195 E/gd32ipdservice(  948): L1:Uart_Close fd 9
04-20 21:04:54.195 E/gd32ipdservice(  948): L1:79 00 00 79 
04-20 21:04:54.195 E/gd32ipdservice(  948): L1:retry_cnt=3 ret=4 callingUid=0
04-20 21:04:54.195 E/APxrRuntime( 7849): (handTracker == NULL)
04-20 21:04:54.200 I/chatty  ( 7849): uid=1000(system) identical 14 lines
04-20 21:04:54.200 E/APxrRuntime( 7849): (handTracker == NULL)
04-20 21:04:54.200 E/gd32ipdservice(  948): L1:a0 10 00 00 00 b0 
04-20 21:04:54.201 E/gd32ipdservice(  948): L1:uart_open = 9
04-20 21:04:54.202 E/APxrRuntime( 7849): (handTracker == NULL)
04-20 21:04:54.205 I/chatty  ( 7849): uid=1000(system) identical 14 lines
04-20 21:04:54.205 E/APxrRuntime( 7849): (handTracker == NULL)
04-20 21:04:54.208 E/gd32ipdservice(  948): L1:Uart_Close fd 9
04-20 21:04:54.208 E/gd32ipdservice(  948): L1:79 00 00 79 
04-20 21:04:54.208 E/gd32ipdservice(  948): L1:retry_cnt=3 ret=4 callingUid=0
04-20 21:04:54.210 E/APxrRuntime( 7849): (handTracker == NULL)
04-20 21:04:54.211 I/chatty  ( 7849): uid=1000(system) identical 6 lines
04-20 21:04:54.211 E/APxrRuntime( 7849): (handTracker == NULL)
04-20 21:04:54.213 I/UidCpuTracker( 1345): small cpu total = 3946 ; idle = 2239 ; ratio = 43 ; mCpuUsageRatio = 21
04-20 21:04:54.213 I/UidCpuTracker( 1345): larger cpu total = 2989 ; idle = 2974 ; ratio = 0 ; mCpuUsageRatio = 21
04-20 21:04:54.213 I/UidCpuTracker( 1345): super cpu total = 1001 ; idle = 996 ; ratio = 0 ; mCpuUsageRatio = 21
04-20 21:04:54.213 E/APxrRuntime( 7849): (handTracker == NULL)
04-20 21:04:54.520 I/chatty  ( 7849): uid=1000(system) identical 974 lines
04-20 21:04:54.520 E/APxrRuntime( 7849): (handTracker == NULL)
04-20 21:04:54.522 I/SeethroughSetting( 7849): Keep runing WatchDog
04-20 21:04:54.522 E/APxrRuntime( 7849): (handTracker == NULL)
04-20 21:04:54.656 I/chatty  ( 7849): uid=1000(system) identical 391 lines
04-20 21:04:54.660 I/pxrhmdservice (  961): Call <getCommonDataThread> - boot_completed=[1] ------------------------
04-20 21:04:54.660 E/APxrRuntime( 7849): (handTracker == NULL)
04-20 21:04:54.660 E/APxrRuntime( 7849): (handTracker == NULL)
04-20 21:04:54.829 I/chatty  ( 7849): uid=1000(system) identical 533 lines
04-20 21:04:54.829 E/APxrRuntime( 7849): (handTracker == NULL)
04-20 21:04:54.830 I/PxrConfigServiceClient(  967): PROPERTY String8(property).string():{"CFG_VER":"1.0","CFG_HASH_ALG":"sha256","OUT_DIR":"\/mnt\/vendor\/pvr\/firmwareupdate\/asset_100004009_20260410","BASE_FW_DIR_CONTROLLER":"\/system\/etc\/ctlbin","BASE_FW_DIR_TRACKER":"\/system\/etc\/trackerbin","UPDATED_FW_DIR_CONTROLLER":"\/mnt\/vendor\/pvr\/firmwareupdate\/asset_100004009_20260410\/controller","FW_HASH_SparrowCtrl_sv1.36_PR_tv01_20241012_b136_app.bin":"ebe7333af3d6b25fcccd86afbfe7b3d816e0e5e7f6dc4819f722ba3a6b9f3bd1"} =======443
04-20 21:04:54.831 E/APxrRuntime( 7849): (handTracker == NULL)
04-20 21:04:54.965 I/chatty  ( 7849): uid=1000(system) identical 422 lines
04-20 21:04:54.965 E/APxrRuntime( 7849): (handTracker == NULL)
04-20 21:04:54.971 W/ServiceManagement(  651): Waited one second for vendor.qti.hardware.radio.uim_remote_client@1.0::IUimRemoteServiceClient/uimRemoteClient0
04-20 21:04:54.972 I/ServiceManagement(  651): getService: Trying again for vendor.qti.hardware.radio.uim_remote_client@1.0::IUimRemoteServiceClient/uimRemoteClient0...
04-20 21:04:54.972 E/APxrRuntime( 7849): (handTracker == NULL)
04-20 21:04:55.044 I/chatty  ( 7849): uid=1000(system) identical 166 lines
04-20 21:04:55.044 E/APxrRuntime( 7849): (handTracker == NULL)
04-20 21:04:55.045 I/MediaCodec( 7849): kWhatCodecPerformanceNotify, fps: 25, avgLatencyMs: -1
04-20 21:04:55.046 E/APxrRuntime( 7849): (handTracker == NULL)
04-20 21:04:55.529 I/chatty  ( 7849): uid=1000(system) identical 1461 lines
04-20 21:04:55.529 E/APxrRuntime( 7849): (handTracker == NULL)
04-20 21:04:55.529 I/SeethroughSetting( 7849): Keep runing WatchDog
04-20 21:04:55.529 E/APxrRuntime( 7849): (handTracker == NULL)
04-20 21:04:55.658 I/chatty  ( 7849): uid=1000(system) identical 423 lines
04-20 21:04:55.658 E/APxrRuntime( 7849): (handTracker == NULL)
04-20 21:04:55.660 I/pxrhmdservice (  961): Call <getCommonDataThread> - boot_completed=[1] ------------------------
04-20 21:04:55.660 E/APxrRuntime( 7849): (handTracker == NULL)
04-20 21:04:55.844 I/chatty  ( 7849): uid=1000(system) identical 606 lines
04-20 21:04:55.844 E/APxrRuntime( 7849): (handTracker == NULL)
04-20 21:04:55.845 I/PxrConfigServiceClient(  967): PROPERTY String8(property).string():{"CFG_VER":"1.0","CFG_HASH_ALG":"sha256","OUT_DIR":"\/mnt\/vendor\/pvr\/firmwareupdate\/asset_100004009_20260410","BASE_FW_DIR_CONTROLLER":"\/system\/etc\/ctlbin","BASE_FW_DIR_TRACKER":"\/system\/etc\/trackerbin","UPDATED_FW_DIR_CONTROLLER":"\/mnt\/vendor\/pvr\/firmwareupdate\/asset_100004009_20260410\/controller","FW_HASH_SparrowCtrl_sv1.36_PR_tv01_20241012_b136_app.bin":"ebe7333af3d6b25fcccd86afbfe7b3d816e0e5e7f6dc4819f722ba3a6b9f3bd1"} =======443
04-20 21:04:55.846 E/APxrRuntime( 7849): (handTracker == NULL)
04-20 21:04:55.971 I/chatty  ( 7849): uid=1000(system) identical 406 lines
04-20 21:04:55.971 E/APxrRuntime( 7849): (handTracker == NULL)
04-20 21:04:55.973 W/ServiceManagement(  651): Waited one second for vendor.qti.hardware.radio.uim_remote_client@1.0::IUimRemoteServiceClient/uimRemoteClient0
04-20 21:04:55.973 E/APxrRuntime( 7849): (handTracker == NULL)
04-20 21:04:55.973 I/chatty  ( 7849): uid=1000(system) identical 6 lines
04-20 21:04:55.973 E/APxrRuntime( 7849): (handTracker == NULL)
04-20 21:04:55.974 I/ServiceManagement(  651): getService: Trying again for vendor.qti.hardware.radio.uim_remote_client@1.0::IUimRemoteServiceClient/uimRemoteClient0...
04-20 21:04:55.976 E/APxrRuntime( 7849): (handTracker == NULL)
04-20 21:04:56.045 I/chatty  ( 7849): uid=1000(system) identical 228 lines
04-20 21:04:56.045 I/MediaCodec( 7849): kWhatCodecPerformanceNotify, fps: 25, avgLatencyMs: -1
04-20 21:04:56.045 E/APxrRuntime( 7849): (handTracker == NULL)
04-20 21:04:56.045 E/APxrRuntime( 7849): (handTracker == NULL)
04-20 21:04:56.544 I/chatty  ( 7849): uid=1000(system) identical 1616 lines
04-20 21:04:56.544 E/APxrRuntime( 7849): (handTracker == NULL)
04-20 21:04:56.545 I/SeethroughSetting( 7849): Keep runing WatchDog
04-20 21:04:56.546 E/APxrRuntime( 7849): (handTracker == NULL)
04-20 21:04:56.659 I/chatty  ( 7849): uid=1000(system) identical 358 lines
04-20 21:04:56.659 E/APxrRuntime( 7849): (handTracker == NULL)
04-20 21:04:56.660 I/pxrhmdservice (  961): Call <getCommonDataThread> - boot_completed=[1] ------------------------
04-20 21:04:56.661 E/APxrRuntime( 7849): (handTracker == NULL)
04-20 21:04:56.860 I/chatty  ( 7849): uid=1000(system) identical 654 lines
04-20 21:04:56.860 E/APxrRuntime( 7849): (handTracker == NULL)
04-20 21:04:56.861 I/PxrConfigServiceClient(  967): PROPERTY String8(property).string():{"CFG_VER":"1.0","CFG_HASH_ALG":"sha256","OUT_DIR":"\/mnt\/vendor\/pvr\/firmwareupdate\/asset_100004009_20260410","BASE_FW_DIR_CONTROLLER":"\/system\/etc\/ctlbin","BASE_FW_DIR_TRACKER":"\/system\/etc\/trackerbin","UPDATED_FW_DIR_CONTROLLER":"\/mnt\/vendor\/pvr\/firmwareupdate\/asset_100004009_20260410\/controller","FW_HASH_SparrowCtrl_sv1.36_PR_tv01_20241012_b136_app.bin":"ebe7333af3d6b25fcccd86afbfe7b3d816e0e5e7f6dc4819f722ba3a6b9f3bd1"} =======443
04-20 21:04:56.862 E/APxrRuntime( 7849): (handTracker == NULL)
04-20 21:04:56.973 I/chatty  ( 7849): uid=1000(system) identical 350 lines
04-20 21:04:56.973 E/APxrRuntime( 7849): (handTracker == NULL)
04-20 21:04:56.974 W/ServiceManagement(  651): Waited one second for vendor.qti.hardware.radio.uim_remote_client@1.0::IUimRemoteServiceClient/uimRemoteClient0
04-20 21:04:56.975 I/ServiceManagement(  651): getService: Trying again for vendor.qti.hardware.radio.uim_remote_client@1.0::IUimRemoteServiceClient/uimRemoteClient0...
04-20 21:04:56.975 E/APxrRuntime( 7849): (handTracker == NULL)
04-20 21:04:57.045 I/chatty  ( 7849): uid=1000(system) identical 246 lines
04-20 21:04:57.045 E/APxrRuntime( 7849): (handTracker == NULL)
04-20 21:04:57.046 I/MediaCodec( 7849): kWhatCodecPerformanceNotify, fps: 25, avgLatencyMs: -1
04-20 21:04:57.048 E/APxrRuntime( 7849): (handTracker == NULL)
04-20 21:04:57.548 I/chatty  ( 7849): uid=1000(system) identical 1574 lines
04-20 21:04:57.548 E/APxrRuntime( 7849): (handTracker == NULL)
04-20 21:04:57.549 I/SeethroughSetting( 7849): Keep runing WatchDog
04-20 21:04:57.550 E/APxrRuntime( 7849): (handTracker == NULL)
04-20 21:04:57.660 I/chatty  ( 7849): uid=1000(system) identical 370 lines
04-20 21:04:57.660 I/pxrhmdservice (  961): Call <getCommonDataThread> - boot_completed=[1] ------------------------
04-20 21:04:57.660 E/APxrRuntime( 7849): (handTracker == NULL)
04-20 21:04:57.660 E/APxrRuntime( 7849): (handTracker == NULL)
04-20 21:04:57.874 I/chatty  ( 7849): uid=1000(system) identical 698 lines
04-20 21:04:57.875 E/APxrRuntime( 7849): (handTracker == NULL)
04-20 21:04:57.876 I/PxrConfigServiceClient(  967): PROPERTY String8(property).string():{"CFG_VER":"1.0","CFG_HASH_ALG":"sha256","OUT_DIR":"\/mnt\/vendor\/pvr\/firmwareupdate\/asset_100004009_20260410","BASE_FW_DIR_CONTROLLER":"\/system\/etc\/ctlbin","BASE_FW_DIR_TRACKER":"\/system\/etc\/trackerbin","UPDATED_FW_DIR_CONTROLLER":"\/mnt\/vendor\/pvr\/firmwareupdate\/asset_100004009_20260410\/controller","FW_HASH_SparrowCtrl_sv1.36_PR_tv01_20241012_b136_app.bin":"ebe7333af3d6b25fcccd86afbfe7b3d816e0e5e7f6dc4819f722ba3a6b9f3bd1"} =======443
04-20 21:04:57.876 E/APxrRuntime( 7849): (handTracker == NULL)
04-20 21:04:57.976 I/chatty  ( 7849): uid=1000(system) identical 294 lines
04-20 21:04:57.976 E/APxrRuntime( 7849): (handTracker == NULL)
04-20 21:04:57.976 W/ServiceManagement(  651): Waited one second for vendor.qti.hardware.radio.uim_remote_client@1.0::IUimRemoteServiceClient/uimRemoteClient0
04-20 21:04:57.976 I/ServiceManagement(  651): getService: Trying again for vendor.qti.hardware.radio.uim_remote_client@1.0::IUimRemoteServiceClient/uimRemoteClient0...
04-20 21:04:57.978 E/APxrRuntime( 7849): (handTracker == NULL)
04-20 21:04:58.045 I/chatty  ( 7849): uid=1000(system) identical 230 lines
04-20 21:04:58.045 E/APxrRuntime( 7849): (handTracker == NULL)
04-20 21:04:58.046 I/MediaCodec( 7849): kWhatCodecPerformanceNotify, fps: 25, avgLatencyMs: -1
04-20 21:04:58.048 E/APxrRuntime( 7849): (handTracker == NULL)
04-20 21:04:58.076 I/chatty  ( 7849): uid=1000(system) identical 102 lines
04-20 21:04:58.076 E/APxrRuntime( 7849): (handTracker == NULL)
04-20 21:04:58.078 I/ProximityPowerPolicyController( 1889): psensor mPsensorGotoSleep for far2,PSENSOR_FAR_LOCKED_TIME = 10 second(s)
04-20 21:04:58.078 E/APxrRuntime( 7849): (handTracker == NULL)
04-20 21:04:58.584 I/chatty  ( 7849): uid=1000(system) identical 1622 lines
04-20 21:04:58.584 E/APxrRuntime( 7849): (handTracker == NULL)
04-20 21:04:58.589 I/SeethroughSetting( 7849): Keep runing WatchDog
04-20 21:04:58.590 E/APxrRuntime( 7849): (handTracker == NULL)
04-20 21:04:58.660 I/chatty  ( 7849): uid=1000(system) identical 238 lines
04-20 21:04:58.660 E/APxrRuntime( 7849): (handTracker == NULL)
04-20 21:04:58.661 I/pxrhmdservice (  961): Call <getCommonDataThread> - boot_completed=[1] ------------------------
04-20 21:04:58.662 E/APxrRuntime( 7849): (handTracker == NULL)
04-20 21:04:58.889 I/chatty  ( 7849): uid=1000(system) identical 734 lines
04-20 21:04:58.889 E/APxrRuntime( 7849): (handTracker == NULL)
04-20 21:04:58.890 I/PxrConfigServiceClient(  967): PROPERTY String8(property).string():{"CFG_VER":"1.0","CFG_HASH_ALG":"sha256","OUT_DIR":"\/mnt\/vendor\/pvr\/firmwareupdate\/asset_100004009_20260410","BASE_FW_DIR_CONTROLLER":"\/system\/etc\/ctlbin","BASE_FW_DIR_TRACKER":"\/system\/etc\/trackerbin","UPDATED_FW_DIR_CONTROLLER":"\/mnt\/vendor\/pvr\/firmwareupdate\/asset_100004009_20260410\/controller","FW_HASH_SparrowCtrl_sv1.36_PR_tv01_20241012_b136_app.bin":"ebe7333af3d6b25fcccd86afbfe7b3d816e0e5e7f6dc4819f722ba3a6b9f3bd1"} =======443
04-20 21:04:58.890 E/APxrRuntime( 7849): (handTracker == NULL)
04-20 21:04:58.976 I/chatty  ( 7849): uid=1000(system) identical 286 lines
04-20 21:04:58.976 E/APxrRuntime( 7849): (handTracker == NULL)
04-20 21:04:58.976 W/ServiceManagement(  651): Waited one second for vendor.qti.hardware.radio.uim_remote_client@1.0::IUimRemoteServiceClient/uimRemoteClient0
04-20 21:04:58.977 I/ServiceManagement(  651): getService: Trying again for vendor.qti.hardware.radio.uim_remote_client@1.0::IUimRemoteServiceClient/uimRemoteClient0...
04-20 21:04:58.978 E/APxrRuntime( 7849): (handTracker == NULL)
04-20 21:04:59.045 I/chatty  ( 7849): uid=1000(system) identical 214 lines
04-20 21:04:59.045 E/APxrRuntime( 7849): (handTracker == NULL)
04-20 21:04:59.046 I/MediaCodec( 7849): kWhatCodecPerformanceNotify, fps: 25, avgLatencyMs: -1
04-20 21:04:59.048 E/APxrRuntime( 7849): (handTracker == NULL)
04-20 21:04:59.092 I/BatteryServiceExt( 1345): shouldShutdownLocked batteryLevel=100,mOffBatteryLevel=100 no need shutdown
04-20 21:04:59.311 I/chatty  ( 7849): uid=1000(system) identical 838 lines
04-20 21:04:59.311 E/APxrRuntime( 7849): (handTracker == NULL)
04-20 21:04:59.312 I/PxrFanService(  960): FanControlSetDriver changed settings - [1612833393602]	[1602823145846] 
04-20 21:04:59.313 E/APxrRuntime( 7849): (handTracker == NULL)
04-20 21:04:59.588 I/chatty  ( 7849): uid=1000(system) identical 902 lines
04-20 21:04:59.588 E/APxrRuntime( 7849): (handTracker == NULL)
04-20 21:04:59.589 I/SeethroughSetting( 7849): Keep runing WatchDog
04-20 21:04:59.590 E/APxrRuntime( 7849): (handTracker == NULL)
04-20 21:04:59.660 I/chatty  ( 7849): uid=1000(system) identical 238 lines
04-20 21:04:59.660 E/APxrRuntime( 7849): (handTracker == NULL)
04-20 21:04:59.661 I/pxrhmdservice (  961): Call <getCommonDataThread> - boot_completed=[1] ------------------------
04-20 21:04:59.662 E/APxrRuntime( 7849): (handTracker == NULL)
04-20 21:04:59.854 I/chatty  ( 7849): uid=1000(system) identical 558 lines
04-20 21:04:59.854 E/APxrRuntime( 7849): (handTracker == NULL)
04-20 21:04:59.854 W/System  ( 4477): A resource failed to call close. 
04-20 21:04:59.856 E/APxrRuntime( 7849): (handTracker == NULL)
04-20 21:04:59.891 I/chatty  ( 7849): uid=1000(system) identical 110 lines
04-20 21:04:59.891 E/APxrRuntime( 7849): (handTracker == NULL)
04-20 21:04:59.892 I/UidCpuTracker( 1345): small cpu total = 5916 ; idle = 3220 ; ratio = 45 ; mCpuUsageRatio = 22
04-20 21:04:59.892 E/PrefetchManagerService( 1345): onCpuState state = CPU_NORMAL
04-20 21:04:59.893 E/APxrRuntime( 7849): (handTracker == NULL)
04-20 21:04:59.894 W/PrefetchManagerService( 1345): packname com.ss.android.ttvr version is 3.2.9 ,is support this version  -1
04-20 21:04:59.915 I/chatty  ( 7849): uid=1000(system) identical 78 lines
04-20 21:04:59.915 E/APxrRuntime( 7849): (handTracker == NULL)
04-20 21:04:59.915 I/PxrConfigServiceClient(  967): PROPERTY String8(property).string():{"CFG_VER":"1.0","CFG_HASH_ALG":"sha256","OUT_DIR":"\/mnt\/vendor\/pvr\/firmwareupdate\/asset_100004009_20260410","BASE_FW_DIR_CONTROLLER":"\/system\/etc\/ctlbin","BASE_FW_DIR_TRACKER":"\/system\/etc\/trackerbin","UPDATED_FW_DIR_CONTROLLER":"\/mnt\/vendor\/pvr\/firmwareupdate\/asset_100004009_20260410\/controller","FW_HASH_SparrowCtrl_sv1.36_PR_tv01_20241012_b136_app.bin":"ebe7333af3d6b25fcccd86afbfe7b3d816e0e5e7f6dc4819f722ba3a6b9f3bd1"} =======443
04-20 21:04:59.916 E/APxrRuntime( 7849): (handTracker == NULL)
04-20 21:04:59.978 I/chatty  ( 7849): uid=1000(system) identical 190 lines
04-20 21:04:59.978 E/APxrRuntime( 7849): (handTracker == NULL)
04-20 21:04:59.978 W/ServiceManagement(  651): Waited one second for vendor.qti.hardware.radio.uim_remote_client@1.0::IUimRemoteServiceClient/uimRemoteClient0
04-20 21:04:59.978 I/ServiceManagement(  651): getService: Trying again for vendor.qti.hardware.radio.uim_remote_client@1.0::IUimRemoteServiceClient/uimRemoteClient0...
04-20 21:04:59.980 E/APxrRuntime( 7849): (handTracker == NULL)
04-20 21:05:00.045 I/chatty  ( 7849): uid=1000(system) identical 214 lines
04-20 21:05:00.045 E/APxrRuntime( 7849): (handTracker == NULL)
04-20 21:05:00.047 I/MediaCodec( 7849): kWhatCodecPerformanceNotify, fps: 25, avgLatencyMs: -1
04-20 21:05:00.048 E/APxrRuntime( 7849): (handTracker == NULL)
04-20 21:05:00.531 I/chatty  ( 7849): uid=1000(system) identical 1558 lines
04-20 21:05:00.531 E/APxrRuntime( 7849): (handTracker == NULL)
04-20 21:05:00.532 I/OMX-VDEC-1080P( 1381): We discard down scaler when omx not in execute state
04-20 21:05:00.533 E/APxrRuntime( 7849): (handTracker == NULL)
04-20 21:05:00.597 I/chatty  ( 7849): uid=1000(system) identical 206 lines
04-20 21:05:00.597 E/APxrRuntime( 7849): (handTracker == NULL)
04-20 21:05:00.599 I/SeethroughSetting( 7849): Keep runing WatchDog
04-20 21:05:00.599 E/APxrRuntime( 7849): (handTracker == NULL)
04-20 21:05:00.660 I/chatty  ( 7849): uid=1000(system) identical 182 lines
04-20 21:05:00.660 E/APxrRuntime( 7849): (handTracker == NULL)
04-20 21:05:00.661 I/pxrhmdservice (  961): Call <getCommonDataThread> - boot_completed=[1] ------------------------
04-20 21:05:00.663 E/APxrRuntime( 7849): (handTracker == NULL)
04-20 21:05:00.854 I/chatty  ( 7849): uid=1000(system) identical 606 lines
04-20 21:05:00.854 E/APxrRuntime( 7849): (handTracker == NULL)
04-20 21:05:00.856 I/[DA]    ( 2136): : update field = false
04-20 21:05:00.856 E/APxrRuntime( 7849): (handTracker == NULL)
04-20 21:05:00.929 I/chatty  ( 7849): uid=1000(system) identical 238 lines
04-20 21:05:00.929 E/APxrRuntime( 7849): (handTracker == NULL)
04-20 21:05:00.930 I/PxrConfigServiceClient(  967): PROPERTY String8(property).string():{"CFG_VER":"1.0","CFG_HASH_ALG":"sha256","OUT_DIR":"\/mnt\/vendor\/pvr\/firmwareupdate\/asset_100004009_20260410","BASE_FW_DIR_CONTROLLER":"\/system\/etc\/ctlbin","BASE_FW_DIR_TRACKER":"\/system\/etc\/trackerbin","UPDATED_FW_DIR_CONTROLLER":"\/mnt\/vendor\/pvr\/firmwareupdate\/asset_100004009_20260410\/controller","FW_HASH_SparrowCtrl_sv1.36_PR_tv01_20241012_b136_app.bin":"ebe7333af3d6b25fcccd86afbfe7b3d816e0e5e7f6dc4819f722ba3a6b9f3bd1"} =======443
04-20 21:05:00.931 E/APxrRuntime( 7849): (handTracker == NULL)
04-20 21:05:00.977 I/chatty  ( 7849): uid=1000(system) identical 150 lines
04-20 21:05:00.977 E/APxrRuntime( 7849): (handTracker == NULL)
04-20 21:05:00.979 W/ServiceManagement(  651): Waited one second for vendor.qti.hardware.radio.uim_remote_client@1.0::IUimRemoteServiceClient/uimRemoteClient0
04-20 21:05:00.979 E/APxrRuntime( 7849): (handTracker == NULL)
04-20 21:05:00.979 E/APxrRuntime( 7849): (handTracker == NULL)
04-20 21:05:00.979 I/ServiceManagement(  651): getService: Trying again for vendor.qti.hardware.radio.uim_remote_client@1.0::IUimRemoteServiceClient/uimRemoteClient0...
04-20 21:05:00.979 E/APxrRuntime( 7849): (handTracker == NULL)
04-20 21:05:01.045 I/chatty  ( 7849): uid=1000(system) identical 196 lines
04-20 21:05:01.045 E/APxrRuntime( 7849): (handTracker == NULL)
04-20 21:05:01.047 I/MediaCodec( 7849): kWhatCodecPerformanceNotify, fps: 25, avgLatencyMs: -1
04-20 21:05:01.047 E/APxrRuntime( 7849): (handTracker == NULL)
04-20 21:05:01.111 I/chatty  ( 7849): uid=1000(system) identical 206 lines
04-20 21:05:01.111 E/APxrRuntime( 7849): (handTracker == NULL)
04-20 21:05:01.112 E/gd32ipdservice(  948): L1:AddServiceListener: Add listener 0x743f5014c0, 1
04-20 21:05:01.112 E/gd32ipdservice(  948): L1:a0 0f 00 00 00 af 
04-20 21:05:01.113 E/gd32ipdservice(  948): L1:uart_open = 9
04-20 21:05:01.114 E/APxrRuntime( 7849): (handTracker == NULL)
04-20 21:05:01.119 I/chatty  ( 7849): uid=1000(system) identical 22 lines
04-20 21:05:01.119 E/APxrRuntime( 7849): (handTracker == NULL)
04-20 21:05:01.120 E/gd32ipdservice(  948): L1:Uart_Close fd 9
04-20 21:05:01.120 E/gd32ipdservice(  948): L1:79 00 00 79 
04-20 21:05:01.120 E/gd32ipdservice(  948): L1:retry_cnt=3 ret=4 callingUid=0
04-20 21:05:01.121 E/APxrRuntime( 7849): (handTracker == NULL)
04-20 21:05:01.174 I/chatty  ( 7849): uid=1000(system) identical 174 lines
04-20 21:05:01.174 E/APxrRuntime( 7849): (handTracker == NULL)
04-20 21:05:01.174 I/OMX-VDEC-1080P( 1381): We discard down scaler when omx not in execute state
04-20 21:05:01.174 I/OMX-VDEC-1080P( 1381): We discard down scaler when omx not in execute state
04-20 21:05:01.176 E/APxrRuntime( 7849): (handTracker == NULL)
04-20 21:05:01.183 I/chatty  ( 7849): uid=1000(system) identical 30 lines
04-20 21:05:01.183 E/APxrRuntime( 7849): (handTracker == NULL)
04-20 21:05:01.184 W/PxrEventUploader( 1372): codec_name: OMX.google.aac.decoder
04-20 21:05:01.184 I/PxrNotificationClient( 1372): sendPxrNotification,action:teatracker_event_action id:0,value1:media_codec_codec_stop value2:0,ext:{"caller_package_name":"com.pvr.seethrough.setting","channel_count":2,"codec_name":"OMX.google.aac.decoder","is_protected":0,"low_latency_mode":0,"metrics_session_id":76,"sample_rate":48000}
04-20 21:05:01.184 E/APxrRuntime( 7849): (handTracker == NULL)
04-20 21:05:01.185 I/chatty  ( 7849): uid=1000(system) identical 2 lines
04-20 21:05:01.185 E/APxrRuntime( 7849): (handTracker == NULL)
04-20 21:05:01.185 E/PxrNotificationUtils( 1886): non system uid checkSendPxrMessagePermissionWithAction:teatracker_event_action permission granted.
04-20 21:05:01.185 E/APxrRuntime( 7849): (handTracker == NULL)
04-20 21:05:01.185 I/chatty  ( 7849): uid=1000(system) identical 2 lines
04-20 21:05:01.185 E/APxrRuntime( 7849): (handTracker == NULL)
04-20 21:05:01.186 I/PxrNotificationService( 1886): sendPxrMessage callingPid:1372 action teatracker_event_action ,value1:media_codec_codec_stop ,value2:0 ,ext:{"caller_package_name":"com.pvr.seethrough.setting","channel_count":2,"codec_name":"OMX.google.aac.decoder","is_protected":0,"low_latency_mode":0,"metrics_session_id":76,"sample_rate":48000} ,mPvrCallbacks.size():17
04-20 21:05:01.186 W/SceneManagerHelper( 1372): submitMediaItemToSceneManager: null value for kEventCodecWidth
04-20 21:05:01.186 W/SceneManagerHelper( 1372): submitMediaItemToSceneManager: null value for kEventCodecHeight
04-20 21:05:01.186 W/SceneManagerHelper( 1372): submitMediaItemToSceneManager: null value for kEventCodecRenderFrameRate
04-20 21:05:01.186 W/SceneManagerHelper( 1372): submitMediaItemToSceneManager: null value for kEventCodecVideoVRType
