04-30 19:23:38.768  1893  1893 I PxrAppSplashManager: ActivityStartingListener packageName == com.pvr.seethrough.setting
04-30 19:23:38.768  1901  2210 W SYSTEM_EXT: updateVisible clientId [13] visible [false], force [false], changeType [2], subType [0]
04-30 19:23:38.768  1901  2210 I SYSTEM_EXT: moveDisplayToBack : 9
04-30 19:23:38.768  2906  3222 W Shortcut: DockManager,RecentAppDataManager , onTaskCreated , taskId559
04-30 19:23:38.769  1901  2210 I SYSTEM_EXT: destroy VD cache : AppContainer 0x88b80a3[clientId: 2, displayId: 3, size (2250, 205), type: 2003, density: 560, 88b80a3, ComponentInfo{com.pvr.shortcut/}, AppContainer 0x7b7d053[clientId: -1, displayId: -1, size (0, 0), type: 0, density: 200, 7b7d053, null, null]], size :0
04-30 19:23:38.769  1901  2210 W SYSTEM_EXT: CALL CODE_WIN_UPDATE_VISIBLE windowId :2 visible = false
04-30 19:23:38.769  1901  2210 W SYSTEM_EXT: CALL CODE_WIN_DESTROY_SURFACE windowId :2
04-30 19:23:38.769  2067 20635 I XRShell : CODE_WIN_UPDATE_VISIBLE windowId :2 visible = false
04-30 19:23:38.769  2067 20635 I XRShell : XREngine ---> setWindowVisible panelId : 2 visible : false
04-30 19:23:38.769  2067 20635 I XRShell : report window num event:0 app windows
04-30 19:23:38.769  2067  3673 I XRShell : CODE_WIN_DESTROY_SURFACE windowId :2
04-30 19:23:38.769  2067  3673 I XRShell : XREngine ---> destroyWindowSurface panelId : 2
04-30 19:23:38.770  1901  2210 W SYSTEM_EXT: updateVisible clientId [2] visible [false], force [false], changeType [2], subType [0]
04-30 19:23:38.770  2348  2348 W xrt_session: com.pvr.vrshell, session_on_foucus_changed
04-30 19:23:38.770  1893  2734 W APxrRuntime: swiftle application_paused ipc_server_application_paused 1120 com.pvr.vrshell 2348 resumed 1 session_active 1
04-30 19:23:38.770  1893  2734 W APxrRuntime: (sss) Push PAUSE event to current app = com.pvr.vrshell state.resumed:0, state.visible:1
04-30 19:23:38.770  2348  2348 W xrt_session: com.pvr.vrshell, session_on_activity_pause: in: 0x4
04-30 19:23:38.770  2348  2348 W APxrRuntime: Java_com_pico_picoopenxr_ipc_Client_NativeActivityPaused: 0x72f15a9d00
04-30 19:23:38.770   944  1057 W ANDR-PERF-LM: MetaMeter: handlePrimaryAsync() 116: AdaptLaunch MetaMeter. No MeterMgr Available to handle this Primary Async. !!!!
04-30 19:23:38.771  2348  7518 I ViewRootImpl: windowFocusChanged true,com.pvr.vrshell/com.pvr.vrshell.MainActivity,android.view.ViewRootImpl$W.windowFocusChanged:8670 android.view.IWindow$Stub.onTransact:411 android.os.Binder.execTransactInternal:1030 android.os.Binder.execTransact:1003 <bottom of call stack> <bottom of call stack> 
04-30 19:23:38.771  1346  1531 I DisplayManagerService: Display device changed state: "NS_APP[com.pvr.appmanager]", OFF
04-30 19:23:38.771  1346  1531 I DisplayManagerService: Display device changed state: "NS_WINDOW_short_cut", OFF
04-30 19:23:38.772  2348  7518 I ViewRootImpl: windowFocusChanged false,PicoXR_CustomDialog,android.view.ViewRootImpl$W.windowFocusChanged:8670 android.view.IWindow$Stub.onTransact:411 android.os.Binder.execTransactInternal:1030 android.os.Binder.execTransact:1003 <bottom of call stack> <bottom of call stack> 
04-30 19:23:38.770   944  1057 W ANDR-PERF-LM: MetaMeter: handlePrimaryAsync() 116: AdaptLaunch MetaMeter. No MeterMgr Available to handle this Primary Async. !!!!
04-30 19:23:38.773  2067  2389 E XRShell-Native: XREngine Native ---> destroySurface , LayerType=1 , mAppSurfaceObj=0x2612
04-30 19:23:38.773  1893  2734 W APxrRuntime: Handle destroy swapchain, id=2, pid=2067
04-30 19:23:38.773  2067  2389 E XRShell-Native: XREngine Native ---> destroySurface , LayerType=1 , mAppSurfaceObj=0x25e2
04-30 19:23:38.773  1893  2734 W APxrRuntime: Handle destroy swapchain, id=0, pid=2067
04-30 19:23:38.773  2067  2389 E XRShell-Native: XREngine Native ---> destroySurface , LayerType=1 , mAppSurfaceObj=0x25da
04-30 19:23:38.773  1893  2742 I BufferQueueProducer: [SurfaceTexture-782-1893-125] disconnect: api 2, w*h = 400 * 100
04-30 19:23:38.774  1893  2734 W APxrRuntime: Handle destroy swapchain, id=1, pid=2067
04-30 19:23:38.775  5397  5397 I Application: delay 3 min to exit
04-30 19:23:38.777   944  1057 W ANDR-PERF-LM: MetaMeter: handlePrimaryAsync() 116: AdaptLaunch MetaMeter. No MeterMgr Available to handle this Primary Async. !!!!
04-30 19:23:38.777   944  1057 I chatty  : uid=0(root) lmCoreThread identical 3 lines
04-30 19:23:38.777   944  1057 W ANDR-PERF-LM: MetaMeter: handlePrimaryAsync() 116: AdaptLaunch MetaMeter. No MeterMgr Available to handle this Primary Async. !!!!
04-30 19:23:38.777  1901  2210 W SYSTEM_EXT: CALL CODE_SEETHROUGH_STATE inSeethrough :true
04-30 19:23:38.777   944  1057 W ANDR-PERF-LM: MetaMeter: handlePrimaryAsync() 116: AdaptLaunch MetaMeter. No MeterMgr Available to handle this Primary Async. !!!!
04-30 19:23:38.777  2906  3222 E [NS-SDK]: ViewContainer onTransact  code = 200005
04-30 19:23:38.777  2906  3222 E [NS-SDK]: visible changed displayId [3], vis [false]
04-30 19:23:38.777  1901  2210 W SYSTEM_EXT: onTopActivityChanged return by seethrough is showing ignore this change.
04-30 19:23:38.777  2906  2906 W [NS-SDK]: ViewContainer updateVisible visible = false
04-30 19:23:38.778  2906  2906 I Shortcut: shortcutview container onstatechange state: 1
04-30 19:23:38.778  2906  2906 I Shortcut: DockMainView , hide start
04-30 19:23:38.778  1901  2220 I CameraKeyConfigurator: onTopActivityChanged : com.pvr.seethrough.setting
04-30 19:23:38.778  2067 20635 I XRShell : CODE_SEETHROUGH_STATE state :1
04-30 19:23:38.779  2906  2906 I Shortcut: DockTrack , key=app_stay_customize , jsonParams={"foreground_package_name":"com.pvr.vrshell","stay_time":1789}
04-30 19:23:38.779  2906  2906 I Shortcut: DockMainView , hide end
04-30 19:23:38.780  2906  3313 I Shortcut: DockUtils , updateDockStatus , status=0 end
04-30 19:23:38.780 19111 13809 E PvrGuide:  sDockObserver enter
04-30 19:23:38.781  1893  2742 I BufferQueueProducer: [SurfaceTexture-785-1893-124] disconnect: api 1, w*h = 2250 * 205
04-30 19:23:38.781  2348  3170 I [PxrUnity]: PluginInputSystem Lifecycle_Stop Started.
04-30 19:23:38.782   974   974 I BufferQueueProducer: [VDS: NS_WINDOW_short_cut] disconnect: api 1, w*h = 2250 * 205
04-30 19:23:38.782   930   930 I sensors-hal: batch:229, android.sensor.proximity/82, period=1000000, max_latency=0
04-30 19:23:38.782   930   930 I sensors-hal: batch:240, android.sensor.proximity/82, period=1000000, max_latency=0 request completed
04-30 19:23:38.782  1893  2742 I BufferQueueProducer: [SurfaceTexture-776-1893-126] disconnect: api 1, w*h = 1127 * 752
04-30 19:23:38.782  2348  3170 I [PxrUnity]: PluginInputSystem DisconnectAllDevices Started.  
04-30 19:23:38.782  2348  3170 I [PxrUnity]: PluginInputSystem DisconnectAllDevices deviceId : 2, connected : false 
04-30 19:23:38.782  2348  3170 I [PxrUnity]: PluginInputSystem DisconnectAllDevices deviceId : 0, connected : false 
04-30 19:23:38.782  2348  3170 I [PxrUnity]: PluginInputSystem UpdateDeviceConnectionState deviceId : 0, connected : false 
04-30 19:23:38.782  2348  3170 I [PxrUnity]: PluginInputSystem DisconnectAllDevices deviceId : 1, connected : false 
04-30 19:23:38.782  2348  3170 I [PxrUnity]: PluginInputSystem UpdateDeviceConnectionState deviceId : 1, connected : false 
04-30 19:23:38.782  2348  3170 I [PxrUnity]: PluginInputSystem Stop Started.
04-30 19:23:38.782  2348  3170 I [PxrUnity]: PluginInputSystem Stop Ended.
04-30 19:23:38.782  2348  3170 I [PxrUnity]: PluginInputSystem Lifecycle_Stop Ended.
04-30 19:23:38.782  2348  3170 I [PxrUnity]: PluginDisplaySystem GfxThread_Stop Started. m_IsRuning:true
04-30 19:23:38.782  2348  3170 I [PxrUnity]: PluginDisplaySystem DestroyEyeTextures Started.
04-30 19:23:38.782  2348  3170 I [PxrUnity]: PluginDisplaySystem DestroyEyeTextures Ended.
04-30 19:23:38.782  2348  3170 I [PxrUnity]: PicoVRSystem DestroyLayer Started. layerId : 0
04-30 19:23:38.782   974   974 I BufferQueueProducer: [VDS: NS_APP[com.pvr.appmanager]] disconnect: api 1, w*h = 1127 * 752
04-30 19:23:38.783  1893  2734 W APxrRuntime: Handle destroy swapchain, id=0, pid=2348
04-30 19:23:38.783  2348  3170 I PxrPlugin: Pxr_DestroyLayer layerId=0
04-30 19:23:38.783  2348  3170 I [PxrUnity]: PluginDisplaySystem GfxThread_Stop Ended.
04-30 19:23:38.784   972  3604 I Photoid : [I 04/30 19:23:38.784 ] Photoid lsm:0 sm:3 sh:1.68291 cm:0 ch:0 vh:-1.63291 vg:0.275408
04-30 19:23:38.784  2067  2389 E APxrRuntime: set config start in runtime session, ConfigsSetEXT:20000,0
04-30 19:23:38.784  1893  2734 I PxrNotificationClient: sendPxrNotification,action:com.notificaton.fakedata id:0,value1:com.notificaton.fakedata value2:0,ext:(null)
04-30 19:23:38.785  1897  7484 I PxrNotificationService: sendPxrMessage callingPid:1893 action com.notificaton.fakedata ,value1:com.notificaton.fakedata ,value2:0 ,ext: ,mPvrCallbacks.size():14
04-30 19:23:38.785  2348  3170 I [PxrUnity]: PluginDisplaySystem Stop Started.
04-30 19:23:38.785  2348  3170 I [PxrUnity]: PluginDisplaySystem Stop Ended.
04-30 19:23:38.785  2348  3170 I Unity   : main OnApplicationPause True
04-30 19:23:38.785  2348  3170 I Unity   : targetFrameRateķćŹńĮ«õĖ║300
04-30 19:23:38.785  2348  3170 I Unity   : OnApplicationPause Õü£µŁóÕŻ░ķ¤│
04-30 19:23:38.785  1893  2734 W xrt_session: update_server_state_locked():  main = -1 focus = -1
04-30 19:23:38.785  1893  2734 W xrt_session: handle_focused_client_events’╝Ücom.picoxr.xrshell1,0.0
04-30 19:23:38.785  1893  2734 E APxrRuntime: sendAppStateChangeNotification------- com.picoxr.xrshell: :visible 1,focused 0,state 1
04-30 19:23:38.785  1893  2734 I PxrNotificationClient: sendPxrNotification,action:pxr.action.appstate_change id:0,value1:com.picoxr.xrshell value2:1,ext:(null)
04-30 19:23:38.786  1897  7484 I PxrNotificationService: sendPxrMessage callingPid:1893 action pxr.action.appstate_change ,value1:com.picoxr.xrshell ,value2:1 ,ext: ,mPvrCallbacks.size():14
04-30 19:23:38.786  1346 25479 I SmartPowerMonitor: [FEAT_POWER_MONITOR_COMMON][0] noteSensorStateChange uid: 1000, sensor: 41, state: 0
04-30 19:23:38.786  1893  2734 W xrt_session: handle_focused_client_events’╝Ücom.pico.guardian1,0.2
04-30 19:23:38.786  1893  2734 W xrt_session: handle_focused_client_events’╝Ücom.pico.mrservice1,0.2
04-30 19:23:38.786  1893  2734 I PxrCompositor: pxr_set_config enter 20000 0
04-30 19:23:38.786  1893  2734 E PxrCompositor: pxr_set_config enumIndex out of range, set invalid!!!
04-30 19:23:38.786   930   930 I sensors-hal: activate:194, android.sensor.accelerometer/11 en=0
04-30 19:23:38.786 19111 27316 E PvrGuide: database Query
04-30 19:23:38.786  2067  2389 E XRShell-Native: XREngine Native ---> destroys projection SwapChain, layer_ptr: 0x73c9fba380
04-30 19:23:38.787  1893  2734 W APxrRuntime: Handle destroy swapchain, id=3, pid=2067
04-30 19:23:38.787  2067  2389 I XRShell-Native: nativeSendSeeThroughStateToEngine, state=1
04-30 19:23:38.787  2067  2389 W xrt_session: oxr_session_handler_xrtCompositorEventStateChange: client: com.picoxr.xrshell, 1,0:5
04-30 19:23:38.787  2067  2389 W xrt_session: oxr_session_manage_state, client: com.picoxr.xrshell, action=4, state=XR_SESSION_STATE_FOCUSED
04-30 19:23:38.787  2067  2389 W xrt_session: oxr_session_change_state from 5 to 4
04-30 19:23:38.787  2067  2389 E APxrRuntime: oxr_session_poll:XR_TYPE_EVENT_DATA_MAIN_SESSION_VISIBILITY_CHANGED_EXTT-------:0
04-30 19:23:38.787  2067  2389 I XRShell-Native: XrEventDataSessionStateChanged: state XR_SESSION_STATE_FOCUSED->XR_SESSION_STATE_VISIBLE session=497310440448 time=0
04-30 19:23:38.787   930   930 I sensors-hal: activate:207, android.sensor.accelerometer/11 en=0 completed
04-30 19:23:38.787  2067  2389 I XRShell : XREngine onSessionStateChanged : 4
04-30 19:23:38.788  2348  2348 I PVRShell: onPause end 20
04-30 19:23:38.789 19111 27316 E PvrGuide: handleActivityShow intractable 1 launched 1 dockShow 0 first_active_time 1681567718173 sys 1777548218789 completeTaskNum 1
04-30 19:23:38.790  2348  2348 I PVRShell: onWindowFocusChanged start true 13277930
04-30 19:23:38.790  2348  2348 I PVRShell: onWindowFocusChanged end 0
04-30 19:23:38.790  2348  2348 I EngineListener: EngineListener window focus changed:true
04-30 19:23:38.791  1346 25479 W WindowManager: onImeVisibleChanged, imeTargetWindow [null]
04-30 19:23:38.792   599   599 I hwservicemanager: getTransport: Cannot find entry vendor.qti.hardware.servicetracker@1.0::IServicetracker/default in either framework or device manifest.
04-30 19:23:38.794   599   599 I hwservicemanager: getTransport: Cannot find entry vendor.qti.hardware.servicetracker@1.0::IServicetracker/default in either framework or device manifest.
04-30 19:23:38.795  2143  2680 E APxrRuntime: oxr_session_poll:XR_TYPE_EVENT_DATA_MAIN_SESSION_VISIBILITY_CHANGED_EXTT-------:0
04-30 19:23:38.796   944  1057 W ANDR-PERF-LM: MetaMeter: handlePrimaryAsync() 116: AdaptLaunch MetaMeter. No MeterMgr Available to handle this Primary Async. !!!!
04-30 19:23:38.796   944  1057 W ANDR-PERF-LM: MetaMeter: handlePrimaryAsync() 116: AdaptLaunch MetaMeter. No MeterMgr Available to handle this Primary Async. !!!!
04-30 19:23:38.801   599   599 I hwservicemanager: getTransport: Cannot find entry vendor.qti.hardware.servicetracker@1.0::IServicetracker/default in either framework or device manifest.
04-30 19:23:38.803  1346 25479 I ActivityManager: no change in freeze state, keep pending uid=10081 oldFrozen=0 curFrozen=0
04-30 19:23:38.804   599   599 I hwservicemanager: getTransport: Cannot find entry vendor.qti.hardware.servicetracker@1.0::IServicetracker/default in either framework or device manifest.
04-30 19:23:38.804 17875 25018 E APxrRuntime: oxr_session_poll:XR_TYPE_EVENT_DATA_MAIN_SESSION_VISIBILITY_CHANGED_EXTT-------:0
04-30 19:23:38.807  2348  7518 I ViewRootImpl: windowFocusChanged false,com.pvr.vrshell/com.pvr.vrshell.MainActivity,android.view.ViewRootImpl$W.windowFocusChanged:8670 android.view.IWindow$Stub.onTransact:411 android.os.Binder.execTransactInternal:1030 android.os.Binder.execTransact:1003 <bottom of call stack> <bottom of call stack> 
04-30 19:23:38.807  1901  2220 W SYSTEM_EXT: dispatchRunningAppState [[{"clientId":2,"displayId":3,"type":2003,"visible":false,"createTime":1777002589026,"lastActiveTime":0},{"clientId":13,"displayId":9,"type":2002,"visible":false,"createTime":1777025082214,"lastActiveTime":1777547455727,"pkg":"com.pvr.appmanager","cmp":"com.pvr.appmanager.AllAppActivity"}]]
04-30 19:23:38.807  2348  2348 I PVRShell: onWindowFocusChanged start false 13277947
04-30 19:23:38.808  2348  2348 I PVRShell: onWindowFocusChanged end 0
04-30 19:23:38.808  2348  2348 I EngineListener: EngineListener window focus changed:false
04-30 19:23:38.808  1893  3513 W PxrCompositor: pxr_remove_external_surface:  SurfaceTexture and Surface----------------- release
04-30 19:23:38.809  1893  3513 W PxrCompositor: pxr_remove_external_surface:  remove textureId ----------------- 785   count = 2
04-30 19:23:38.809  1893  3513 W PxrCompositor: pxr_remove_external_surface:  SurfaceTexture and Surface----------------- release
04-30 19:23:38.809  1893  3513 W PxrCompositor: pxr_remove_external_surface:  remove textureId ----------------- 782   count = 1
04-30 19:23:38.809  1893  3513 W PxrCompositor: pxr_remove_external_surface:  SurfaceTexture and Surface----------------- release
04-30 19:23:38.809  1893  3513 W PxrCompositor: pxr_remove_external_surface:  remove textureId ----------------- 776   count = 0
04-30 19:23:38.812  2906  3277 W Shortcut: DockManager,RunningAppDataManager , onRunningAppStateChanged, running=false , size=2, runningApp=[[displayId: 3, clientId: 2, type: 2003, packageName: , componentName: , visible: false], [displayId: 9, clientId: 13, type: 2002, packageName: com.pvr.appmanager, componentName: com.pvr.appmanager.AllAppActivity, visible: false]]
04-30 19:23:38.814  2906  2906 I Shortcut: AppListAdapter , notifyItemChanged , index=6 , appInfo=AppInfo{type=2, packageName='com.pvr.appmanager', componentName=ComponentInfo{com.pvr.appmanager/com.pvr.appmanager.AllAppActivity}, badgeName =dockFixAppTip_com.pvr.appmanager, badgeValue =null, activityInfo=null, label='ĶĄäµ║ÉÕ║ō', recentTaskInfo='null', launchLevel=2002, visible=false, isvr =false, createTime =0, icon =android.graphics.drawable.BitmapDrawable@87e2b83}
04-30 19:23:38.817   964 24974 W PICO_SLAM: Monitor high 0.000001 61 1
04-30 19:23:38.817 21843 21843 I through.settin: Late-enabling -Xcheck:jni
04-30 19:23:38.818   944  1057 E ANDR-PERF-LM: MetaMeter: handleAsync() 164: AdaptLaunch Invalid Async
04-30 19:23:38.819  1346  1544 I ActivityManager: Start proc 21843:com.pvr.seethrough.setting/1000 for activity {com.pvr.seethrough.setting/com.pvr.seethrough.setting.MainActivity}
04-30 19:23:38.819 21843 21843 E through.settin: Not starting debugger since process cannot load the jdwp agent.
04-30 19:23:38.823   944  1057 E ANDR-PERF-LM: MetaMeter: handleAsync() 164: AdaptLaunch Invalid Async
04-30 19:23:38.824   654   716 W ServiceManagement: Waited one second for vendor.qti.hardware.radio.uim_remote_client@1.0::IUimRemoteServiceClient/uimRemoteClient0
04-30 19:23:38.824   654   716 I ServiceManagement: getService: Trying again for vendor.qti.hardware.radio.uim_remote_client@1.0::IUimRemoteServiceClient/uimRemoteClient0...
04-30 19:23:38.824  1346 14056 W InputReader: Device has associated, but no associated display id.
04-30 19:23:38.824  1346 14056 W InputReader: Device has associated, but no associated display id.
04-30 19:23:38.825 21843 25133 W ActivityThread: onBindApplication appInfo [com.pvr.seethrough.setting], [-1]
04-30 19:23:38.833 17875 25016 E MRService:: process event 29
04-30 19:23:38.834 21843 21843 E through.settin: Dex checksum does not match for dex: /system/priv-app/seethroughsetting/seethroughsetting.apk.Expected: 3593843393, actual: 2142969445
04-30 19:23:38.834 21843 21843 I through.settin: The ClassLoaderContext is a special shared library.
04-30 19:23:38.837  2917  2917 E InputMethodPrivilegedOperations: reportFullscreenMode is ignored. Call it within attachToken() and InputMethodService.onDestroy()
04-30 19:23:38.837 21843 21843 I Perf    : Connecting to perf service.
04-30 19:23:38.838  2153  2153 I [DA]    : onDisplayChanged:  start true
04-30 19:23:38.838  2153  2153 I [DA]    : : update field = true
04-30 19:23:38.839  2153  2153 I [DA]    : onDisplayChanged: end true
04-30 19:23:38.839 25176 25176 I AppSizeMonitor: updateFromDisplay Display name: ÕåģńĮ«Õ▒ÅÕ╣Ģ, id: 0, size: 4320*2160
04-30 19:23:38.840  1346  1537 I SceneFreqAdjust: [FEAT_SCENE_ADJUST_FREQ][0] front com.pvr.seethrough.setting
04-30 19:23:38.840  1346  1537 I EnduranceModeService: [FEAT_ENDURANCE_MODE][0] front com.pvr.seethrough.setting
04-30 19:23:38.842 21843 21843 I SysMonitorFwBridge: sISysMonitorFwFactory = android.app.SysMonitorFwFactoryImpl@a7db9b2
04-30 19:23:38.842  2917  2917 I FlyIME  : onBindInput: 
04-30 19:23:38.844 21843 21843 W ActivityThread: notifyAppLaunchStatus com.pvr.seethrough.setting com.pvr.seethrough.setting.MainActivity
04-30 19:23:38.863 21843 21843 I IL2CPP  : JNI_OnLoad
04-30 19:23:38.865 21843 21843 I SeethroughSetting: onCreate
04-30 19:23:38.865 21843 21843 I SeethroughSetting: YuriTest ss-1
04-30 19:23:38.865 21843 21843 I SeethroughSetting: YuriTest intent_setorigindir_type-1
04-30 19:23:38.871 21843 21843 W ContextImpl: Calling a method in the system process without a qualified user: android.app.ContextImpl.startForegroundService:1576 android.content.ContextWrapper.startForegroundService:674 com.pvr.configclientlibrary.ConfigurationClientService.startBindConfigurationService:83 com.pvr.configclientlibrary.ConfigurationClientService.<init>:71 com.pvr.configclientlibrary.ConfigurationClientService.getInstance:61 
04-30 19:23:38.871 21843 21843 W ContextImpl: Calling a method in the system process without a qualified user: android.app.ContextImpl.bindService:1649 android.content.ContextWrapper.bindService:705 com.pvr.configclientlibrary.ConfigurationClientService.startBindConfigurationService:88 com.pvr.configclientlibrary.ConfigurationClientService.<init>:71 com.pvr.configclientlibrary.ConfigurationClientService.getInstance:61 
04-30 19:23:38.872   599   599 I hwservicemanager: getTransport: Cannot find entry vendor.qti.hardware.servicetracker@1.0::IServicetracker/default in either framework or device manifest.
04-30 19:23:38.875 21843 21843 I SeethroughSetting: Keep runing WatchDog
04-30 19:23:38.875 21843 21843 I PxrNotificationService: getInstance already init
04-30 19:23:38.876  1897  7484 I PxrNotificationService: addPxrCallback callingPid:21843 action:sys_tracking_alg_state_change
04-30 19:23:38.876 21843 21843 I SeethroughSetting: glDisplay Delay sendmessage
04-30 19:23:38.877 21843 25148 I TeaLog  : TeaHandler onInit...
04-30 19:23:38.877 21843 25148 W ContextImpl: Calling a method in the system process without a qualified user: android.app.ContextImpl.bindService:1649 android.content.ContextWrapper.bindService:705 os.teatracker.TeaServiceProxy.bindTeaService:111 os.teatracker.TeaServiceProxy.bindService:75 os.teatracker.TeaHandler$WorkHandler.onInit:156 
04-30 19:23:38.878   599   599 I hwservicemanager: getTransport: Cannot find entry vendor.qti.hardware.servicetracker@1.0::IServicetracker/default in either framework or device manifest.
04-30 19:23:38.878 21843 21843 I SeethroughSetting: onResume : false
04-30 19:23:38.879  2143  2672 E Guardian:: process event 29
04-30 19:23:38.879  1900  2094 I PvrManagerService:  pvrmanager PermissionGrant check calling is 1000
04-30 19:23:38.879 21843 25148 I TeaLog  : Connecting tea tracker service
04-30 19:23:38.880   973  2414 E Stationservice: KEYLOG:stationservice power control onEventChange, activity_status activityOnResume:com.pvr.seethrough.setting,android.app.ExtActivityImpl
04-30 19:23:38.880 21843 21843 I SeethroughSetting: onResume
04-30 19:23:38.882 21843 21843 E stereo  : PackageName:com.pvr.seethrough.setting type:null
04-30 19:23:38.886 21843 21843 I TeaLog  : Tea service connected...
04-30 19:23:38.888 21843 25136 I ViewRootImpl: windowFocusChanged true,com.pvr.seethrough.setting/com.pvr.seethrough.setting.MainActivity,android.view.ViewRootImpl$W.windowFocusChanged:8670 android.view.IWindow$Stub.onTransact:411 android.os.Binder.execTransactInternal:1030 android.os.Binder.execTransact:1003 <bottom of call stack> <bottom of call stack> 
04-30 19:23:38.891 21843 21843 W ViewRootImpl: Will skip draw vr actvity :com.pvr.seethrough.setting/com.pvr.seethrough.setting.MainActivity
04-30 19:23:38.893   971 22019 I PxrMRService: [###:2967]: value1=enable_ipd_init:1 value2=1 ext=ext
04-30 19:23:38.893   966  1213 I EyeTrackingService: pxrNotifyCallback: enable_ipd_init:1, 1, ext
04-30 19:23:38.894  1897  7484 I PxrNotificationService: sendPxrMessage callingPid:1896 action action.configure.change.notify.all ,value1:enable_ipd_init:1 ,value2:1 ,ext:ext ,mPvrCallbacks.size():15
04-30 19:23:38.896  1346  1537 E system_server: Dex checksum does not match for dex: /system/priv-app/seethroughsetting/seethroughsetting.apk.Expected: 3593843393, actual: 2142969445
04-30 19:23:38.899   971  1265 I PxrMRService: [###:2967]: value1=Success value2=2 ext=enable_ipd_init:1
04-30 19:23:38.899   966  1217 I EyeTrackingService: pxrNotifyCallback: Success, 2, enable_ipd_init:1
04-30 19:23:38.899  1897  7484 I PxrNotificationService: sendPxrMessage callingPid:1896 action action.configure.change.notify.all ,value1:Success ,value2:2 ,ext:enable_ipd_init:1 ,mPvrCallbacks.size():15
04-30 19:23:38.901  1346  1537 I ActivityTaskManager: Displayed com.pvr.seethrough.setting/.MainActivity: +140ms   systype : 10
04-30 19:23:38.901   971  1265 I PxrMRService: [###:2967]: value1=pxr_seethrough_isshow:1 value2=1 ext=ext
04-30 19:23:38.901   966  1217 I EyeTrackingService: pxrNotifyCallback: pxr_seethrough_isshow:1, 1, ext
04-30 19:23:38.901  1897  7484 I PxrNotificationService: sendPxrMessage callingPid:1896 action action.configure.change.notify.all ,value1:pxr_seethrough_isshow:1 ,value2:1 ,ext:ext ,mPvrCallbacks.size():15
04-30 19:23:38.903  1346  1537 I BpfServerUtils: BpfServer>> set pid of BpfInstance (funcslower) successfully !
04-30 19:23:38.903  1346  1537 I BpfServerUtils: BpfServer>> set pid of BpfInstance (fileavg) successfully !
04-30 19:23:38.903  1346  1537 I BpfServerUtils: BpfServer>> set pid of BpfInstance (fileslower) successfully !
04-30 19:23:38.904  1346  1537 I BpfServerUtils: BpfServer>> set pid of BpfInstance (funcslower) successfully !
04-30 19:23:38.904  1346  1537 I BpfServerUtils: BpfServer>> set pid of BpfInstance (fileavg) successfully !
04-30 19:23:38.904  1346  1537 I BpfServerUtils: BpfServer>> set pid of BpfInstance (fileslower) successfully !
04-30 19:23:38.905   966  1217 I EyeTrackingService: pxrNotifyCallback: Success, 2, pxr_seethrough_isshow:1
04-30 19:23:38.906   971 22019 I PxrMRService: [###:2967]: value1=Success value2=2 ext=pxr_seethrough_isshow:1
04-30 19:23:38.906  1897  7484 I PxrNotificationService: sendPxrMessage callingPid:1896 action action.configure.change.notify.all ,value1:Success ,value2:2 ,ext:pxr_seethrough_isshow:1 ,mPvrCallbacks.size():15
04-30 19:23:38.906  1346  1537 I BpfServerUtils: BpfServer>> set pid of BpfInstance (funcslower) successfully !
04-30 19:23:38.907  1346  1537 I BpfServerUtils: BpfServer>> set pid of BpfInstance (fileavg) successfully !
04-30 19:23:38.907  1346  1537 I BpfServerUtils: BpfServer>> set pid of BpfInstance (fileslower) successfully !
04-30 19:23:38.906   968   968 I pxrhmdservice : Call <pxrConfigurationChangeAllCallBack> - pxr_seethrough_isshow value=1
04-30 19:23:38.909 21843 21843 W ViewRootImpl: Will skip draw vr actvity :com.pvr.seethrough.setting/com.pvr.seethrough.setting.MainActivity
04-30 19:23:38.909  2348  2348 I PVRShell: surfaceDestroyed
04-30 19:23:38.909  1899 24937 I SlardarOS_Uploader: executeRequestInner success upload {"msg":"","code":0,"data":{"status":0,"content":""}}
04-30 19:23:38.910  2348  2348 I EngineListener: EngineListener SurfaceView's surface destroyed
04-30 19:23:38.910   964  2703 I SENSOR  : PCLog_InitStatus_Controller_blob_size_0:545645.957996,3,16,41,13
04-30 19:23:38.910  1346 30359 W WindowManager: onImeVisibleChanged, imeTargetWindow [null]
04-30 19:23:38.910  1346  2022 W XrAppIorapServer: update appinfo: failed to query the AppInfo of app = com.pvr.seethrough.setting ret = 2
04-30 19:23:38.911   599   599 I hwservicemanager: getTransport: Cannot find entry vendor.qti.hardware.servicetracker@1.0::IServicetracker/default in either framework or device manifest.
04-30 19:23:38.912  1346  1537 I BpfServerUtils: BpfServer>> set pid of BpfInstance (funcslower) successfully !
04-30 19:23:38.912  1346  1537 I BpfServerUtils: BpfServer>> set pid of BpfInstance (fileavg) successfully !
04-30 19:23:38.912  1346  1537 I BpfServerUtils: BpfServer>> set pid of BpfInstance (fileslower) successfully !
04-30 19:23:38.914  1346  1537 I BpfServerUtils: BpfServer>> set pid of BpfInstance (funcslower) successfully !
04-30 19:23:38.914  1346  1537 I BpfServerUtils: BpfServer>> set pid of BpfInstance (fileavg) successfully !
04-30 19:23:38.914  1346  1537 I BpfServerUtils: BpfServer>> set pid of BpfInstance (fileslower) successfully !
04-30 19:23:38.915  1346  1537 I BpfServerUtils: BpfServer>> set pid of BpfInstance (funcslower) successfully !
04-30 19:23:38.916  1346  1537 I BpfServerUtils: BpfServer>> set pid of BpfInstance (fileavg) successfully !
04-30 19:23:38.916  1346  1537 I BpfServerUtils: BpfServer>> set pid of BpfInstance (fileslower) successfully !
04-30 19:23:38.917  1346  1537 I BpfServerUtils: BpfServer>> set pid of BpfInstance (funcslower) successfully !
04-30 19:23:38.917  1346  1537 I BpfServerUtils: BpfServer>> set pid of BpfInstance (fileavg) successfully !
04-30 19:23:38.917  1346  1537 I BpfServerUtils: BpfServer>> set pid of BpfInstance (fileslower) successfully !
04-30 19:23:38.918  1346  1537 I BpfServerUtils: BpfServer>> set pid of BpfInstance (funcslower) successfully !
04-30 19:23:38.914   599   599 I chatty  : uid=1000(system) hwservicemanage identical 2 lines
04-30 19:23:38.915   599   599 I hwservicemanager: getTransport: Cannot find entry vendor.qti.hardware.servicetracker@1.0::IServicetracker/default in either framework or device manifest.
04-30 19:23:38.918 21843 25143 I Unity   : MemoryManager: Using 'Dynamic Heap' Allocator.
04-30 19:23:38.918  1346  1537 I BpfServerUtils: BpfServer>> set pid of BpfInstance (fileavg) successfully !
04-30 19:23:38.919  1346  1537 I BpfServerUtils: BpfServer>> set pid of BpfInstance (fileslower) successfully !
04-30 19:23:38.920  1346  1537 I BpfServerUtils: BpfServer>> set pid of BpfInstance (funcslower) successfully !
04-30 19:23:38.920  1346  1537 I BpfServerUtils: BpfServer>> set pid of BpfInstance (fileavg) successfully !
04-30 19:23:38.920  1346  1537 I BpfServerUtils: BpfServer>> set pid of BpfInstance (fileslower) successfully !
04-30 19:23:38.921  1346  1537 I BpfServerUtils: BpfServer>> set pid of BpfInstance (funcslower) successfully !
04-30 19:23:38.921  1346  1537 I BpfServerUtils: BpfServer>> set pid of BpfInstance (fileavg) successfully !
04-30 19:23:38.921  1346  1537 I BpfServerUtils: BpfServer>> set pid of BpfInstance (fileslower) successfully !
04-30 19:23:38.922  1346  1537 I BpfServerUtils: BpfServer>> set pid of BpfInstance (funcslower) successfully !
04-30 19:23:38.923  1346  1537 I BpfServerUtils: BpfServer>> set pid of BpfInstance (fileavg) successfully !
04-30 19:23:38.923 21843 21843 W ViewRootImpl: Will skip draw vr actvity :com.pvr.seethrough.setting/com.pvr.seethrough.setting.MainActivity
04-30 19:23:38.923  1346  1537 I BpfServerUtils: BpfServer>> set pid of BpfInstance (fileslower) successfully !
04-30 19:23:38.924  2348  2348 I PVRShell: onStop start 13278064
04-30 19:23:38.925  2348  2348 I pico-ipc-client: onActivityStopped activity:com.pvr.vrshell.MainActivity@d04afd6
04-30 19:23:38.925  2931 20046 W MtpStorageManager: Id 646 doesn't exist
04-30 19:23:38.925  2931 20046 W MtpServer: [MTP] got response 0x2009 in command MTP_OPERATION_GET_OBJECT_INFO (1008)
04-30 19:23:38.925  1346  1537 I BpfServerUtils: BpfServer>> set pid of BpfInstance (funcslower) successfully !
04-30 19:23:38.925  1346  1537 I BpfServerUtils: BpfServer>> set pid of BpfInstance (fileavg) successfully !
04-30 19:23:38.926  1346  1537 I BpfServerUtils: BpfServer>> set pid of BpfInstance (fileslower) successfully !
04-30 19:23:38.926  2348  2348 I PVRShell: onStop end 2
04-30 19:23:38.926  2348  2348 I pico-ipc-client: onActivitySaveInstanceState activity:com.pvr.vrshell.MainActivity@d04afd6
04-30 19:23:38.927  1346  1537 I BpfServerUtils: BpfServer>> set pid of BpfInstance (funcslower) successfully !
04-30 19:23:38.927  1346  1537 I BpfServerUtils: BpfServer>> set pid of BpfInstance (fileavg) successfully !
04-30 19:23:38.927  1346  1537 I BpfServerUtils: BpfServer>> set pid of BpfInstance (fileslower) successfully !
04-30 19:23:38.928  1346  1537 I BpfServerUtils: BpfServer>> set pid of BpfInstance (funcslower) successfully !
04-30 19:23:38.928 21843 25143 I Unity   : SystemInfo CPU = ARM64 FP ASIMD AES, Cores = 8, Memory = 7773mb
04-30 19:23:38.928 21843 25143 I Unity   : SystemInfo ARM big.LITTLE configuration: 4 big (mask: 0xf0), 4 little (mask: 0xf)
04-30 19:23:38.928  1346  1537 I BpfServerUtils: BpfServer>> set pid of BpfInstance (fileavg) successfully !
04-30 19:23:38.928  1346  1537 I BpfServerUtils: BpfServer>> set pid of BpfInstance (fileslower) successfully !
04-30 19:23:38.928 21843 25143 I Unity   : ApplicationInfo com.pvr.seethrough.setting version 2.1.17
04-30 19:23:38.928 21843 25143 I Unity   : Built from '2021.3/staging' branch, Version '2021.3.5f1 (40eb3a945986)', Build type 'Release', Scripting Backend 'il2cpp', CPU 'arm64-v8a', Stripping 'Enabled'
04-30 19:23:38.933  2931 20046 W MtpStorageManager: Id 647 doesn't exist
04-30 19:23:38.933  2931 20046 W MtpServer: [MTP] got response 0x2009 in command MTP_OPERATION_GET_OBJECT_INFO (1008)
04-30 19:23:38.940 21843 21843 W ViewRootImpl: Will skip draw vr actvity :com.pvr.seethrough.setting/com.pvr.seethrough.setting.MainActivity
04-30 19:23:38.942  2917  2917 E InputMethodPrivilegedOperations: reportFullscreenMode is ignored. Call it within attachToken() and InputMethodService.onDestroy()
04-30 19:23:38.945  2917  2917 I FlyIME  : onBindInput: 
04-30 19:23:38.949   964  2703 I SENSOR  : BODYPOSE version: 1.0.0.47 
04-30 19:23:38.949   964  2703 I SENSOR  : Centuar_Services: 20250903A_For_Centuar  SENSOR  
04-30 19:23:38.949   964  2703 W SENSOR  : Swift_file_no_exists, /data/syslog/monitor/fatal/A_Davinci_mvp_log.txt
04-30 19:23:38.949   964  2703 I SENSOR  : PClog_StatusInfo:545645.997996,Static:41,OutDoor:0,BrightNessCam3:4.045026,Frq:50.000000,pid:964,cpu:7,creatbodyflag:1,0,trackstatus:1,0TrackingMode:1,m_head_Linecnt:200, HeadDatatype:1
04-30 19:23:38.949   964  2703 I SENSOR  : PClog_TimeStatus:545645.997996,all:2.444844,init:2.326719,0.000000,pred:0.558593,0.000000,update:2.274323,0.000000,p5p:5.146719,0.000000,p5plist:4.442709,0.000000,brute:0.691302,0.000000,reinit:0.000000,0.000000
04-30 19:23:38.951   933   933 E android.hardware.wifi@1.0-service: cyx convertHidlNanEnableReque 27534 contentavg=204
04-30 19:23:38.952 21843 21843 W ViewRootImpl: Will skip draw vr actvity :com.pvr.seethrough.setting/com.pvr.seethrough.setting.MainActivity
04-30 19:23:38.952   944   944 W /vendor/bin/hw/vendor.qti.hardware.perf@2.1-service: type=1400 audit(0.0:6560): avc: denied { search } for comm=41646170744C61756E636820566D name="598" dev="proc" ino=2363171 scontext=u:r:hal_perf_default:s0 tcontext=u:r:servicemanager:s0 tclass=dir permissive=0
04-30 19:23:38.974  1346  1543 I MemoryProcessController: sapce is enough pid = 2348 ; processName = com.pvr.vrshell ; freeSwap = 4194304 ; pss = 268145 ; mamtrack = 47184; swap = 4 ; pendingsPss = 0 ; needReleaseMemSize = -3973347
04-30 19:23:38.974  1346  1543 I AMS.Freeze: registerFrozenCallbackByPidOnce, add b=com.android.server.am.MemoryProcessController$5@3e32823, pid=2348, uid=1000
04-30 19:23:38.974  1346  1543 I AMS.Freeze: doFreeze for Freeze_Step_1, pid=2348, uid=1000, ops=OP_BINDER_FREEZE
04-30 19:23:38.975  1346  1543 I AMS.Freeze: registerFrozenCallbackByPidOnce, add b=com.android.server.am.ProcessRecordSmtBase$1@1303c9e, pid=2348, uid=1000
04-30 19:23:38.975   599   599 I hwservicemanager: getTransport: Cannot find entry vendor.qti.hardware.servicetracker@1.0::IServicetracker/default in either framework or device manifest.
04-30 19:23:38.975  1346  1543 I AMS.Freeze: set uid Rec:-9015 frozen
04-30 19:23:39.001 21843 25143 E libprocessgroup: set_timerslack_ns write failed: Operation not permitted
04-30 19:23:39.002 21843 25143 I chatty  : uid=1000(system) UnityMain identical 14 lines
04-30 19:23:39.002 21843 25143 E libprocessgroup: set_timerslack_ns write failed: Operation not permitted
04-30 19:23:39.006 21843 21843 W ViewRootImpl: Will skip draw vr actvity :com.pvr.seethrough.setting/com.pvr.seethrough.setting.MainActivity
04-30 19:23:39.008 21843 25143 I Unity   : Company Name: Pico
04-30 19:23:39.008 21843 25143 I Unity   : Product Name: seethroughsetting
04-30 19:23:39.010 21843 25143 I [PxrUnity]: PicoJNIContext JNI_OnLoad ++++++++++++++++++ Started.
04-30 19:23:39.010 21843 25143 I [PxrUnity]: PicoJNIContext JNI_OnLoad PicoUnityJavaObject: 0x2a06.
04-30 19:23:39.011 21843 25143 I [PxrUnity]: PluginDllMain XRSDKPreInit Started.
04-30 19:23:39.011 21843 25143 I [PxrUnity]: PicoJNIContext getCurrentActivity Started.
04-30 19:23:39.011 21843 25143 E PxrAPI  : Pxr_SetInitializeData in
04-30 19:23:39.012 21843 25143 W PicoXR  : context addr is 0x73d41176b8.
04-30 19:23:39.017 21843 25143 I PxrPlugin: JNI_OnLoad() called!
04-30 19:23:39.018 21843 25143 I PxrPlugin: PxrPlugin JNI_OnLoad() called!
04-30 19:23:39.018 21843 25143 E PxrPlugin: PxrPlugin xrVersion 2.0.5.0xd(0x200050d)
04-30 19:23:39.019 21843 25143 E PxrAPI  : PxrApplication is nullptr or keyEventDistpatch is nullptr.
04-30 19:23:39.019 21843 25143 E PxrPlugin:  Pxr_SetSysActivity()  set sysactivity class 0x29e2
04-30 19:23:39.019 21843 25143 I PxrPlugin: Pxr_SetPlatformOption called ,PxrPlatformOption =0
04-30 19:23:39.019 21843 25143 I [PxrUnity]: PluginDllMain XRSDKPreInit Ended.
04-30 19:23:39.020 21843 25143 I AdrenoGLES-0: QUALCOMM build                   : 76b617b5a7, I2d63e0ecd9
04-30 19:23:39.020 21843 25143 I AdrenoGLES-0: Build Date                       : 10/31/22
04-30 19:23:39.020 21843 25143 I AdrenoGLES-0: OpenGL ES Shader Compiler Version: E031.41.05.00
04-30 19:23:39.020 21843 25143 I AdrenoGLES-0: Local Branch                     : 
04-30 19:23:39.020 21843 25143 I AdrenoGLES-0: Remote Branch                    : refs/tags/AU_LINUX_ANDROID_LA.UM.8.12.C3.10.00.00.670.284
04-30 19:23:39.020 21843 25143 I AdrenoGLES-0: Remote Branch                    : NONE
04-30 19:23:39.020 21843 25143 I AdrenoGLES-0: Reconstruct Branch               : NOTHING
04-30 19:23:39.020 21843 25143 I AdrenoGLES-0: Build Config                     : S P 8.0.12 AArch64
04-30 19:23:39.020 21843 25143 I AdrenoGLES-0: Driver Path                      : /vendor/lib64/egl/libGLESv2_adreno.so
04-30 19:23:39.020 21843 25143 I AdrenoGLES-0: Driver Version                   : 0682.0
04-30 19:23:39.029 21843 25143 I AdrenoGLES-0: PFP: 0x016dd109, ME: 0x00000000
04-30 19:23:39.034 21843 25143 I [PxrUnity]: PluginDllMain GetPreInitFlags Started.
04-30 19:23:39.034 21843 25143 I [PxrUnity]: PluginDllMain GetPreInitFlags s_EnableLateLatching:false.
04-30 19:23:39.041 21843 25143 E libEGL  : eglGetFrameTimestampSupportedANDROIDImpl:2539 error 300d (EGL_BAD_SURFACE)
04-30 19:23:39.045  2931 20046 W MtpStorageManager: Id 648 doesn't exist
04-30 19:23:39.045  2931 20046 W MtpServer: [MTP] got response 0x2009 in command MTP_OPERATION_GET_OBJECT_INFO (1008)
04-30 19:23:39.053  2931 20046 W MtpStorageManager: Id 649 doesn't exist
04-30 19:23:39.053  2931 20046 W MtpServer: [MTP] got response 0x2009 in command MTP_OPERATION_GET_OBJECT_INFO (1008)
04-30 19:23:39.059  1346  1551 I UidCpuTracker: small cpu total = 5878 ; idle = 5190 ; ratio = 11 ; mCpuUsageRatio = 9
04-30 19:23:39.059  1346  1551 E PrefetchManagerService: onCpuState state = CPU_NORMAL
04-30 19:23:39.060  1346  1551 W PrefetchManagerService: packname com.ss.android.ttvr version is 3.2.9 ,is support this version  -1
04-30 19:23:39.078 21843 25143 W Unity   : OnLevelWasLoaded was found on DOTweenComponent
04-30 19:23:39.078 21843 25143 W Unity   : This message has been deprecated and will be removed in a later version of Unity.
04-30 19:23:39.078 21843 25143 W Unity   : Add a delegate to SceneManager.sceneLoaded instead to get notifications after scene loading has completed
04-30 19:23:39.095 17875 25018 E MRService:: mr render fps = 11
04-30 19:23:39.097 21843 25143 I Unity   : XRGeneral Settings awakening...
04-30 19:23:39.099 21843 25143 I IL2CPP  : Locale zh-Hans-CN
04-30 19:23:39.126 21843 25143 I [PxrUnity]: PluginDllMain UnityPluginLoad Started.
04-30 19:23:39.127 21843 25143 W PicoXR  : context addr is 0x73d4116758.
04-30 19:23:39.129 21843 25143 E APxrRuntime: Java_com_pico_xr_openxr_1runtime_DriverLoader_nativeGetProcAddr: InitializeLoaderKHR!
04-30 19:23:39.129 21843 25143 W Runtime_API: VrDriver::getProcAddr RuntimeInterface::LoadRuntime PFN_xrInitializeLoaderKHR is null!():493624738460.
04-30 19:23:39.129 21843 25143 E APxrRuntime: abel, xrInitializeLoaderKHR
04-30 19:23:39.129 21843 25143 E APxrRuntime: Java_com_pico_xr_openxr_1runtime_DriverLoader_nativeGetProcAddr: NegotiateLoaderRuntimeInterface!
04-30 19:23:39.129 21843 25143 W Runtime_API: VrDriver::getProcAddr RuntimeInterface::LoadRuntime PFN_xrInitializeLoaderKHR is null!():493624793600.
04-30 19:23:39.129 21843 25143 E PxrRuntime: xrNegotiateLoaderRuntimeInterface
04-30 19:23:39.129 21843 25143 I OpenXR-Loader: Info [GENERAL | xrEnumerateInstanceExtensionProperties | OpenXR-Loader] : RuntimeInterface::LoadRuntime forwarding xrInitializeLoaderKHR call to runtime after calling xrNegotiateLoaderRuntimeInterface.
04-30 19:23:39.129 21843 25143 E APxrRuntime: abel, oxr_xrInitializeLoaderKHR
04-30 19:23:39.129 21843 25143 I OpenXR-Loader: Info [GENERAL | xrEnumerateInstanceExtensionProperties | OpenXR-Loader] : RuntimeInterface::LoadRuntime succeeded loading runtime defined in manifest file  using interface version 1 and OpenXR API version 1.1
04-30 19:23:39.129 21843 25143 E APxrRuntime: add pico only extensions
04-30 19:23:39.129 21843 25143 E APxrRuntime: add private extensions
04-30 19:23:39.129 21843 25143 E APxrRuntime: add third party public extensions
04-30 19:23:39.129 21843 25143 E APxrRuntime: add hidden extensions
04-30 19:23:39.129 21843 25143 E PxrPlugin: up.mPlatformOption is Unity.
04-30 19:23:39.130 21843 25143 E PxrPlugin: isSupportXrHandtrackerFunction:isSupportXrHandtrackerFunction = true,Runtime support XR_EXT_hand_tracking
04-30 19:23:39.131 21843 25143 E PxrPlugin: Overall MR function control is not Enabled by developer
04-30 19:23:39.132 21843 25143 I PxrPlugin: isSupportGetMrcPoseEXT enter
04-30 19:23:39.132 21843 25143 I PxrPlugin: isSupportHumanOcclusionEXT = true,Runtime support XR_BD_HUMAN_OCCLUSION_EXT_EXTENSION_NAME
04-30 19:23:39.133 21843 25143 E PxrConfigServiceClient: getConfigurationServiceBinder binder is not null
04-30 19:23:39.133 21843 25143 W PxrConfigServiceClient:  open getConfigPropertyDirectAccess type:3 configName:sdk token:(null) 
04-30 19:23:39.162 21843 25143 W PxrConfigServiceClient:  open getConfigPropertyDirectAccess type:0 configName:sdk_powerlevel token:(null) 
04-30 19:23:39.176 21843 25143 W PxrConfigServiceClient:  open getConfigPropertyDirectAccess type:0 configName:os_eyebuffer_width token:(null) 
04-30 19:23:39.189 21843 25143 W PxrConfigServiceClient:  open getConfigPropertyDirectAccess type:0 configName:os_eyebuffer_height token:(null) 
04-30 19:23:39.201 21843 25143 W PxrConfigServiceClient:  open getConfigPropertyDirectAccess type:0 configName:os_fov token:(null) 
04-30 19:23:39.213 21843 25143 E oxr_config: sdk_boundary_EnableSeethroughDelayLog=0
04-30 19:23:39.214 21843 25143 E oxr_config: sdk_boundary_ReportSeethroughDelayData=1
04-30 19:23:39.214 21843 25143 E oxr_config:   xrMrEngineSupport is 1
04-30 19:23:39.215 21843 25143 E APxrRuntime: getPackageManagerInfo : {"app_fps":0,"eyebufferHeight":0,"eyebufferWidth":0}
04-30 19:23:39.215 21843 25143 E APxrRuntime:  oxr_instance_create ,package_name com.pvr.seethrough.setting,eyebuffer (0,0),packageFps 0, isGLTileRender 0
04-30 19:23:39.215 21843 25143 W APxrRuntime: debug_get_log_option_persist.pxr.log_IPC_LOG raw:(null)
04-30 19:23:39.219 21843 25143 I pico-ipc-client: Client(long nativePointer)
04-30 19:23:39.219 21843 25143 W APxrRuntime: ipc_client_android start to initiate the guardian and persistence client object info
04-30 19:23:39.220 21843 25143 I PersistenceClient: Client(long nativePointer)
04-30 19:23:39.220 21843 25143 I XrPersistencePlugin: init persistence plugin
04-30 19:23:39.221 21843 25143 W ContextImpl: Calling a method in the system process without a qualified user: android.app.ContextImpl.startForegroundService:1576 android.content.ContextWrapper.startForegroundService:674 com.pico.guardian.GuardianPlugin.b:22 com.pico.guardian.GuardianPlugin.blockingConnect:61 com.unity3d.player.UnityPlayer.nativeRender:-2 
04-30 19:23:39.221 21843 25143 W ContextImpl: Calling a method in the system process without a qualified user: android.app.ContextImpl.bindService:1657 android.content.ContextWrapper.bindService:711 com.pico.guardian.GuardianPlugin.b:65 com.pico.guardian.GuardianPlugin.blockingConnect:61 com.unity3d.player.UnityPlayer.nativeRender:-2 
04-30 19:23:39.222  2143  2143 I VrGuardianService: onStartCommand
04-30 19:23:39.222   599   599 I hwservicemanager: getTransport: Cannot find entry vendor.qti.hardware.servicetracker@1.0::IServicetracker/default in either framework or device manifest.
04-30 19:23:39.225 21843 25143 W ContextImpl: Calling a method in the system process without a qualified user: android.app.ContextImpl.startForegroundService:1576 android.content.ContextWrapper.startForegroundService:674 com.pico.mrservice.MRServicePlugin.b:35 com.pico.mrservice.MRServicePlugin.blockingConnect:39 com.unity3d.player.UnityPlayer.nativeRender:-2 
04-30 19:23:39.226 21843 25143 W ContextImpl: Calling a method in the system process without a qualified user: android.app.ContextImpl.bindService:1657 android.content.ContextWrapper.bindService:711 com.pico.mrservice.MRServicePlugin.b:78 com.pico.mrservice.MRServicePlugin.blockingConnect:39 com.unity3d.player.UnityPlayer.nativeRender:-2 
04-30 19:23:39.226   599   599 I hwservicemanager: getTransport: Cannot find entry vendor.qti.hardware.servicetracker@1.0::IServicetracker/default in either framework or device manifest.
04-30 19:23:39.229 21843 25143 I pico-ipc-client: blockingConnect
04-30 19:23:39.229 21843 25143 I pico-ipc-client: bind
04-30 19:23:39.229 21843 25143 W ContextImpl: Calling a method in the system process without a qualified user: android.app.ContextImpl.startService:1570 android.content.ContextWrapper.startService:669 com.pico.picoopenxr.ipc.Client.bind:30 com.pico.picoopenxr.ipc.Client.blockingConnect:10 com.unity3d.player.UnityPlayer.nativeRender:-2 
04-30 19:23:39.229 21843 25143 W ContextImpl: Calling a method in the system process without a qualified user: android.app.ContextImpl.bindService:1657 android.content.ContextWrapper.bindService:711 com.pico.picoopenxr.ipc.Client.bindService:6 com.pico.picoopenxr.ipc.Client.bind:55 com.pico.picoopenxr.ipc.Client.blockingConnect:10 
04-30 19:23:39.230   599   599 I hwservicemanager: getTransport: Cannot find entry vendor.qti.hardware.servicetracker@1.0::IServicetracker/default in either framework or device manifest.
04-30 19:23:39.231 21843 25183 I pico-ipc-client: onServiceConnected
04-30 19:23:39.232 21843 25183 I pico-ipc-client: com.pvr.seethrough.setting,Runtime versionCode 200112252
04-30 19:23:39.232  1893 23576 W PicoOpenXRBinderStub: connect: given newFd 136, pid=21843
04-30 19:23:39.232  1893 23576 W APxrRuntime: ipc_server_mainloop_add_fd write new client fd 136
04-30 19:23:39.232  1893 23576 W APxrRuntime: ipc_server_mainloop_add_fd wait client connect
04-30 19:23:39.232  1893  2734 W APxrRuntime: On client connect, fd=136
04-30 19:23:39.232  1893 23576 I PicoOpenXRBinderStub: connect: fd ownership transferred
04-30 19:23:39.232 21843 25143 W APxrRuntime: Connect success, fd=84
04-30 19:23:39.233 21843 25143 E APxrRuntime: is_selabel_priv_app getline u:r:system_app:s0
04-30 19:23:39.234 21843 25143 I TrackingClient: [onFirstRef]
04-30 19:23:39.235 21843 25143 I TrackingClient: mLoglevel 0
04-30 19:23:39.235   964  1452 I PvrTrackingService: AddServiceListener: Add listener 0x7cb96341c0, 21843
04-30 19:23:39.235 21843 25143 I TrackingClient: mmap success, 514016 size
04-30 19:23:39.235 21843 25143 I TrackingClient: setShareMemoryFD 82
04-30 19:23:39.235 21843 25143 I TrackingClient: initializeShareMemory start
04-30 19:23:39.235 21843 25143 E DataBuffer: map fd(83) fdSize(14920) getSize(14920) address(0x7441e42000)
04-30 19:23:39.235 21843 25143 E DataBuffer: map fd(85) fdSize(14920) getSize(14920) address(0x74417bd000)
04-30 19:23:39.235 21843 25143 E DataBuffer: map fd(86) fdSize(14920) getSize(14920) address(0x744176f000)
04-30 19:23:39.236 21843 25143 I TrackingClient: initializeShareMemory, fake pose mode 0
04-30 19:23:39.236 21843 25143 E DataBuffer: map fd(87) fdSize(1880) getSize(1880) address(0x7441ea9000)
04-30 19:23:39.236 21843 25143 E DataBuffer: map fd(89) fdSize(3720) getSize(3720) address(0x7441ea8000)
04-30 19:23:39.236 21843 25143 I TrackingClient: initializeShareMemory end
04-30 19:23:39.236   964  1452 I PvrTrackingService: [SetNotifyStatus], type 9, status 1
04-30 19:23:39.236 21843 25143 E TrackingClient: getSwiftTrackerExtDevInfo: cant do operation in tracker Mode: 0
04-30 19:23:39.236 21843 25143 E TrackingClient: wzl updateTrackerExtDevStatus: faild!
04-30 19:23:39.236 21843 25143 E APxrRuntime: ism->num_isdevs:5 
04-30 19:23:39.236 21843 25143 E APxrRuntime: ism->num_itracks:5 
04-30 19:23:39.248 21843 25143 E APxrRuntime: controllertype  xrt_controller_device_set_name_str 465 deviceModel 6 xdev->name 5
04-30 19:23:39.260   971  2684 I PxrMRService: [###:673]: statistics - mono_status=[0] rgb_status=[0] mr_mode=[1] mr_auto_capture=[0] total_cnt=[2965]
04-30 19:23:39.269 21843 25143 E APxrRuntime: controllertype  xrt_controller_device_set_name_str 465 deviceModel 6 xdev->name 5
04-30 19:23:39.269 21843 25143 E APxrRuntime: ii->num_xtracks:5 
04-30 19:23:39.269 21843 25143 E APxrRuntime: ism->num_isdevs:5 
04-30 19:23:39.269 21843 25143 E APxrRuntime: isdev->name: 1
04-30 19:23:39.269 21843 25143 E APxrRuntime: XRT_DEVICE_GENERIC_HMD, 0
04-30 19:23:39.269 21843 25143 E APxrRuntime: isdev->name: 5
04-30 19:23:39.269 21843 25143 E APxrRuntime: XRT_DEVICE_GENERIC_DEVICE, 1
04-30 19:23:39.269 21843 25143 E APxrRuntime: isdev->name: 5
04-30 19:23:39.269 21843 25143 E APxrRuntime: XRT_DEVICE_GENERIC_DEVICE, 2
04-30 19:23:39.269 21843 25143 E APxrRuntime: isdev->name: 5
04-30 19:23:39.269 21843 25143 E APxrRuntime: XRT_DEVICE_GENERIC_DEVICE, 3
04-30 19:23:39.269 21843 25143 E APxrRuntime: isdev->name: 12
04-30 19:23:39.269 21843 25143 E APxrRuntime: XRT_DEVICE_GENERIC_DEVICE, 4
04-30 19:23:39.269 21843 25143 E APxrRuntime: openxrhandrebuild oxr_instance_create u_device_assign_xdev_roles sys->num_xdevs = 16,NUM_XDEVS  = 16
04-30 19:23:39.269 21843 25143 E APxrRuntime: runtime oxr_instance_create u_device_assign_xdev_roles sys->role.left = 1,sys->role.right  = 2
