04-30 19:23:36.923   972   972 I PxrSeethroughService: [###:3250]: Info <###> - buffer1=[0x74ef8bc000] buffer2=[0x74efd9e000] g_mesh_size=[0] g_index_size=[0] g_acquire_depth_have_read=[1] timestamp=[0]
04-30 19:23:36.923   972   972 I PxrSeethroughService: [###:4553]: Call <###>.
04-30 19:23:36.924  2348  3170 I PxrPlugin: ctrltype plugin:  getControllerType 2270 xrGetCurrentInteractionProfile ret = 0 Path  /interaction_profiles/bytedance/pico4_controller
04-30 19:23:36.928  1893  2862 W APxrRuntime: (sss) Algstate status not ok when 6dof open, wait.......
04-30 19:23:36.933   973  2414 E Stationservice: L1:global_controller_vibration_enable is null
04-30 19:23:36.934  1901  2210 W SYSTEM_EXT: handleScreenStateChanged on [true]
04-30 19:23:36.934  1901  2210 W SYSTEM_EXT: restoreAllVisibleContainer by [screen on], FLAG_HIDE_ALL_VISIBLE_APP_BY_SCREEN_OFF
04-30 19:23:36.934  1901  2210 W SYSTEM_EXT: updateScenesVisible visibleIdList:[2, 13]
04-30 19:23:36.934  1901  2210 W SYSTEM_EXT: CALL CODE_WIN_NEW_SURFACE windowId :2 w = 2250 h = 205 scale = 1.0
04-30 19:23:36.935  2067  3673 I XRShell : CODE_WIN_NEW_SURFACE windowId :2 displayId:3 w = 2250 h = 205 scale = 1.0
04-30 19:23:36.935  2067  3673 I XRShell : XREngine ---> createWindowSurface START panelId : 2 width : 2250 height : 205 scale : 1.0
04-30 19:23:36.939  2348  3170 I PxrPlugin: ctrltype plugin:  getControllerType 2270 xrGetCurrentInteractionProfile ret = 0 Path  /interaction_profiles/bytedance/pico4_controller
04-30 19:23:36.945  2348  3803 I PxrMetric: FPS=0/72,MTP=39.86ms,AppSW=off,FrmEarly=1,FrmLate=0,FrmCpu=2.11ms,FrmGpu=4.27ms,FrmTime=6.98ms,ATWGPU=0.95ms,VsyncDelay=1,GPU=34%/441Mhz,GPUTemp=52.4C,LayerCnt=1,Pkg=com.pvr.vrshell,FrmId=30129
04-30 19:23:36.946  2067  2389 E XRShell-Native: createPanelSurface panel_id=2
04-30 19:23:36.947  1893 25076 I Surface : create surface : Surface(name=74874598785)/@0xd024c27 from : SurfaceTexture-785-1893-124
04-30 19:23:36.947  1893 25076 E PxrCompositor: pxr_insert_external_surface:  insert textureId = 785, size = (2250, 205), address = 499056093184,count = 1
04-30 19:23:36.947  2067  2389 E APxrRuntime: oxr_xrCreateSwapchainAndroidSurfaceKHR: w 2250 h 205 texIdOES 785, surface:0x25e2
04-30 19:23:36.947  2067  2389 E XRShell-Native: XREngine Native ---> createSurface success, LayerType=1 , width:2250, height:205 , mAppSurfaceObj=0x25e2
04-30 19:23:36.948  1893 25076 I Surface : create surface : Surface(name=173571796782)/@0xa4ac87d from : SurfaceTexture-782-1893-125
04-30 19:23:36.948  1893 25076 E PxrCompositor: pxr_insert_external_surface:  insert textureId = 782, size = (400, 100), address = 499056230400,count = 2
04-30 19:23:36.948  2067  2389 E APxrRuntime: oxr_xrCreateSwapchainAndroidSurfaceKHR: w 400 h 100 texIdOES 782, surface:0x25da
04-30 19:23:36.948  2067  2389 E XRShell-Native: XREngine Native ---> createSurface success, LayerType=1 , width:400, height:100 , mAppSurfaceObj=0x25da
04-30 19:23:36.948  2067  2389 I XRShell : XREngine , changeTouchBarImg , imgType=0
04-30 19:23:36.948  2067  2389 I XRShell-Native: nativeCreatePanelSurface , surface=0x25e2
04-30 19:23:36.948  2067  2389 I XRShell : XREngine ---> createWindowSurface END panelId : 2
04-30 19:23:36.948   972   972 E PxrConfigServiceClient: PROPERTY String8(proptery).string():3 =======1
04-30 19:23:36.948   972   972 I PxrSeethroughService: [###:4573]: Call <###> - [pxr.trackingservice.trackingmode/3].
04-30 19:23:36.948   972   972 I PxrSeethroughService: [###:3300]: Info <###> - get _pxr_trackingmode=[3] ret=[0].
04-30 19:23:36.948   972   972 I TrackingClient: AttachCamera,561:S, mLoglevel 0
04-30 19:23:36.948   964  2989 I PvrTrackingService: openCamera type 4, cameraNewaArch: 1
04-30 19:23:36.948   972   972 E DataBuffer: map fd(44) fdSize(1540150) getSize(1540150) address(0x74e1c9c000)
04-30 19:23:36.948   972   972 E DataBuffer: free fd(72) fdSize(1540150)
04-30 19:23:36.949   972   972 I TrackingClient: [OpenCamera]:340,ret 0
04-30 19:23:36.949   972   972 I TrackingClient: [StartPreview]:346
04-30 19:23:36.949   972   972 I TrackingClient: AttachCamera,567:E
04-30 19:23:36.949   972   972 I TrackingClient: AttachCamera,561:S, mLoglevel 0
04-30 19:23:36.949   964  2989 I PvrTrackingService: openCamera type 5, cameraNewaArch: 1
04-30 19:23:36.949  1893 25076 I BufferQueueProducer: [SurfaceTexture-782-1893-125] connect: api 2, w*h = 400 * 100
04-30 19:23:36.949   972   972 E DataBuffer: map fd(71) fdSize(1540150) getSize(1540150) address(0x74e156c000)
04-30 19:23:36.949   972   972 E DataBuffer: free fd(23) fdSize(1540150)
04-30 19:23:36.949   972   972 I TrackingClient: [OpenCamera]:340,ret 0
04-30 19:23:36.949   972   972 I TrackingClient: [StartPreview]:346
04-30 19:23:36.949   972   972 I TrackingClient: AttachCamera,567:E
04-30 19:23:36.949   972   972 I PxrSeethroughService: [###:3307]: Info <###> - AttachCamera done, ret=[0,0].
04-30 19:23:36.949   972   972 I PxrSeethroughService: [###:3310]: Info <###> - SetCameraFrameCallbacks done, ret=[0,0].
04-30 19:23:36.949 17875 25018 I PxrSeethroughServiceClient: [###:1694]: Call <###> - gPxrSeethroughServiceClient=0x7434acce00.
04-30 19:23:36.949  1901  2210 W SYSTEM_EXT: requestSurface surface = Surface(name=74874598785)/@0x2ec9ca
04-30 19:23:36.949 17875 25018 I PxrSeethroughServiceClient: [###:1673]: Call <###> - gPxrSeethroughServiceClient=0x7434acce00.
04-30 19:23:36.949 17875 25018 I NDK-CAMERA: [RGBCamera][325]: create RGBCamera, predicated_time is:0
04-30 19:23:36.949 17875 25018 I NDK-CAMERA: [RGBCameraAHB][52]: RGBCameraAHB::RGBCameraAHB called
04-30 19:23:36.949 17875 25018 I NDK-CAMERA: [Init][66]: RGBCameraAHB::Init called
04-30 19:23:36.949 17875 25018 I NDK-CAMERA: [Init][76]: eglGetNativeClientBufferANDROID=0x74c5445e2c, eglCreateImageKHR=0x74c544564c, eglDestroyImageKHR=0x74c544570c, glEGLImageTargetTexture2DOES=0x74c48e6348
04-30 19:23:36.949 17875 25018 E MRService:: GuardianSystem::Camera init successfully.
04-30 19:23:36.949 17875 25018 E MRService::  new getSeethroughInstance() type=2
04-30 19:23:36.949 17875 25018 E MRService:: gMeshRows=320, gMeshCols=240
04-30 19:23:36.949   972  5168 I PxrSeethroughService: [###:4331]: Call <###> - index=[2] size=[19] g_rgb_camera_fov=[90.000000].
04-30 19:23:36.949   972   972 I PxrSeethroughService: [###:194]: Call <###>.
04-30 19:23:36.950 17875 25018 I PxrSeethroughServiceClient: [###:582]: Info <###> - mmap success fd=[73]
04-30 19:23:36.950 17875 25018 I PxrSeethroughServiceClient: [###:603]: init shared mutex ret=[0]
04-30 19:23:36.950 17875 25018 E MRService:: rgb camera params = {0.7803693,1567.4792452,1567.0845738,1161.3517452,872.7281819
04-30 19:23:36.950 17875 25018 E MRService:: 0.0000000,0.0000000,0.0000000,0.0000000,2.0000000
04-30 19:23:36.950 17875 25018 E MRService:: -0.4381605,3.5606261,-11.9223524,18.6108567,-14.8101071
04-30 19:23:36.950 17875 25018 E MRService:: 6.1520271,-0.0001598,-0.0002037
04-30 19:23:36.950 17875 25018 E MRService:: }
04-30 19:23:36.950 17875 25018 E MRService:: GsSeeThroughRGB CameraDistortModel=2, camera_fov=0.000000
04-30 19:23:36.950  1346  1531 I DisplayManagerService: Display device changed state: "NS_WINDOW_short_cut", ON
04-30 19:23:36.951  1901  2210 I SYSTEM_EXT: add VD cache : AppContainer 0x88b80a3[clientId: 2, displayId: 3, size (2250, 205), type: 2003, density: 560, 88b80a3, ComponentInfo{com.pvr.shortcut/}, AppContainer 0x7b7d053[clientId: -1, displayId: -1, size (0, 0), type: 0, density: 200, 7b7d053, null, null]], size :1
04-30 19:23:36.951  1901  2210 W SYSTEM_EXT: CALL CODE_WIN_UPDATE_VISIBLE windowId :2 visible = true
04-30 19:23:36.952  1901  2210 I SYSTEM_EXT: requestAllocateSurfaceIfNeeded : AppContainer 0x88b80a3[clientId: 2, displayId: 3, size (2250, 205), type: 2003, density: 560, 88b80a3, ComponentInfo{com.pvr.shortcut/}, AppContainer 0x7b7d053[clientId: -1, displayId: -1, size (0, 0), type: 0, density: 200, 7b7d053, null, null]]
04-30 19:23:36.952  1901  2210 W SYSTEM_EXT: updateVisible clientId [2] visible [true], force [false], changeType [2], subType [0]
04-30 19:23:36.952  2067 20635 I XRShell : CODE_WIN_UPDATE_VISIBLE windowId :2 visible = true
04-30 19:23:36.952  2067 20635 I XRShell : XREngine ---> setWindowVisible panelId : 2 visible : true
04-30 19:23:36.952  2067 20635 I XRShell : report window num event:0 app windows
04-30 19:23:36.953   974   974 I BufferQueueProducer: [VDS: NS_WINDOW_short_cut] connect: api 1, w*h = 2250 * 205
04-30 19:23:36.953  2348  3170 I PxrPlugin: ctrltype plugin:  getControllerType 2270 xrGetCurrentInteractionProfile ret = 0 Path  /interaction_profiles/bytedance/pico4_controller
04-30 19:23:36.953  1893  2742 I BufferQueueProducer: [SurfaceTexture-785-1893-124] connect: api 1, w*h = 2250 * 205
04-30 19:23:36.955  1901  2210 I SYSTEM_EXT: updateAppVisible name: ComponentInfo{com.pvr.appmanager/com.pvr.appmanager.AllAppActivity}
04-30 19:23:36.955  1901  2210 W SYSTEM_EXT: CALL CODE_WIN_NEW_SURFACE windowId :13 w = 1127 h = 752 scale = 1.0
04-30 19:23:36.956  2348  3170 W APxrRuntime: PXRSDK_PM ENGINE FPS: 69, 13276095893475
04-30 19:23:36.956  2906  3222 E [NS-SDK]: ViewContainer onTransact  code = 200005
04-30 19:23:36.956  2906  3222 E [NS-SDK]: visible changed displayId [3], vis [true]
04-30 19:23:36.956  2067  3673 I XRShell : CODE_WIN_NEW_SURFACE windowId :13 displayId:9 w = 1127 h = 752 scale = 1.0
04-30 19:23:36.956  2067  3673 I XRShell : XREngine ---> createWindowSurface START panelId : 13 width : 1127 height : 752 scale : 1.0
04-30 19:23:36.956 17875 25018 E MRService:: GsSeeThroughRGB::InitShader called
04-30 19:23:36.956  2906  2906 W [NS-SDK]: ViewContainer updateVisible visible = true
04-30 19:23:36.956  2906  2906 I Shortcut: shortcutview container onstatechange state: 2
04-30 19:23:36.956  2906  2906 I Shortcut: DockMainView , show start
04-30 19:23:36.957  2906  2906 I Shortcut: DockMainView , show end
04-30 19:23:36.957  2906  3313 I Shortcut: DockUtils , updateDockStatus , status=1 end
04-30 19:23:36.958 19111 27296 E PvrGuide:  sDockObserver enter
04-30 19:23:36.959 17875 25018 E MRService:: Succeed to initialize SeeThroughRGB Shader.
04-30 19:23:36.959 17875 25018 E MRService:: GuardianSystem::SeeTrough init successfully.
04-30 19:23:36.959 17875 25018 E MRService:: GuardianSystem::Activity init successfully.
04-30 19:23:36.960 17875 25018 I pxrhmdservice : LOGV test
04-30 19:23:36.960 17875 25018 I pxrhmdservice : LOGD test
04-30 19:23:36.960 17875 25018 I pxrhmdservice : LOGI test
04-30 19:23:36.960 17875 25018 W pxrhmdservice : LOGW test
04-30 19:23:36.960 17875 25018 E pxrhmdservice : LOGE test
04-30 19:23:36.960 17875 25018 E pxrhmdservice : PxrLog::init persist.pxr.log.pvrservice.debug=0,g_log_level=3
04-30 19:23:36.960  2067  2389 E XRShell-Native: createPanelSurface panel_id=13
04-30 19:23:36.960 19111 27316 E PvrGuide: database Query
04-30 19:23:36.961   968  2641 I pxrhmdservice : registerClient() client 0x7ce6299a00, pid 17875
04-30 19:23:36.961   968  2641 I pxrhmdservice : registerClient() faster client 0x7ce6299a80, pid 17875
04-30 19:23:36.961 17875 25018 I pxrhmdservice : WatchDog::start 0x7434afbd00
04-30 19:23:36.961  1893 25076 I Surface : create surface : Surface(name=144417650776)/@0x23d83c3 from : SurfaceTexture-776-1893-126
04-30 19:23:36.961  1893 25076 E PxrCompositor: pxr_insert_external_surface:  insert textureId = 776, size = (1127, 752), address = 499056261120,count = 3
04-30 19:23:36.961  2067  2389 E APxrRuntime: oxr_xrCreateSwapchainAndroidSurfaceKHR: w 1127 h 752 texIdOES 776, surface:0x2612
04-30 19:23:36.962  2067  2389 E XRShell-Native: XREngine Native ---> createSurface success, LayerType=1 , width:1127, height:752 , mAppSurfaceObj=0x2612
04-30 19:23:36.962  2067  2389 I XRShell-Native: nativeCreatePanelSurface , surface=0x2612
04-30 19:23:36.962  2067  2389 I XRShell : XREngine ---> createWindowSurface END panelId : 13
04-30 19:23:36.962 17875 25018 I TrackingClient: [onFirstRef]
04-30 19:23:36.962 19111 27316 E PvrGuide: handleActivityShow intractable 1 launched 1 dockShow 1 first_active_time 1681567718173 sys 1777548216962 completeTaskNum 1
04-30 19:23:36.963 17875 25018 I TrackingClient: mLoglevel 0
04-30 19:23:36.963   964  2989 I PvrTrackingService: AddServiceListener: Add listener 0x7d41ccb5c0, 17875
04-30 19:23:36.963 17875 25018 I TrackingClient: mmap success, 514016 size
04-30 19:23:36.963 17875 25018 I TrackingClient: setShareMemoryFD 75
04-30 19:23:36.963 17875 25018 I TrackingClient: initializeShareMemory start
04-30 19:23:36.963 17875 25018 E DataBuffer: map fd(76) fdSize(14920) getSize(14920) address(0x7441e42000)
04-30 19:23:36.963  1901  2210 W SYSTEM_EXT: requestSurface surface = Surface(name=144417650776)/@0x1a3a73b
04-30 19:23:36.963 17875 25018 E DataBuffer: map fd(77) fdSize(14920) getSize(14920) address(0x74417bd000)
04-30 19:23:36.963 17875 25018 E DataBuffer: map fd(78) fdSize(14920) getSize(14920) address(0x74416fa000)
04-30 19:23:36.963 17875 25018 I TrackingClient: initializeShareMemory, fake pose mode 0
04-30 19:23:36.963 17875 25018 E DataBuffer: map fd(79) fdSize(1880) getSize(1880) address(0x7441ff0000)
04-30 19:23:36.963 17875 25018 E DataBuffer: map fd(81) fdSize(3720) getSize(3720) address(0x7441fef000)
04-30 19:23:36.963 17875 25018 I TrackingClient: initializeShareMemory end
04-30 19:23:36.963   964  2989 I PvrTrackingService: [SetNotifyStatus], type 9, status 1
04-30 19:23:36.963 17875 25018 E TrackingClient: getSwiftTrackerExtDevInfo: cant do operation in tracker Mode: 0
04-30 19:23:36.963 17875 25018 E TrackingClient: wzl updateTrackerExtDevStatus: faild!
04-30 19:23:36.964 17875 25018 I pxrhmdservice : Call <PvrServiceClient> done.
04-30 19:23:36.964 17875 25018 I pxrhmdservice : hmd getPXRModule m_pInstance=0x7439335340.
04-30 19:23:36.964 17875 25018 I pxrhmdservice : Call <setClientStatusCallback_l> - mClientStatusCallBack:[0x0].
04-30 19:23:36.964 17875 25018 I pxrhmdservice : Call <setClientStatusCallback> - mClientStatusCallBack:[0x73d7555c5c] mPvrService:[0x73d08d63c0].
04-30 19:23:36.964 17875 25018 I pxrhmdservice : Call <setClientEventCallBack> - pvrserviceclient=0x7439335340.
04-30 19:23:36.964 17875 25018 I pxrhmdservice : Call <onResume> - pvrserviceclient=0x7439335340.
04-30 19:23:36.964 17875 25018 E MRService:: Restore Current User = com.pvr.vrshell
04-30 19:23:36.964  2906  3310 W Shortcut: AmsUtils , getTopRunningTask ....taskInfo: TaskInfo{userId=0 stackId=0 taskId=517 displayId=0 isRunning=true baseIntent=Intent { act=android.intent.action.MAIN cat=[android.intent.category.HOME] flg=0x10800100 cmp=com.pvr.vrshell/.MainActivity } baseActivity=ComponentInfo{com.pvr.vrshell/com.pvr.vrshell.MainActivity} topActivity=ComponentInfo{com.pvr.vrshell/com.pvr.vrshell.MainActivity} origActivity=null realActivity=ComponentInfo{com.pvr.vrshell/com.pvr.vrshell.MainActivity} numActivities=1 lastActiveTime=545333286 supportsSplitScreenMultiWindow=true resizeMode=0
04-30 19:23:36.964  2906  3310 I Shortcut: DockManager,LeftAppDataManager , loadUserInfo  , force=false , fetchUserIconSuccess=true , isSupportUserCenter=true
04-30 19:23:36.964 17875 25018 E PxrPlugin: up.pfnXrStartCVControllerThreadPico interface has been deprecated
04-30 19:23:36.964 17875 25018 W APxrRuntime: TopApp 0
04-30 19:23:36.964  1346  1531 I DisplayManagerService: Display device changed state: "NS_APP[com.pvr.appmanager]", ON
04-30 19:23:36.965  1893  2734 E InputDeviceManager: p_CreateControllerClient  17875
04-30 19:23:36.965 17875 25018 E APxrRuntime: CreateHandTracker runtime oxr_hand_tracker_create 2154 hand_tracker->xdev 0x7434ae7000 hand_tracker 0x73cbb8f480 *out_hand_tracker 0x73cbb8f480 **out_hand_tracker 0x73d40e4330
04-30 19:23:36.965 17875 25018 E APxrRuntime: CreateHandTracker runtime oxr_hand_tracker_create 2154 hand_tracker->xdev 0x7434ae7000 hand_tracker 0x73d085b800 *out_hand_tracker 0x73d085b800 **out_hand_tracker 0x73d40e4330
04-30 19:23:36.965 17875 25018 E APxrRuntime: (path == XR_NULL_PATH)
04-30 19:23:36.965 17875 25018 E PxrPlugin: ctrltype plugin: getControllerType 7008 xrGetCurrentInteractionProfile  Path   so call pfnXrGetPhyControllerTypePico
04-30 19:23:36.966  1901  2210 I SYSTEM_EXT: add VD cache : AppRecord 0xc4c9e14[clientId: 13, displayId: 9, taskId: 527, size (1127, 752), type: 2002, name: ĶĄäµ║ÉÕ║ō, density: 200, c4c9e14, ComponentInfo{com.pvr.appmanager/com.pvr.appmanager.AllAppActivity}, calling: null], size :2
04-30 19:23:36.966  2348  3170 I PxrPlugin: ctrltype plugin:  getControllerType 2270 xrGetCurrentInteractionProfile ret = 0 Path  /interaction_profiles/bytedance/pico4_controller
04-30 19:23:36.966  1901  2210 W SYSTEM_EXT: CALL CODE_WIN_UPDATE_VISIBLE windowId :13 visible = true
04-30 19:23:36.966  1901  2210 I SYSTEM_EXT: requestAllocateSurfaceIfNeeded : AppRecord 0xc4c9e14[clientId: 13, displayId: 9, taskId: 527, size (1127, 752), type: 2002, name: ĶĄäµ║ÉÕ║ō, density: 200, c4c9e14, ComponentInfo{com.pvr.appmanager/com.pvr.appmanager.AllAppActivity}, calling: null]
04-30 19:23:36.966  1901  2210 W SYSTEM_EXT: updateVisible clientId [13] visible [true], force [false], changeType [2], subType [0]
04-30 19:23:36.967  1901  2210 I SYSTEM_EXT: moveDisplayToFront : 9
04-30 19:23:36.967  1901  2210 I SYSTEM_EXT: Stack visible change to [true], stack type [2002]
04-30 19:23:36.967  1346  1529 W InputReader: Device has associated, but no associated display id.
04-30 19:23:36.967  1346  1529 W InputReader: Device has associated, but no associated display id.
04-30 19:23:36.967  2067  3673 I XRShell : CODE_WIN_UPDATE_VISIBLE windowId :13 visible = true
04-30 19:23:36.967  2067  3673 I XRShell : XREngine ---> setWindowVisible panelId : 13 visible : true
04-30 19:23:36.967  2067  3673 I XRShell : report window num event:0 app windows
04-30 19:23:36.968  1346  1529 I SystemExt: notifyResizeVirtualDisplay displayId : 9, reqOrientation : 0
04-30 19:23:36.969  1346 25479 W InputDispatcher: Focused display #9 does not have a focused window.
04-30 19:23:36.969  1346 25479 E InputDispatcher: But another display has a focused window:
04-30 19:23:36.969  1346 25479 E InputDispatcher: Display #0 has focused window: 'Window{ee648c7 u0 com.pvr.vrshell/com.pvr.vrshell.MainActivity}'
04-30 19:23:36.969  1346 25479 I SystemExt: notifyFocusDisplayChanged displayId : 9
04-30 19:23:36.971  1901  2210 I SYSTEM_EXT: onFocusDisplayChanged displayId [9]
04-30 19:23:36.971  1901  2210 I SYSTEM_EXT: notifyFocusPanelChanged clientId 13, displayId 9
04-30 19:23:36.971  1901  2210 I SYSTEM_EXT: CALL CODE_WINDOW_FOCUS_CHANGED, clientId 13
04-30 19:23:36.971  2067  3673 I XRShell : CODE_WIN_SET_FOCUS, windowId=13
04-30 19:23:36.971  1346  1537 I EnduranceModeService: [FEAT_ENDURANCE_MODE][0] front com.pvr.appmanager
04-30 19:23:36.974  5397  5397 W ContextImpl: Calling a method in the system process without a qualified user: android.app.ContextImpl.sendBroadcast:1045 android.content.ContextWrapper.sendBroadcast:448 com.ttnet.org.chromium.base.PowerMonitor.a:33 com.ttnet.org.chromium.base.q.onActivityResumed:11 android.app.Application.dispatchActivityResumed:436 
04-30 19:23:36.974  2067  2389 E APxrRuntime: set config start in runtime session, ConfigsSetEXT:20000,1
04-30 19:23:36.974  1893  2734 I PxrNotificationClient: sendPxrNotification,action:com.notificaton.fakedata id:0,value1:com.notificaton.fakedata value2:1,ext:(null)
04-30 19:23:36.974  1900  2094 I PvrManagerService:  pvrmanager PermissionGrant check calling is 1000
04-30 19:23:36.975  1897  7484 I PxrNotificationService: sendPxrMessage callingPid:1893 action com.notificaton.fakedata ,value1:com.notificaton.fakedata ,value2:1 ,ext: ,mPvrCallbacks.size():14
04-30 19:23:36.975  1893  2734 W xrt_session: update_server_state_locked():  main = 3 focus = 0
04-30 19:23:36.975  1893  2734 W xrt_session: handle_focused_client_events’╝Ücom.picoxr.xrshell1,1.0
04-30 19:23:36.975  1893  2734 E APxrRuntime: sendAppStateChangeNotification------- com.picoxr.xrshell: :visible 1,focused 1,state 3
04-30 19:23:36.975  1893  2734 I PxrNotificationClient: sendPxrNotification,action:pxr.action.appstate_change id:0,value1:com.picoxr.xrshell value2:3,ext:(null)
04-30 19:23:36.975  1897  7484 I PxrNotificationService: sendPxrMessage callingPid:1893 action pxr.action.appstate_change ,value1:com.picoxr.xrshell ,value2:3 ,ext: ,mPvrCallbacks.size():14
04-30 19:23:36.975  1893  2734 W xrt_session: handle_focused_client_events’╝Ücom.pico.guardian1,0.2
04-30 19:23:36.975  1893  2734 W xrt_session: handle_focused_client_events’╝Ücom.pico.mrservice1,0.2
04-30 19:23:36.975  1893  2734 E APxrRuntime: sendAppStateChangeNotification------- com.pico.mrservice: :visible 1,focused 0,state 1
04-30 19:23:36.975  1893  2734 I PxrNotificationClient: sendPxrNotification,action:pxr.action.appstate_change id:0,value1:com.pico.mrservice value2:1,ext:(null)
04-30 19:23:36.975  1897  2035 I PxrNotificationService: sendPxrMessage callingPid:1893 action pxr.action.appstate_change ,value1:com.pico.mrservice ,value2:1 ,ext: ,mPvrCallbacks.size():14
04-30 19:23:36.975  1893  2734 W xrt_session: handle_focused_client_events’╝Ücom.pvr.vrshell1,0.0
04-30 19:23:36.975  1893  2734 E APxrRuntime: sendAppStateChangeNotification------- com.pvr.vrshell: :visible 1,focused 0,state 1
04-30 19:23:36.976  1893  2734 I PxrNotificationClient: sendPxrNotification,action:pxr.action.appstate_change id:0,value1:com.pvr.vrshell value2:1,ext:(null)
04-30 19:23:36.976  1897 31697 I PxrNotificationService: sendPxrMessage callingPid:1893 action pxr.action.appstate_change ,value1:com.pvr.vrshell ,value2:1 ,ext: ,mPvrCallbacks.size():14
04-30 19:23:36.976  1893  2734 I PxrCompositor: pxr_set_config enter 20000 1
04-30 19:23:36.976  1893  2734 E PxrCompositor: pxr_set_config enumIndex out of range, set invalid!!!
04-30 19:23:36.976  2067  2389 E XRShell-Native: XREngine Native ---> create projection SwapChain, layer_ptr: 0x73c9fba380
04-30 19:23:36.976  2067  2389 E APxrRuntime: createInfo->format = 0x00008058,c->info.formats[0] = 0x00008c43
04-30 19:23:36.976  2067  2389 E APxrRuntime: createInfo->format = 0x00008058,c->info.formats[1] = 0x00008229
04-30 19:23:36.976  2067  2389 E APxrRuntime: createInfo->format = 0x00008058,c->info.formats[2] = 0x0000822b
04-30 19:23:36.976  2067  2389 E APxrRuntime: createInfo->format = 0x00008058,c->info.formats[3] = 0x00008058
04-30 19:23:36.976  2067  2389 E APxrRuntime: REMOVE_GAMMA_MANUALLY
04-30 19:23:36.979  2067  2389 E APxrRuntime: oxr_create_swapchain(), createInfo->width:1440, createInfo->height:1584, createInfo->arraySize:2
04-30 19:23:36.980  2067  2389 W xrt_session: oxr_session_handler_xrtCompositorEventStateChange: client: com.picoxr.xrshell, 1,1:4
04-30 19:23:36.980  2067  2389 W xrt_session: oxr_session_manage_state, client: com.picoxr.xrshell, action=5, state=XR_SESSION_STATE_VISIBLE
04-30 19:23:36.980  2067  2389 W xrt_session: oxr_session_change_state from 4 to 5
04-30 19:23:36.980  1893  2734 I PxrBroadcastReceiver: last visible package = com.picoxr.xrshell
04-30 19:23:36.980  2067  2389 I XRShell-Native: XrEventDataSessionStateChanged: state XR_SESSION_STATE_VISIBLE->XR_SESSION_STATE_FOCUSED session=497310440448 time=0
04-30 19:23:36.980  2348  3170 I PxrPlugin: ctrltype plugin:  getControllerType 2270 xrGetCurrentInteractionProfile ret = 0 Path  /interaction_profiles/bytedance/pico4_controller
04-30 19:23:36.980  2067  2389 I XRShell : XREngine onSessionStateChanged : 5
04-30 19:23:36.982  2348  3170 W xrt_session: oxr_session_handler_xrtCompositorEventStateChange: client: com.pvr.vrshell, 1,0:5
04-30 19:23:36.982  2348  3170 W xrt_session: oxr_session_manage_state, client: com.pvr.vrshell, action=4, state=XR_SESSION_STATE_FOCUSED
04-30 19:23:36.982  2348  3170 W APxrRuntime: oxr_session_change_state------------0x72f18c0500    0x73d09d6a00
04-30 19:23:36.982  2348  3170 W APxrRuntime: ipc_instance_activity_focusable_changed------------0x73d09d6a00    0x73d09d6b80   0x73d09d6bd8
04-30 19:23:36.982  2348  3170 W APxrRuntime: ipc_client_activity_focusable_changed------------0x72f15a9d00    0x72f15a9d20
04-30 19:23:36.982  2348  3170 W xrt_session: oxr_session_change_state from 5 to 4
04-30 19:23:36.982  2348  2348 I pico-ipc-client: showDialog -------------
04-30 19:23:36.982  2348  3170 I [PxrUnity]: PluginDisplaySystem MainThread_UpdateDisplayState PXR_TYPE_EVENT_DATA_SESSION_STATE_CHANGED state:4
04-30 19:23:36.982  2348  3170 W Unity   : All SDK Events : 2:146,9:64,6:95:21:62:0:31:15:2,
04-30 19:23:36.983  2348  2348 E stereo  : PackageName:com.pvr.vrshell type:null
04-30 19:23:36.984   973  2414 E Stationservice: L1:getConfigProperty:sys_controller_checkwords, Pico-Phoenix-Controller
04-30 19:23:36.985   974   974 I BufferQueueProducer: [VDS: NS_APP[com.pvr.appmanager]] connect: api 1, w*h = 1127 * 752
04-30 19:23:36.985  1893 23576 I BufferQueueProducer: [SurfaceTexture-776-1893-126] connect: api 1, w*h = 1127 * 752
04-30 19:23:36.986 17875 25018 E MRService:: ipd = 0.0670
04-30 19:23:36.987 17875 25018 I PxrPlugin: ctrltype plugin:  getControllerType 2270 xrGetCurrentInteractionProfile ret = 0 Path  /interaction_profiles/bytedance/pico4_controller
04-30 19:23:36.987 17875 25018 W xrt_session: oxr_session_handler_xrtCompositorEventStateChange: client: com.pico.mrservice, 1,0:2
04-30 19:23:36.987 17875 25018 W xrt_session: oxr_session_manage_state, client: com.pico.mrservice, action=4, state=XR_SESSION_STATE_READY
04-30 19:23:36.987 17875 25018 W xrt_session: oxr_session_change_state from 2 to 3
04-30 19:23:36.987 17875 25018 W xrt_session: oxr_session_change_state from 3 to 4
04-30 19:23:36.987 17875 25018 E MRService:: mr render fps = 1
04-30 19:23:36.987 17875 25018 W xrt_session: oxr_session_manage_state, client: com.pico.mrservice, action=3, state=XR_SESSION_STATE_VISIBLE
04-30 19:23:36.987 17875 25018 E xrt_session: oxr_session_upshift_state XR_SESSION_STATE_SYNCHRONIZED failed
04-30 19:23:36.987  1893  2734 I PxrNotificationClient: sendPxrNotification,action:com.notificaton.fakedata id:0,value1:com.notificaton.fakedata value2:1,ext:(null)
04-30 19:23:36.987  1897  7484 I PxrNotificationService: sendPxrMessage callingPid:1893 action com.notificaton.fakedata ,value1:com.notificaton.fakedata ,value2:1 ,ext: ,mPvrCallbacks.size():14
04-30 19:23:36.987  1893  2734 W xrt_session: update_server_state_locked():  main = 3 focus = 0
04-30 19:23:36.987  1893  2734 W xrt_session: handle_focused_client_events’╝Ücom.picoxr.xrshell1,1.0
04-30 19:23:36.987  1893  2734 W xrt_session: handle_focused_client_events’╝Ücom.pico.guardian1,0.2
04-30 19:23:36.987  1893  2734 W xrt_session: handle_focused_client_events’╝Ücom.pico.mrservice1,0.2
04-30 19:23:36.987  1893  2734 W xrt_session: handle_focused_client_events’╝Ücom.pvr.vrshell1,0.0
04-30 19:23:36.988 17875 25018 E APxrRuntime: Call error '-15'!
04-30 19:23:36.990  2906  3310 W Shortcut: AmsUtils , getTopRunningTask ....taskInfo: TaskInfo{userId=0 stackId=0 taskId=517 displayId=0 isRunning=true baseIntent=Intent { act=android.intent.action.MAIN cat=[android.intent.category.HOME] flg=0x10800100 cmp=com.pvr.vrshell/.MainActivity } baseActivity=ComponentInfo{com.pvr.vrshell/com.pvr.vrshell.MainActivity} topActivity=ComponentInfo{com.pvr.vrshell/com.pvr.vrshell.MainActivity} origActivity=null realActivity=ComponentInfo{com.pvr.vrshell/com.pvr.vrshell.MainActivity} numActivities=1 lastActiveTime=545333286 supportsSplitScreenMultiWindow=true resizeMode=0
04-30 19:23:36.990  2906  3310 W Shortcut: DockUtils , ignoreVrApp , packageName=com.pvr.vrshell
04-30 19:23:36.990  2348  7518 I ViewRootImpl: windowFocusChanged true,PicoXR_CustomDialog,android.view.ViewRootImpl$W.windowFocusChanged:8670 android.view.IWindow$Stub.onTransact:411 android.os.Binder.execTransactInternal:1030 android.os.Binder.execTransact:1003 <bottom of call stack> <bottom of call stack> 
04-30 19:23:36.990  2906  3310 I Shortcut: DockMainView checkShowExitActivity,needShow=false,dockIsRunning=true,ExitIsRunning=false,hasNearVisible=false,isVrApp=false,topApp=ComponentInfo{com.pvr.vrshell/com.pvr.vrshell.MainActivity}
04-30 19:23:36.991  2906  3310 I Shortcut: DockTrack , key=app_launch_customize , jsonParams={"foreground_package_name":"com.pvr.vrshell","is_tunnel":0,"dock_package_name":"[]","is_punch_reminder":0,"is_unread_notification":0,"unread_im_num":0,"is_in_play_together":0,"is_login":1,"wifi_status":"connected","stationary_power":84,"is_in_charge":1}
04-30 19:23:36.993  2348  2348 I pico-ipc-client: CustomDialog  onWindowFocusChanged -------------true
04-30 19:23:36.994  1346 31696 W InputMethodManagerService: Focus gain on non-focused client com.android.internal.view.IInputMethodClient$Stub$Proxy@630c5dd (uid=1000 pid=2348)
04-30 19:23:36.994  2348  3170 I PxrPlugin: ctrltype plugin:  getControllerType 2270 xrGetCurrentInteractionProfile ret = 0 Path  /interaction_profiles/bytedance/pico4_controller
04-30 19:23:36.995  2348  3170 I Unity   : OnAppFocus --> isFocus = False
04-30 19:23:36.995  2348  3170 I Unity   : Hand ray controller : False
04-30 19:23:36.995  2348  3170 I Unity   : Hand ray controller : False
04-30 19:23:36.995  2348  3170 I Unity   : OnAppFocus -->  ControllerPhysicRaycastManager isFocus = False
04-30 19:23:36.995  2348  3170 I Unity   : isFocus : False
04-30 19:23:36.995  2348  3170 I Unity   : PICO 4 L(Clone)
04-30 19:23:36.995  2348  3170 I Unity   : isFocus : False
04-30 19:23:36.995  2906  3310 W Shortcut: DockManager,RightAppDataManager , capacity changed , level=85 , scale=100
04-30 19:23:36.996  5397  5397 I TakeTime: BuildConfig: [cn,2.9.5,dc5e073,2024-08-12_22:23:29]
04-30 19:23:36.997 17875 25018 I SysMtpClient: Get SysMtpService start!
04-30 19:23:36.997  1376  1376 I SysMtpController: get share memory type : 1   result: 0!
04-30 19:23:36.998 17875 25018 E MTPDATA : map fd(83) fdSize(135200) getSize(135200) address(0x743944e000)
04-30 19:23:36.998  1376  1376 I SysMtpController: get share memory type : 8   result: 0!
04-30 19:23:36.998  1901  2220 W SYSTEM_EXT: dispatchRunningAppState [[{"clientId":2,"displayId":3,"type":2003,"visible":true,"createTime":1777002589026,"lastActiveTime":0},{"clientId":13,"displayId":9,"type":2002,"visible":true,"createTime":1777025082214,"lastActiveTime":1777547455727,"pkg":"com.pvr.appmanager","cmp":"com.pvr.appmanager.AllAppActivity"}]]
04-30 19:23:36.998 17875 25018 E MTPDATA : map fd(84) fdSize(1568) getSize(1568) address(0x7441ea9000)
04-30 19:23:36.998  1376  1376 I SysMtpController: get share memory type : 2   result: 0!
04-30 19:23:36.998 17875 25018 E MTPDATA : map fd(85) fdSize(108576) getSize(108576) address(0x74393f2000)
04-30 19:23:36.998  1376  1376 I SysMtpController: get share memory type : 16   result: 0!
04-30 19:23:36.998 17875 25018 E MTPDATA : map fd(86) fdSize(589856) getSize(589856) address(0x73bd833000)
04-30 19:23:36.998  1376  1376 I SysMtpController: get share memory type : 32   result: 0!
04-30 19:23:36.998 17875 25018 E MTPDATA : map fd(87) fdSize(6176) getSize(6176) address(0x7441e40000)
04-30 19:23:36.998  1376  1376 I SysMtpController: get share memory type : 64   result: 0!
04-30 19:23:36.998 17875 25018 E MTPDATA : map fd(88) fdSize(10784) getSize(10784) address(0x74416c1000)
04-30 19:23:36.998  1376  1376 I SysMtpController: get share memory type : 128   result: 0!
04-30 19:23:36.998 17875 25018 E MTPDATA : map fd(89) fdSize(6176) getSize(6176) address(0x74417c7000)
04-30 19:23:36.998  1376  1376 I SysMtpController: get share memory type : 256   result: 0!
04-30 19:23:36.998 17875 25018 E MTPDATA : map fd(90) fdSize(4128) getSize(4128) address(0x74417bb000)
04-30 19:23:36.998  1376  1376 I SysMtpController: get share memory type : 512   result: 0!
04-30 19:23:36.999 17875 25018 E MTPDATA : map fd(91) fdSize(14368) getSize(14368) address(0x744161f000)
04-30 19:23:36.999  1376  1376 I SysMtpController: get share memory type : 1024   result: 0!
04-30 19:23:36.999 17875 25018 E MTPDATA : map fd(92) fdSize(43040) getSize(43040) address(0x7439523000)
04-30 19:23:36.999  1376  1376 I SysMtpController: get share memory type : 2048   result: 0!
04-30 19:23:36.999 17875 25018 E MTPDATA : map fd(93) fdSize(84000) getSize(84000) address(0x74393c9000)
04-30 19:23:36.999  1376  1376 I SysMtpController: get share memory type : 4096   result: 0!
04-30 19:23:36.999 17875 25018 E MTPDATA : map fd(94) fdSize(14368) getSize(14368) address(0x7441600000)
04-30 19:23:36.999  1376  1376 I SysMtpController: get share memory type : 8192   result: 0!
04-30 19:23:36.999 17875 25018 E MTPDATA : map fd(95) fdSize(6176) getSize(6176) address(0x74416bf000)
04-30 19:23:36.999  1376  1376 I SysMtpController: get share memory type : 16384   result: 0!
04-30 19:23:36.999 17875 25018 E MTPDATA : map fd(96) fdSize(6176) getSize(6176) address(0x74415fe000)
04-30 19:23:36.999  1376  1376 I SysMtpController: get share memory type : 32768   result: 0!
04-30 19:23:36.999 17875 25018 E MTPDATA : map fd(97) fdSize(12320) getSize(12320) address(0x7439dc0000)
04-30 19:23:37.000  1376  1376 I SysMtpController: get share memory type : 65536   result: 0!
04-30 19:23:37.000  2906  3277 W Shortcut: DockManager,RunningAppDataManager , onRunningAppStateChanged, running=true , size=2, runningApp=[[displayId: 3, clientId: 2, type: 2003, packageName: , componentName: , visible: true], [displayId: 9, clientId: 13, type: 2002, packageName: com.pvr.appmanager, componentName: com.pvr.appmanager.AllAppActivity, visible: true]]
04-30 19:23:37.000 17875 25018 E MTPDATA : map fd(98) fdSize(4128) getSize(4128) address(0x7439dbe000)
04-30 19:23:37.000  1376  1376 I SysMtpController: get share memory type : 131072   result: 0!
04-30 19:23:37.001  2348  7518 I ViewRootImpl: windowFocusChanged false,com.pvr.vrshell/com.pvr.vrshell.MainActivity,android.view.ViewRootImpl$W.windowFocusChanged:8670 android.view.IWindow$Stub.onTransact:411 android.os.Binder.execTransactInternal:1030 android.os.Binder.execTransact:1003 <bottom of call stack> <bottom of call stack> 
04-30 19:23:37.001  2906  2906 I Shortcut: AppListAdapter , notifyItemChanged , index=6 , appInfo=AppInfo{type=2, packageName='com.pvr.appmanager', componentName=ComponentInfo{com.pvr.appmanager/com.pvr.appmanager.AllAppActivity}, badgeName =dockFixAppTip_com.pvr.appmanager, badgeValue =null, activityInfo=null, label='ĶĄäµ║ÉÕ║ō', recentTaskInfo='null', launchLevel=2002, visible=true, isvr =false, createTime =0, icon =android.graphics.drawable.BitmapDrawable@87e2b83}
04-30 19:23:37.002  2348  2348 I PVRShell: onWindowFocusChanged start false 13276141
04-30 19:23:37.002  2906  3277 W Shortcut: DockManager,RunningAppDataManager , checkHasNearVisibleApp = com.pvr.appmanager
04-30 19:23:37.002 17875 25018 E MTPDATA : map fd(99) fdSize(57376) getSize(57376) address(0x7439514000)
04-30 19:23:37.002  1376  1376 I SysMtpController: get share memory type : 262144   result: 0!
04-30 19:23:37.002 17875 25018 E MTPDATA : map fd(100) fdSize(57376) getSize(57376) address(0x74393a1000)
04-30 19:23:37.002  1376  1376 I SysMtpController: get share memory type : 524288   result: 0!
04-30 19:23:37.002 17875 25018 E MTPDATA : map fd(101) fdSize(36) getSize(36) address(0x7441ea8000)
04-30 19:23:37.002 17875 25018 I SysMtpClient: Get SysMtpService done!
04-30 19:23:37.002   968  2641 I pxrhmdservice : Set Thread Priority: tid=25018, policy=1073741825, priority=10
04-30 19:23:36.992   968   968 W Binder:968_2: type=1400 audit(0.0:6521): avc: denied { getsched } for scontext=u:r:pxrhmdservice:s0 tcontext=u:r:system_app:s0 tclass=process permissive=0
04-30 19:23:37.003 17875 25018 I pxrhmdservice : Call <setThreadPriority> - pvrserviceclient=0x7439335340.
04-30 19:23:37.003 17875 25018 E APxrRuntime: set config start in runtime session, ConfigsSetEXT:13,10
04-30 19:23:37.003 17875 25018 W APxrRuntime: set_desired_fps done,10,13.922478,1,7
04-30 19:23:36.992   968   968 W Binder:968_2: type=1400 audit(0.0:6522): avc: denied { getsched } for scontext=u:r:pxrhmdservice:s0 tcontext=u:r:system_app:s0 tclass=process permissive=0
04-30 19:23:37.004   975  5814 E SysOptService: dex2oat full
04-30 19:23:37.004  2348  2348 I PVRShell: onWindowFocusChanged end 3
04-30 19:23:37.004  2348  2348 I EngineListener: EngineListener window focus changed:false
04-30 19:23:37.004  2348  2348 I EngineListener: Activity resume:true, Window Focus:false, Surface created:true, App preload:false, Achieved:true
04-30 19:23:37.009  5397 10019 I StoreDownloadHelper: queryAllDownloadInfo Exception org.json.JSONException: End of input at character 0 of 
04-30 19:23:37.016  1346 22455 W InputMethodManagerService: Window already focused, ignoring focus gain of: com.android.internal.view.IInputMethodClient$Stub$Proxy@d933ccb attribute=android.view.inputmethod.EditorInfo@90ffb9a, token = android.os.BinderProxy@59450bf
04-30 19:23:37.021   973  2414 E Stationservice: L1:getConfigProperty:sys_station_checkwords, Pico-Phoenix-Station
04-30 19:23:37.021   973  2414 E Stationservice: L1:wakeUp, set mServiceStatus = 1
04-30 19:23:37.022   965  1214 I PxrControllerService: service_status_callback, service_status_callback 1
04-30 19:23:37.022   964  2989 I PvrTrackingService-MCUTracker: stationServiceStatusCallback, status 1
04-30 19:23:37.022   964  2989 I PvrTrackingService: GetTrackerStatus
04-30 19:23:37.022   964  1452 I PvrTrackingService: service_status_callback, status 1
04-30 19:23:37.022   973  2414 E Stationservice: L1:wakeUp, onServiceStatusChangeNotify2222
04-30 19:23:37.022   965  1216 I PxrControllerService: onMessageReceived, process cmd 0
04-30 19:23:37.022   973  9616 E Stationservice: L1:in GetTrackerStatus
04-30 19:23:37.022   973  9616 E Stationservice: L1:sn is null, GetTrackerInfoFromJsonGetTrackerStatus
04-30 19:23:37.022  1900  2094 I PvrManagerService:  pvrmanager PermissionGrant check calling is 0
04-30 19:23:37.022   973  9616 E Stationservice: L1:reader.parse err.
04-30 19:23:37.022   973  9616 E Stationservice: L1:sn is null, GetTrackerInfoFromJsonGetTrackerStatus
04-30 19:23:37.022   973  9616 E Stationservice: L1:reader.parse err.
04-30 19:23:37.022   973  9616 E Stationservice: L1:sn is null, GetTrackerInfoFromJsonGetTrackerStatus
04-30 19:23:37.022   973  9616 E Stationservice: L1:reader.parse err.
04-30 19:23:37.022   973  2414 E Stationservice: KEYLOG:stationservice power control onEventChange, activity_status activityOnResume:com.pvr.appmanager,android.app.ExtActivityImpl
04-30 19:23:37.022   965  1216 I PxrControllerService: onMessageReceived, GetControllerStatus left controller online 0 sn PC1810MGG7281731W
04-30 19:23:37.022   965  1216 I PxrControllerService: onMessageReceived, GetControllerStatus right controller online 0 sn PC1810MGGA223753W
04-30 19:23:37.022   964  2989 I PvrTrackingService: GetTrackerStatus re=0
04-30 19:23:37.022   964  2989 I PvrTrackingService-MCUTracker: initTrackerStatus getTrackerStatus id 1 online 0 sn  softwareVersion  battery 0 charge 0 bond_status 0 bracket_status 0 bracket_status 0
04-30 19:23:37.022   964  2989 I PvrTrackingService-MCUTracker: initTrackerStatus getTrackerStatus id 2 online 0 sn  softwareVersion  battery 0 charge 0 bond_status 0 bracket_status 0 bracket_status 0
04-30 19:23:37.022   964  2989 I PvrTrackingService-MCUTracker: initTrackerStatus getTrackerStatus id 3 online 0 sn  softwareVersion  battery 0 charge 0 bond_status 0 bracket_status 0 bracket_status 0
04-30 19:23:37.022   964  1162 I PvrTrackingService-MCUTracker: request config statusChangeTracker=[0]
04-30 19:23:37.022   964  1162 I PvrTrackingService-MCUTracker: current config statusChangeTracker=[0]
04-30 19:23:37.022   964  1162 I PvrTrackingService-MCUTracker: computeTrackerWorkFrequency, currentTrackerFrequency 2 nextTrackerFrequency 2 conditionValue (stop_tracking_timeout,global_tracking,) 
04-30 19:23:37.022   964  1160 I PvrTrackingService-MCUTracker: onMessageReceived, TrackerStateHandler msg 5
04-30 19:23:37.023   964  1160 I PvrTrackingService-MCUTracker: mTrackerEnterPowerOffWaitTime reset to -1 for 2
04-30 19:23:37.023   964  1160 I PvrTrackingService-MCUTracker: setTrackerFrequency frequency 2
04-30 19:23:37.023   964  1160 I PvrTrackingService: GetTrackerWorkMode
04-30 19:23:37.023   964  1161 I PvrTrackingService-MCUTracker: TrackerNotificationHandler kSendNotification event change_swift_mode params {
04-30 19:23:37.023   964  1161 I PvrTrackingService-MCUTracker:    "Rom_version" : "5.13.7",
04-30 19:23:37.023   964  1161 I PvrTrackingService-MCUTracker:    "algorithm_version" : "unknown",
04-30 19:23:37.023   964  1161 I PvrTrackingService-MCUTracker:    "change_after_mode" : "2",
04-30 19:23:37.023   964  1161 I PvrTrackingService-MCUTracker:    "change_before_mode" : "2",
04-30 19:23:37.023   964  1161 I PvrTrackingService-MCUTracker:    "change_reason" : "2",
04-30 19:23:37.023   964  1161 I PvrTrackingService-MCUTracker:    "connect_num" : 0,
04-30 19:23:37.023   964  1161 I PvrTrackingService-MCUTracker:    "connect_tracker_sn" : "",
04-30 19:23:37.023   964  1161 I PvrTrackingService-MCUTracker:    "duration" : 0,
04-30 19:23:37.023   964  1161 I PvrTrackingService-MCUTracker:    "headset_power_decrease_diff" : 0,
04-30 19:23:37.023   964  1161 I PvrTrackingService-MCUTracker:    "hmd_battery" : 56,
04-30 19:23:37.023   964  1161 I PvrTrackingService-MCUTracker:    "is_charge" : 0,
04-30 19:23:37.023   964  1161 I PvrTrackingService-MCUTracker:    "local_time_ms" : "545639491691952",
04-30 19:23:37.023   964  1161 I PvrTrackingService-MCUTracker:    "mode" : 2,
04-30 19:23:37.023   964  1161 I PvrTrackingService-MCUTracker:    "package_name_need" : "1",
04-30 19:23:37.023   964  1161 I PvrTrackingService-MCUTracker:    "pair_num" : 0,
04-30 19:23:37.023   964  1161 I PvrTrackingService-MCUTracker:    "show_battery" : "",
04-30 19:23:37.023   964  1161 I PvrTrackingService-MCUTracker:    "tracker_model" : "",
04-30 19:23:37.023   964  1161 I PvrTrackingService-MCUTracker:    "tracker_power_decrease_diff" : "",
04-30 19:23:37.023   964  1161 I PvrTrackingService-MCUTracker:    "tracker_version" : "2",
04-30 19:23:37.023   964  1161 I PvrTrackingService-MCUTracker:    "tracking_mode" : "full_body_tracking",
04-30 19:23:37.023   964  1161 I PvrTrackingService-MCUTracker:    "wear_position" : ""
04-30 19:23:37.023   964  1161 I PvrTrackingService-MCUTracker: }
04-30 19:23:37.023   964  1161 I PxrNotificationClient: sendPxrNotification,action:teatracker_swift_event_action id:0,value1:change_swift_mode value2:0,ext:{
04-30 19:23:37.023   964  1161 I PxrNotificationClient:    "Rom_version" : "5.13.7",
04-30 19:23:37.023   964  1161 I PxrNotificationClient:    "algorithm_version" : "unknown",
04-30 19:23:37.023   964  1161 I PxrNotificationClient:    "change_after_mode" : "2",
04-30 19:23:37.023   964  1161 I PxrNotificationClient:    "change_before_mode" : "2",
04-30 19:23:37.023   964  1161 I PxrNotificationClient:    "change_reason" : "2",
04-30 19:23:37.023   964  1161 I PxrNotificationClient:    "connect_num" : 0,
04-30 19:23:37.023   964  1161 I PxrNotificationClient:    "connect_tracker_sn" : "",
04-30 19:23:37.023   964  1161 I PxrNotificationClient:    "duration" : 0,
04-30 19:23:37.023   964  1161 I PxrNotificationClient:    "headset_power_decrease_diff" : 0,
04-30 19:23:37.023   964  1161 I PxrNotificationClient:    "hmd_battery" : 56,
04-30 19:23:37.023   964  1161 I PxrNotificationClient:    "is_charge" : 0,
04-30 19:23:37.023   964  1161 I PxrNotificationClient:    "local_time_ms" : "545639491691952",
04-30 19:23:37.023   964  1161 I PxrNotificationClient:    "mode" : 2,
04-30 19:23:37.023   964  1161 I PxrNotificationClient:    "package_name_need" : "1",
04-30 19:23:37.023   964  1161 I PxrNotificationClient:    "pair_num" : 0,
04-30 19:23:37.023   964  1161 I PxrNotificationClient:    "show_battery" : "",
04-30 19:23:37.023   964  1161 I PxrNotificationClient:    "tracker_model" : "",
04-30 19:23:37.023   964  1161 I PxrNotificationClient:    "tracker_power_decrease_diff" : "",
04-30 19:23:37.023   964  1161 I PxrNotificationClient:    "tracker_version" : "2",
04-30 19:23:37.023   964  1161 I PxrNotificationClient:    "tracking_mode" : "full_body_tracking",
04-30 19:23:37.023   964  1161 I PxrNotificationClient:    "wear_position" : ""
04-30 19:23:37.023   964  1161 I PxrNotificationClient: }
04-30 19:23:37.023   973  2991 E Stationservice: L1:in GetTrackerWorkMode
04-30 19:23:37.024  1897  7484 I PxrNotificationService: sendPxrMessage callingPid:964 action teatracker_swift_event_action ,value1:change_swift_mode ,value2:0 ,ext:{   "Rom_version" : "5.13.7",   "algorithm_version" : "unknown",   "change_after_mode" : "2",   "change_before_mode" : "2",   "change_reason" : "2",   "connect_num" : 0,   "connect_tracker_sn" : "",   "duration" : 0,   "headset_power_decrease_diff" : 0,   "hmd_battery" : 56,   "is_charge" : 0,   "local_time_ms" : "545639491691952",   "mode" : 2,   "package_name_need" : "1",   "pair_num" : 0,   "show_battery" : "",   "tracker_model" : "",   "tracker_power_decrease_diff" : "",   "tracker_version" : "2",   "tracking_mode" : "full_body_tracking",   "wear_position" : ""} ,mPvrCallbacks.size():14
04-30 19:23:37.028   973 24962 E Stationservice: KEYLOG:MCUCallBackDataProcess:get TRACKER_MODE
04-30 19:23:37.028   973 24962 E Stationservice: L1:force40:bb 01 22 01 01 ff ff ff ff ff ff ff ff ff 00 00 00 00 00 00 00 00 00 00 00 00 00 00 00 00 00 00 00 00 00 00 00 08 00 06 
04-30 19:23:37.028   973 24962 E Stationservice: KEYLOG:MCUCallBackDataProcess:get TRACKER_MODE, freq(255,255,255), ir_led(255,255,255)
04-30 19:23:37.028   973  2991 E Stationservice: L1:GetTrackerWorkMode:result:0 cost time=4959 us
04-30 19:23:37.028   964  1160 I PvrTrackingService: GetTrackerWorkMode re=0
04-30 19:23:37.028   964  1160 I PvrTrackingService-MCUTracker: setTrackerFrequency  successful frequency 2
04-30 19:23:37.029   964  1160 I PvrTrackingService: notifyTrackerFrequencyChanged, freq 2
04-30 19:23:37.029   964  1160 I PvrTrackingService: onCameraHandModeChanged, input device -1, tracker count 0, freq 2,in 1, 0
04-30 19:23:37.029   964  1162 I PvrTrackingService-MCUTracker: request config statusChangeTracker=[0]
04-30 19:23:37.029   964  1162 I PvrTrackingService-MCUTracker: current config statusChangeTracker=[0]
04-30 19:23:37.030   973 24962 E Stationservice: L1:force40:bb 01 01 55 01 50 52 30 32 39 36 02 00 01 aa 00 01 3f e7 63 ba bb 00 00 00 00 10 02 01 00 10 02 01 00 00 00 00 0c 00 9d 
04-30 19:23:37.030   973 24962 E Stationservice: L1:station support new still
04-30 19:23:37.030   973 24962 E Stationservice: L1:SOTA_dev_insert, dev:2, PR0296, support:1, ready:0, A0B1:-1, type:1
04-30 19:23:37.030   973 24962 E Stationservice: KEYLOG:MCUCallBackDataProcess:get DEVINFO:PR0296
04-30 19:23:37.030   973  2412 E Stationservice: L1:enter json_parse.
04-30 19:23:37.030   973  2412 E Stationservice: L1:sota csjon left:0, right:0, station:0, tracker1:0, tracker2:0, trackek3:0
04-30 19:23:37.030   964 24958 E Stationclient: L1:SetConnectCallback!
04-30 19:23:37.030   964 24958 E Stationclient: L1:SetDisconnectCallback!
04-30 19:23:37.033   973 24962 E Stationservice: L1:force40:bb 01 01 55 01 50 52 30 32 39 36 02 00 01 aa 00 01 3f e7 63 ba bb 00 00 00 00 10 02 01 00 10 02 01 00 00 00 00 0d 00 59 
04-30 19:23:37.033   973 24962 E Stationservice: L1:station support new still
04-30 19:23:37.033   973 24962 E Stationservice: L1:SOTA_dev_insert, dev:2, PR0296, support:1, ready:0, A0B1:-1, type:1
04-30 19:23:37.033   973 24962 E Stationservice: KEYLOG:MCUCallBackDataProcess:get DEVINFO:PR0296
04-30 19:23:37.033   973  2991 E Stationservice: L1:GetCameraSupportHandMode, camera support hand mode = 1
04-30 19:23:37.033   964  1160 E Stationclient: L1:GetCameraSupportHandMode, res=1
04-30 19:23:37.033   964  1160 I PvrTrackingService: isSupported, type ret 1, supported 1
04-30 19:23:37.033   964  1160 E PvrTrackingService: func: setFullHeadMode, line: 271, set full head mode fail, camera not open.
04-30 19:23:37.033   964  1160 I PvrTrackingService-MCUTracker: updateTrackerMode, 0
04-30 19:23:37.033   964  1160 I PvrTrackingService-MCUTracker: updateTrackerMode end
04-30 19:23:37.033   964  1158 I         : [PxrThreadPool] : [PxrThd_0] run for task
04-30 19:23:37.033   964  1158 I PvrTrackingService: SetTrackingIndependent, enable 0
04-30 19:23:37.033   973  2582 E Stationservice: KEYLOG:SetTrackingIndependent: enter
04-30 19:23:37.033   964  1158 E Trackerclient: L1:SetTrackingIndependent, status=-1
04-30 19:23:37.033   964  1158 I PvrTrackingService: SetTrackingIndependent re=-1
04-30 19:23:37.033   964  1158 I         : [PxrThreadPool] : [PxrThd_0] run success for task
04-30 19:23:37.036   973 24962 E Stationservice: L1:force40:bb 01 01 55 01 50 52 30 32 39 36 02 00 01 aa 00 01 3f e7 63 ba bb 00 00 00 00 10 02 01 00 10 02 01 00 03 00 00 0e 00 42 
04-30 19:23:37.036   973 24962 E Stationservice: L1:station support new still
04-30 19:23:37.036   973 24962 E Stationservice: L1:SOTA_dev_insert, dev:2, PR0296, support:1, ready:0, A0B1:-1, type:1
04-30 19:23:37.036   973 24962 E Stationservice: KEYLOG:MCUCallBackDataProcess:get DEVINFO:PR0296
04-30 19:23:37.036   964 24958 E Stationclient: L1:SetControllerCaliDataReadyCallback!
04-30 19:23:37.036   964 24958 I PvrTrackingService: GetControllerStatus 0, 0, ret: 0
04-30 19:23:37.036   964 24958 I PvrTrackingService: mSPIController setDataCallback end
04-30 19:23:37.036   964 24958 I PvrTrackingService: mMCUController start
04-30 19:23:37.036   973  9616 E Stationservice: L1:GetServiceStatus, status=1
04-30 19:23:37.036   964 24958 E Stationclient: L1:GetServiceStatus, status=1
04-30 19:23:37.036   964 24958 I PvrTrackingService: SlpiDataReader initialize start
04-30 19:23:37.036   964 24958 I PvrTrackingService: SlpiDataReader initialize end
